Archive member included to satisfy reference by file (symbol)

c:/ac6/systemworkbench/plugins/fr.ac6.mcu.externaltools.arm-none.win32_1.17.0.201812190825/tools/compiler/bin/../lib/gcc/arm-none-eabi/7.3.1/../../../../arm-none-eabi/lib/thumb/v6-m\libm.a(lib_a-sf_fmax.o)
                              Core/Src/logic.o (fmaxf)
c:/ac6/systemworkbench/plugins/fr.ac6.mcu.externaltools.arm-none.win32_1.17.0.201812190825/tools/compiler/bin/../lib/gcc/arm-none-eabi/7.3.1/../../../../arm-none-eabi/lib/thumb/v6-m\libm.a(lib_a-sf_fpclassify.o)
                              c:/ac6/systemworkbench/plugins/fr.ac6.mcu.externaltools.arm-none.win32_1.17.0.201812190825/tools/compiler/bin/../lib/gcc/arm-none-eabi/7.3.1/../../../../arm-none-eabi/lib/thumb/v6-m\libm.a(lib_a-sf_fmax.o) (__fpclassifyf)
c:/ac6/systemworkbench/plugins/fr.ac6.mcu.externaltools.arm-none.win32_1.17.0.201812190825/tools/compiler/bin/../lib/gcc/arm-none-eabi/7.3.1/../../../../arm-none-eabi/lib/thumb/v6-m\libm.a(lib_a-sf_llround.o)
                              Core/Src/logic.o (llroundf)
c:/ac6/systemworkbench/plugins/fr.ac6.mcu.externaltools.arm-none.win32_1.17.0.201812190825/tools/compiler/bin/../lib/gcc/arm-none-eabi/7.3.1/../../../../arm-none-eabi/lib/thumb/v6-m\libm.a(lib_a-sf_lrint.o)
                              Core/Src/logic.o (lrintf)
c:/ac6/systemworkbench/plugins/fr.ac6.mcu.externaltools.arm-none.win32_1.17.0.201812190825/tools/compiler/bin/../lib/gcc/arm-none-eabi/7.3.1/../../../../arm-none-eabi/lib/thumb/v6-m\libm.a(lib_a-wf_atan2.o)
                              Core/Src/logic.o (atan2f)
c:/ac6/systemworkbench/plugins/fr.ac6.mcu.externaltools.arm-none.win32_1.17.0.201812190825/tools/compiler/bin/../lib/gcc/arm-none-eabi/7.3.1/../../../../arm-none-eabi/lib/thumb/v6-m\libm.a(lib_a-wf_sqrt.o)
                              Core/Src/logic.o (sqrtf)
c:/ac6/systemworkbench/plugins/fr.ac6.mcu.externaltools.arm-none.win32_1.17.0.201812190825/tools/compiler/bin/../lib/gcc/arm-none-eabi/7.3.1/../../../../arm-none-eabi/lib/thumb/v6-m\libm.a(lib_a-ef_atan2.o)
                              c:/ac6/systemworkbench/plugins/fr.ac6.mcu.externaltools.arm-none.win32_1.17.0.201812190825/tools/compiler/bin/../lib/gcc/arm-none-eabi/7.3.1/../../../../arm-none-eabi/lib/thumb/v6-m\libm.a(lib_a-wf_atan2.o) (__ieee754_atan2f)
c:/ac6/systemworkbench/plugins/fr.ac6.mcu.externaltools.arm-none.win32_1.17.0.201812190825/tools/compiler/bin/../lib/gcc/arm-none-eabi/7.3.1/../../../../arm-none-eabi/lib/thumb/v6-m\libm.a(lib_a-ef_sqrt.o)
                              c:/ac6/systemworkbench/plugins/fr.ac6.mcu.externaltools.arm-none.win32_1.17.0.201812190825/tools/compiler/bin/../lib/gcc/arm-none-eabi/7.3.1/../../../../arm-none-eabi/lib/thumb/v6-m\libm.a(lib_a-wf_sqrt.o) (__ieee754_sqrtf)
c:/ac6/systemworkbench/plugins/fr.ac6.mcu.externaltools.arm-none.win32_1.17.0.201812190825/tools/compiler/bin/../lib/gcc/arm-none-eabi/7.3.1/../../../../arm-none-eabi/lib/thumb/v6-m\libm.a(lib_a-s_lib_ver.o)
                              c:/ac6/systemworkbench/plugins/fr.ac6.mcu.externaltools.arm-none.win32_1.17.0.201812190825/tools/compiler/bin/../lib/gcc/arm-none-eabi/7.3.1/../../../../arm-none-eabi/lib/thumb/v6-m\libm.a(lib_a-wf_sqrt.o) (__fdlib_version)
c:/ac6/systemworkbench/plugins/fr.ac6.mcu.externaltools.arm-none.win32_1.17.0.201812190825/tools/compiler/bin/../lib/gcc/arm-none-eabi/7.3.1/../../../../arm-none-eabi/lib/thumb/v6-m\libm.a(lib_a-s_matherr.o)
                              c:/ac6/systemworkbench/plugins/fr.ac6.mcu.externaltools.arm-none.win32_1.17.0.201812190825/tools/compiler/bin/../lib/gcc/arm-none-eabi/7.3.1/../../../../arm-none-eabi/lib/thumb/v6-m\libm.a(lib_a-wf_sqrt.o) (matherr)
c:/ac6/systemworkbench/plugins/fr.ac6.mcu.externaltools.arm-none.win32_1.17.0.201812190825/tools/compiler/bin/../lib/gcc/arm-none-eabi/7.3.1/../../../../arm-none-eabi/lib/thumb/v6-m\libm.a(lib_a-sf_atan.o)
                              c:/ac6/systemworkbench/plugins/fr.ac6.mcu.externaltools.arm-none.win32_1.17.0.201812190825/tools/compiler/bin/../lib/gcc/arm-none-eabi/7.3.1/../../../../arm-none-eabi/lib/thumb/v6-m\libm.a(lib_a-ef_atan2.o) (atanf)
c:/ac6/systemworkbench/plugins/fr.ac6.mcu.externaltools.arm-none.win32_1.17.0.201812190825/tools/compiler/bin/../lib/gcc/arm-none-eabi/7.3.1/../../../../arm-none-eabi/lib/thumb/v6-m\libm.a(lib_a-sf_fabs.o)
                              c:/ac6/systemworkbench/plugins/fr.ac6.mcu.externaltools.arm-none.win32_1.17.0.201812190825/tools/compiler/bin/../lib/gcc/arm-none-eabi/7.3.1/../../../../arm-none-eabi/lib/thumb/v6-m\libm.a(lib_a-ef_atan2.o) (fabsf)
c:/ac6/systemworkbench/plugins/fr.ac6.mcu.externaltools.arm-none.win32_1.17.0.201812190825/tools/compiler/bin/../lib/gcc/arm-none-eabi/7.3.1/thumb/v6-m\libgcc.a(_udivsi3.o)
                              Core/Src/logic.o (__aeabi_uidiv)
c:/ac6/systemworkbench/plugins/fr.ac6.mcu.externaltools.arm-none.win32_1.17.0.201812190825/tools/compiler/bin/../lib/gcc/arm-none-eabi/7.3.1/thumb/v6-m\libgcc.a(_divsi3.o)
[...]
Memory Configuration

Name             Origin             Length             Attributes
RAM              0x20000000         0x00005000         xrw
FLASH            0x08000000         0x00020000         xr
*default*        0x00000000         0xffffffff

Linker script and memory map

LOAD c:/ac6/systemworkbench/plugins/fr.ac6.mcu.externaltools.arm-none.win32_1.17.0.201812190825/tools/compiler/bin/../lib/gcc/arm-none-eabi/7.3.1/thumb/v6-m/crti.o
LOAD c:/ac6/systemworkbench/plugins/fr.ac6.mcu.externaltools.arm-none.win32_1.17.0.201812190825/tools/compiler/bin/../lib/gcc/arm-none-eabi/7.3.1/thumb/v6-m/crtbegin.o
LOAD c:/ac6/systemworkbench/plugins/fr.ac6.mcu.externaltools.arm-none.win32_1.17.0.201812190825/tools/compiler/bin/../lib/gcc/arm-none-eabi/7.3.1/../../../../arm-none-eabi/lib/thumb/v6-m/crt0.o
LOAD Core/Src/display.o
LOAD Core/Src/freertos.o
LOAD Core/Src/logic.o
LOAD Core/Src/main.o
LOAD Core/Src/peripherals.o
LOAD Core/Src/stm32l0xx_hal_msp.o
LOAD Core/Src/stm32l0xx_it.o
LOAD Core/Src/system_stm32l0xx.o
LOAD Core/Src/uart.o
LOAD Drivers/STM32L0xx_HAL_Driver/Src/stm32l0xx_hal.o
LOAD Drivers/STM32L0xx_HAL_Driver/Src/stm32l0xx_hal_adc.o
LOAD Drivers/STM32L0xx_HAL_Driver/Src/stm32l0xx_hal_adc_ex.o
LOAD Drivers/STM32L0xx_HAL_Driver/Src/stm32l0xx_hal_cortex.o
LOAD Drivers/STM32L0xx_HAL_Driver/Src/stm32l0xx_hal_dma.o
LOAD Drivers/STM32L0xx_HAL_Driver/Src/stm32l0xx_hal_exti.o
LOAD Drivers/STM32L0xx_HAL_Driver/Src/stm32l0xx_hal_flash.o
LOAD Drivers/STM32L0xx_HAL_Driver/Src/stm32l0xx_hal_flash_ex.o
LOAD Drivers/STM32L0xx_HAL_Driver/Src/stm32l0xx_hal_flash_ramfunc.o
LOAD Drivers/STM32L0xx_HAL_Driver/Src/stm32l0xx_hal_gpio.o
LOAD Drivers/STM32L0xx_HAL_Driver/Src/stm32l0xx_hal_i2c.o
LOAD Drivers/STM32L0xx_HAL_Driver/Src/stm32l0xx_hal_i2c_ex.o
LOAD Drivers/STM32L0xx_HAL_Driver/Src/stm32l0xx_hal_iwdg.o
LOAD Drivers/STM32L0xx_HAL_Driver/Src/stm32l0xx_hal_pwr.o
LOAD Drivers/STM32L0xx_HAL_Driver/Src/stm32l0xx_hal_pwr_ex.o
LOAD Drivers/STM32L0xx_HAL_Driver/Src/stm32l0xx_hal_rcc.o
LOAD Drivers/STM32L0xx_HAL_Driver/Src/stm32l0xx_hal_rcc_ex.o
LOAD Drivers/STM32L0xx_HAL_Driver/Src/stm32l0xx_hal_rtc.o
LOAD Drivers/STM32L0xx_HAL_Driver/Src/stm32l0xx_hal_rtc_ex.o
LOAD Drivers/STM32L0xx_HAL_Driver/Src/stm32l0xx_hal_tim.o
LOAD Drivers/STM32L0xx_HAL_Driver/Src/stm32l0xx_hal_tim_ex.o
LOAD Drivers/STM32L0xx_HAL_Driver/Src/stm32l0xx_hal_uart.o
LOAD Drivers/STM32L0xx_HAL_Driver/Src/stm32l0xx_hal_uart_ex.o
LOAD Middlewares/Third_Party/FreeRTOS/Source/CMSIS_RTOS/cmsis_os.o
LOAD Middlewares/Third_Party/FreeRTOS/Source/croutine.o
LOAD Middlewares/Third_Party/FreeRTOS/Source/event_groups.o
LOAD Middlewares/Third_Party/FreeRTOS/Source/list.o
LOAD Middlewares/Third_Party/FreeRTOS/Source/queue.o
LOAD Middlewares/Third_Party/FreeRTOS/Source/stream_buffer.o
LOAD Middlewares/Third_Party/FreeRTOS/Source/tasks.o
LOAD Middlewares/Third_Party/FreeRTOS/Source/timers.o
LOAD Middlewares/Third_Party/FreeRTOS/Source/portable/GCC/ARM_CM0/port.o
LOAD Middlewares/Third_Party/FreeRTOS/Source/portable/MemMang/heap_4.o
LOAD SW4STM32/startup_stm32l071xx.o
LOAD SW4STM32/syscalls.o
LOAD c:/ac6/systemworkbench/plugins/fr.ac6.mcu.externaltools.arm-none.win32_1.17.0.201812190825/tools/compiler/bin/../lib/gcc/arm-none-eabi/7.3.1/../../../../arm-none-eabi/lib/thumb/v6-m\libm.a
START GROUP
LOAD c:/ac6/systemworkbench/plugins/fr.ac6.mcu.externaltools.arm-none.win32_1.17.0.201812190825/tools/compiler/bin/../lib/gcc/arm-none-eabi/7.3.1/thumb/v6-m\libgcc.a
LOAD c:/ac6/systemworkbench/plugins/fr.ac6.mcu.externaltools.arm-none.win32_1.17.0.201812190825/tools/compiler/bin/../lib/gcc/arm-none-eabi/7.3.1/../../../../arm-none-eabi/lib/thumb/v6-m\libc_nano.a
END GROUP
START GROUP
LOAD c:/ac6/systemworkbench/plugins/fr.ac6.mcu.externaltools.arm-none.win32_1.17.0.201812190825/tools/compiler/bin/../lib/gcc/arm-none-eabi/7.3.1/thumb/v6-m\libgcc.a
LOAD c:/ac6/systemworkbench/plugins/fr.ac6.mcu.externaltools.arm-none.win32_1.17.0.201812190825/tools/compiler/bin/../lib/gcc/arm-none-eabi/7.3.1/../../../../arm-none-eabi/lib/thumb/v6-m\libc_nano.a
LOAD c:/ac6/systemworkbench/plugins/fr.ac6.mcu.externaltools.arm-none.win32_1.17.0.201812190825/tools/compiler/bin/../lib/gcc/arm-none-eabi/7.3.1/../../../../arm-none-eabi/lib/thumb/v6-m\libnosys.a
END GROUP
START GROUP
LOAD c:/ac6/systemworkbench/plugins/fr.ac6.mcu.externaltools.arm-none.win32_1.17.0.201812190825/tools/compiler/bin/../lib/gcc/arm-none-eabi/7.3.1/thumb/v6-m\libgcc.a
LOAD c:/ac6/systemworkbench/plugins/fr.ac6.mcu.externaltools.arm-none.win32_1.17.0.201812190825/tools/compiler/bin/../lib/gcc/arm-none-eabi/7.3.1/../../../../arm-none-eabi/lib/thumb/v6-m\libc_nano.a
LOAD c:/ac6/systemworkbench/plugins/fr.ac6.mcu.externaltools.arm-none.win32_1.17.0.201812190825/tools/compiler/bin/../lib/gcc/arm-none-eabi/7.3.1/../../../../arm-none-eabi/lib/thumb/v6-m\libnosys.a
END GROUP
LOAD c:/ac6/systemworkbench/plugins/fr.ac6.mcu.externaltools.arm-none.win32_1.17.0.201812190825/tools/compiler/bin/../lib/gcc/arm-none-eabi/7.3.1/thumb/v6-m/crtend.o
LOAD c:/ac6/systemworkbench/plugins/fr.ac6.mcu.externaltools.arm-none.win32_1.17.0.201812190825/tools/compiler/bin/../lib/gcc/arm-none-eabi/7.3.1/thumb/v6-m/crtn.o
                0x20005000                _estack = (ORIGIN (RAM) + LENGTH (RAM))
                0x00000200                _Min_Heap_Size = 0x200
                0x00000400                _Min_Stack_Size = 0x400

.isr_vector     0x08000000       0xc0
                0x08000000                . = ALIGN (0x4)
 *(.isr_vector)
 .isr_vector    0x08000000       0xc0 SW4STM32/startup_stm32l071xx.o
                0x08000000                g_pfnVectors
                0x080000c0                . = ALIGN (0x4)

.text           0x080000c0     0xc600
                0x080000c0                . = ALIGN (0x4)
 *(.text)
 .text          0x080000c0       0x48 c:/ac6/systemworkbench/plugins/fr.ac6.mcu.externaltools.arm-none.win32_1.17.0.201812190825/tools/compiler/bin/../lib/gcc/arm-none-eabi/7.3.1/thumb/v6-m/crtbegin.o
 .text          0x08000108      0x114 c:/ac6/systemworkbench/plugins/fr.ac6.mcu.externaltools.arm-none.win32_1.17.0.201812190825/tools/compiler/bin/../lib/gcc/arm-none-eabi/7.3.1/thumb/v6-m\libgcc.a(_udivsi3.o)
                0x08000108                __aeabi_uidiv
                0x08000108                __udivsi3
                0x08000214                __aeabi_uidivmod
 .text          0x0800021c      0x1d4 c:/ac6/systemworkbench/plugins/fr.ac6.mcu.externaltools.arm-none.win32_1.17.0.201812190825/tools/compiler/bin/../lib/gcc/arm-none-eabi/7.3.1/thumb/v6-m\libgcc.a(_divsi3.o)
                0x0800021c                __divsi3
                0x0800021c                __aeabi_idiv
                0x080003e8                __aeabi_idivmod
 .text          0x080003f0        0x4 c:/ac6/systemworkbench/plugins/fr.ac6.mcu.externaltools.arm-none.win32_1.17.0.201812190825/tools/compiler/bin/../lib/gcc/arm-none-eabi/7.3.1/thumb/v6-m\libgcc.a(_dvmd_tls.o)
                0x080003f0                __aeabi_idiv0
                0x080003f0                __aeabi_ldiv0
 .text          0x080003f4       0x74 c:/ac6/systemworkbench/plugins/fr.ac6.mcu.externaltools.arm-none.win32_1.17.0.201812190825/tools/compiler/bin/../lib/gcc/arm-none-eabi/7.3.1/thumb/v6-m\libgcc.a(_arm_cmpsf2.o)
                0x080003f4                __aeabi_cfrcmple
                0x080003fc                __aeabi_cfcmpeq
                0x080003fc                __aeabi_cfcmple
                0x0800040c                __aeabi_fcmpeq
                0x08000418                __aeabi_fcmplt
                0x0800042c                __aeabi_fcmple
                0x08000440                __aeabi_fcmpgt
                0x08000454                __aeabi_fcmpge
 .text          0x08000468       0x40 c:/ac6/systemworkbench/plugins/fr.ac6.mcu.externaltools.arm-none.win32_1.17.0.201812190825/tools/compiler/bin/../lib/gcc/arm-none-eabi/7.3.1/thumb/v6-m\libgcc.a(_aeabi_uldivmod.o)
                0x08000468                __aeabi_uldivmod
 .text          0x080004a8       0x54 c:/ac6/systemworkbench/plugins/fr.ac6.mcu.externaltools.arm-none.win32_1.17.0.201812190825/tools/compiler/bin/../lib/gcc/arm-none-eabi/7.3.1/thumb/v6-m\libgcc.a(_muldi3.o)
                0x080004a8                __muldi3
                0x080004a8                __aeabi_lmul
 .text          0x080004fc       0x30 c:/ac6/systemworkbench/plugins/fr.ac6.mcu.externaltools.arm-none.win32_1.17.0.201812190825/tools/compiler/bin/../lib/gcc/arm-none-eabi/7.3.1/thumb/v6-m\libgcc.a(_fixunssfsi.o)
                0x080004fc                __fixunssfsi
                0x080004fc                __aeabi_f2uiz
 .text          0x0800052c       0x2c c:/ac6/systemworkbench/plugins/fr.ac6.mcu.externaltools.arm-none.win32_1.17.0.201812190825/tools/compiler/bin/../lib/gcc/arm-none-eabi/7.3.1/thumb/v6-m\libgcc.a(_fixsfdi.o)
                0x0800052c                __fixsfdi
                0x0800052c                __aeabi_f2lz
 .text          0x08000558       0x40 c:/ac6/systemworkbench/plugins/fr.ac6.mcu.externaltools.arm-none.win32_1.17.0.201812190825/tools/compiler/bin/../lib/gcc/arm-none-eabi/7.3.1/thumb/v6-m\libgcc.a(_fixunssfdi.o)
                0x08000558                __fixunssfdi
                0x08000558                __aeabi_f2ulz
 .text          0x08000598       0x64 c:/ac6/systemworkbench/plugins/fr.ac6.mcu.externaltools.arm-none.win32_1.17.0.201812190825/tools/compiler/bin/../lib/gcc/arm-none-eabi/7.3.1/thumb/v6-m\libgcc.a(_floatdisf.o)
                0x08000598                __aeabi_l2f
                0x08000598                __floatdisf
 .text          0x080005fc      0x184 c:/ac6/systemworkbench/plugins/fr.ac6.mcu.externaltools.arm-none.win32_1.17.0.201812190825/tools/compiler/bin/../lib/gcc/arm-none-eabi/7.3.1/thumb/v6-m\libgcc.a(_udivmoddi4.o)
                0x080005fc                __udivmoddi4
 .text          0x08000780      0x334 c:/ac6/systemworkbench/plugins/fr.ac6.mcu.externaltools.arm-none.win32_1.17.0.201812190825/tools/compiler/bin/../lib/gcc/arm-none-eabi/7.3.1/thumb/v6-m\libgcc.a(addsf3.o)
                0x08000780                __aeabi_fadd
 .text          0x08000ab4      0x224 c:/ac6/systemworkbench/plugins/fr.ac6.mcu.externaltools.arm-none.win32_1.17.0.201812190825/tools/compiler/bin/../lib/gcc/arm-none-eabi/7.3.1/thumb/v6-m\libgcc.a(divsf3.o)
                0x08000ab4                __aeabi_fdiv
 .text          0x08000cd8       0x50 c:/ac6/systemworkbench/plugins/fr.ac6.mcu.externaltools.arm-none.win32_1.17.0.201812190825/tools/compiler/bin/../lib/gcc/arm-none-eabi/7.3.1/thumb/v6-m\libgcc.a(eqsf2.o)
                0x08000cd8                __eqsf2
                0x08000cd8                __nesf2
 .text          0x08000d28       0x9c c:/ac6/systemworkbench/plugins/fr.ac6.mcu.externaltools.arm-none.win32_1.17.0.201812190825/tools/compiler/bin/../lib/gcc/arm-none-eabi/7.3.1/thumb/v6-m\libgcc.a(gesf2.o)
                0x08000d28                __gesf2
                0x08000d28                __gtsf2
 .text          0x08000dc4       0xa0 c:/ac6/systemworkbench/plugins/fr.ac6.mcu.externaltools.arm-none.win32_1.17.0.201812190825/tools/compiler/bin/../lib/gcc/arm-none-eabi/7.3.1/thumb/v6-m\libgcc.a(lesf2.o)
                0x08000dc4                __ltsf2
                0x08000dc4                __lesf2
 .text          0x08000e64      0x264 c:/ac6/systemworkbench/plugins/fr.ac6.mcu.externaltools.arm-none.win32_1.17.0.201812190825/tools/compiler/bin/../lib/gcc/arm-none-eabi/7.3.1/thumb/v6-m\libgcc.a(mulsf3.o)
                0x08000e64                __aeabi_fmul
 .text          0x080010c8      0x388 c:/ac6/systemworkbench/plugins/fr.ac6.mcu.externaltools.arm-none.win32_1.17.0.201812190825/tools/compiler/bin/../lib/gcc/arm-none-eabi/7.3.1/thumb/v6-m\libgcc.a(subsf3.o)
                0x080010c8                __aeabi_fsub
 .text          0x08001450       0x2c c:/ac6/systemworkbench/plugins/fr.ac6.mcu.externaltools.arm-none.win32_1.17.0.201812190825/tools/compiler/bin/../lib/gcc/arm-none-eabi/7.3.1/thumb/v6-m\libgcc.a(unordsf2.o)
                0x08001450                __aeabi_fcmpun
 .text          0x0800147c       0x40 c:/ac6/systemworkbench/plugins/fr.ac6.mcu.externaltools.arm-none.win32_1.17.0.201812190825/tools/compiler/bin/../lib/gcc/arm-none-eabi/7.3.1/thumb/v6-m\libgcc.a(fixsfsi.o)
                0x0800147c                __aeabi_f2iz
 .text          0x080014bc       0x94 c:/ac6/systemworkbench/plugins/fr.ac6.mcu.externaltools.arm-none.win32_1.17.0.201812190825/tools/compiler/bin/../lib/gcc/arm-none-eabi/7.3.1/thumb/v6-m\libgcc.a(floatsisf.o)
                0x080014bc                __aeabi_i2f
 .text          0x08001550       0x80 c:/ac6/systemworkbench/plugins/fr.ac6.mcu.externaltools.arm-none.win32_1.17.0.201812190825/tools/compiler/bin/../lib/gcc/arm-none-eabi/7.3.1/thumb/v6-m\libgcc.a(floatunsisf.o)
                0x08001550                __aeabi_ui2f
 .text          0x080015d0      0x638 c:/ac6/systemworkbench/plugins/fr.ac6.mcu.externaltools.arm-none.win32_1.17.0.201812190825/tools/compiler/bin/../lib/gcc/arm-none-eabi/7.3.1/thumb/v6-m\libgcc.a(adddf3.o)
                0x080015d0                __aeabi_dadd
 .text          0x08001c08      0x604 c:/ac6/systemworkbench/plugins/fr.ac6.mcu.externaltools.arm-none.win32_1.17.0.201812190825/tools/compiler/bin/../lib/gcc/arm-none-eabi/7.3.1/thumb/v6-m\libgcc.a(divdf3.o)
                0x08001c08                __aeabi_ddiv
 .text          0x0800220c      0x4e4 c:/ac6/systemworkbench/plugins/fr.ac6.mcu.externaltools.arm-none.win32_1.17.0.201812190825/tools/compiler/bin/../lib/gcc/arm-none-eabi/7.3.1/thumb/v6-m\libgcc.a(muldf3.o)
                0x0800220c                __aeabi_dmul
 .text          0x080026f0      0x690 c:/ac6/systemworkbench/plugins/fr.ac6.mcu.externaltools.arm-none.win32_1.17.0.201812190825/tools/compiler/bin/../lib/gcc/arm-none-eabi/7.3.1/thumb/v6-m\libgcc.a(subdf3.o)
                0x080026f0                __aeabi_dsub
 .text          0x08002d80       0x74 c:/ac6/systemworkbench/plugins/fr.ac6.mcu.externaltools.arm-none.win32_1.17.0.201812190825/tools/compiler/bin/../lib/gcc/arm-none-eabi/7.3.1/thumb/v6-m\libgcc.a(floatsidf.o)
                0x08002d80                __aeabi_i2d
 .text          0x08002df4       0x64 c:/ac6/systemworkbench/plugins/fr.ac6.mcu.externaltools.arm-none.win32_1.17.0.201812190825/tools/compiler/bin/../lib/gcc/arm-none-eabi/7.3.1/thumb/v6-m\libgcc.a(floatunsidf.o)
                0x08002df4                __aeabi_ui2d
 .text          0x08002e58       0xa4 c:/ac6/systemworkbench/plugins/fr.ac6.mcu.externaltools.arm-none.win32_1.17.0.201812190825/tools/compiler/bin/../lib/gcc/arm-none-eabi/7.3.1/thumb/v6-m\libgcc.a(extendsfdf2.o)
                0x08002e58                __aeabi_f2d
 .text          0x08002efc      0x108 c:/ac6/systemworkbench/plugins/fr.ac6.mcu.externaltools.arm-none.win32_1.17.0.201812190825/tools/compiler/bin/../lib/gcc/arm-none-eabi/7.3.1/thumb/v6-m\libgcc.a(truncdfsf2.o)
                0x08002efc                __aeabi_d2f
 .text          0x08003004       0x3c c:/ac6/systemworkbench/plugins/fr.ac6.mcu.externaltools.arm-none.win32_1.17.0.201812190825/tools/compiler/bin/../lib/gcc/arm-none-eabi/7.3.1/thumb/v6-m\libgcc.a(_clzsi2.o)
                0x08003004                __clzsi2
 .text          0x08003040       0x18 c:/ac6/systemworkbench/plugins/fr.ac6.mcu.externaltools.arm-none.win32_1.17.0.201812190825/tools/compiler/bin/../lib/gcc/arm-none-eabi/7.3.1/thumb/v6-m\libgcc.a(_clzdi2.o)
                0x08003040                __clzdi2
 .text          0x08003058       0x3c c:/ac6/systemworkbench/plugins/fr.ac6.mcu.externaltools.arm-none.win32_1.17.0.201812190825/tools/compiler/bin/../lib/gcc/arm-none-eabi/7.3.1/thumb/v6-m\libgcc.a(_fixunsdfsi.o)
                0x08003058                __aeabi_d2uiz
                0x08003058                __fixunsdfsi
 .text          0x08003094       0x6c c:/ac6/systemworkbench/plugins/fr.ac6.mcu.externaltools.arm-none.win32_1.17.0.201812190825/tools/compiler/bin/../lib/gcc/arm-none-eabi/7.3.1/thumb/v6-m\libgcc.a(fixdfsi.o)
                0x08003094                __aeabi_d2iz
 .text          0x08003100       0x7c c:/ac6/systemworkbench/plugins/fr.ac6.mcu.externaltools.arm-none.win32_1.17.0.201812190825/tools/compiler/bin/../lib/gcc/arm-none-eabi/7.3.1/thumb/v6-m\libgcc.a(_arm_cmpdf2.o)
                0x08003100                __aeabi_cdrcmple
                0x08003110                __aeabi_cdcmple
                0x08003110                __aeabi_cdcmpeq
                0x08003120                __aeabi_dcmpeq
                0x0800312c                __aeabi_dcmplt
                0x08003140                __aeabi_dcmple
                0x08003154                __aeabi_dcmpgt
                0x08003168                __aeabi_dcmpge
 .text          0x0800317c       0x78 c:/ac6/systemworkbench/plugins/fr.ac6.mcu.externaltools.arm-none.win32_1.17.0.201812190825/tools/compiler/bin/../lib/gcc/arm-none-eabi/7.3.1/thumb/v6-m\libgcc.a(eqdf2.o)
                0x0800317c                __nedf2
                0x0800317c                __eqdf2
 .text          0x080031f4       0xc8 c:/ac6/systemworkbench/plugins/fr.ac6.mcu.externaltools.arm-none.win32_1.17.0.201812190825/tools/compiler/bin/../lib/gcc/arm-none-eabi/7.3.1/thumb/v6-m\libgcc.a(gedf2.o)
                0x080031f4                __gedf2
                0x080031f4                __gtdf2
 .text          0x080032bc       0xd0 c:/ac6/systemworkbench/plugins/fr.ac6.mcu.externaltools.arm-none.win32_1.17.0.201812190825/tools/compiler/bin/../lib/gcc/arm-none-eabi/7.3.1/thumb/v6-m\libgcc.a(ledf2.o)
                0x080032bc                __ledf2
                0x080032bc                __ltdf2
 .text          0x0800338c        0xe c:/ac6/systemworkbench/plugins/fr.ac6.mcu.externaltools.arm-none.win32_1.17.0.201812190825/tools/compiler/bin/../lib/gcc/arm-none-eabi/7.3.1/../../../../arm-none-eabi/lib/thumb/v6-m\libc_nano.a(lib_a-strlen.o)
                0x0800338c                strlen
 *fill*         0x0800339a        0x2 
 .text          0x0800339c       0x14 c:/ac6/systemworkbench/plugins/fr.ac6.mcu.externaltools.arm-none.win32_1.17.0.201812190825/tools/compiler/bin/../lib/gcc/arm-none-eabi/7.3.1/thumb/v6-m\libgcc.a(_thumb1_case_uqi.o)
                0x0800339c                __gnu_thumb1_case_uqi
 .text          0x080033b0       0x38 c:/ac6/systemworkbench/plugins/fr.ac6.mcu.externaltools.arm-none.win32_1.17.0.201812190825/tools/compiler/bin/../lib/gcc/arm-none-eabi/7.3.1/thumb/v6-m\libgcc.a(unorddf2.o)
                0x080033b0                __aeabi_dcmpun
 *(.text*)
 .text.DisplayPlainMapModule
                0x080033e8       0x74 Core/Src/display.o
 .text.dispSetData
                0x0800345c       0x24 Core/Src/display.o
                0x0800345c                dispSetData
 .text.dispRefresh
                0x08003480       0x1c Core/Src/display.o
                0x08003480                dispRefresh
 .text.dispSetBright
                0x0800349c       0x10 Core/Src/display.o
                0x0800349c                dispSetBright
 .text.vApplicationGetIdleTaskMemory
                0x080034ac       0x14 Core/Src/freertos.o
                0x080034ac                vApplicationGetIdleTaskMemory
 .text.PatternVertical
                0x080034c0        0xe Core/Src/logic.o
 .text.lis2mdl_wait_ready
                0x080034ce       0x32 Core/Src/logic.o
 .text.CalcTickDiff
                0x08003500        0xe Core/Src/logic.o
                0x08003500                CalcTickDiff
 *fill*         0x0800350e        0x2 
 .text.DisplayTestMode
                0x08003510      0x168 Core/Src/logic.o
 .text.logicRFModemInit
                0x08003678       0x14 Core/Src/logic.o
                0x08003678                logicRFModemInit
 .text.logicPeriTask
                0x0800368c       0x94 Core/Src/logic.o
                0x0800368c                logicPeriTask
 .text.logicIdleTask
                0x08003720       0x20 Core/Src/logic.o
                0x08003720                logicIdleTask
 .text.Set_DRM  0x08003740       0x88 Core/Src/logic.o
                0x08003740                Set_DRM
 .text.Send_Status
                0x080037c8       0xa4 Core/Src/logic.o
                0x080037c8                Send_Status
 .text.Send_BLE_check
                0x0800386c       0x38 Core/Src/logic.o
                0x0800386c                Send_BLE_check
 .text.Send_BLE_INTERVAL_SET
                0x080038a4       0x48 Core/Src/logic.o
                0x080038a4                Send_BLE_INTERVAL_SET
 .text.Modem_Packet_Parse
                0x080038ec      0x3cc Core/Src/logic.o
                0x080038ec                Modem_Packet_Parse
 .text.I2C_Dump
                0x08003cb8       0x64 Core/Src/logic.o
                0x08003cb8                I2C_Dump
 .text.I2C_Scan
                0x08003d1c       0x3c Core/Src/logic.o
                0x08003d1c                I2C_Scan
 .text.MagProc_Calibrate_from_buf
                0x08003d58      0x130 Core/Src/logic.o
                0x08003d58                MagProc_Calibrate_from_buf
 .text.Magnetic_Sensor_Init
                0x08003e88      0x320 Core/Src/logic.o
                0x08003e88                Magnetic_Sensor_Init
 .text.logicInit
                0x080041a8       0x44 Core/Src/logic.o
                0x080041a8                logicInit
 .text.Send_Connect_RQ
                0x080041ec       0x58 Core/Src/logic.o
                0x080041ec                Send_Connect_RQ
 .text.Send_Connect_Ack
                0x08004244       0x58 Core/Src/logic.o
                0x08004244                Send_Connect_Ack
 .text.Send_Time_Sync_RQ
                0x0800429c       0x5c Core/Src/logic.o
                0x0800429c                Send_Time_Sync_RQ
 .text.Send_Time_Sync_ACK
                0x080042f8       0x5c Core/Src/logic.o
                0x080042f8                Send_Time_Sync_ACK
 .text.logicUartTask
                0x08004354      0x140 Core/Src/logic.o
                0x08004354                logicUartTask
 .text.Send_Magnetic_Time
                0x08004494       0x68 Core/Src/logic.o
                0x08004494                Send_Magnetic_Time
 .text.MagProc_Process_sample
                0x080044fc      0x118 Core/Src/logic.o
                0x080044fc                MagProc_Process_sample
 .text.Magnetic_Sensor_Read
                0x08004614       0xd4 Core/Src/logic.o
                0x08004614                Magnetic_Sensor_Read
 .text.logicMagneticTask
                0x080046e8       0x90 Core/Src/logic.o
                0x080046e8                logicMagneticTask
 .text.MX_GPIO_Init
                0x08004778       0xec Core/Src/main.o
 .text.MX_DMA_Init
                0x08004864       0x50 Core/Src/main.o
 .text.print_reset_cause
                0x080048b4       0x78 Core/Src/main.o
 .text.StartIdleTask
                0x0800492c       0x12 Core/Src/main.o
                0x0800492c                StartIdleTask
 .text.StartBleTask
                0x0800493e        0xa Core/Src/main.o
                0x0800493e                StartBleTask
 .text.StartProcTask0
                0x08004948        0xe Core/Src/main.o
                0x08004948                StartProcTask0
 .text.StartUartTask
                0x08004956        0xe Core/Src/main.o
                0x08004956                StartUartTask
 .text.__io_putchar
                0x08004964       0x1c Core/Src/main.o
                0x08004964                __io_putchar
 .text.Error_Handler
                0x08004980        0x4 Core/Src/main.o
                0x08004980                Error_Handler
 .text.MX_I2C1_Init
                0x08004984       0x58 Core/Src/main.o
 .text.MX_USART1_UART_Init
                0x080049dc       0x38 Core/Src/main.o
 .text.MX_USART4_UART_Init
                0x08004a14       0x38 Core/Src/main.o
 .text.MX_USART5_UART_Init
                0x08004a4c       0x38 Core/Src/main.o
 .text.MX_IWDG_Init
                0x08004a84       0x2c Core/Src/main.o
 .text.MX_RTC_Init
                0x08004ab0       0x34 Core/Src/main.o
 .text.SystemClock_Config
                0x08004ae4       0x9c Core/Src/main.o
                0x08004ae4                SystemClock_Config
 .text.main     0x08004b80      0x100 Core/Src/main.o
                0x08004b80                main
 .text.periInit
                0x08004c80       0x58 Core/Src/peripherals.o
                0x08004c80                periInit
 .text.periSetLamp
                0x08004cd8       0x28 Core/Src/peripherals.o
                0x08004cd8                periSetLamp
 .text.periRFModule
                0x08004d00       0x74 Core/Src/peripherals.o
                0x08004d00                periRFModule
 .text.periRFWakeup
                0x08004d74       0x28 Core/Src/peripherals.o
                0x08004d74                periRFWakeup
 .text.periRFReset
                0x08004d9c       0x26 Core/Src/peripherals.o
                0x08004d9c                periRFReset
 *fill*         0x08004dc2        0x2 
 .text.HAL_MspInit
                0x08004dc4       0x28 Core/Src/stm32l0xx_hal_msp.o
                0x08004dc4                HAL_MspInit
 .text.HAL_I2C_MspInit
                0x08004dec       0x60 Core/Src/stm32l0xx_hal_msp.o
                0x08004dec                HAL_I2C_MspInit
 .text.HAL_RTC_MspInit
                0x08004e4c       0x20 Core/Src/stm32l0xx_hal_msp.o
                0x08004e4c                HAL_RTC_MspInit
 .text.HAL_UART_MspInit
                0x08004e6c      0x18c Core/Src/stm32l0xx_hal_msp.o
                0x08004e6c                HAL_UART_MspInit
 .text.NMI_Handler
                0x08004ff8        0x2 Core/Src/stm32l0xx_it.o
                0x08004ff8                NMI_Handler
 .text.HardFault_Handler
                0x08004ffa        0x2 Core/Src/stm32l0xx_it.o
                0x08004ffa                HardFault_Handler
 .text.SysTick_Handler
                0x08004ffc       0x14 Core/Src/stm32l0xx_it.o
                0x08004ffc                SysTick_Handler
 .text.DMA1_Channel1_IRQHandler
                0x08005010       0x10 Core/Src/stm32l0xx_it.o
                0x08005010                DMA1_Channel1_IRQHandler
 .text.DMA1_Channel2_3_IRQHandler
                0x08005020       0x18 Core/Src/stm32l0xx_it.o
                0x08005020                DMA1_Channel2_3_IRQHandler
 .text.DMA1_Channel4_5_6_7_IRQHandler
                0x08005038       0x10 Core/Src/stm32l0xx_it.o
                0x08005038                DMA1_Channel4_5_6_7_IRQHandler
 .text.SystemInit
                0x08005048        0x2 Core/Src/system_stm32l0xx.o
                0x08005048                SystemInit
 *fill*         0x0800504a        0x2 
 .text.init_crc16_tab
                0x0800504c       0x5c Core/Src/uart.o
 .text.USART1_IRQHandler
                0x080050a8       0x10 Core/Src/uart.o
                0x080050a8                USART1_IRQHandler
 .text.USART4_5_IRQHandler
                0x080050b8       0x18 Core/Src/uart.o
                0x080050b8                USART4_5_IRQHandler
 .text.HAL_UART_ErrorCallback
                0x080050d0       0x78 Core/Src/uart.o
                0x080050d0                HAL_UART_ErrorCallback
 .text.HAL_UART_RxCpltCallback
                0x08005148       0xec Core/Src/uart.o
                0x08005148                HAL_UART_RxCpltCallback
 .text.HAL_UART_TxCpltCallback
                0x08005234       0x48 Core/Src/uart.o
                0x08005234                HAL_UART_TxCpltCallback
 .text.commInit
                0x0800527c       0xbc Core/Src/uart.o
                0x0800527c                commInit
 .text.UART_StrOut
                0x08005338       0x30 Core/Src/uart.o
                0x08005338                UART_StrOut
 .text.commSendData
                0x08005368       0x1c Core/Src/uart.o
                0x08005368                commSendData
 .text.BLE_Data_Parse
                0x08005384       0xc0 Core/Src/uart.o
                0x08005384                BLE_Data_Parse
 .text.CalcLRC  0x08005444       0x18 Core/Src/uart.o
                0x08005444                CalcLRC
 .text.Modem_Data_Parse
                0x0800545c       0xc4 Core/Src/uart.o
                0x0800545c                Modem_Data_Parse
 .text.Modem_Receive_Check
                0x08005520      0x184 Core/Src/uart.o
                0x08005520                Modem_Receive_Check
 .text.crc_16   0x080056a4       0x54 Core/Src/uart.o
                0x080056a4                crc_16
 .text.Firmware_Data_Parse
                0x080056f8      0x138 Core/Src/uart.o
                0x080056f8                Firmware_Data_Parse
 .text.BLE_Receive_Check
                0x08005830      0x2a4 Core/Src/uart.o
                0x08005830                BLE_Receive_Check
 .text.HAL_InitTick
                0x08005ad4       0x48 Drivers/STM32L0xx_HAL_Driver/Src/stm32l0xx_hal.o
                0x08005ad4                HAL_InitTick
 .text.HAL_Init
                0x08005b1c       0x28 Drivers/STM32L0xx_HAL_Driver/Src/stm32l0xx_hal.o
                0x08005b1c                HAL_Init
 .text.HAL_IncTick
                0x08005b44       0x18 Drivers/STM32L0xx_HAL_Driver/Src/stm32l0xx_hal.o
                0x08005b44                HAL_IncTick
 .text.HAL_GetTick
                0x08005b5c        0xc Drivers/STM32L0xx_HAL_Driver/Src/stm32l0xx_hal.o
                0x08005b5c                HAL_GetTick
 .text.HAL_Delay
                0x08005b68       0x24 Drivers/STM32L0xx_HAL_Driver/Src/stm32l0xx_hal.o
                0x08005b68                HAL_Delay
 .text.HAL_NVIC_SetPriority
                0x08005b8c       0x60 Drivers/STM32L0xx_HAL_Driver/Src/stm32l0xx_hal_cortex.o
                0x08005b8c                HAL_NVIC_SetPriority
 .text.HAL_NVIC_EnableIRQ
                0x08005bec       0x18 Drivers/STM32L0xx_HAL_Driver/Src/stm32l0xx_hal_cortex.o
                0x08005bec                HAL_NVIC_EnableIRQ
 .text.HAL_SYSTICK_Config
                0x08005c04       0x38 Drivers/STM32L0xx_HAL_Driver/Src/stm32l0xx_hal_cortex.o
                0x08005c04                HAL_SYSTICK_Config
 .text.DMA_SetConfig
                0x08005c3c       0x2e Drivers/STM32L0xx_HAL_Driver/Src/stm32l0xx_hal_dma.o
 *fill*         0x08005c6a        0x2 
 .text.HAL_DMA_Init
                0x08005c6c       0x98 Drivers/STM32L0xx_HAL_Driver/Src/stm32l0xx_hal_dma.o
                0x08005c6c                HAL_DMA_Init
 .text.HAL_DMA_Start_IT
                0x08005d04       0x76 Drivers/STM32L0xx_HAL_Driver/Src/stm32l0xx_hal_dma.o
                0x08005d04                HAL_DMA_Start_IT
 .text.HAL_DMA_Abort
                0x08005d7a       0x48 Drivers/STM32L0xx_HAL_Driver/Src/stm32l0xx_hal_dma.o
                0x08005d7a                HAL_DMA_Abort
 .text.HAL_DMA_Abort_IT
                0x08005dc2       0x4e Drivers/STM32L0xx_HAL_Driver/Src/stm32l0xx_hal_dma.o
                0x08005dc2                HAL_DMA_Abort_IT
 .text.HAL_DMA_IRQHandler
                0x08005e10       0xba Drivers/STM32L0xx_HAL_Driver/Src/stm32l0xx_hal_dma.o
                0x08005e10                HAL_DMA_IRQHandler
 .text.HAL_DMA_GetError
                0x08005eca        0x4 Drivers/STM32L0xx_HAL_Driver/Src/stm32l0xx_hal_dma.o
                0x08005eca                HAL_DMA_GetError
 *fill*         0x08005ece        0x2 
 .text.HAL_GPIO_Init
                0x08005ed0      0x198 Drivers/STM32L0xx_HAL_Driver/Src/stm32l0xx_hal_gpio.o
                0x08005ed0                HAL_GPIO_Init
 .text.HAL_GPIO_ReadPin
                0x08006068        0xe Drivers/STM32L0xx_HAL_Driver/Src/stm32l0xx_hal_gpio.o
                0x08006068                HAL_GPIO_ReadPin
 .text.HAL_GPIO_WritePin
                0x08006076        0xc Drivers/STM32L0xx_HAL_Driver/Src/stm32l0xx_hal_gpio.o
                0x08006076                HAL_GPIO_WritePin
 .text.I2C_Flush_TXDR
                0x08006082       0x1e Drivers/STM32L0xx_HAL_Driver/Src/stm32l0xx_hal_i2c.o
 .text.I2C_TransferConfig
                0x080060a0       0x2c Drivers/STM32L0xx_HAL_Driver/Src/stm32l0xx_hal_i2c.o
 .text.I2C_IsAcknowledgeFailed
                0x080060cc       0x90 Drivers/STM32L0xx_HAL_Driver/Src/stm32l0xx_hal_i2c.o
 .text.I2C_WaitOnTXISFlagUntilTimeout
                0x0800615c       0x52 Drivers/STM32L0xx_HAL_Driver/Src/stm32l0xx_hal_i2c.o
 .text.I2C_WaitOnFlagUntilTimeout
                0x080061ae       0x4e Drivers/STM32L0xx_HAL_Driver/Src/stm32l0xx_hal_i2c.o
 .text.I2C_RequestMemoryWrite
                0x080061fc       0x74 Drivers/STM32L0xx_HAL_Driver/Src/stm32l0xx_hal_i2c.o
 .text.I2C_RequestMemoryRead
                0x08006270       0x70 Drivers/STM32L0xx_HAL_Driver/Src/stm32l0xx_hal_i2c.o
 .text.I2C_WaitOnSTOPFlagUntilTimeout
                0x080062e0       0x4e Drivers/STM32L0xx_HAL_Driver/Src/stm32l0xx_hal_i2c.o
 *fill*         0x0800632e        0x2 
 .text.HAL_I2C_Init
                0x08006330       0xcc Drivers/STM32L0xx_HAL_Driver/Src/stm32l0xx_hal_i2c.o
                0x08006330                HAL_I2C_Init
 .text.HAL_I2C_Mem_Write
                0x080063fc      0x1a0 Drivers/STM32L0xx_HAL_Driver/Src/stm32l0xx_hal_i2c.o
                0x080063fc                HAL_I2C_Mem_Write
 .text.HAL_I2C_Mem_Read
                0x0800659c      0x1b0 Drivers/STM32L0xx_HAL_Driver/Src/stm32l0xx_hal_i2c.o
                0x0800659c                HAL_I2C_Mem_Read
 .text.HAL_I2C_IsDeviceReady
                0x0800674c      0x17c Drivers/STM32L0xx_HAL_Driver/Src/stm32l0xx_hal_i2c.o
                0x0800674c                HAL_I2C_IsDeviceReady
 .text.HAL_I2CEx_ConfigAnalogFilter
                0x080068c8       0x58 Drivers/STM32L0xx_HAL_Driver/Src/stm32l0xx_hal_i2c_ex.o
                0x080068c8                HAL_I2CEx_ConfigAnalogFilter
 .text.HAL_I2CEx_ConfigDigitalFilter
                0x08006920       0x54 Drivers/STM32L0xx_HAL_Driver/Src/stm32l0xx_hal_i2c_ex.o
                0x08006920                HAL_I2CEx_ConfigDigitalFilter
 .text.HAL_IWDG_Init
                0x08006974       0x68 Drivers/STM32L0xx_HAL_Driver/Src/stm32l0xx_hal_iwdg.o
                0x08006974                HAL_IWDG_Init
 .text.HAL_IWDG_Refresh
                0x080069dc       0x10 Drivers/STM32L0xx_HAL_Driver/Src/stm32l0xx_hal_iwdg.o
                0x080069dc                HAL_IWDG_Refresh
 .text.HAL_RCC_GetSysClockFreq
                0x080069ec       0xb0 Drivers/STM32L0xx_HAL_Driver/Src/stm32l0xx_hal_rcc.o
                0x080069ec                HAL_RCC_GetSysClockFreq
 .text.HAL_RCC_OscConfig
                0x08006a9c      0x518 Drivers/STM32L0xx_HAL_Driver/Src/stm32l0xx_hal_rcc.o
                0x08006a9c                HAL_RCC_OscConfig
 .text.HAL_RCC_ClockConfig
                0x08006fb4      0x1d8 Drivers/STM32L0xx_HAL_Driver/Src/stm32l0xx_hal_rcc.o
                0x08006fb4                HAL_RCC_ClockConfig
 .text.HAL_RCC_GetHCLKFreq
                0x0800718c        0xc Drivers/STM32L0xx_HAL_Driver/Src/stm32l0xx_hal_rcc.o
                0x0800718c                HAL_RCC_GetHCLKFreq
 .text.HAL_RCC_GetPCLK1Freq
                0x08007198       0x20 Drivers/STM32L0xx_HAL_Driver/Src/stm32l0xx_hal_rcc.o
                0x08007198                HAL_RCC_GetPCLK1Freq
 .text.HAL_RCC_GetPCLK2Freq
                0x080071b8       0x20 Drivers/STM32L0xx_HAL_Driver/Src/stm32l0xx_hal_rcc.o
                0x080071b8                HAL_RCC_GetPCLK2Freq
 .text.HAL_RCCEx_PeriphCLKConfig
                0x080071d8      0x1d0 Drivers/STM32L0xx_HAL_Driver/Src/stm32l0xx_hal_rcc_ex.o
                0x080071d8                HAL_RCCEx_PeriphCLKConfig
 .text.HAL_RTC_WaitForSynchro
                0x080073a8       0x32 Drivers/STM32L0xx_HAL_Driver/Src/stm32l0xx_hal_rtc.o
                0x080073a8                HAL_RTC_WaitForSynchro
 .text.RTC_EnterInitMode
                0x080073da       0x3a Drivers/STM32L0xx_HAL_Driver/Src/stm32l0xx_hal_rtc.o
                0x080073da                RTC_EnterInitMode
 .text.HAL_RTC_Init
                0x08007414       0xd8 Drivers/STM32L0xx_HAL_Driver/Src/stm32l0xx_hal_rtc.o
                0x08007414                HAL_RTC_Init
 .text.HAL_RTCEx_BKUPWrite
                0x080074ec        0xc Drivers/STM32L0xx_HAL_Driver/Src/stm32l0xx_hal_rtc_ex.o
                0x080074ec                HAL_RTCEx_BKUPWrite
 .text.UART_EndTxTransfer
                0x080074f8       0x20 Drivers/STM32L0xx_HAL_Driver/Src/stm32l0xx_hal_uart.o
 .text.UART_EndRxTransfer
                0x08007518       0x60 Drivers/STM32L0xx_HAL_Driver/Src/stm32l0xx_hal_uart.o
 .text.HAL_UART_DMAStop
                0x08007578       0xae Drivers/STM32L0xx_HAL_Driver/Src/stm32l0xx_hal_uart.o
                0x08007578                HAL_UART_DMAStop
 .text.UART_EndTransmit_IT
                0x08007626       0x28 Drivers/STM32L0xx_HAL_Driver/Src/stm32l0xx_hal_uart.o
 .text.HAL_UART_RxHalfCpltCallback
                0x0800764e        0x2 Drivers/STM32L0xx_HAL_Driver/Src/stm32l0xx_hal_uart.o
                0x0800764e                HAL_UART_RxHalfCpltCallback
 .text.UART_DMAError
                0x08007650       0x4e Drivers/STM32L0xx_HAL_Driver/Src/stm32l0xx_hal_uart.o
 .text.UART_DMAAbortOnError
                0x0800769e       0x14 Drivers/STM32L0xx_HAL_Driver/Src/stm32l0xx_hal_uart.o
 .text.HAL_UARTEx_RxEventCallback
                0x080076b2        0x2 Drivers/STM32L0xx_HAL_Driver/Src/stm32l0xx_hal_uart.o
                0x080076b2                HAL_UARTEx_RxEventCallback
 .text.HAL_UART_IRQHandler
                0x080076b4      0x2cc Drivers/STM32L0xx_HAL_Driver/Src/stm32l0xx_hal_uart.o
                0x080076b4                HAL_UART_IRQHandler
 .text.UART_DMARxHalfCplt
                0x08007980       0x1c Drivers/STM32L0xx_HAL_Driver/Src/stm32l0xx_hal_uart.o
 .text.UART_DMAReceiveCplt
                0x0800799c       0x98 Drivers/STM32L0xx_HAL_Driver/Src/stm32l0xx_hal_uart.o
 .text.UART_SetConfig
                0x08007a34      0x2d4 Drivers/STM32L0xx_HAL_Driver/Src/stm32l0xx_hal_uart.o
                0x08007a34                UART_SetConfig
 .text.UART_AdvFeatureConfig
                0x08007d08       0xe0 Drivers/STM32L0xx_HAL_Driver/Src/stm32l0xx_hal_uart.o
                0x08007d08                UART_AdvFeatureConfig
 .text.UART_WaitOnFlagUntilTimeout
                0x08007de8       0xd8 Drivers/STM32L0xx_HAL_Driver/Src/stm32l0xx_hal_uart.o
                0x08007de8                UART_WaitOnFlagUntilTimeout
 .text.HAL_UART_Transmit
                0x08007ec0       0xee Drivers/STM32L0xx_HAL_Driver/Src/stm32l0xx_hal_uart.o
                0x08007ec0                HAL_UART_Transmit
 *fill*         0x08007fae        0x2 
 .text.UART_CheckIdleState
                0x08007fb0       0x70 Drivers/STM32L0xx_HAL_Driver/Src/stm32l0xx_hal_uart.o
                0x08007fb0                UART_CheckIdleState
 .text.HAL_UART_Init
                0x08008020       0x6c Drivers/STM32L0xx_HAL_Driver/Src/stm32l0xx_hal_uart.o
                0x08008020                HAL_UART_Init
 .text.UART_Start_Receive_DMA
                0x0800808c       0xb4 Drivers/STM32L0xx_HAL_Driver/Src/stm32l0xx_hal_uart.o
                0x0800808c                UART_Start_Receive_DMA
 .text.HAL_UART_Receive_DMA
                0x08008140       0x7c Drivers/STM32L0xx_HAL_Driver/Src/stm32l0xx_hal_uart.o
                0x08008140                HAL_UART_Receive_DMA
 .text.HAL_UARTEx_WakeupCallback
                0x080081bc        0x2 Drivers/STM32L0xx_HAL_Driver/Src/stm32l0xx_hal_uart_ex.o
                0x080081bc                HAL_UARTEx_WakeupCallback
 .text.makeFreeRtosPriority
                0x080081be        0xc Middlewares/Third_Party/FreeRTOS/Source/CMSIS_RTOS/cmsis_os.o
 .text.inHandlerMode
                0x080081ca        0xa Middlewares/Third_Party/FreeRTOS/Source/CMSIS_RTOS/cmsis_os.o
 .text.osKernelStart
                0x080081d4        0xa Middlewares/Third_Party/FreeRTOS/Source/CMSIS_RTOS/cmsis_os.o
                0x080081d4                osKernelStart
 .text.osThreadCreate
                0x080081de       0x6c Middlewares/Third_Party/FreeRTOS/Source/CMSIS_RTOS/cmsis_os.o
                0x080081de                osThreadCreate
 .text.osDelay  0x0800824a       0x10 Middlewares/Third_Party/FreeRTOS/Source/CMSIS_RTOS/cmsis_os.o
                0x0800824a                osDelay
 .text.osMessageCreate
                0x0800825a       0x2c Middlewares/Third_Party/FreeRTOS/Source/CMSIS_RTOS/cmsis_os.o
                0x0800825a                osMessageCreate
 *fill*         0x08008286        0x2 
 .text.osMessagePut
                0x08008288       0x64 Middlewares/Third_Party/FreeRTOS/Source/CMSIS_RTOS/cmsis_os.o
                0x08008288                osMessagePut
 .text.osMessageGet
                0x080082ec       0x94 Middlewares/Third_Party/FreeRTOS/Source/CMSIS_RTOS/cmsis_os.o
                0x080082ec                osMessageGet
 .text.vListInitialise
                0x08008380       0x16 Middlewares/Third_Party/FreeRTOS/Source/list.o
                0x08008380                vListInitialise
 .text.vListInitialiseItem
                0x08008396        0x6 Middlewares/Third_Party/FreeRTOS/Source/list.o
                0x08008396                vListInitialiseItem
 .text.vListInsertEnd
                0x0800839c       0x18 Middlewares/Third_Party/FreeRTOS/Source/list.o
                0x0800839c                vListInsertEnd
 .text.vListInsert
                0x080083b4       0x30 Middlewares/Third_Party/FreeRTOS/Source/list.o
                0x080083b4                vListInsert
 .text.uxListRemove
                0x080083e4       0x28 Middlewares/Third_Party/FreeRTOS/Source/list.o
                0x080083e4                uxListRemove
 .text.prvIsQueueFull
                0x0800840c       0x1e Middlewares/Third_Party/FreeRTOS/Source/queue.o
 .text.prvIsQueueEmpty
                0x0800842a       0x1c Middlewares/Third_Party/FreeRTOS/Source/queue.o
 .text.prvCopyDataToQueue
                0x08008446       0x82 Middlewares/Third_Party/FreeRTOS/Source/queue.o
 .text.prvCopyDataFromQueue
                0x080084c8       0x24 Middlewares/Third_Party/FreeRTOS/Source/queue.o
 .text.prvUnlockQueue
                0x080084ec       0x72 Middlewares/Third_Party/FreeRTOS/Source/queue.o
 .text.xQueueGenericReset
                0x0800855e       0x6e Middlewares/Third_Party/FreeRTOS/Source/queue.o
                0x0800855e                xQueueGenericReset
 .text.prvInitialiseNewQueue
                0x080085cc       0x1c Middlewares/Third_Party/FreeRTOS/Source/queue.o
 .text.xQueueGenericCreateStatic
                0x080085e8       0x68 Middlewares/Third_Party/FreeRTOS/Source/queue.o
                0x080085e8                xQueueGenericCreateStatic
 .text.xQueueGenericCreate
                0x08008650       0x44 Middlewares/Third_Party/FreeRTOS/Source/queue.o
                0x08008650                xQueueGenericCreate
 .text.xQueueGenericSend
                0x08008694      0x140 Middlewares/Third_Party/FreeRTOS/Source/queue.o
                0x08008694                xQueueGenericSend
 .text.xQueueGenericSendFromISR
                0x080087d4       0xb2 Middlewares/Third_Party/FreeRTOS/Source/queue.o
                0x080087d4                xQueueGenericSendFromISR
 .text.xQueueReceive
                0x08008886      0x126 Middlewares/Third_Party/FreeRTOS/Source/queue.o
                0x08008886                xQueueReceive
 .text.xQueueReceiveFromISR
                0x080089ac       0x96 Middlewares/Third_Party/FreeRTOS/Source/queue.o
                0x080089ac                xQueueReceiveFromISR
 *fill*         0x08008a42        0x2 
 .text.prvResetNextTaskUnblockTime
                0x08008a44       0x28 Middlewares/Third_Party/FreeRTOS/Source/tasks.o
 .text.prvInitialiseNewTask
                0x08008a6c       0x94 Middlewares/Third_Party/FreeRTOS/Source/tasks.o
 .text.prvInitialiseTaskLists
                0x08008b00       0x58 Middlewares/Third_Party/FreeRTOS/Source/tasks.o
 .text.prvAddNewTaskToReadyList
                0x08008b58       0x94 Middlewares/Third_Party/FreeRTOS/Source/tasks.o
 .text.prvDeleteTCB
                0x08008bec       0x2c Middlewares/Third_Party/FreeRTOS/Source/tasks.o
 .text.prvCheckTasksWaitingTermination
                0x08008c18       0x40 Middlewares/Third_Party/FreeRTOS/Source/tasks.o
 .text.prvIdleTask
                0x08008c58       0x18 Middlewares/Third_Party/FreeRTOS/Source/tasks.o
 .text.prvAddCurrentTaskToDelayedList
                0x08008c70       0x6c Middlewares/Third_Party/FreeRTOS/Source/tasks.o
 .text.xTaskCreateStatic
                0x08008cdc       0x4e Middlewares/Third_Party/FreeRTOS/Source/tasks.o
                0x08008cdc                xTaskCreateStatic
 .text.xTaskCreate
                0x08008d2a       0x62 Middlewares/Third_Party/FreeRTOS/Source/tasks.o
                0x08008d2a                xTaskCreate
 .text.vTaskStartScheduler
                0x08008d8c       0x70 Middlewares/Third_Party/FreeRTOS/Source/tasks.o
                0x08008d8c                vTaskStartScheduler
 .text.vTaskSuspendAll
                0x08008dfc       0x10 Middlewares/Third_Party/FreeRTOS/Source/tasks.o
                0x08008dfc                vTaskSuspendAll
 .text.xTaskGetTickCount
                0x08008e0c        0xc Middlewares/Third_Party/FreeRTOS/Source/tasks.o
                0x08008e0c                xTaskGetTickCount
 .text.xTaskIncrementTick
                0x08008e18       0xf8 Middlewares/Third_Party/FreeRTOS/Source/tasks.o
                0x08008e18                xTaskIncrementTick
 .text.xTaskResumeAll
                0x08008f10       0xd8 Middlewares/Third_Party/FreeRTOS/Source/tasks.o
                0x08008f10                xTaskResumeAll
 .text.vTaskDelay
                0x08008fe8       0x34 Middlewares/Third_Party/FreeRTOS/Source/tasks.o
                0x08008fe8                vTaskDelay
 .text.vTaskSwitchContext
                0x0800901c       0x80 Middlewares/Third_Party/FreeRTOS/Source/tasks.o
                0x0800901c                vTaskSwitchContext
 .text.vTaskPlaceOnEventList
                0x0800909c       0x24 Middlewares/Third_Party/FreeRTOS/Source/tasks.o
                0x0800909c                vTaskPlaceOnEventList
 .text.xTaskRemoveFromEventList
                0x080090c0       0x78 Middlewares/Third_Party/FreeRTOS/Source/tasks.o
                0x080090c0                xTaskRemoveFromEventList
 .text.vTaskInternalSetTimeOutState
                0x08009138       0x10 Middlewares/Third_Party/FreeRTOS/Source/tasks.o
                0x08009138                vTaskInternalSetTimeOutState
 .text.xTaskCheckForTimeOut
                0x08009148       0x64 Middlewares/Third_Party/FreeRTOS/Source/tasks.o
                0x08009148                xTaskCheckForTimeOut
 .text.vTaskMissedYield
                0x080091ac        0xc Middlewares/Third_Party/FreeRTOS/Source/tasks.o
                0x080091ac                vTaskMissedYield
 .text.xTaskGetSchedulerState
                0x080091b8       0x20 Middlewares/Third_Party/FreeRTOS/Source/tasks.o
                0x080091b8                xTaskGetSchedulerState
 .text.xTaskPriorityDisinherit
                0x080091d8       0x74 Middlewares/Third_Party/FreeRTOS/Source/tasks.o
                0x080091d8                xTaskPriorityDisinherit
 .text.prvTaskExitError
                0x0800924c       0x24 Middlewares/Third_Party/FreeRTOS/Source/portable/GCC/ARM_CM0/port.o
 .text.vPortStartFirstTask
                0x08009270       0x34 Middlewares/Third_Party/FreeRTOS/Source/portable/GCC/ARM_CM0/port.o
 .text.prvSetupTimerInterrupt
                0x080092a4       0x34 Middlewares/Third_Party/FreeRTOS/Source/portable/GCC/ARM_CM0/port.o
 .text.pxPortInitialiseStack
                0x080092d8       0x20 Middlewares/Third_Party/FreeRTOS/Source/portable/GCC/ARM_CM0/port.o
                0x080092d8                pxPortInitialiseStack
 .text.SVC_Handler
                0x080092f8        0x2 Middlewares/Third_Party/FreeRTOS/Source/portable/GCC/ARM_CM0/port.o
                0x080092f8                SVC_Handler
 *fill*         0x080092fa        0x2 
 .text.xPortStartScheduler
                0x080092fc       0x3c Middlewares/Third_Party/FreeRTOS/Source/portable/GCC/ARM_CM0/port.o
                0x080092fc                xPortStartScheduler
 .text.vPortYield
                0x08009338       0x18 Middlewares/Third_Party/FreeRTOS/Source/portable/GCC/ARM_CM0/port.o
                0x08009338                vPortYield
 .text.vPortEnterCritical
                0x08009350       0x18 Middlewares/Third_Party/FreeRTOS/Source/portable/GCC/ARM_CM0/port.o
                0x08009350                vPortEnterCritical
 .text.vPortExitCritical
                0x08009368       0x20 Middlewares/Third_Party/FreeRTOS/Source/portable/GCC/ARM_CM0/port.o
                0x08009368                vPortExitCritical
 .text.ulSetInterruptMaskFromISR
                0x08009388        0x8 Middlewares/Third_Party/FreeRTOS/Source/portable/GCC/ARM_CM0/port.o
                0x08009388                ulSetInterruptMaskFromISR
 .text.vClearInterruptMaskFromISR
                0x08009390        0x6 Middlewares/Third_Party/FreeRTOS/Source/portable/GCC/ARM_CM0/port.o
                0x08009390                vClearInterruptMaskFromISR
 *fill*         0x08009396        0xa 
 .text.PendSV_Handler
                0x080093a0       0x44 Middlewares/Third_Party/FreeRTOS/Source/portable/GCC/ARM_CM0/port.o
                0x080093a0                PendSV_Handler
 .text.xPortSysTickHandler
                0x080093e4       0x24 Middlewares/Third_Party/FreeRTOS/Source/portable/GCC/ARM_CM0/port.o
                0x080093e4                xPortSysTickHandler
 .text.prvHeapInit
                0x08009408       0x50 Middlewares/Third_Party/FreeRTOS/Source/portable/MemMang/heap_4.o
 .text.prvInsertBlockIntoFreeList
                0x08009458       0x50 Middlewares/Third_Party/FreeRTOS/Source/portable/MemMang/heap_4.o
 .text.pvPortMalloc
                0x080094a8       0xc8 Middlewares/Third_Party/FreeRTOS/Source/portable/MemMang/heap_4.o
                0x080094a8                pvPortMalloc
 .text.vPortFree
                0x08009570       0x50 Middlewares/Third_Party/FreeRTOS/Source/portable/MemMang/heap_4.o
                0x08009570                vPortFree
 .text.Reset_Handler
                0x080095c0       0x50 SW4STM32/startup_stm32l071xx.o
                0x080095c0                Reset_Handler
 .text.Default_Handler
                0x08009610        0x2 SW4STM32/startup_stm32l071xx.o
                0x08009610                ADC1_COMP_IRQHandler
                0x08009610                TIM6_IRQHandler
                0x08009610                PVD_IRQHandler
                0x08009610                I2C1_IRQHandler
                0x08009610                SPI1_IRQHandler
                0x08009610                EXTI2_3_IRQHandler
                0x08009610                I2C2_IRQHandler
                0x08009610                RTC_IRQHandler
                0x08009610                TIM3_IRQHandler
                0x08009610                EXTI4_15_IRQHandler
                0x08009610                RCC_IRQHandler
                0x08009610                Default_Handler
                0x08009610                TIM22_IRQHandler
                0x08009610                TIM7_IRQHandler
                0x08009610                EXTI0_1_IRQHandler
                0x08009610                I2C3_IRQHandler
                0x08009610                SPI2_IRQHandler
                0x08009610                TIM21_IRQHandler
                0x08009610                WWDG_IRQHandler
                0x08009610                LPUART1_IRQHandler
                0x08009610                TIM2_IRQHandler
                0x08009610                USART2_IRQHandler
                0x08009610                FLASH_IRQHandler
                0x08009610                LPTIM1_IRQHandler
 .text._read    0x08009612       0x1e SW4STM32/syscalls.o
                0x08009612                _read
 .text._write   0x08009630       0x1c SW4STM32/syscalls.o
                0x08009630                _write
 .text._sbrk    0x0800964c       0x3c SW4STM32/syscalls.o
                0x0800964c                _sbrk
 .text._close   0x08009688        0x6 SW4STM32/syscalls.o
                0x08009688                _close
 .text._fstat   0x0800968e        0xa SW4STM32/syscalls.o
                0x0800968e                _fstat
 .text._isatty  0x08009698        0x4 SW4STM32/syscalls.o
                0x08009698                _isatty
 .text._lseek   0x0800969c        0x4 SW4STM32/syscalls.o
                0x0800969c                _lseek
 .text.fmaxf    0x080096a0       0x2c c:/ac6/systemworkbench/plugins/fr.ac6.mcu.externaltools.arm-none.win32_1.17.0.201812190825/tools/compiler/bin/../lib/gcc/arm-none-eabi/7.3.1/../../../../arm-none-eabi/lib/thumb/v6-m\libm.a(lib_a-sf_fmax.o)
                0x080096a0                fmaxf
 .text.__fpclassifyf
                0x080096cc       0x40 c:/ac6/systemworkbench/plugins/fr.ac6.mcu.externaltools.arm-none.win32_1.17.0.201812190825/tools/compiler/bin/../lib/gcc/arm-none-eabi/7.3.1/../../../../arm-none-eabi/lib/thumb/v6-m\libm.a(lib_a-sf_fpclassify.o)
                0x080096cc                __fpclassifyf
 .text.llroundf
                0x0800970c       0x78 c:/ac6/systemworkbench/plugins/fr.ac6.mcu.externaltools.arm-none.win32_1.17.0.201812190825/tools/compiler/bin/../lib/gcc/arm-none-eabi/7.3.1/../../../../arm-none-eabi/lib/thumb/v6-m\libm.a(lib_a-sf_llround.o)
                0x0800970c                llroundf
 .text.lrintf   0x08009784       0x78 c:/ac6/systemworkbench/plugins/fr.ac6.mcu.externaltools.arm-none.win32_1.17.0.201812190825/tools/compiler/bin/../lib/gcc/arm-none-eabi/7.3.1/../../../../arm-none-eabi/lib/thumb/v6-m\libm.a(lib_a-sf_lrint.o)
                0x08009784                lrintf
 .text.sqrtf    0x080097fc       0xa4 c:/ac6/systemworkbench/plugins/fr.ac6.mcu.externaltools.arm-none.win32_1.17.0.201812190825/tools/compiler/bin/../lib/gcc/arm-none-eabi/7.3.1/../../../../arm-none-eabi/lib/thumb/v6-m\libm.a(lib_a-wf_sqrt.o)
                0x080097fc                sqrtf
 .text.__ieee754_sqrtf
                0x080098a0       0xb4 c:/ac6/systemworkbench/plugins/fr.ac6.mcu.externaltools.arm-none.win32_1.17.0.201812190825/tools/compiler/bin/../lib/gcc/arm-none-eabi/7.3.1/../../../../arm-none-eabi/lib/thumb/v6-m\libm.a(lib_a-ef_sqrt.o)
                0x080098a0                __ieee754_sqrtf
 .text.matherr  0x08009954        0x4 c:/ac6/systemworkbench/plugins/fr.ac6.mcu.externaltools.arm-none.win32_1.17.0.201812190825/tools/compiler/bin/../lib/gcc/arm-none-eabi/7.3.1/../../../../arm-none-eabi/lib/thumb/v6-m\libm.a(lib_a-s_matherr.o)
                0x08009954                matherr
 .text.__errno  0x08009958        0xc c:/ac6/systemworkbench/plugins/fr.ac6.mcu.externaltools.arm-none.win32_1.17.0.201812190825/tools/compiler/bin/../lib/gcc/arm-none-eabi/7.3.1/../../../../arm-none-eabi/lib/thumb/v6-m\libc_nano.a(lib_a-errno.o)
                0x08009958                __errno
 .text.__libc_init_array
                0x08009964       0x48 c:/ac6/systemworkbench/plugins/fr.ac6.mcu.externaltools.arm-none.win32_1.17.0.201812190825/tools/compiler/bin/../lib/gcc/arm-none-eabi/7.3.1/../../../../arm-none-eabi/lib/thumb/v6-m\libc_nano.a(lib_a-init.o)
                0x08009964                __libc_init_array
 .text.memcpy   0x080099ac       0x12 c:/ac6/systemworkbench/plugins/fr.ac6.mcu.externaltools.arm-none.win32_1.17.0.201812190825/tools/compiler/bin/../lib/gcc/arm-none-eabi/7.3.1/../../../../arm-none-eabi/lib/thumb/v6-m\libc_nano.a(lib_a-memcpy-stub.o)
                0x080099ac                memcpy
 .text.memset   0x080099be       0x10 c:/ac6/systemworkbench/plugins/fr.ac6.mcu.externaltools.arm-none.win32_1.17.0.201812190825/tools/compiler/bin/../lib/gcc/arm-none-eabi/7.3.1/../../../../arm-none-eabi/lib/thumb/v6-m\libc_nano.a(lib_a-memset.o)
                0x080099be                memset
 .text.__cvt    0x080099ce       0xc8 c:/ac6/systemworkbench/plugins/fr.ac6.mcu.externaltools.arm-none.win32_1.17.0.201812190825/tools/compiler/bin/../lib/gcc/arm-none-eabi/7.3.1/../../../../arm-none-eabi/lib/thumb/v6-m\libc_nano.a(lib_a-nano-vfprintf_float.o)
                0x080099ce                __cvt
 .text.__exponent
                0x08009a96       0x70 c:/ac6/systemworkbench/plugins/fr.ac6.mcu.externaltools.arm-none.win32_1.17.0.201812190825/tools/compiler/bin/../lib/gcc/arm-none-eabi/7.3.1/../../../../arm-none-eabi/lib/thumb/v6-m\libc_nano.a(lib_a-nano-vfprintf_float.o)
                0x08009a96                __exponent
 *fill*         0x08009b06        0x2 
 .text._printf_float
                0x08009b08      0x498 c:/ac6/systemworkbench/plugins/fr.ac6.mcu.externaltools.arm-none.win32_1.17.0.201812190825/tools/compiler/bin/../lib/gcc/arm-none-eabi/7.3.1/../../../../arm-none-eabi/lib/thumb/v6-m\libc_nano.a(lib_a-nano-vfprintf_float.o)
                0x08009b08                _printf_float
 .text._printf_common
                0x08009fa0       0xda c:/ac6/systemworkbench/plugins/fr.ac6.mcu.externaltools.arm-none.win32_1.17.0.201812190825/tools/compiler/bin/../lib/gcc/arm-none-eabi/7.3.1/../../../../arm-none-eabi/lib/thumb/v6-m\libc_nano.a(lib_a-nano-vfprintf_i.o)
                0x08009fa0                _printf_common
 *fill*         0x0800a07a        0x2 
 .text._printf_i
                0x0800a07c      0x210 c:/ac6/systemworkbench/plugins/fr.ac6.mcu.externaltools.arm-none.win32_1.17.0.201812190825/tools/compiler/bin/../lib/gcc/arm-none-eabi/7.3.1/../../../../arm-none-eabi/lib/thumb/v6-m\libc_nano.a(lib_a-nano-vfprintf_i.o)
                0x0800a07c                _printf_i
 .text.printf   0x0800a28c       0x34 c:/ac6/systemworkbench/plugins/fr.ac6.mcu.externaltools.arm-none.win32_1.17.0.201812190825/tools/compiler/bin/../lib/gcc/arm-none-eabi/7.3.1/../../../../arm-none-eabi/lib/thumb/v6-m\libc_nano.a(lib_a-printf.o)
                0x0800a28c                iprintf
                0x0800a28c                printf
 .text.putchar  0x0800a2c0       0x28 c:/ac6/systemworkbench/plugins/fr.ac6.mcu.externaltools.arm-none.win32_1.17.0.201812190825/tools/compiler/bin/../lib/gcc/arm-none-eabi/7.3.1/../../../../arm-none-eabi/lib/thumb/v6-m\libc_nano.a(lib_a-putchar.o)
                0x0800a2c0                putchar
 .text._puts_r  0x0800a2e8       0xc0 c:/ac6/systemworkbench/plugins/fr.ac6.mcu.externaltools.arm-none.win32_1.17.0.201812190825/tools/compiler/bin/../lib/gcc/arm-none-eabi/7.3.1/../../../../arm-none-eabi/lib/thumb/v6-m\libc_nano.a(lib_a-puts.o)
                0x0800a2e8                _puts_r
 .text.puts     0x0800a3a8       0x14 c:/ac6/systemworkbench/plugins/fr.ac6.mcu.externaltools.arm-none.win32_1.17.0.201812190825/tools/compiler/bin/../lib/gcc/arm-none-eabi/7.3.1/../../../../arm-none-eabi/lib/thumb/v6-m\libc_nano.a(lib_a-puts.o)
                0x0800a3a8                puts
 .text.sprintf  0x0800a3bc       0x40 c:/ac6/systemworkbench/plugins/fr.ac6.mcu.externaltools.arm-none.win32_1.17.0.201812190825/tools/compiler/bin/../lib/gcc/arm-none-eabi/7.3.1/../../../../arm-none-eabi/lib/thumb/v6-m\libc_nano.a(lib_a-sprintf.o)
                0x0800a3bc                siprintf
                0x0800a3bc                sprintf
 .text.strncmp  0x0800a3fc       0x22 c:/ac6/systemworkbench/plugins/fr.ac6.mcu.externaltools.arm-none.win32_1.17.0.201812190825/tools/compiler/bin/../lib/gcc/arm-none-eabi/7.3.1/../../../../arm-none-eabi/lib/thumb/v6-m\libc_nano.a(lib_a-strncmp.o)
                0x0800a3fc                strncmp
 *fill*         0x0800a41e        0x2 
 .text.strtok   0x0800a420       0x50 c:/ac6/systemworkbench/plugins/fr.ac6.mcu.externaltools.arm-none.win32_1.17.0.201812190825/tools/compiler/bin/../lib/gcc/arm-none-eabi/7.3.1/../../../../arm-none-eabi/lib/thumb/v6-m\libc_nano.a(lib_a-strtok.o)
                0x0800a420                strtok
 .text.__strtok_r
                0x0800a470       0x5a c:/ac6/systemworkbench/plugins/fr.ac6.mcu.externaltools.arm-none.win32_1.17.0.201812190825/tools/compiler/bin/../lib/gcc/arm-none-eabi/7.3.1/../../../../arm-none-eabi/lib/thumb/v6-m\libc_nano.a(lib_a-strtok_r.o)
                0x0800a470                __strtok_r
 *fill*         0x0800a4ca        0x2 
 .text.__swbuf_r
                0x0800a4cc       0xac c:/ac6/systemworkbench/plugins/fr.ac6.mcu.externaltools.arm-none.win32_1.17.0.201812190825/tools/compiler/bin/../lib/gcc/arm-none-eabi/7.3.1/../../../../arm-none-eabi/lib/thumb/v6-m\libc_nano.a(lib_a-wbuf.o)
                0x0800a4cc                __swbuf_r
 .text.__swsetup_r
                0x0800a578       0xec c:/ac6/systemworkbench/plugins/fr.ac6.mcu.externaltools.arm-none.win32_1.17.0.201812190825/tools/compiler/bin/../lib/gcc/arm-none-eabi/7.3.1/../../../../arm-none-eabi/lib/thumb/v6-m\libc_nano.a(lib_a-wsetup.o)
                0x0800a578                __swsetup_r
 .text.quorem   0x0800a664      0x10c c:/ac6/systemworkbench/plugins/fr.ac6.mcu.externaltools.arm-none.win32_1.17.0.201812190825/tools/compiler/bin/../lib/gcc/arm-none-eabi/7.3.1/../../../../arm-none-eabi/lib/thumb/v6-m\libc_nano.a(lib_a-dtoa.o)
 .text._dtoa_r  0x0800a770      0xbc0 c:/ac6/systemworkbench/plugins/fr.ac6.mcu.externaltools.arm-none.win32_1.17.0.201812190825/tools/compiler/bin/../lib/gcc/arm-none-eabi/7.3.1/../../../../arm-none-eabi/lib/thumb/v6-m\libc_nano.a(lib_a-dtoa.o)
                0x0800a770                _dtoa_r
 .text.__sflush_r
                0x0800b330      0x114 c:/ac6/systemworkbench/plugins/fr.ac6.mcu.externaltools.arm-none.win32_1.17.0.201812190825/tools/compiler/bin/../lib/gcc/arm-none-eabi/7.3.1/../../../../arm-none-eabi/lib/thumb/v6-m\libc_nano.a(lib_a-fflush.o)
                0x0800b330                __sflush_r
 .text._fflush_r
                0x0800b444       0x58 c:/ac6/systemworkbench/plugins/fr.ac6.mcu.externaltools.arm-none.win32_1.17.0.201812190825/tools/compiler/bin/../lib/gcc/arm-none-eabi/7.3.1/../../../../arm-none-eabi/lib/thumb/v6-m\libc_nano.a(lib_a-fflush.o)
                0x0800b444                _fflush_r
 .text.std      0x0800b49c       0x48 c:/ac6/systemworkbench/plugins/fr.ac6.mcu.externaltools.arm-none.win32_1.17.0.201812190825/tools/compiler/bin/../lib/gcc/arm-none-eabi/7.3.1/../../../../arm-none-eabi/lib/thumb/v6-m\libc_nano.a(lib_a-findfp.o)
 .text._cleanup_r
                0x0800b4e4       0x10 c:/ac6/systemworkbench/plugins/fr.ac6.mcu.externaltools.arm-none.win32_1.17.0.201812190825/tools/compiler/bin/../lib/gcc/arm-none-eabi/7.3.1/../../../../arm-none-eabi/lib/thumb/v6-m\libc_nano.a(lib_a-findfp.o)
                0x0800b4e4                _cleanup_r
 .text.__sfmoreglue
                0x0800b4f4       0x2c c:/ac6/systemworkbench/plugins/fr.ac6.mcu.externaltools.arm-none.win32_1.17.0.201812190825/tools/compiler/bin/../lib/gcc/arm-none-eabi/7.3.1/../../../../arm-none-eabi/lib/thumb/v6-m\libc_nano.a(lib_a-findfp.o)
                0x0800b4f4                __sfmoreglue
 .text.__sinit  0x0800b520       0x68 c:/ac6/systemworkbench/plugins/fr.ac6.mcu.externaltools.arm-none.win32_1.17.0.201812190825/tools/compiler/bin/../lib/gcc/arm-none-eabi/7.3.1/../../../../arm-none-eabi/lib/thumb/v6-m\libc_nano.a(lib_a-findfp.o)
                0x0800b520                __sinit
 .text.__sfp    0x0800b588       0x7c c:/ac6/systemworkbench/plugins/fr.ac6.mcu.externaltools.arm-none.win32_1.17.0.201812190825/tools/compiler/bin/../lib/gcc/arm-none-eabi/7.3.1/../../../../arm-none-eabi/lib/thumb/v6-m\libc_nano.a(lib_a-findfp.o)
                0x0800b588                __sfp
 .text._fwalk_reent
                0x0800b604       0x42 c:/ac6/systemworkbench/plugins/fr.ac6.mcu.externaltools.arm-none.win32_1.17.0.201812190825/tools/compiler/bin/../lib/gcc/arm-none-eabi/7.3.1/../../../../arm-none-eabi/lib/thumb/v6-m\libc_nano.a(lib_a-fwalk.o)
                0x0800b604                _fwalk_reent
 *fill*         0x0800b646        0x2 
 .text._localeconv_r
                0x0800b648       0x18 c:/ac6/systemworkbench/plugins/fr.ac6.mcu.externaltools.arm-none.win32_1.17.0.201812190825/tools/compiler/bin/../lib/gcc/arm-none-eabi/7.3.1/../../../../arm-none-eabi/lib/thumb/v6-m\libc_nano.a(lib_a-localeconv.o)
                0x0800b648                _localeconv_r
 .text.__swhatbuf_r
                0x0800b660       0x50 c:/ac6/systemworkbench/plugins/fr.ac6.mcu.externaltools.arm-none.win32_1.17.0.201812190825/tools/compiler/bin/../lib/gcc/arm-none-eabi/7.3.1/../../../../arm-none-eabi/lib/thumb/v6-m\libc_nano.a(lib_a-makebuf.o)
                0x0800b660                __swhatbuf_r
 .text.__smakebuf_r
                0x0800b6b0       0x88 c:/ac6/systemworkbench/plugins/fr.ac6.mcu.externaltools.arm-none.win32_1.17.0.201812190825/tools/compiler/bin/../lib/gcc/arm-none-eabi/7.3.1/../../../../arm-none-eabi/lib/thumb/v6-m\libc_nano.a(lib_a-makebuf.o)
                0x0800b6b0                __smakebuf_r
 .text.malloc   0x0800b738       0x14 c:/ac6/systemworkbench/plugins/fr.ac6.mcu.externaltools.arm-none.win32_1.17.0.201812190825/tools/compiler/bin/../lib/gcc/arm-none-eabi/7.3.1/../../../../arm-none-eabi/lib/thumb/v6-m\libc_nano.a(lib_a-malloc.o)
                0x0800b738                malloc
 .text.memchr   0x0800b74c       0x16 c:/ac6/systemworkbench/plugins/fr.ac6.mcu.externaltools.arm-none.win32_1.17.0.201812190825/tools/compiler/bin/../lib/gcc/arm-none-eabi/7.3.1/../../../../arm-none-eabi/lib/thumb/v6-m\libc_nano.a(lib_a-memchr-stub.o)
                0x0800b74c                memchr
 .text._Balloc  0x0800b762       0x70 c:/ac6/systemworkbench/plugins/fr.ac6.mcu.externaltools.arm-none.win32_1.17.0.201812190825/tools/compiler/bin/../lib/gcc/arm-none-eabi/7.3.1/../../../../arm-none-eabi/lib/thumb/v6-m\libc_nano.a(lib_a-mprec.o)
                0x0800b762                _Balloc
 .text._Bfree   0x0800b7d2       0x32 c:/ac6/systemworkbench/plugins/fr.ac6.mcu.externaltools.arm-none.win32_1.17.0.201812190825/tools/compiler/bin/../lib/gcc/arm-none-eabi/7.3.1/../../../../arm-none-eabi/lib/thumb/v6-m\libc_nano.a(lib_a-mprec.o)
                0x0800b7d2                _Bfree
 .text.__multadd
                0x0800b804       0x7c c:/ac6/systemworkbench/plugins/fr.ac6.mcu.externaltools.arm-none.win32_1.17.0.201812190825/tools/compiler/bin/../lib/gcc/arm-none-eabi/7.3.1/../../../../arm-none-eabi/lib/thumb/v6-m\libc_nano.a(lib_a-mprec.o)
                0x0800b804                __multadd
 .text.__hi0bits
                0x0800b880       0x34 c:/ac6/systemworkbench/plugins/fr.ac6.mcu.externaltools.arm-none.win32_1.17.0.201812190825/tools/compiler/bin/../lib/gcc/arm-none-eabi/7.3.1/../../../../arm-none-eabi/lib/thumb/v6-m\libc_nano.a(lib_a-mprec.o)
                0x0800b880                __hi0bits
 .text.__lo0bits
                0x0800b8b4       0x5e c:/ac6/systemworkbench/plugins/fr.ac6.mcu.externaltools.arm-none.win32_1.17.0.201812190825/tools/compiler/bin/../lib/gcc/arm-none-eabi/7.3.1/../../../../arm-none-eabi/lib/thumb/v6-m\libc_nano.a(lib_a-mprec.o)
                0x0800b8b4                __lo0bits
 .text.__i2b    0x0800b912       0x12 c:/ac6/systemworkbench/plugins/fr.ac6.mcu.externaltools.arm-none.win32_1.17.0.201812190825/tools/compiler/bin/../lib/gcc/arm-none-eabi/7.3.1/../../../../arm-none-eabi/lib/thumb/v6-m\libc_nano.a(lib_a-mprec.o)
                0x0800b912                __i2b
 .text.__multiply
                0x0800b924      0x11e c:/ac6/systemworkbench/plugins/fr.ac6.mcu.externaltools.arm-none.win32_1.17.0.201812190825/tools/compiler/bin/../lib/gcc/arm-none-eabi/7.3.1/../../../../arm-none-eabi/lib/thumb/v6-m\libc_nano.a(lib_a-mprec.o)
                0x0800b924                __multiply
 *fill*         0x0800ba42        0x2 
 .text.__pow5mult
                0x0800ba44       0xa4 c:/ac6/systemworkbench/plugins/fr.ac6.mcu.externaltools.arm-none.win32_1.17.0.201812190825/tools/compiler/bin/../lib/gcc/arm-none-eabi/7.3.1/../../../../arm-none-eabi/lib/thumb/v6-m\libc_nano.a(lib_a-mprec.o)
                0x0800ba44                __pow5mult
 .text.__lshift
                0x0800bae8       0xa4 c:/ac6/systemworkbench/plugins/fr.ac6.mcu.externaltools.arm-none.win32_1.17.0.201812190825/tools/compiler/bin/../lib/gcc/arm-none-eabi/7.3.1/../../../../arm-none-eabi/lib/thumb/v6-m\libc_nano.a(lib_a-mprec.o)
                0x0800bae8                __lshift
 .text.__mcmp   0x0800bb8c       0x34 c:/ac6/systemworkbench/plugins/fr.ac6.mcu.externaltools.arm-none.win32_1.17.0.201812190825/tools/compiler/bin/../lib/gcc/arm-none-eabi/7.3.1/../../../../arm-none-eabi/lib/thumb/v6-m\libc_nano.a(lib_a-mprec.o)
                0x0800bb8c                __mcmp
 .text.__mdiff  0x0800bbc0       0xc8 c:/ac6/systemworkbench/plugins/fr.ac6.mcu.externaltools.arm-none.win32_1.17.0.201812190825/tools/compiler/bin/../lib/gcc/arm-none-eabi/7.3.1/../../../../arm-none-eabi/lib/thumb/v6-m\libc_nano.a(lib_a-mprec.o)
                0x0800bbc0                __mdiff
 .text.__d2b    0x0800bc88       0xa8 c:/ac6/systemworkbench/plugins/fr.ac6.mcu.externaltools.arm-none.win32_1.17.0.201812190825/tools/compiler/bin/../lib/gcc/arm-none-eabi/7.3.1/../../../../arm-none-eabi/lib/thumb/v6-m\libc_nano.a(lib_a-mprec.o)
                0x0800bc88                __d2b
 .text._calloc_r
                0x0800bd30       0x1c c:/ac6/systemworkbench/plugins/fr.ac6.mcu.externaltools.arm-none.win32_1.17.0.201812190825/tools/compiler/bin/../lib/gcc/arm-none-eabi/7.3.1/../../../../arm-none-eabi/lib/thumb/v6-m\libc_nano.a(lib_a-nano-callocr.o)
                0x0800bd30                _calloc_r
 .text._free_r  0x0800bd4c       0x94 c:/ac6/systemworkbench/plugins/fr.ac6.mcu.externaltools.arm-none.win32_1.17.0.201812190825/tools/compiler/bin/../lib/gcc/arm-none-eabi/7.3.1/../../../../arm-none-eabi/lib/thumb/v6-m\libc_nano.a(lib_a-nano-freer.o)
                0x0800bd4c                _free_r
 .text._malloc_r
                0x0800bde0       0xbc c:/ac6/systemworkbench/plugins/fr.ac6.mcu.externaltools.arm-none.win32_1.17.0.201812190825/tools/compiler/bin/../lib/gcc/arm-none-eabi/7.3.1/../../../../arm-none-eabi/lib/thumb/v6-m\libc_nano.a(lib_a-nano-mallocr.o)
                0x0800bde0                _malloc_r
 .text.__ssputs_r
                0x0800be9c       0xc4 c:/ac6/systemworkbench/plugins/fr.ac6.mcu.externaltools.arm-none.win32_1.17.0.201812190825/tools/compiler/bin/../lib/gcc/arm-none-eabi/7.3.1/../../../../arm-none-eabi/lib/thumb/v6-m\libc_nano.a(lib_a-nano-svfprintf.o)
                0x0800be9c                __ssputs_r
 .text._svfprintf_r
                0x0800bf60      0x1fc c:/ac6/systemworkbench/plugins/fr.ac6.mcu.externaltools.arm-none.win32_1.17.0.201812190825/tools/compiler/bin/../lib/gcc/arm-none-eabi/7.3.1/../../../../arm-none-eabi/lib/thumb/v6-m\libc_nano.a(lib_a-nano-svfprintf.o)
                0x0800bf60                _svfiprintf_r
                0x0800bf60                _svfprintf_r
 .text.__sfputc_r
                0x0800c15c       0x2a c:/ac6/systemworkbench/plugins/fr.ac6.mcu.externaltools.arm-none.win32_1.17.0.201812190825/tools/compiler/bin/../lib/gcc/arm-none-eabi/7.3.1/../../../../arm-none-eabi/lib/thumb/v6-m\libc_nano.a(lib_a-nano-vfprintf.o)
 .text.__sfputs_r
                0x0800c186       0x24 c:/ac6/systemworkbench/plugins/fr.ac6.mcu.externaltools.arm-none.win32_1.17.0.201812190825/tools/compiler/bin/../lib/gcc/arm-none-eabi/7.3.1/../../../../arm-none-eabi/lib/thumb/v6-m\libc_nano.a(lib_a-nano-vfprintf.o)
                0x0800c186                __sfputs_r
 *fill*         0x0800c1aa        0x2 
 .text._vfprintf_r
                0x0800c1ac      0x22c c:/ac6/systemworkbench/plugins/fr.ac6.mcu.externaltools.arm-none.win32_1.17.0.201812190825/tools/compiler/bin/../lib/gcc/arm-none-eabi/7.3.1/../../../../arm-none-eabi/lib/thumb/v6-m\libc_nano.a(lib_a-nano-vfprintf.o)
                0x0800c1ac                _vfprintf_r
                0x0800c1ac                _vfiprintf_r
 .text._putc_r  0x0800c3d8       0x6c c:/ac6/systemworkbench/plugins/fr.ac6.mcu.externaltools.arm-none.win32_1.17.0.201812190825/tools/compiler/bin/../lib/gcc/arm-none-eabi/7.3.1/../../../../arm-none-eabi/lib/thumb/v6-m\libc_nano.a(lib_a-putc.o)
                0x0800c3d8                _putc_r
 .text._sbrk_r  0x0800c444       0x24 c:/ac6/systemworkbench/plugins/fr.ac6.mcu.externaltools.arm-none.win32_1.17.0.201812190825/tools/compiler/bin/../lib/gcc/arm-none-eabi/7.3.1/../../../../arm-none-eabi/lib/thumb/v6-m\libc_nano.a(lib_a-sbrkr.o)
                0x0800c444                _sbrk_r
 .text.__sread  0x0800c468       0x28 c:/ac6/systemworkbench/plugins/fr.ac6.mcu.externaltools.arm-none.win32_1.17.0.201812190825/tools/compiler/bin/../lib/gcc/arm-none-eabi/7.3.1/../../../../arm-none-eabi/lib/thumb/v6-m\libc_nano.a(lib_a-stdio.o)
                0x0800c468                __sread
 .text.__swrite
                0x0800c490       0x38 c:/ac6/systemworkbench/plugins/fr.ac6.mcu.externaltools.arm-none.win32_1.17.0.201812190825/tools/compiler/bin/../lib/gcc/arm-none-eabi/7.3.1/../../../../arm-none-eabi/lib/thumb/v6-m\libc_nano.a(lib_a-stdio.o)
                0x0800c490                __swrite
 .text.__sseek  0x0800c4c8       0x2c c:/ac6/systemworkbench/plugins/fr.ac6.mcu.externaltools.arm-none.win32_1.17.0.201812190825/tools/compiler/bin/../lib/gcc/arm-none-eabi/7.3.1/../../../../arm-none-eabi/lib/thumb/v6-m\libc_nano.a(lib_a-stdio.o)
                0x0800c4c8                __sseek
 .text.__sclose
                0x0800c4f4        0xc c:/ac6/systemworkbench/plugins/fr.ac6.mcu.externaltools.arm-none.win32_1.17.0.201812190825/tools/compiler/bin/../lib/gcc/arm-none-eabi/7.3.1/../../../../arm-none-eabi/lib/thumb/v6-m\libc_nano.a(lib_a-stdio.o)
                0x0800c4f4                __sclose
 .text._write_r
                0x0800c500       0x28 c:/ac6/systemworkbench/plugins/fr.ac6.mcu.externaltools.arm-none.win32_1.17.0.201812190825/tools/compiler/bin/../lib/gcc/arm-none-eabi/7.3.1/../../../../arm-none-eabi/lib/thumb/v6-m\libc_nano.a(lib_a-writer.o)
                0x0800c500                _write_r
 .text._close_r
                0x0800c528       0x24 c:/ac6/systemworkbench/plugins/fr.ac6.mcu.externaltools.arm-none.win32_1.17.0.201812190825/tools/compiler/bin/../lib/gcc/arm-none-eabi/7.3.1/../../../../arm-none-eabi/lib/thumb/v6-m\libc_nano.a(lib_a-closer.o)
                0x0800c528                _close_r
 .text._fstat_r
                0x0800c54c       0x24 c:/ac6/systemworkbench/plugins/fr.ac6.mcu.externaltools.arm-none.win32_1.17.0.201812190825/tools/compiler/bin/../lib/gcc/arm-none-eabi/7.3.1/../../../../arm-none-eabi/lib/thumb/v6-m\libc_nano.a(lib_a-fstatr.o)
                0x0800c54c                _fstat_r
 .text._isatty_r
                0x0800c570       0x24 c:/ac6/systemworkbench/plugins/fr.ac6.mcu.externaltools.arm-none.win32_1.17.0.201812190825/tools/compiler/bin/../lib/gcc/arm-none-eabi/7.3.1/../../../../arm-none-eabi/lib/thumb/v6-m\libc_nano.a(lib_a-isattyr.o)
                0x0800c570                _isatty_r
 .text._lseek_r
                0x0800c594       0x28 c:/ac6/systemworkbench/plugins/fr.ac6.mcu.externaltools.arm-none.win32_1.17.0.201812190825/tools/compiler/bin/../lib/gcc/arm-none-eabi/7.3.1/../../../../arm-none-eabi/lib/thumb/v6-m\libc_nano.a(lib_a-lseekr.o)
                0x0800c594                _lseek_r
 .text.__ascii_mbtowc
                0x0800c5bc       0x24 c:/ac6/systemworkbench/plugins/fr.ac6.mcu.externaltools.arm-none.win32_1.17.0.201812190825/tools/compiler/bin/../lib/gcc/arm-none-eabi/7.3.1/../../../../arm-none-eabi/lib/thumb/v6-m\libc_nano.a(lib_a-mbtowc_r.o)
                0x0800c5bc                __ascii_mbtowc
 .text.memmove  0x0800c5e0       0x26 c:/ac6/systemworkbench/plugins/fr.ac6.mcu.externaltools.arm-none.win32_1.17.0.201812190825/tools/compiler/bin/../lib/gcc/arm-none-eabi/7.3.1/../../../../arm-none-eabi/lib/thumb/v6-m\libc_nano.a(lib_a-memmove.o)
                0x0800c5e0                memmove
 .text.__malloc_lock
                0x0800c606        0x2 c:/ac6/systemworkbench/plugins/fr.ac6.mcu.externaltools.arm-none.win32_1.17.0.201812190825/tools/compiler/bin/../lib/gcc/arm-none-eabi/7.3.1/../../../../arm-none-eabi/lib/thumb/v6-m\libc_nano.a(lib_a-mlock.o)
                0x0800c606                __malloc_lock
 .text.__malloc_unlock
                0x0800c608        0x2 c:/ac6/systemworkbench/plugins/fr.ac6.mcu.externaltools.arm-none.win32_1.17.0.201812190825/tools/compiler/bin/../lib/gcc/arm-none-eabi/7.3.1/../../../../arm-none-eabi/lib/thumb/v6-m\libc_nano.a(lib_a-mlock.o)
                0x0800c608                __malloc_unlock
 .text._realloc_r
                0x0800c60a       0x4c c:/ac6/systemworkbench/plugins/fr.ac6.mcu.externaltools.arm-none.win32_1.17.0.201812190825/tools/compiler/bin/../lib/gcc/arm-none-eabi/7.3.1/../../../../arm-none-eabi/lib/thumb/v6-m\libc_nano.a(lib_a-nano-reallocr.o)
                0x0800c60a                _realloc_r
 *fill*         0x0800c656        0x2 
 .text._read_r  0x0800c658       0x28 c:/ac6/systemworkbench/plugins/fr.ac6.mcu.externaltools.arm-none.win32_1.17.0.201812190825/tools/compiler/bin/../lib/gcc/arm-none-eabi/7.3.1/../../../../arm-none-eabi/lib/thumb/v6-m\libc_nano.a(lib_a-readr.o)
                0x0800c658                _read_r
 .text.__ascii_wctomb
                0x0800c680       0x18 c:/ac6/systemworkbench/plugins/fr.ac6.mcu.externaltools.arm-none.win32_1.17.0.201812190825/tools/compiler/bin/../lib/gcc/arm-none-eabi/7.3.1/../../../../arm-none-eabi/lib/thumb/v6-m\libc_nano.a(lib_a-wctomb_r.o)
                0x0800c680                __ascii_wctomb
 .text._malloc_usable_size_r
                0x0800c698       0x10 c:/ac6/systemworkbench/plugins/fr.ac6.mcu.externaltools.arm-none.win32_1.17.0.201812190825/tools/compiler/bin/../lib/gcc/arm-none-eabi/7.3.1/../../../../arm-none-eabi/lib/thumb/v6-m\libc_nano.a(lib_a-nano-msizer.o)
                0x0800c698                _malloc_usable_size_r
 *(.glue_7)
 .glue_7        0x0800c6a8        0x0 linker stubs
 *(.glue_7t)
 .glue_7t       0x0800c6a8        0x0 linker stubs
 *(.eh_frame)
 .eh_frame      0x0800c6a8        0x0 c:/ac6/systemworkbench/plugins/fr.ac6.mcu.externaltools.arm-none.win32_1.17.0.201812190825/tools/compiler/bin/../lib/gcc/arm-none-eabi/7.3.1/thumb/v6-m/crtbegin.o
 *(.init)
 .init          0x0800c6a8        0x4 c:/ac6/systemworkbench/plugins/fr.ac6.mcu.externaltools.arm-none.win32_1.17.0.201812190825/tools/compiler/bin/../lib/gcc/arm-none-eabi/7.3.1/thumb/v6-m/crti.o
                0x0800c6a8                _init
 .init          0x0800c6ac        0x8 c:/ac6/systemworkbench/plugins/fr.ac6.mcu.externaltools.arm-none.win32_1.17.0.201812190825/tools/compiler/bin/../lib/gcc/arm-none-eabi/7.3.1/thumb/v6-m/crtn.o
 *(.fini)
 .fini          0x0800c6b4        0x4 c:/ac6/systemworkbench/plugins/fr.ac6.mcu.externaltools.arm-none.win32_1.17.0.201812190825/tools/compiler/bin/../lib/gcc/arm-none-eabi/7.3.1/thumb/v6-m/crti.o
                0x0800c6b4                _fini
 .fini          0x0800c6b8        0x8 c:/ac6/systemworkbench/plugins/fr.ac6.mcu.externaltools.arm-none.win32_1.17.0.201812190825/tools/compiler/bin/../lib/gcc/arm-none-eabi/7.3.1/thumb/v6-m/crtn.o
                0x0800c6c0                . = ALIGN (0x4)
                0x0800c6c0                _etext = .

.vfp11_veneer   0x0800c6c0        0x0
 .vfp11_veneer  0x0800c6c0        0x0 linker stubs

.v4_bx          0x0800c6c0        0x0
 .v4_bx         0x0800c6c0        0x0 linker stubs

.iplt           0x0800c6c0        0x0
 .iplt          0x0800c6c0        0x0 c:/ac6/systemworkbench/plugins/fr.ac6.mcu.externaltools.arm-none.win32_1.17.0.201812190825/tools/compiler/bin/../lib/gcc/arm-none-eabi/7.3.1/thumb/v6-m/crtbegin.o

.rodata         0x0800c6c0     0x1a38
                0x0800c6c0                . = ALIGN (0x4)
 *(.rodata)
 .rodata        0x0800c6c0      0x3c4 Core/Src/logic.o
                0x0800c87c                temp_table
 .rodata        0x0800ca84       0x80 Core/Src/main.o
 .rodata        0x0800cb04       0x24 Core/Src/system_stm32l0xx.o
                0x0800cb04                PLLMulTable
                0x0800cb10                AHBPrescTable
                0x0800cb20                APBPrescTable
 .rodata        0x0800cb28      0x228 Core/Src/uart.o
 .rodata        0x0800cd50       0x48 Drivers/STM32L0xx_HAL_Driver/Src/stm32l0xx_hal_uart.o
 .rodata        0x0800cd98       0x80 c:/ac6/systemworkbench/plugins/fr.ac6.mcu.externaltools.arm-none.win32_1.17.0.201812190825/tools/compiler/bin/../lib/gcc/arm-none-eabi/7.3.1/thumb/v6-m\libgcc.a(divsf3.o)
 .rodata        0x0800ce18       0x40 c:/ac6/systemworkbench/plugins/fr.ac6.mcu.externaltools.arm-none.win32_1.17.0.201812190825/tools/compiler/bin/../lib/gcc/arm-none-eabi/7.3.1/thumb/v6-m\libgcc.a(mulsf3.o)
 .rodata        0x0800ce58       0x40 c:/ac6/systemworkbench/plugins/fr.ac6.mcu.externaltools.arm-none.win32_1.17.0.201812190825/tools/compiler/bin/../lib/gcc/arm-none-eabi/7.3.1/thumb/v6-m\libgcc.a(divdf3.o)
 .rodata        0x0800ce98       0x40 c:/ac6/systemworkbench/plugins/fr.ac6.mcu.externaltools.arm-none.win32_1.17.0.201812190825/tools/compiler/bin/../lib/gcc/arm-none-eabi/7.3.1/thumb/v6-m\libgcc.a(muldf3.o)
 *(.rodata*)
 .rodata.str1.4
                0x0800ced8      0xc62 Core/Src/logic.o
 *fill*         0x0800db3a        0x2 
 .rodata.str1.4
                0x0800db3c       0x61 Core/Src/main.o
 *fill*         0x0800db9d        0x3 
 .rodata.str1.4
                0x0800dba0       0x7c Core/Src/peripherals.o
 .rodata.str1.4
                0x0800dc1c      0x201 Core/Src/uart.o
                                0x20b (size before relaxing)
 *fill*         0x0800de1d        0x3 
 .rodata.str1.4
                0x0800de20        0x5 Middlewares/Third_Party/FreeRTOS/Source/tasks.o
 *fill*         0x0800de25        0x3 
 .rodata.TWO23  0x0800de28        0x8 c:/ac6/systemworkbench/plugins/fr.ac6.mcu.externaltools.arm-none.win32_1.17.0.201812190825/tools/compiler/bin/../lib/gcc/arm-none-eabi/7.3.1/../../../../arm-none-eabi/lib/thumb/v6-m\libm.a(lib_a-sf_lrint.o)
 .rodata.sqrtf.str1.4
                0x0800de30        0x8 c:/ac6/systemworkbench/plugins/fr.ac6.mcu.externaltools.arm-none.win32_1.17.0.201812190825/tools/compiler/bin/../lib/gcc/arm-none-eabi/7.3.1/../../../../arm-none-eabi/lib/thumb/v6-m\libm.a(lib_a-wf_sqrt.o)
                                  0x6 (size before relaxing)
 .rodata._global_impure_ptr
                0x0800de38        0x4 c:/ac6/systemworkbench/plugins/fr.ac6.mcu.externaltools.arm-none.win32_1.17.0.201812190825/tools/compiler/bin/../lib/gcc/arm-none-eabi/7.3.1/../../../../arm-none-eabi/lib/thumb/v6-m\libc_nano.a(lib_a-impure.o)
                0x0800de38                _global_impure_ptr
 .rodata._printf_float.str1.1
                0x0800de3c       0x12 c:/ac6/systemworkbench/plugins/fr.ac6.mcu.externaltools.arm-none.win32_1.17.0.201812190825/tools/compiler/bin/../lib/gcc/arm-none-eabi/7.3.1/../../../../arm-none-eabi/lib/thumb/v6-m\libc_nano.a(lib_a-nano-vfprintf_float.o)
 .rodata._printf_i.str1.1
                0x0800de4e       0x22 c:/ac6/systemworkbench/plugins/fr.ac6.mcu.externaltools.arm-none.win32_1.17.0.201812190825/tools/compiler/bin/../lib/gcc/arm-none-eabi/7.3.1/../../../../arm-none-eabi/lib/thumb/v6-m\libc_nano.a(lib_a-nano-vfprintf_i.o)
 .rodata._dtoa_r.str1.1
                0x0800de70        0xd c:/ac6/systemworkbench/plugins/fr.ac6.mcu.externaltools.arm-none.win32_1.17.0.201812190825/tools/compiler/bin/../lib/gcc/arm-none-eabi/7.3.1/../../../../arm-none-eabi/lib/thumb/v6-m\libc_nano.a(lib_a-dtoa.o)
                                  0xf (size before relaxing)
 *fill*         0x0800de7d        0x3 
 .rodata.__sf_fake_stderr
                0x0800de80       0x20 c:/ac6/systemworkbench/plugins/fr.ac6.mcu.externaltools.arm-none.win32_1.17.0.201812190825/tools/compiler/bin/../lib/gcc/arm-none-eabi/7.3.1/../../../../arm-none-eabi/lib/thumb/v6-m\libc_nano.a(lib_a-findfp.o)
                0x0800de80                __sf_fake_stderr
 .rodata.__sf_fake_stdin
                0x0800dea0       0x20 c:/ac6/systemworkbench/plugins/fr.ac6.mcu.externaltools.arm-none.win32_1.17.0.201812190825/tools/compiler/bin/../lib/gcc/arm-none-eabi/7.3.1/../../../../arm-none-eabi/lib/thumb/v6-m\libc_nano.a(lib_a-findfp.o)
                0x0800dea0                __sf_fake_stdin
 .rodata.__sf_fake_stdout
                0x0800dec0       0x20 c:/ac6/systemworkbench/plugins/fr.ac6.mcu.externaltools.arm-none.win32_1.17.0.201812190825/tools/compiler/bin/../lib/gcc/arm-none-eabi/7.3.1/../../../../arm-none-eabi/lib/thumb/v6-m\libc_nano.a(lib_a-findfp.o)
                0x0800dec0                __sf_fake_stdout
 .rodata.__mprec_bigtens
                0x0800dee0       0x28 c:/ac6/systemworkbench/plugins/fr.ac6.mcu.externaltools.arm-none.win32_1.17.0.201812190825/tools/compiler/bin/../lib/gcc/arm-none-eabi/7.3.1/../../../../arm-none-eabi/lib/thumb/v6-m\libc_nano.a(lib_a-mprec.o)
                0x0800dee0                __mprec_bigtens
 .rodata.__mprec_tens
                0x0800df08       0xc8 c:/ac6/systemworkbench/plugins/fr.ac6.mcu.externaltools.arm-none.win32_1.17.0.201812190825/tools/compiler/bin/../lib/gcc/arm-none-eabi/7.3.1/../../../../arm-none-eabi/lib/thumb/v6-m\libc_nano.a(lib_a-mprec.o)
                0x0800df08                __mprec_tens
 .rodata.p05.6084
                0x0800dfd0        0xc c:/ac6/systemworkbench/plugins/fr.ac6.mcu.externaltools.arm-none.win32_1.17.0.201812190825/tools/compiler/bin/../lib/gcc/arm-none-eabi/7.3.1/../../../../arm-none-eabi/lib/thumb/v6-m\libc_nano.a(lib_a-mprec.o)
 .rodata._svfprintf_r.str1.1
                0x0800dfdc       0x11 c:/ac6/systemworkbench/plugins/fr.ac6.mcu.externaltools.arm-none.win32_1.17.0.201812190825/tools/compiler/bin/../lib/gcc/arm-none-eabi/7.3.1/../../../../arm-none-eabi/lib/thumb/v6-m\libc_nano.a(lib_a-nano-svfprintf.o)
 .rodata._vfprintf_r.str1.1
                0x0800dfed       0x11 c:/ac6/systemworkbench/plugins/fr.ac6.mcu.externaltools.arm-none.win32_1.17.0.201812190825/tools/compiler/bin/../lib/gcc/arm-none-eabi/7.3.1/../../../../arm-none-eabi/lib/thumb/v6-m\libc_nano.a(lib_a-nano-vfprintf.o)
 .rodata._setlocale_r.str1.1
                0x0800dfed        0x8 c:/ac6/systemworkbench/plugins/fr.ac6.mcu.externaltools.arm-none.win32_1.17.0.201812190825/tools/compiler/bin/../lib/gcc/arm-none-eabi/7.3.1/../../../../arm-none-eabi/lib/thumb/v6-m\libc_nano.a(lib_a-locale.o)
                                  0x9 (size before relaxing)
 .rodata.str1.1
                0x0800dff5        0x2 c:/ac6/systemworkbench/plugins/fr.ac6.mcu.externaltools.arm-none.win32_1.17.0.201812190825/tools/compiler/bin/../lib/gcc/arm-none-eabi/7.3.1/../../../../arm-none-eabi/lib/thumb/v6-m\libc_nano.a(lib_a-locale.o)
 .rodata._ctype_
                0x0800dff7      0x101 c:/ac6/systemworkbench/plugins/fr.ac6.mcu.externaltools.arm-none.win32_1.17.0.201812190825/tools/compiler/bin/../lib/gcc/arm-none-eabi/7.3.1/../../../../arm-none-eabi/lib/thumb/v6-m\libc_nano.a(lib_a-ctype_.o)
                0x0800dff7                _ctype_
                0x0800e0f8                . = ALIGN (0x4)

.ARM.extab
 *(.ARM.extab* .gnu.linkonce.armextab.*)

.ARM            0x0800e0f8        0x8
                0x0800e0f8                __exidx_start = .
 *(.ARM.exidx*)
 .ARM.exidx     0x0800e0f8        0x8 c:/ac6/systemworkbench/plugins/fr.ac6.mcu.externaltools.arm-none.win32_1.17.0.201812190825/tools/compiler/bin/../lib/gcc/arm-none-eabi/7.3.1/thumb/v6-m\libgcc.a(_udivmoddi4.o)
                0x0800e100                __exidx_end = .

.rel.dyn        0x0800e100        0x0
 .rel.iplt      0x0800e100        0x0 c:/ac6/systemworkbench/plugins/fr.ac6.mcu.externaltools.arm-none.win32_1.17.0.201812190825/tools/compiler/bin/../lib/gcc/arm-none-eabi/7.3.1/thumb/v6-m/crtbegin.o

.preinit_array  0x0800e100        0x0
                0x0800e100                PROVIDE (__preinit_array_start = .)
 *(.preinit_array*)
                0x0800e100                PROVIDE (__preinit_array_end = .)

.init_array     0x0800e100        0x4
                0x0800e100                PROVIDE (__init_array_start = .)
 *(SORT_BY_NAME(.init_array.*))
 *(.init_array*)
 .init_array    0x0800e100        0x4 c:/ac6/systemworkbench/plugins/fr.ac6.mcu.externaltools.arm-none.win32_1.17.0.201812190825/tools/compiler/bin/../lib/gcc/arm-none-eabi/7.3.1/thumb/v6-m/crtbegin.o
                0x0800e104                PROVIDE (__init_array_end = .)

.fini_array     0x0800e104        0x4
                [!provide]                PROVIDE (__fini_array_start = .)
 *(SORT_BY_NAME(.fini_array.*))
 *(.fini_array*)
 .fini_array    0x0800e104        0x4 c:/ac6/systemworkbench/plugins/fr.ac6.mcu.externaltools.arm-none.win32_1.17.0.201812190825/tools/compiler/bin/../lib/gcc/arm-none-eabi/7.3.1/thumb/v6-m/crtbegin.o
                [!provide]                PROVIDE (__fini_array_end = .)
                0x0800e108                _sidata = LOADADDR (.data)

.data           0x20000000      0x1e4 load address 0x0800e108
                0x20000000                . = ALIGN (0x4)
                0x20000000                _sdata = .
 *(.data)
 .data          0x20000000        0x4 Core/Src/system_stm32l0xx.o
                0x20000000                SystemCoreClock
 .data          0x20000004        0x8 Drivers/STM32L0xx_HAL_Driver/Src/stm32l0xx_hal.o
                0x20000004                uwTickFreq
                0x20000008                uwTickPrio
 .data          0x2000000c        0x4 Middlewares/Third_Party/FreeRTOS/Source/portable/GCC/ARM_CM0/port.o
 *(.data*)
 .data.__fdlib_version
                0x20000010        0x1 c:/ac6/systemworkbench/plugins/fr.ac6.mcu.externaltools.arm-none.win32_1.17.0.201812190825/tools/compiler/bin/../lib/gcc/arm-none-eabi/7.3.1/../../../../arm-none-eabi/lib/thumb/v6-m\libm.a(lib_a-s_lib_ver.o)
                0x20000010                __fdlib_version
 *fill*         0x20000011        0x3 
 .data._impure_ptr
                0x20000014        0x4 c:/ac6/systemworkbench/plugins/fr.ac6.mcu.externaltools.arm-none.win32_1.17.0.201812190825/tools/compiler/bin/../lib/gcc/arm-none-eabi/7.3.1/../../../../arm-none-eabi/lib/thumb/v6-m\libc_nano.a(lib_a-impure.o)
                0x20000014                _impure_ptr
 .data.impure_data
                0x20000018       0x60 c:/ac6/systemworkbench/plugins/fr.ac6.mcu.externaltools.arm-none.win32_1.17.0.201812190825/tools/compiler/bin/../lib/gcc/arm-none-eabi/7.3.1/../../../../arm-none-eabi/lib/thumb/v6-m\libc_nano.a(lib_a-impure.o)
 .data.__global_locale
                0x20000078      0x16c c:/ac6/systemworkbench/plugins/fr.ac6.mcu.externaltools.arm-none.win32_1.17.0.201812190825/tools/compiler/bin/../lib/gcc/arm-none-eabi/7.3.1/../../../../arm-none-eabi/lib/thumb/v6-m\libc_nano.a(lib_a-locale.o)
                0x20000078                __global_locale
                0x200001e4                . = ALIGN (0x4)
                0x200001e4                _edata = .

.igot.plt       0x200001e4        0x0 load address 0x0800e2ec
 .igot.plt      0x200001e4        0x0 c:/ac6/systemworkbench/plugins/fr.ac6.mcu.externaltools.arm-none.win32_1.17.0.201812190825/tools/compiler/bin/../lib/gcc/arm-none-eabi/7.3.1/thumb/v6-m/crtbegin.o
                0x200001e4                . = ALIGN (0x4)

.bss            0x200001e8     0x43a4 load address 0x0800e2ec
                0x200001e8                _sbss = .
                0x200001e8                __bss_start__ = _sbss
 *(.bss)
 .bss           0x200001e8       0x1c c:/ac6/systemworkbench/plugins/fr.ac6.mcu.externaltools.arm-none.win32_1.17.0.201812190825/tools/compiler/bin/../lib/gcc/arm-none-eabi/7.3.1/thumb/v6-m/crtbegin.o
 .bss           0x20000204        0xa Core/Src/display.o
 *fill*         0x2000020e        0x2 
 .bss           0x20000210      0x254 Core/Src/freertos.o
 .bss           0x20000464        0x3 Core/Src/peripherals.o
 *fill*         0x20000467        0x1 
 .bss           0x20000468      0x104 Core/Src/uart.o
 .bss           0x2000056c      0x128 Middlewares/Third_Party/FreeRTOS/Source/tasks.o
                0x2000066c                pxCurrentTCB
 .bss           0x20000694      0xc18 Middlewares/Third_Party/FreeRTOS/Source/portable/MemMang/heap_4.o
 .bss           0x200012ac        0x8 SW4STM32/syscalls.o
                0x200012b0                __env
 *(.bss*)
 .bss.__malloc_free_list
                0x200012b4        0x4 c:/ac6/systemworkbench/plugins/fr.ac6.mcu.externaltools.arm-none.win32_1.17.0.201812190825/tools/compiler/bin/../lib/gcc/arm-none-eabi/7.3.1/../../../../arm-none-eabi/lib/thumb/v6-m\libc_nano.a(lib_a-nano-mallocr.o)
                0x200012b4                __malloc_free_list
 .bss.__malloc_sbrk_start
                0x200012b8        0x4 c:/ac6/systemworkbench/plugins/fr.ac6.mcu.externaltools.arm-none.win32_1.17.0.201812190825/tools/compiler/bin/../lib/gcc/arm-none-eabi/7.3.1/../../../../arm-none-eabi/lib/thumb/v6-m\libc_nano.a(lib_a-nano-mallocr.o)
                0x200012b8                __malloc_sbrk_start
 *(COMMON)
 *fill*         0x200012bc        0x4 
 COMMON         0x200012c0      0x478 Core/Src/display.o
                0x200012c0                ls
 COMMON         0x20001738     0x2a6c Core/Src/logic.o
                0x20001738                master_tick
                0x2000173c                s
                0x200040a0                slave_tick
                0x200040a4                send_buf
                0x20004124                command_str
 COMMON         0x200041a4      0x3e0 Core/Src/main.o
                0x200041a4                hi2c1
                0x200041f0                hiwdg
                0x20004200                procTaskHandle
                0x20004204                hdma_usart5_rx
                0x2000424c                htim3
                0x2000428c                hdma_usart4_rx
                0x200042d4                huart5
                0x20004358                uartTaskHandle
                0x2000435c                hdma_usart1_rx
                0x200043a4                huart1
                0x20004428                bleTaskHandle
                0x2000442c                hrtc
                0x20004450                bleQueueHandle
                0x20004454                huart4
                0x200044d8                idleTaskHandle
                0x200044dc                hdma_adc
                0x20004524                hadc
                0x20004580                uartQueueHandle
 COMMON         0x20004584        0x4 Drivers/STM32L0xx_HAL_Driver/Src/stm32l0xx_hal.o
                0x20004584                uwTick