[16:33:08[955]] - [INFO ] Megnetic Sensor Connected OK! 

[16:34:17[704]] - [SLAVE] Packet received at 16:34:17.703 

[16:34:17[703]] - [SLAVE] Packet received at 16:34:17.703 

[16:34:17[876]] - [SLAVE] Packet received at 16:34:17.876 

[16:34:17[876]] - [SLAVE] Packet received at 16:34:17.876 

[16:34:18[051]] - [SLAVE] Packet received at 16:34:18.051 

[16:34:18[051]] - [SLAVE] Packet received at 16:34:18.051 

[16:34:18[227]] - [SLAVE] Packet received at 16:34:18.227 

[16:34:18[227]] - [SLAVE] Packet received at 16:34:18.227 

[16:34:18[784]] - [MATCH] dir=S°ÊM dt=1.087s  dist=5.00m  speed=16.6 km/h 

[16:34:18[784]] - [MATCH] dir=S°ÊM dt=1.087s  dist=5.00m  speed=16.6 km/h 

[16:34:18[794]] - [MASTER] Packet received at 16:34:18.794 

[16:34:18[794]] - [MASTER] Packet received at 16:34:18.794 

[16:34:18[960]] - [MATCH] dir=S°ÊM dt=1.088s  dist=5.00m  speed=16.5 km/h 

[16:34:18[960]] - [MATCH] dir=S°ÊM dt=1.088s  dist=5.00m  speed=16.5 km/h 

[16:34:18[968]] - [MASTER] Packet received at 16:34:18.968 

[16:34:18[968]] - [MASTER] Packet received at 16:34:18.968 

[16:34:19[136]] - [MATCH] dir=S°ÊM dt=1.088s  dist=5.00m  speed=16.6 km/h 

[16:34:19[136]] - [MATCH] dir=S°ÊM dt=1.088s  dist=5.00m  speed=16.6 km/h 

[16:34:19[142]] - [MASTER] Packet received at 16:34:19.142 

[16:34:19[142]] - [MASTER] Packet received at 16:34:19.142 

[16:34:19[313]] - [MATCH] dir=S°ÊM dt=1.088s  dist=5.00m  speed=16.5 km/h 

[16:34:19[312]] - [MATCH] dir=S°ÊM dt=1.088s  dist=5.00m  speed=16.5 km/h 

[16:34:19[319]] - [MASTER] Packet received at 16:34:19.319 

[16:34:19[319]] - [MASTER] Packet received at 16:34:19.319 

[16:34:54[026]] - [MASTER] Packet received at 16:34:54.026 

[16:34:54[026]] - [MASTER] Packet received at 16:34:54.026 

[16:34:54[202]] - [MASTER] Packet received at 16:34:54.202 

[16:34:54[202]] - [MASTER] Packet received at 16:34:54.202 

[16:34:54[382]] - [MASTER] Packet received at 16:34:54.382 

[16:34:54[382]] - [MASTER] Packet received at 16:34:54.382 

[16:34:54[859]] - [MATCH] dir=M°ÊS dt=0.836s  dist=5.00m  speed=21.5 km/h 

[16:34:54[859]] - [MATCH] dir=M°ÊS dt=0.836s  dist=5.00m  speed=21.5 km/h 

[16:34:54[865]] - [SLAVE] Packet received at 16:34:54.865 

[16:34:54[865]] - [SLAVE] Packet received at 16:34:54.865 

[16:34:55[322]] - [MATCH] dir=M°ÊS dt=1.123s  dist=5.00m  speed=16.0 km/h 

[16:34:55[322]] - [MATCH] dir=M°ÊS dt=1.123s  dist=5.00m  speed=16.0 km/h 

[16:34:55[330]] - [SLAVE] Packet received at 16:34:55.330 

[16:34:55[330]] - [SLAVE] Packet received at 16:34:55.330 

[16:35:31[703]] - [SLAVE] Packet received at 16:35:31.703 

[16:35:31[703]] - [SLAVE] Packet received at 16:35:31.703 

[16:35:31[877]] - [SLAVE] Packet received at 16:35:31.877 

[16:35:31[877]] - [SLAVE] Packet received at 16:35:31.877 

[16:35:32[225]] - [MATCH] dir=S°ÊM dt=0.526s  dist=5.00m  speed=34.2 km/h 

[16:35:32[225]] - [MATCH] dir=S°ÊM dt=0.526s  dist=5.00m  speed=34.2 km/h 

[16:35:32[231]] - [MASTER] Packet received at 16:35:32.231 

[16:35:32[231]] - [MASTER] Packet received at 16:35:32.231 

[16:35:32[402]] - [MATCH] dir=S°ÊM dt=0.528s  dist=5.00m  speed=34.1 km/h 

[16:35:32[401]] - [MATCH] dir=S°ÊM dt=0.528s  dist=5.00m  speed=34.1 km/h 

[16:35:32[409]] - [MASTER] Packet received at 16:35:32.409 

[16:35:32[409]] - [MASTER] Packet received at 16:35:32.409 

[16:35:57[374]] - [MASTER] Packet received at 16:35:57.374 

[16:35:57[374]] - [MASTER] Packet received at 16:35:57.374 

[16:35:57[550]] - [MASTER] Packet received at 16:35:57.550 

[16:35:57[550]] - [MASTER] Packet received at 16:35:57.550 

[16:35:57[727]] - [MASTER] Packet received at 16:35:57.727 

[16:35:57[727]] - [MASTER] Packet received at 16:35:57.727 

[16:35:58[203]] - [MATCH] dir=M°ÊS dt=0.832s  dist=5.00m  speed=21.6 km/h 

[16:35:58[203]] - [MATCH] dir=M°ÊS dt=0.832s  dist=5.00m  speed=21.6 km/h 

[16:35:58[209]] - [SLAVE] Packet received at 16:35:58.209 

[16:35:58[209]] - [SLAVE] Packet received at 16:35:58.209 

[16:35:58[379]] - [MATCH] dir=M°ÊS dt=0.832s  dist=5.00m  speed=21.6 km/h 

[16:35:58[379]] - [MATCH] dir=M°ÊS dt=0.832s  dist=5.00m  speed=21.6 km/h 

[16:35:58[385]] - [SLAVE] Packet received at 16:35:58.385 

[16:35:58[385]] - [SLAVE] Packet received at 16:35:58.385 

[16:36:31[496]] - [SLAVE] Packet received at 16:36:31.495 

[16:36:31[495]] - [SLAVE] Packet received at 16:36:31.495 

[16:36:31[668]] - [SLAVE] Packet received at 16:36:31.667 

[16:36:31[667]] - [SLAVE] Packet received at 16:36:31.667 

[16:36:31[983]] - [MATCH] dir=S°ÊM dt=0.492s  dist=5.00m  speed=36.6 km/h 

[16:36:31[983]] - [MATCH] dir=S°ÊM dt=0.492s  dist=5.00m  speed=36.6 km/h 

[16:36:31[990]] - [MASTER] Packet received at 16:36:31.990 

[16:36:31[990]] - [MASTER] Packet received at 16:36:31.990 

[16:36:32[158]] - [MATCH] dir=S°ÊM dt=0.496s  dist=5.00m  speed=36.3 km/h 

[16:36:32[158]] - [MATCH] dir=S°ÊM dt=0.496s  dist=5.00m  speed=36.3 km/h 

[16:36:32[176]] - [MASTER] Packet received at 16:36:32.176 

[16:36:32[176]] - [MASTER] Packet received at 16:36:32.176 

[16:37:26[099]] - [SLAVE] Packet received at 16:37:26.099 

[16:37:26[099]] - [SLAVE] Packet received at 16:37:26.099 

[16:37:26[276]] - [SLAVE] Packet received at 16:37:26.276 

[16:37:26[276]] - [SLAVE] Packet received at 16:37:26.276 

[16:37:26[596]] - [SLAVE] Packet received at 16:37:26.596 

[16:37:26[596]] - [SLAVE] Packet received at 16:37:26.596 

[16:37:26[775]] - [SLAVE] Packet received at 16:37:26.775 

[16:37:26[775]] - [SLAVE] Packet received at 16:37:26.775 

[16:37:26[964]] - [SLAVE] Packet received at 16:37:26.964 

[16:37:26[964]] - [SLAVE] Packet received at 16:37:26.964 

[16:37:27[140]] - [SLAVE] Packet received at 16:37:27.140 

[16:37:27[140]] - [SLAVE] Packet received at 16:37:27.140 

[16:37:40[217]] - [SLAVE] Packet received at 16:37:40.217 

[16:37:40[217]] - [SLAVE] Packet received at 16:37:40.217 

[16:37:40[391]] - [SLAVE] Packet received at 16:37:40.391 

[16:37:40[391]] - [SLAVE] Packet received at 16:37:40.391 

[16:37:40[585]] - [SLAVE] Packet received at 16:37:40.585 

[16:37:40[585]] - [SLAVE] Packet received at 16:37:40.585 

[16:37:40[759]] - [SLAVE] Packet received at 16:37:40.759 

[16:37:40[759]] - [SLAVE] Packet received at 16:37:40.759 

[16:37:40[935]] - [SLAVE] Packet received at 16:37:40.935 

[16:37:40[935]] - [SLAVE] Packet received at 16:37:40.935 

[16:37:41[112]] - [SLAVE] Packet received at 16:37:41.111 

[16:37:41[111]] - [SLAVE] Packet received at 16:37:41.111 

[16:37:41[236]] - [MATCH] dir=S°ÊM dt=1.024s  dist=5.00m  speed=17.6 km/h 

[16:37:41[236]] - [MATCH] dir=S°ÊM dt=1.024s  dist=5.00m  speed=17.6 km/h 

[16:37:41[246]] - [MASTER] Packet received at 16:37:41.246 

[16:37:41[246]] - [MASTER] Packet received at 16:37:41.246 

[16:37:41[588]] - [MATCH] dir=S°ÊM dt=1.200s  dist=5.00m  speed=15.0 km/h 

[16:37:41[588]] - [MATCH] dir=S°ÊM dt=1.200s  dist=5.00m  speed=15.0 km/h 

[16:37:41[601]] - [MASTER] Packet received at 16:37:41.601 

[16:37:41[601]] - [MASTER] Packet received at 16:37:41.601 

[16:37:41[763]] - [MATCH] dir=S°ÊM dt=1.183s  dist=5.00m  speed=15.2 km/h 

[16:37:41[763]] - [MATCH] dir=S°ÊM dt=1.183s  dist=5.00m  speed=15.2 km/h 

[16:37:41[775]] - [MASTER] Packet received at 16:37:41.775 

[16:37:41[775]] - [MASTER] Packet received at 16:37:41.775 

[16:37:41[939]] - [MATCH] dir=S°ÊM dt=1.184s  dist=5.00m  speed=15.2 km/h 

[16:37:41[939]] - [MATCH] dir=S°ÊM dt=1.184s  dist=5.00m  speed=15.2 km/h 

[16:37:41[950]] - [MASTER] Packet received at 16:37:41.950 

[16:37:41[950]] - [MASTER] Packet received at 16:37:41.950 

[16:37:42[116]] - [MATCH] dir=S°ÊM dt=1.184s  dist=5.00m  speed=15.2 km/h 

[16:37:42[116]] - [MATCH] dir=S°ÊM dt=1.184s  dist=5.00m  speed=15.2 km/h 

[16:37:42[125]] - [MASTER] Packet received at 16:37:42.125 

[16:37:42[125]] - [MASTER] Packet received at 16:37:42.125 

[16:37:42[291]] - [MATCH] dir=S°ÊM dt=1.184s  dist=5.00m  speed=15.2 km/h 

[16:37:42[291]] - [MATCH] dir=S°ÊM dt=1.184s  dist=5.00m  speed=15.2 km/h 

[16:37:42[299]] - [MASTER] Packet received at 16:37:42.299 

[16:37:42[299]] - [MASTER] Packet received at 16:37:42.299 

[16:37:42[520]] - [MASTER] Packet received at 16:37:42.520 

[16:37:42[520]] - [MASTER] Packet received at 16:37:42.520 

[16:38:04[804]] - [MASTER] Packet received at 16:38:04.804 

[16:38:04[804]] - [MASTER] Packet received at 16:38:04.804 

[16:38:04[978]] - [MASTER] Packet received at 16:38:04.977 

[16:38:04[977]] - [MASTER] Packet received at 16:38:04.977 

[16:38:05[310]] - [MATCH] dir=M°ÊS dt=0.510s  dist=5.00m  speed=35.3 km/h 

[16:38:05[310]] - [MATCH] dir=M°ÊS dt=0.510s  dist=5.00m  speed=35.3 km/h 

[16:38:05[322]] - [SLAVE] Packet received at 16:38:05.322 

[16:38:05[322]] - [SLAVE] Packet received at 16:38:05.322 

[16:38:05[486]] - [MATCH] dir=M°ÊS dt=0.511s  dist=5.00m  speed=35.2 km/h 

[16:38:05[486]] - [MATCH] dir=M°ÊS dt=0.511s  dist=5.00m  speed=35.2 km/h 

[16:38:05[496]] - [SLAVE] Packet received at 16:38:05.496 

[16:38:05[496]] - [SLAVE] Packet received at 16:38:05.496 

[16:38:27[453]] - [SLAVE] Packet received at 16:38:27.452 

[16:38:27[452]] - [SLAVE] Packet received at 16:38:27.452 

[16:38:27[628]] - [SLAVE] Packet received at 16:38:27.627 

[16:38:27[627]] - [SLAVE] Packet received at 16:38:27.627 

[16:38:27[804]] - [SLAVE] Packet received at 16:38:27.804 

[16:38:27[804]] - [SLAVE] Packet received at 16:38:27.804 

[16:38:27[976]] - [MATCH] dir=S°ÊM dt=0.528s  dist=5.00m  speed=34.1 km/h 

[16:38:27[976]] - [MATCH] dir=S°ÊM dt=0.528s  dist=5.00m  speed=34.1 km/h 

[16:38:27[986]] - [MASTER] Packet received at 16:38:27.986 

[16:38:27[986]] - [MASTER] Packet received at 16:38:27.986 

[16:38:28[152]] - [MATCH] dir=S°ÊM dt=0.528s  dist=5.00m  speed=34.1 km/h 

[16:38:28[152]] - [MATCH] dir=S°ÊM dt=0.528s  dist=5.00m  speed=34.1 km/h 

[16:38:28[164]] - [MASTER] Packet received at 16:38:28.164 

[16:38:28[164]] - [MASTER] Packet received at 16:38:28.164 

[16:38:46[854]] - [MASTER] Packet received at 16:38:46.854 

[16:38:46[854]] - [MASTER] Packet received at 16:38:46.854 

[16:38:47[030]] - [MASTER] Packet received at 16:38:47.030 

[16:38:47[030]] - [MASTER] Packet received at 16:38:47.030 

[16:38:47[208]] - [MASTER] Packet received at 16:38:47.208 

[16:38:47[208]] - [MASTER] Packet received at 16:38:47.208 

[16:38:47[382]] - [MASTER] Packet received at 16:38:47.382 

[16:38:47[382]] - [MASTER] Packet received at 16:38:47.382 

[16:38:47[619]] - [MATCH] dir=M°ÊS dt=0.768s  dist=5.00m  speed=23.4 km/h 

[16:38:47[619]] - [MATCH] dir=M°ÊS dt=0.768s  dist=5.00m  speed=23.4 km/h 

[16:38:47[630]] - [SLAVE] Packet received at 16:38:47.630 

[16:38:47[630]] - [SLAVE] Packet received at 16:38:47.630 

[16:38:47[795]] - [MATCH] dir=M°ÊS dt=0.768s  dist=5.00m  speed=23.4 km/h 

[16:38:47[795]] - [MATCH] dir=M°ÊS dt=0.768s  dist=5.00m  speed=23.4 km/h 

[16:38:47[807]] - [SLAVE] Packet received at 16:38:47.807 

[16:38:47[807]] - [SLAVE] Packet received at 16:38:47.807 

[16:38:47[987]] - [MATCH] dir=M°ÊS dt=0.784s  dist=5.00m  speed=22.9 km/h 

[16:38:47[987]] - [MATCH] dir=M°ÊS dt=0.784s  dist=5.00m  speed=22.9 km/h 

[16:38:47[999]] - [SLAVE] Packet received at 16:38:47.999 

[16:38:47[999]] - [SLAVE] Packet received at 16:38:47.999 

[16:38:48[152]] - [MATCH] dir=M°ÊS dt=0.773s  dist=5.00m  speed=23.3 km/h 

[16:38:48[152]] - [MATCH] dir=M°ÊS dt=0.773s  dist=5.00m  speed=23.3 km/h 

[16:38:48[163]] - [SLAVE] Packet received at 16:38:48.163 

[16:38:48[163]] - [SLAVE] Packet received at 16:38:48.163 

[16:39:17[734]] - [SLAVE] Packet received at 16:39:17.734 

[16:39:17[734]] - [SLAVE] Packet received at 16:39:17.734 

[16:39:17[908]] - [SLAVE] Packet received at 16:39:17.908 

[16:39:17[908]] - [SLAVE] Packet received at 16:39:17.908 

[16:39:18[085]] - [SLAVE] Packet received at 16:39:18.085 

[16:39:18[085]] - [SLAVE] Packet received at 16:39:18.085 

[16:39:18[263]] - [SLAVE] Packet received at 16:39:18.263 

[16:39:18[263]] - [SLAVE] Packet received at 16:39:18.263 

[16:39:18[451]] - [SLAVE] Packet received at 16:39:18.451 

[16:39:18[451]] - [SLAVE] Packet received at 16:39:18.451 

[16:39:18[672]] - [MATCH] dir=S°ÊM dt=0.941s  dist=5.00m  speed=19.1 km/h 

[16:39:18[672]] - [MATCH] dir=S°ÊM dt=0.941s  dist=5.00m  speed=19.1 km/h 

[16:39:18[684]] - [MASTER] Packet received at 16:39:18.684 

[16:39:18[684]] - [MASTER] Packet received at 16:39:18.684 

[16:39:18[848]] - [MATCH] dir=S°ÊM dt=0.944s  dist=5.00m  speed=19.1 km/h 

[16:39:18[848]] - [MATCH] dir=S°ÊM dt=0.944s  dist=5.00m  speed=19.1 km/h 

[16:39:18[858]] - [MASTER] Packet received at 16:39:18.858 

[16:39:18[858]] - [MASTER] Packet received at 16:39:18.858 

[16:39:19[024]] - [MATCH] dir=S°ÊM dt=0.944s  dist=5.00m  speed=19.1 km/h 

[16:39:19[024]] - [MATCH] dir=S°ÊM dt=0.944s  dist=5.00m  speed=19.1 km/h 

[16:39:19[034]] - [MASTER] Packet received at 16:39:19.034 

[16:39:19[034]] - [MASTER] Packet received at 16:39:19.034 

[16:39:19[200]] - [MATCH] dir=S°ÊM dt=0.944s  dist=5.00m  speed=19.1 km/h 

[16:39:19[200]] - [MATCH] dir=S°ÊM dt=0.944s  dist=5.00m  speed=19.1 km/h 

[16:39:19[250]] - [MASTER] Packet received at 16:39:19.250 

[16:39:19[250]] - [MASTER] Packet received at 16:39:19.250 

[16:39:19[376]] - [MATCH] dir=S°ÊM dt=0.928s  dist=5.00m  speed=19.4 km/h 

[16:39:19[376]] - [MATCH] dir=S°ÊM dt=0.928s  dist=5.00m  speed=19.4 km/h 

[16:39:19[387]] - [MASTER] Packet received at 16:39:19.387 

[16:39:19[387]] - [MASTER] Packet received at 16:39:19.387 

[16:39:48[127]] - [MASTER] Packet received at 16:39:48.127 

[16:39:48[127]] - [MASTER] Packet received at 16:39:48.127 

[16:39:48[302]] - [MASTER] Packet received at 16:39:48.302 

[16:39:48[302]] - [MASTER] Packet received at 16:39:48.302 

[16:39:48[475]] - [MASTER] Packet received at 16:39:48.475 

[16:39:48[475]] - [MASTER] Packet received at 16:39:48.475 

[16:39:48[808]] - [MATCH] dir=M°ÊS dt=0.687s  dist=5.00m  speed=26.2 km/h 

[16:39:48[808]] - [MATCH] dir=M°ÊS dt=0.687s  dist=5.00m  speed=26.2 km/h 

[16:39:48[819]] - [SLAVE] Packet received at 16:39:48.819 

[16:39:48[819]] - [SLAVE] Packet received at 16:39:48.819 

[16:39:49[272]] - [MATCH] dir=M°ÊS dt=0.974s  dist=5.00m  speed=18.5 km/h 

[16:39:49[272]] - [MATCH] dir=M°ÊS dt=0.974s  dist=5.00m  speed=18.5 km/h 

[16:39:49[284]] - [SLAVE] Packet received at 16:39:49.284 

[16:39:49[284]] - [SLAVE] Packet received at 16:39:49.284 

[16:44:54[024]] - [ERROR] Megnetic Sensor Disconnected...!
 

[16:44:58[623]] - [INFO ] Megnetic Sensor Connected OK! 

[16:48:24[769]] - [MASTER] Packet received at 16:48:24.769 

[16:48:24[769]] - [MASTER] Packet received at 16:48:24.769 

[16:48:24[948]] - [MASTER] Packet received at 16:48:24.948 

[16:48:24[948]] - [MASTER] Packet received at 16:48:24.948 

[16:48:25[121]] - [MASTER] Packet received at 16:48:25.121 

[16:48:25[121]] - [MASTER] Packet received at 16:48:25.121 

[16:48:26[513]] - [MASTER] Packet received at 16:48:26.513 

[16:48:26[513]] - [MASTER] Packet received at 16:48:26.513 

[16:48:26[688]] - [MASTER] Packet received at 16:48:26.688 

[16:48:26[688]] - [MASTER] Packet received at 16:48:26.688 

[16:48:33[535]] - [SLAVE] Packet received at 16:48:33.535 

[16:48:33[535]] - [SLAVE] Packet received at 16:48:33.535 

[16:48:33[935]] - [SLAVE] Packet received at 16:48:33.935 

[16:48:33[935]] - [SLAVE] Packet received at 16:48:33.935 

[16:48:35[198]] - [SLAVE] Packet received at 16:48:35.198 

[16:48:35[198]] - [SLAVE] Packet received at 16:48:35.198 

[16:53:24[617]] - [MASTER] Packet received at 16:53:24.617 

[16:53:24[617]] - [MASTER] Packet received at 16:53:24.617 

[16:53:24[790]] - [MASTER] Packet received at 16:53:24.790 

[16:53:24[790]] - [MASTER] Packet received at 16:53:24.790 

[16:53:24[967]] - [MASTER] Packet received at 16:53:24.967 

[16:53:24[967]] - [MASTER] Packet received at 16:53:24.967 

[16:53:25[141]] - [MASTER] Packet received at 16:53:25.141 

[16:53:25[141]] - [MASTER] Packet received at 16:53:25.141 

[16:53:25[317]] - [MASTER] Packet received at 16:53:25.317 

[16:53:25[317]] - [MASTER] Packet received at 16:53:25.317 

[16:53:25[954]] - [MATCH] dir=M°ÊS dt=1.340s  dist=5.00m  speed=13.4 km/h 

[16:53:25[954]] - [MATCH] dir=M°ÊS dt=1.340s  dist=5.00m  speed=13.4 km/h 

[16:53:25[963]] - [SLAVE] Packet received at 16:53:25.962 

[16:53:25[962]] - [SLAVE] Packet received at 16:53:25.962 

[16:53:26[130]] - [MATCH] dir=M°ÊS dt=1.343s  dist=5.00m  speed=13.4 km/h 

[16:53:26[130]] - [MATCH] dir=M°ÊS dt=1.343s  dist=5.00m  speed=13.4 km/h 

[16:53:26[136]] - [SLAVE] Packet received at 16:53:26.136 

[16:53:26[136]] - [SLAVE] Packet received at 16:53:26.136 

[16:53:26[306]] - [MATCH] dir=M°ÊS dt=1.343s  dist=5.00m  speed=13.4 km/h 

[16:53:26[305]] - [MATCH] dir=M°ÊS dt=1.343s  dist=5.00m  speed=13.4 km/h 

[16:53:26[312]] - [SLAVE] Packet received at 16:53:26.312 

[16:53:26[312]] - [SLAVE] Packet received at 16:53:26.312 

[16:53:26[482]] - [MATCH] dir=M°ÊS dt=1.344s  dist=5.00m  speed=13.4 km/h 

[16:53:26[482]] - [MATCH] dir=M°ÊS dt=1.344s  dist=5.00m  speed=13.4 km/h 

[16:53:26[517]] - [SLAVE] Packet received at 16:53:26.517 

[16:53:26[517]] - [SLAVE] Packet received at 16:53:26.517 

[16:53:26[658]] - [MATCH] dir=M°ÊS dt=1.344s  dist=5.00m  speed=13.4 km/h 

[16:53:26[658]] - [MATCH] dir=M°ÊS dt=1.344s  dist=5.00m  speed=13.4 km/h 

[16:53:26[668]] - [SLAVE] Packet received at 16:53:26.668 

[16:53:26[668]] - [SLAVE] Packet received at 16:53:26.668 

[16:53:59[875]] - [INFO ] Megnetic Sensor Connected OK! 

[16:54:16[464]] - [SLAVE] Packet received at 16:54:16.464 

[16:54:16[464]] - [SLAVE] Packet received at 16:54:16.464 

[16:54:16[637]] - [SLAVE] Packet received at 16:54:16.637 

[16:54:16[637]] - [SLAVE] Packet received at 16:54:16.637 

[16:54:16[811]] - [SLAVE] Packet received at 16:54:16.811 

[16:54:16[811]] - [SLAVE] Packet received at 16:54:16.811 

[16:54:16[986]] - [SLAVE] Packet received at 16:54:16.986 

[16:54:16[986]] - [SLAVE] Packet received at 16:54:16.986 

[16:54:17[640]] - [MATCH] dir=S°ÊM dt=1.183s  dist=10.00m  speed=30.4 km/h 

[16:54:17[640]] - [MATCH] dir=S°ÊM dt=1.183s  dist=10.00m  speed=30.4 km/h 

[16:54:17[648]] - [MASTER] Packet received at 16:54:17.648 

[16:54:17[648]] - [MASTER] Packet received at 16:54:17.648 

[16:54:17[815]] - [MATCH] dir=S°ÊM dt=1.183s  dist=10.00m  speed=30.4 km/h 

[16:54:17[815]] - [MATCH] dir=S°ÊM dt=1.183s  dist=10.00m  speed=30.4 km/h 

[16:54:17[821]] - [MASTER] Packet received at 16:54:17.821 

[16:54:17[821]] - [MASTER] Packet received at 16:54:17.821 

[16:54:17[992]] - [MATCH] dir=S°ÊM dt=1.184s  dist=10.00m  speed=30.4 km/h 

[16:54:17[992]] - [MATCH] dir=S°ÊM dt=1.184s  dist=10.00m  speed=30.4 km/h 

[16:54:17[999]] - [MASTER] Packet received at 16:54:17.999 

[16:54:17[999]] - [MASTER] Packet received at 16:54:17.999 

[16:54:18[167]] - [MATCH] dir=S°ÊM dt=1.183s  dist=10.00m  speed=30.4 km/h 

[16:54:18[167]] - [MATCH] dir=S°ÊM dt=1.183s  dist=10.00m  speed=30.4 km/h 

[16:54:18[174]] - [MASTER] Packet received at 16:54:18.174 

[16:54:18[174]] - [MASTER] Packet received at 16:54:18.174 

[16:54:18[348]] - [MASTER] Packet received at 16:54:18.348 

[16:54:18[348]] - [MASTER] Packet received at 16:54:18.348 

[16:54:40[709]] - [MASTER] Packet received at 16:54:40.709 

[16:54:40[709]] - [MASTER] Packet received at 16:54:40.709 

[16:54:40[886]] - [MASTER] Packet received at 16:54:40.886 

[16:54:40[886]] - [MASTER] Packet received at 16:54:40.886 

[16:54:41[061]] - [MASTER] Packet received at 16:54:41.061 

[16:54:41[061]] - [MASTER] Packet received at 16:54:41.061 

[16:54:41[237]] - [MASTER] Packet received at 16:54:41.237 

[16:54:41[237]] - [MASTER] Packet received at 16:54:41.237 

[16:54:41[413]] - [MASTER] Packet received at 16:54:41.413 

[16:54:41[413]] - [MASTER] Packet received at 16:54:41.413 

[16:54:41[637]] - [MASTER] Packet received at 16:54:41.637 

[16:54:41[637]] - [MASTER] Packet received at 16:54:41.637 

[16:54:42[002]] - [MATCH] dir=M°ÊS dt=1.297s  dist=10.00m  speed=27.8 km/h 

[16:54:42[002]] - [MATCH] dir=M°ÊS dt=1.297s  dist=10.00m  speed=27.8 km/h 

[16:54:42[007]] - [SLAVE] Packet received at 16:54:42.007 

[16:54:42[007]] - [SLAVE] Packet received at 16:54:42.007 

[16:54:42[178]] - [MATCH] dir=M°ÊS dt=1.296s  dist=10.00m  speed=27.8 km/h 

[16:54:42[178]] - [MATCH] dir=M°ÊS dt=1.296s  dist=10.00m  speed=27.8 km/h 

[16:54:42[183]] - [SLAVE] Packet received at 16:54:42.183 

[16:54:42[183]] - [SLAVE] Packet received at 16:54:42.183 

[16:54:42[353]] - [MATCH] dir=M°ÊS dt=1.295s  dist=10.00m  speed=27.8 km/h 

[16:54:42[353]] - [MATCH] dir=M°ÊS dt=1.295s  dist=10.00m  speed=27.8 km/h 

[16:54:42[360]] - [SLAVE] Packet received at 16:54:42.360 

[16:54:42[360]] - [SLAVE] Packet received at 16:54:42.360 

[16:54:42[530]] - [MATCH] dir=M°ÊS dt=1.295s  dist=10.00m  speed=27.8 km/h 

[16:54:42[530]] - [MATCH] dir=M°ÊS dt=1.295s  dist=10.00m  speed=27.8 km/h 

[16:54:42[536]] - [SLAVE] Packet received at 16:54:42.535 

[16:54:42[535]] - [SLAVE] Packet received at 16:54:42.535 

[16:55:03[528]] - [SLAVE] Packet received at 16:55:03.528 

[16:55:03[528]] - [SLAVE] Packet received at 16:55:03.528 

[16:55:03[696]] - [SLAVE] Packet received at 16:55:03.696 

[16:55:03[696]] - [SLAVE] Packet received at 16:55:03.696 

[16:55:03[888]] - [SLAVE] Packet received at 16:55:03.888 

[16:55:03[888]] - [SLAVE] Packet received at 16:55:03.888 

[16:55:04[063]] - [SLAVE] Packet received at 16:55:04.063 

[16:55:04[063]] - [SLAVE] Packet received at 16:55:04.063 

[16:55:04[716]] - [MATCH] dir=S°ÊM dt=1.191s  dist=10.00m  speed=30.2 km/h 

[16:55:04[716]] - [MATCH] dir=S°ÊM dt=1.191s  dist=10.00m  speed=30.2 km/h 

[16:55:04[729]] - [MASTER] Packet received at 16:55:04.729 

[16:55:04[729]] - [MASTER] Packet received at 16:55:04.729 

[16:55:04[893]] - [MATCH] dir=S°ÊM dt=1.200s  dist=10.00m  speed=30.0 km/h 

[16:55:04[892]] - [MATCH] dir=S°ÊM dt=1.200s  dist=10.00m  speed=30.0 km/h 

[16:55:04[900]] - [MASTER] Packet received at 16:55:04.900 

[16:55:04[900]] - [MASTER] Packet received at 16:55:04.900 

[16:55:05[069]] - [MATCH] dir=S°ÊM dt=1.184s  dist=10.00m  speed=30.4 km/h 

[16:55:05[068]] - [MATCH] dir=S°ÊM dt=1.184s  dist=10.00m  speed=30.4 km/h 

[16:55:05[076]] - [MASTER] Packet received at 16:55:05.076 

[16:55:05[076]] - [MASTER] Packet received at 16:55:05.076 

[16:55:05[244]] - [MATCH] dir=S°ÊM dt=1.184s  dist=10.00m  speed=30.4 km/h 

[16:55:05[244]] - [MATCH] dir=S°ÊM dt=1.184s  dist=10.00m  speed=30.4 km/h 

[16:55:05[250]] - [MASTER] Packet received at 16:55:05.250 

[16:55:05[250]] - [MASTER] Packet received at 16:55:05.250 

[16:55:30[667]] - [MASTER] Packet received at 16:55:30.667 

[16:55:30[667]] - [MASTER] Packet received at 16:55:30.667 

[16:55:30[840]] - [MASTER] Packet received at 16:55:30.840 

[16:55:30[840]] - [MASTER] Packet received at 16:55:30.840 

[16:55:31[016]] - [MASTER] Packet received at 16:55:31.016 

[16:55:31[016]] - [MASTER] Packet received at 16:55:31.016 

[16:55:31[195]] - [MASTER] Packet received at 16:55:31.195 

[16:55:31[195]] - [MASTER] Packet received at 16:55:31.195 

[16:55:31[368]] - [MASTER] Packet received at 16:55:31.368 

[16:55:31[368]] - [MASTER] Packet received at 16:55:31.368 

[16:55:31[926]] - [MATCH] dir=M°ÊS dt=1.262s  dist=10.00m  speed=28.5 km/h 

[16:55:31[926]] - [MATCH] dir=M°ÊS dt=1.262s  dist=10.00m  speed=28.5 km/h 

[16:55:31[933]] - [SLAVE] Packet received at 16:55:31.933 

[16:55:31[933]] - [SLAVE] Packet received at 16:55:31.933 

[16:55:32[101]] - [MATCH] dir=M°ÊS dt=1.264s  dist=10.00m  speed=28.5 km/h 

[16:55:32[101]] - [MATCH] dir=M°ÊS dt=1.264s  dist=10.00m  speed=28.5 km/h 

[16:55:32[107]] - [SLAVE] Packet received at 16:55:32.107 

[16:55:32[107]] - [SLAVE] Packet received at 16:55:32.107 

[16:55:32[277]] - [MATCH] dir=M°ÊS dt=1.264s  dist=10.00m  speed=28.5 km/h 

[16:55:32[277]] - [MATCH] dir=M°ÊS dt=1.264s  dist=10.00m  speed=28.5 km/h 

[16:55:32[284]] - [SLAVE] Packet received at 16:55:32.284 

[16:55:32[284]] - [SLAVE] Packet received at 16:55:32.284 

[16:55:32[453]] - [MATCH] dir=M°ÊS dt=1.264s  dist=10.00m  speed=28.5 km/h 

[16:55:32[453]] - [MATCH] dir=M°ÊS dt=1.264s  dist=10.00m  speed=28.5 km/h 

[16:55:32[461]] - [SLAVE] Packet received at 16:55:32.461 

[16:55:32[461]] - [SLAVE] Packet received at 16:55:32.461 

[16:55:51[171]] - [SLAVE] Packet received at 16:55:51.171 

[16:55:51[171]] - [SLAVE] Packet received at 16:55:51.171 

[16:55:51[347]] - [SLAVE] Packet received at 16:55:51.347 

[16:55:51[347]] - [SLAVE] Packet received at 16:55:51.347 

[16:55:51[523]] - [SLAVE] Packet received at 16:55:51.523 

[16:55:51[523]] - [SLAVE] Packet received at 16:55:51.523 

[16:55:51[701]] - [SLAVE] Packet received at 16:55:51.700 

[16:55:51[700]] - [SLAVE] Packet received at 16:55:51.700 

[16:55:52[272]] - [MATCH] dir=S°ÊM dt=1.104s  dist=10.00m  speed=32.6 km/h 

[16:55:52[272]] - [MATCH] dir=S°ÊM dt=1.104s  dist=10.00m  speed=32.6 km/h 

[16:55:52[280]] - [MASTER] Packet received at 16:55:52.280 

[16:55:52[280]] - [MASTER] Packet received at 16:55:52.280 

[16:55:52[448]] - [MATCH] dir=S°ÊM dt=1.104s  dist=10.00m  speed=32.6 km/h 

[16:55:52[448]] - [MATCH] dir=S°ÊM dt=1.104s  dist=10.00m  speed=32.6 km/h 

[16:55:52[456]] - [MASTER] Packet received at 16:55:52.456 

[16:55:52[456]] - [MASTER] Packet received at 16:55:52.456 

[16:55:52[624]] - [MATCH] dir=S°ÊM dt=1.104s  dist=10.00m  speed=32.6 km/h 

[16:55:52[624]] - [MATCH] dir=S°ÊM dt=1.104s  dist=10.00m  speed=32.6 km/h 

[16:55:52[631]] - [MASTER] Packet received at 16:55:52.631 

[16:55:52[631]] - [MASTER] Packet received at 16:55:52.631 

[16:55:52[800]] - [MATCH] dir=S°ÊM dt=1.103s  dist=10.00m  speed=32.6 km/h 

[16:55:52[799]] - [MATCH] dir=S°ÊM dt=1.103s  dist=10.00m  speed=32.6 km/h 

[16:55:52[806]] - [MASTER] Packet received at 16:55:52.806 

[16:55:52[806]] - [MASTER] Packet received at 16:55:52.806 

[16:56:17[502]] - [MASTER] Packet received at 16:56:17.501 

[16:56:17[501]] - [MASTER] Packet received at 16:56:17.501 

[16:56:17[676]] - [MASTER] Packet received at 16:56:17.676 

[16:56:17[676]] - [MASTER] Packet received at 16:56:17.676 

[16:56:17[852]] - [MASTER] Packet received at 16:56:17.852 

[16:56:17[852]] - [MASTER] Packet received at 16:56:17.852 

[16:56:18[028]] - [MASTER] Packet received at 16:56:18.028 

[16:56:18[028]] - [MASTER] Packet received at 16:56:18.028 

[16:56:18[206]] - [MASTER] Packet received at 16:56:18.206 

[16:56:18[206]] - [MASTER] Packet received at 16:56:18.206 

[16:56:18[779]] - [MATCH] dir=M°ÊS dt=1.280s  dist=10.00m  speed=28.1 km/h 

[16:56:18[778]] - [MATCH] dir=M°ÊS dt=1.280s  dist=10.00m  speed=28.1 km/h 

[16:56:18[786]] - [SLAVE] Packet received at 16:56:18.786 

[16:56:18[786]] - [SLAVE] Packet received at 16:56:18.786 

[16:56:18[954]] - [MATCH] dir=M°ÊS dt=1.280s  dist=10.00m  speed=28.1 km/h 

[16:56:18[954]] - [MATCH] dir=M°ÊS dt=1.280s  dist=10.00m  speed=28.1 km/h 

[16:56:18[960]] - [SLAVE] Packet received at 16:56:18.960 

[16:56:18[960]] - [SLAVE] Packet received at 16:56:18.960 

[16:56:19[129]] - [MATCH] dir=M°ÊS dt=1.279s  dist=10.00m  speed=28.1 km/h 

[16:56:19[129]] - [MATCH] dir=M°ÊS dt=1.279s  dist=10.00m  speed=28.1 km/h 

[16:56:19[135]] - [SLAVE] Packet received at 16:56:19.135 

[16:56:19[135]] - [SLAVE] Packet received at 16:56:19.135 

[16:56:19[305]] - [MATCH] dir=M°ÊS dt=1.279s  dist=10.00m  speed=28.1 km/h 

[16:56:19[305]] - [MATCH] dir=M°ÊS dt=1.279s  dist=10.00m  speed=28.1 km/h 

[16:56:19[314]] - [SLAVE] Packet received at 16:56:19.314 

[16:56:19[314]] - [SLAVE] Packet received at 16:56:19.314 

[16:56:41[951]] - [SLAVE] Packet received at 16:56:41.951 

[16:56:41[951]] - [SLAVE] Packet received at 16:56:41.951 

[16:56:42[119]] - [SLAVE] Packet received at 16:56:42.119 

[16:56:42[119]] - [SLAVE] Packet received at 16:56:42.119 

[16:56:42[311]] - [SLAVE] Packet received at 16:56:42.311 

[16:56:42[311]] - [SLAVE] Packet received at 16:56:42.311 

[16:56:42[487]] - [SLAVE] Packet received at 16:56:42.487 

[16:56:42[487]] - [SLAVE] Packet received at 16:56:42.487 

[16:56:43[107]] - [MATCH] dir=S°ÊM dt=1.158s  dist=10.00m  speed=31.1 km/h 

[16:56:43[107]] - [MATCH] dir=S°ÊM dt=1.158s  dist=10.00m  speed=31.1 km/h 

[16:56:43[115]] - [MASTER] Packet received at 16:56:43.115 

[16:56:43[115]] - [MASTER] Packet received at 16:56:43.115 

[16:56:43[285]] - [MATCH] dir=S°ÊM dt=1.168s  dist=10.00m  speed=30.8 km/h 

[16:56:43[283]] - [MATCH] dir=S°ÊM dt=1.168s  dist=10.00m  speed=30.8 km/h 

[16:56:43[293]] - [MASTER] Packet received at 16:56:43.293 

[16:56:43[293]] - [MASTER] Packet received at 16:56:43.293 

[16:56:43[477]] - [MATCH] dir=S°ÊM dt=1.168s  dist=10.00m  speed=30.8 km/h 

[16:56:43[476]] - [MATCH] dir=S°ÊM dt=1.168s  dist=10.00m  speed=30.8 km/h 

[16:56:43[485]] - [MASTER] Packet received at 16:56:43.485 

[16:56:43[485]] - [MASTER] Packet received at 16:56:43.485 

[16:56:43[651]] - [MATCH] dir=S°ÊM dt=1.167s  dist=10.00m  speed=30.8 km/h 

[16:56:43[651]] - [MATCH] dir=S°ÊM dt=1.167s  dist=10.00m  speed=30.8 km/h 

[16:56:43[675]] - [MASTER] Packet received at 16:56:43.675 

[16:56:43[675]] - [MASTER] Packet received at 16:56:43.675 

[16:57:04[560]] - [MASTER] Packet received at 16:57:04.560 

[16:57:04[560]] - [MASTER] Packet received at 16:57:04.560 

[16:57:04[737]] - [MASTER] Packet received at 16:57:04.737 

[16:57:04[737]] - [MASTER] Packet received at 16:57:04.737 

[16:57:04[912]] - [MASTER] Packet received at 16:57:04.912 

[16:57:04[912]] - [MASTER] Packet received at 16:57:04.912 

[16:57:05[089]] - [MASTER] Packet received at 16:57:05.089 

[16:57:05[089]] - [MASTER] Packet received at 16:57:05.089 

[16:57:05[266]] - [MASTER] Packet received at 16:57:05.266 

[16:57:05[266]] - [MASTER] Packet received at 16:57:05.266 

[16:57:05[489]] - [MASTER] Packet received at 16:57:05.489 

[16:57:05[489]] - [MASTER] Packet received at 16:57:05.489 

[16:57:05[869]] - [MATCH] dir=M°ÊS dt=1.312s  dist=10.00m  speed=27.4 km/h 

[16:57:05[869]] - [MATCH] dir=M°ÊS dt=1.312s  dist=10.00m  speed=27.4 km/h 

[16:57:05[879]] - [SLAVE] Packet received at 16:57:05.879 

[16:57:05[879]] - [SLAVE] Packet received at 16:57:05.879 

[16:57:06[046]] - [MATCH] dir=M°ÊS dt=1.312s  dist=10.00m  speed=27.4 km/h 

[16:57:06[046]] - [MATCH] dir=M°ÊS dt=1.312s  dist=10.00m  speed=27.4 km/h 

[16:57:06[051]] - [SLAVE] Packet received at 16:57:06.051 

[16:57:06[051]] - [SLAVE] Packet received at 16:57:06.051 

[16:57:06[222]] - [MATCH] dir=M°ÊS dt=1.312s  dist=10.00m  speed=27.4 km/h 

[16:57:06[222]] - [MATCH] dir=M°ÊS dt=1.312s  dist=10.00m  speed=27.4 km/h 

[16:57:06[228]] - [SLAVE] Packet received at 16:57:06.228 

[16:57:06[228]] - [SLAVE] Packet received at 16:57:06.228 

[16:57:06[413]] - [MATCH] dir=M°ÊS dt=1.328s  dist=10.00m  speed=27.1 km/h 

[16:57:06[413]] - [MATCH] dir=M°ÊS dt=1.328s  dist=10.00m  speed=27.1 km/h 

[16:57:06[421]] - [SLAVE] Packet received at 16:57:06.421 

[16:57:06[421]] - [SLAVE] Packet received at 16:57:06.421 

[16:57:06[591]] - [MATCH] dir=M°ÊS dt=1.328s  dist=10.00m  speed=27.1 km/h 

[16:57:06[589]] - [MATCH] dir=M°ÊS dt=1.328s  dist=10.00m  speed=27.1 km/h 

[16:57:06[597]] - [SLAVE] Packet received at 16:57:06.597 

[16:57:06[597]] - [SLAVE] Packet received at 16:57:06.597 

[16:57:26[908]] - [SLAVE] Packet received at 16:57:26.907 

[16:57:26[907]] - [SLAVE] Packet received at 16:57:26.907 

[16:57:27[085]] - [SLAVE] Packet received at 16:57:27.085 

[16:57:27[085]] - [SLAVE] Packet received at 16:57:27.085 

[16:57:27[259]] - [SLAVE] Packet received at 16:57:27.259 

[16:57:27[259]] - [SLAVE] Packet received at 16:57:27.259 

[16:57:27[435]] - [SLAVE] Packet received at 16:57:27.434 

[16:57:27[434]] - [SLAVE] Packet received at 16:57:27.434 

[16:57:28[071]] - [MATCH] dir=S°ÊM dt=1.168s  dist=10.00m  speed=30.8 km/h 

[16:57:28[071]] - [MATCH] dir=S°ÊM dt=1.168s  dist=10.00m  speed=30.8 km/h 

[16:57:28[080]] - [MASTER] Packet received at 16:57:28.079 

[16:57:28[079]] - [MASTER] Packet received at 16:57:28.079 

[16:57:28[248]] - [MATCH] dir=S°ÊM dt=1.168s  dist=10.00m  speed=30.8 km/h 

[16:57:28[248]] - [MATCH] dir=S°ÊM dt=1.168s  dist=10.00m  speed=30.8 km/h 

[16:57:28[255]] - [MASTER] Packet received at 16:57:28.254 

[16:57:28[254]] - [MASTER] Packet received at 16:57:28.254 

[16:57:28[424]] - [MATCH] dir=S°ÊM dt=1.168s  dist=10.00m  speed=30.8 km/h 

[16:57:28[424]] - [MATCH] dir=S°ÊM dt=1.168s  dist=10.00m  speed=30.8 km/h 

[16:57:28[431]] - [MASTER] Packet received at 16:57:28.431 

[16:57:28[431]] - [MASTER] Packet received at 16:57:28.431 

[16:57:28[600]] - [MATCH] dir=S°ÊM dt=1.167s  dist=10.00m  speed=30.8 km/h 

[16:57:28[600]] - [MATCH] dir=S°ÊM dt=1.167s  dist=10.00m  speed=30.8 km/h 

[16:57:28[606]] - [MASTER] Packet received at 16:57:28.606 

[16:57:28[606]] - [MASTER] Packet received at 16:57:28.606 

[16:58:04[914]] - [MASTER] Packet received at 16:58:04.914 

[16:58:04[914]] - [MASTER] Packet received at 16:58:04.914 

[16:58:05[091]] - [MASTER] Packet received at 16:58:05.091 

[16:58:05[091]] - [MASTER] Packet received at 16:58:05.091 

[16:58:05[267]] - [MASTER] Packet received at 16:58:05.267 

[16:58:05[267]] - [MASTER] Packet received at 16:58:05.267 

[16:58:05[680]] - [MATCH] dir=M°ÊS dt=0.770s  dist=10.00m  speed=46.8 km/h 

[16:58:05[680]] - [MATCH] dir=M°ÊS dt=0.770s  dist=10.00m  speed=46.8 km/h 

[16:58:05[703]] - [SLAVE] Packet received at 16:58:05.703 

[16:58:05[703]] - [SLAVE] Packet received at 16:58:05.703 

[16:58:05[854]] - [MATCH] dir=M°ÊS dt=0.767s  dist=10.00m  speed=46.9 km/h 

[16:58:05[854]] - [MATCH] dir=M°ÊS dt=0.767s  dist=10.00m  speed=46.9 km/h 

[16:58:05[863]] - [SLAVE] Packet received at 16:58:05.862 

[16:58:05[862]] - [SLAVE] Packet received at 16:58:05.862 

[16:58:06[030]] - [MATCH] dir=M°ÊS dt=0.767s  dist=10.00m  speed=46.9 km/h 

[16:58:06[030]] - [MATCH] dir=M°ÊS dt=0.767s  dist=10.00m  speed=46.9 km/h 

[16:58:06[039]] - [SLAVE] Packet received at 16:58:06.039 

[16:58:06[039]] - [SLAVE] Packet received at 16:58:06.039 

[16:58:40[377]] - [SLAVE] Packet received at 16:58:40.377 

[16:58:40[377]] - [SLAVE] Packet received at 16:58:40.377 

[16:58:41[077]] - [MATCH] dir=S°ÊM dt=0.703s  dist=10.00m  speed=51.2 km/h 

[16:58:41[077]] - [MATCH] dir=S°ÊM dt=0.703s  dist=10.00m  speed=51.2 km/h 

[16:58:41[084]] - [MASTER] Packet received at 16:58:41.084 

[16:58:41[084]] - [MASTER] Packet received at 16:58:41.084 

[16:59:13[426]] - [MASTER] Packet received at 16:59:13.426 

[16:59:13[426]] - [MASTER] Packet received at 16:59:13.426 

[16:59:13[600]] - [MASTER] Packet received at 16:59:13.600 

[16:59:13[600]] - [MASTER] Packet received at 16:59:13.600 

[16:59:13[777]] - [MASTER] Packet received at 16:59:13.777 

[16:59:13[777]] - [MASTER] Packet received at 16:59:13.777 

[16:59:13[985]] - [MASTER] Packet received at 16:59:13.985 

[16:59:13[985]] - [MASTER] Packet received at 16:59:13.985 

[16:59:14[143]] - [MATCH] dir=M°ÊS dt=0.721s  dist=10.00m  speed=49.9 km/h 

[16:59:14[143]] - [MATCH] dir=M°ÊS dt=0.721s  dist=10.00m  speed=49.9 km/h 

[16:59:14[150]] - [SLAVE] Packet received at 16:59:14.150 

[16:59:14[150]] - [SLAVE] Packet received at 16:59:14.150 

[16:59:14[511]] - [MATCH] dir=M°ÊS dt=0.914s  dist=10.00m  speed=39.4 km/h 

[16:59:14[511]] - [MATCH] dir=M°ÊS dt=0.914s  dist=10.00m  speed=39.4 km/h 

[16:59:14[519]] - [SLAVE] Packet received at 16:59:14.519 

[16:59:14[519]] - [SLAVE] Packet received at 16:59:14.519 

[16:59:45[338]] - [SLAVE] Packet received at 16:59:45.338 

[16:59:45[338]] - [SLAVE] Packet received at 16:59:45.338 

[16:59:45[514]] - [SLAVE] Packet received at 16:59:45.513 

[16:59:45[513]] - [SLAVE] Packet received at 16:59:45.513 

[16:59:45[690]] - [SLAVE] Packet received at 16:59:45.690 

[16:59:45[690]] - [SLAVE] Packet received at 16:59:45.690 

[16:59:46[038]] - [MATCH] dir=S°ÊM dt=0.704s  dist=10.00m  speed=51.2 km/h 

[16:59:46[038]] - [MATCH] dir=S°ÊM dt=0.704s  dist=10.00m  speed=51.2 km/h 

[16:59:46[046]] - [MASTER] Packet received at 16:59:46.046 

[16:59:46[046]] - [MASTER] Packet received at 16:59:46.046 

[16:59:46[215]] - [MATCH] dir=S°ÊM dt=0.704s  dist=10.00m  speed=51.2 km/h 

[16:59:46[215]] - [MATCH] dir=S°ÊM dt=0.704s  dist=10.00m  speed=51.2 km/h 

[16:59:46[222]] - [MASTER] Packet received at 16:59:46.222 

[16:59:46[222]] - [MASTER] Packet received at 16:59:46.222 

[16:59:46[391]] - [MATCH] dir=S°ÊM dt=0.704s  dist=10.00m  speed=51.1 km/h 

[16:59:46[391]] - [MATCH] dir=S°ÊM dt=0.704s  dist=10.00m  speed=51.1 km/h 

[16:59:46[399]] - [MASTER] Packet received at 16:59:46.398 

[16:59:46[398]] - [MASTER] Packet received at 16:59:46.398 

[17:00:16[594]] - [MASTER] Packet received at 17:00:16.594 

[17:00:16[594]] - [MASTER] Packet received at 17:00:16.594 

[17:00:16[770]] - [MASTER] Packet received at 17:00:16.770 

[17:00:16[770]] - [MASTER] Packet received at 17:00:16.770 

[17:00:16[946]] - [MASTER] Packet received at 17:00:16.946 

[17:00:16[946]] - [MASTER] Packet received at 17:00:16.946 

[17:00:17[311]] - [MATCH] dir=M°ÊS dt=0.720s  dist=10.00m  speed=50.0 km/h 

[17:00:17[311]] - [MATCH] dir=M°ÊS dt=0.720s  dist=10.00m  speed=50.0 km/h 

[17:00:17[345]] - [SLAVE] Packet received at 17:00:17.345 

[17:00:17[345]] - [SLAVE] Packet received at 17:00:17.345 

[17:00:17[502]] - [MATCH] dir=M°ÊS dt=0.735s  dist=10.00m  speed=49.0 km/h 

[17:00:17[502]] - [MATCH] dir=M°ÊS dt=0.735s  dist=10.00m  speed=49.0 km/h 

[17:00:17[511]] - [SLAVE] Packet received at 17:00:17.511 

[17:00:17[511]] - [SLAVE] Packet received at 17:00:17.511 

[17:00:17[679]] - [MATCH] dir=M°ÊS dt=0.736s  dist=10.00m  speed=48.9 km/h 

[17:00:17[679]] - [MATCH] dir=M°ÊS dt=0.736s  dist=10.00m  speed=48.9 km/h 

[17:00:17[686]] - [SLAVE] Packet received at 17:00:17.686 

[17:00:17[686]] - [SLAVE] Packet received at 17:00:17.686 

[17:00:46[556]] - [SLAVE] Packet received at 17:00:46.556 

[17:00:46[556]] - [SLAVE] Packet received at 17:00:46.556 

[17:00:46[907]] - [SLAVE] Packet received at 17:00:46.907 

[17:00:46[907]] - [SLAVE] Packet received at 17:00:46.907 

[17:01:19[444]] - [MASTER] Packet received at 17:01:19.444 

[17:01:19[444]] - [MASTER] Packet received at 17:01:19.444 

[17:01:19[635]] - [MASTER] Packet received at 17:01:19.635 

[17:01:19[635]] - [MASTER] Packet received at 17:01:19.635 

[17:01:19[812]] - [MASTER] Packet received at 17:01:19.812 

[17:01:19[812]] - [MASTER] Packet received at 17:01:19.812 

[17:01:20[017]] - [MASTER] Packet received at 17:01:20.017 

[17:01:20[017]] - [MASTER] Packet received at 17:01:20.017 

[17:01:20[143]] - [MATCH] dir=M°ÊS dt=0.704s  dist=10.00m  speed=51.1 km/h 

[17:01:20[143]] - [MATCH] dir=M°ÊS dt=0.704s  dist=10.00m  speed=51.1 km/h 

[17:01:20[151]] - [SLAVE] Packet received at 17:01:20.151 

[17:01:20[151]] - [SLAVE] Packet received at 17:01:20.151 

[17:01:20[319]] - [MATCH] dir=M°ÊS dt=0.688s  dist=10.00m  speed=52.3 km/h 

[17:01:20[319]] - [MATCH] dir=M°ÊS dt=0.688s  dist=10.00m  speed=52.3 km/h 

[17:01:20[327]] - [SLAVE] Packet received at 17:01:20.327 

[17:01:20[327]] - [SLAVE] Packet received at 17:01:20.327 

[17:01:20[495]] - [MATCH] dir=M°ÊS dt=0.688s  dist=10.00m  speed=52.3 km/h 

[17:01:20[495]] - [MATCH] dir=M°ÊS dt=0.688s  dist=10.00m  speed=52.3 km/h 

[17:01:20[502]] - [SLAVE] Packet received at 17:01:20.502 

[17:01:20[502]] - [SLAVE] Packet received at 17:01:20.502 

[17:01:50[492]] - [SLAVE] Packet received at 17:01:50.492 

[17:01:50[492]] - [SLAVE] Packet received at 17:01:50.492 

[17:01:50[667]] - [SLAVE] Packet received at 17:01:50.667 

[17:01:50[667]] - [SLAVE] Packet received at 17:01:50.667 

[17:01:50[842]] - [SLAVE] Packet received at 17:01:50.842 

[17:01:50[842]] - [SLAVE] Packet received at 17:01:50.842 

[17:01:51[175]] - [MATCH] dir=S°ÊM dt=0.685s  dist=10.00m  speed=52.5 km/h 

[17:01:51[174]] - [MATCH] dir=S°ÊM dt=0.685s  dist=10.00m  speed=52.5 km/h 

[17:01:51[183]] - [MASTER] Packet received at 17:01:51.183 

[17:01:51[183]] - [MASTER] Packet received at 17:01:51.183 

[17:02:23[131]] - [MASTER] Packet received at 17:02:23.131 

[17:02:23[131]] - [MASTER] Packet received at 17:02:23.131 

[17:02:23[315]] - [MASTER] Packet received at 17:02:23.314 

[17:02:23[314]] - [MASTER] Packet received at 17:02:23.314 

[17:02:23[490]] - [MASTER] Packet received at 17:02:23.490 

[17:02:23[490]] - [MASTER] Packet received at 17:02:23.490 

[17:02:23[839]] - [MATCH] dir=M°ÊS dt=0.711s  dist=10.00m  speed=50.6 km/h 

[17:02:23[839]] - [MATCH] dir=M°ÊS dt=0.711s  dist=10.00m  speed=50.6 km/h 

[17:02:23[849]] - [SLAVE] Packet received at 17:02:23.849 

[17:02:23[849]] - [SLAVE] Packet received at 17:02:23.849 

[17:02:24[014]] - [MATCH] dir=M°ÊS dt=0.703s  dist=10.00m  speed=51.2 km/h 

[17:02:24[014]] - [MATCH] dir=M°ÊS dt=0.703s  dist=10.00m  speed=51.2 km/h 

[17:02:24[021]] - [SLAVE] Packet received at 17:02:24.021 

[17:02:24[021]] - [SLAVE] Packet received at 17:02:24.021 

[17:02:24[190]] - [MATCH] dir=M°ÊS dt=0.704s  dist=10.00m  speed=51.1 km/h 

[17:02:24[190]] - [MATCH] dir=M°ÊS dt=0.704s  dist=10.00m  speed=51.1 km/h 

[17:02:24[197]] - [SLAVE] Packet received at 17:02:24.197 

[17:02:24[197]] - [SLAVE] Packet received at 17:02:24.197 

[17:02:53[515]] - [SLAVE] Packet received at 17:02:53.514 

[17:02:53[514]] - [SLAVE] Packet received at 17:02:53.514 

[17:02:54[231]] - [MATCH] dir=S°ÊM dt=0.721s  dist=10.00m  speed=50.0 km/h 

[17:02:54[231]] - [MATCH] dir=S°ÊM dt=0.721s  dist=10.00m  speed=50.0 km/h 

[17:02:54[238]] - [MASTER] Packet received at 17:02:54.238 

[17:02:54[238]] - [MASTER] Packet received at 17:02:54.238 

[17:02:54[412]] - [MASTER] Packet received at 17:02:54.412 

[17:02:54[412]] - [MASTER] Packet received at 17:02:54.412 

[17:02:54[586]] - [MASTER] Packet received at 17:02:54.586 

[17:02:54[586]] - [MASTER] Packet received at 17:02:54.586 

[17:03:26[996]] - [MASTER] Packet received at 17:03:26.996 

[17:03:26[996]] - [MASTER] Packet received at 17:03:26.996 

[17:03:27[186]] - [MASTER] Packet received at 17:03:27.186 

[17:03:27[186]] - [MASTER] Packet received at 17:03:27.186 

[17:03:27[361]] - [MASTER] Packet received at 17:03:27.361 

[17:03:27[361]] - [MASTER] Packet received at 17:03:27.361 

[17:03:27[586]] - [MASTER] Packet received at 17:03:27.586 

[17:03:27[586]] - [MASTER] Packet received at 17:03:27.586 

[17:03:27[710]] - [MATCH] dir=M°ÊS dt=0.718s  dist=10.00m  speed=50.2 km/h 

[17:03:27[710]] - [MATCH] dir=M°ÊS dt=0.718s  dist=10.00m  speed=50.2 km/h 

[17:03:27[717]] - [SLAVE] Packet received at 17:03:27.717 

[17:03:27[717]] - [SLAVE] Packet received at 17:03:27.717 

[17:03:27[826]] - [MASTER] Packet received at 17:03:27.826 

[17:03:27[826]] - [MASTER] Packet received at 17:03:27.826 

[17:03:28[063]] - [MATCH] dir=M°ÊS dt=0.880s  dist=10.00m  speed=40.9 km/h 

[17:03:28[063]] - [MATCH] dir=M°ÊS dt=0.880s  dist=10.00m  speed=40.9 km/h 

[17:03:28[071]] - [SLAVE] Packet received at 17:03:28.071 

[17:03:28[071]] - [SLAVE] Packet received at 17:03:28.071 

[17:04:04[892]] - [SLAVE] Packet received at 17:04:04.892 

[17:04:04[892]] - [SLAVE] Packet received at 17:04:04.892 

[17:04:05[065]] - [SLAVE] Packet received at 17:04:05.065 

[17:04:05[065]] - [SLAVE] Packet received at 17:04:05.065 

[17:04:05[333]] - [MATCH] dir=S°ÊM dt=0.443s  dist=10.00m  speed=81.2 km/h 

[17:04:05[333]] - [MATCH] dir=S°ÊM dt=0.443s  dist=10.00m  speed=81.2 km/h 

[17:04:05[340]] - [MASTER] Packet received at 17:04:05.340 

[17:04:05[340]] - [MASTER] Packet received at 17:04:05.340 

[17:04:05[510]] - [MATCH] dir=S°ÊM dt=0.448s  dist=10.00m  speed=80.3 km/h 

[17:04:05[510]] - [MATCH] dir=S°ÊM dt=0.448s  dist=10.00m  speed=80.3 km/h 

[17:04:05[518]] - [MASTER] Packet received at 17:04:05.518 

[17:04:05[518]] - [MASTER] Packet received at 17:04:05.518 

[17:04:41[999]] - [MASTER] Packet received at 17:04:41.999 

[17:04:41[999]] - [MASTER] Packet received at 17:04:41.999 

[17:04:42[173]] - [MASTER] Packet received at 17:04:42.173 

[17:04:42[173]] - [MASTER] Packet received at 17:04:42.173 

[17:04:42[397]] - [MASTER] Packet received at 17:04:42.397 

[17:04:42[397]] - [MASTER] Packet received at 17:04:42.397 

[17:04:42[506]] - [MATCH] dir=M°ÊS dt=0.510s  dist=10.00m  speed=70.6 km/h 

[17:04:42[505]] - [MATCH] dir=M°ÊS dt=0.510s  dist=10.00m  speed=70.6 km/h 

[17:04:42[520]] - [SLAVE] Packet received at 17:04:42.520 

[17:04:42[520]] - [SLAVE] Packet received at 17:04:42.520 

[17:04:42[650]] - [MATCH] dir=M°ÊS dt=0.480s  dist=10.00m  speed=75.0 km/h 

[17:04:42[650]] - [MATCH] dir=M°ÊS dt=0.480s  dist=10.00m  speed=75.0 km/h 

[17:04:42[656]] - [SLAVE] Packet received at 17:04:42.656 

[17:04:42[656]] - [SLAVE] Packet received at 17:04:42.656 

[17:05:16[314]] - [SLAVE] Packet received at 17:05:16.314 

[17:05:16[314]] - [SLAVE] Packet received at 17:05:16.314 

[17:05:16[485]] - [SLAVE] Packet received at 17:05:16.484 

[17:05:16[484]] - [SLAVE] Packet received at 17:05:16.484 

[17:05:16[737]] - [MATCH] dir=S°ÊM dt=0.427s  dist=10.00m  speed=84.3 km/h 

[17:05:16[737]] - [MATCH] dir=S°ÊM dt=0.427s  dist=10.00m  speed=84.3 km/h 

[17:05:16[744]] - [MASTER] Packet received at 17:05:16.744 

[17:05:16[744]] - [MASTER] Packet received at 17:05:16.744 

[17:05:16[913]] - [MATCH] dir=S°ÊM dt=0.431s  dist=10.00m  speed=83.5 km/h 

[17:05:16[913]] - [MATCH] dir=S°ÊM dt=0.431s  dist=10.00m  speed=83.5 km/h 

[17:05:16[920]] - [MASTER] Packet received at 17:05:16.920 

[17:05:16[920]] - [MASTER] Packet received at 17:05:16.920 

[17:05:53[758]] - [MASTER] Packet received at 17:05:53.757 

[17:05:53[757]] - [MASTER] Packet received at 17:05:53.757 

[17:05:53[931]] - [MASTER] Packet received at 17:05:53.931 

[17:05:53[931]] - [MASTER] Packet received at 17:05:53.931 

[17:05:54[188]] - [MASTER] Packet received at 17:05:54.188 

[17:05:54[188]] - [MASTER] Packet received at 17:05:54.188 

[17:05:54[408]] - [MATCH] dir=M°ÊS dt=0.654s  dist=10.00m  speed=55.1 km/h 

[17:05:54[408]] - [MATCH] dir=M°ÊS dt=0.654s  dist=10.00m  speed=55.1 km/h 

[17:05:54[426]] - [SLAVE] Packet received at 17:05:54.426 

[17:05:54[426]] - [SLAVE] Packet received at 17:05:54.426 

[17:06:29[221]] - [SLAVE] Packet received at 17:06:29.221 

[17:06:29[221]] - [SLAVE] Packet received at 17:06:29.221 

[17:06:29[394]] - [SLAVE] Packet received at 17:06:29.394 

[17:06:29[394]] - [SLAVE] Packet received at 17:06:29.394 

[17:06:29[679]] - [MATCH] dir=S°ÊM dt=0.462s  dist=10.00m  speed=78.0 km/h 

[17:06:29[679]] - [MATCH] dir=S°ÊM dt=0.462s  dist=10.00m  speed=78.0 km/h 

[17:06:29[686]] - [MASTER] Packet received at 17:06:29.686 

[17:06:29[686]] - [MASTER] Packet received at 17:06:29.686 

[17:06:29[859]] - [MATCH] dir=S°ÊM dt=0.468s  dist=10.00m  speed=77.0 km/h 

[17:06:29[859]] - [MATCH] dir=S°ÊM dt=0.468s  dist=10.00m  speed=77.0 km/h 

[17:06:29[900]] - [MASTER] Packet received at 17:06:29.899 

[17:06:29[899]] - [MASTER] Packet received at 17:06:29.899 

[17:07:05[807]] - [MASTER] Packet received at 17:07:05.807 

[17:07:05[807]] - [MASTER] Packet received at 17:07:05.807 

[17:07:05[980]] - [MASTER] Packet received at 17:07:05.980 

[17:07:05[980]] - [MASTER] Packet received at 17:07:05.980 

[17:07:06[189]] - [MASTER] Packet received at 17:07:06.189 

[17:07:06[189]] - [MASTER] Packet received at 17:07:06.189 

[17:07:06[297]] - [MATCH] dir=M°ÊS dt=0.496s  dist=10.00m  speed=72.7 km/h 

[17:07:06[297]] - [MATCH] dir=M°ÊS dt=0.496s  dist=10.00m  speed=72.7 km/h 

[17:07:06[304]] - [SLAVE] Packet received at 17:07:06.304 

[17:07:06[304]] - [SLAVE] Packet received at 17:07:06.304 

[17:07:06[490]] - [MATCH] dir=M°ÊS dt=0.512s  dist=10.00m  speed=70.2 km/h 

[17:07:06[490]] - [MATCH] dir=M°ÊS dt=0.512s  dist=10.00m  speed=70.2 km/h 

[17:07:06[498]] - [SLAVE] Packet received at 17:07:06.498 

[17:07:06[498]] - [SLAVE] Packet received at 17:07:06.498 

[17:07:40[437]] - [SLAVE] Packet received at 17:07:40.436 

[17:07:40[436]] - [SLAVE] Packet received at 17:07:40.436 

[17:07:40[612]] - [SLAVE] Packet received at 17:07:40.612 

[17:07:40[612]] - [SLAVE] Packet received at 17:07:40.612 

[17:07:40[897]] - [MATCH] dir=S°ÊM dt=0.464s  dist=10.00m  speed=77.6 km/h 

[17:07:40[897]] - [MATCH] dir=S°ÊM dt=0.464s  dist=10.00m  speed=77.6 km/h 

[17:07:40[905]] - [MASTER] Packet received at 17:07:40.904 

[17:07:40[904]] - [MASTER] Packet received at 17:07:40.904 

[17:07:41[073]] - [MATCH] dir=S°ÊM dt=0.464s  dist=10.00m  speed=77.6 km/h 

[17:07:41[073]] - [MATCH] dir=S°ÊM dt=0.464s  dist=10.00m  speed=77.6 km/h 

[17:07:41[081]] - [MASTER] Packet received at 17:07:41.081 

[17:07:41[081]] - [MASTER] Packet received at 17:07:41.081 

[17:08:19[359]] - [MASTER] Packet received at 17:08:19.359 

[17:08:19[359]] - [MASTER] Packet received at 17:08:19.359 

[17:08:19[531]] - [MASTER] Packet received at 17:08:19.531 

[17:08:19[531]] - [MASTER] Packet received at 17:08:19.531 

[17:09:17[152]] - [MASTER] Packet received at 17:09:17.152 

[17:09:17[152]] - [MASTER] Packet received at 17:09:17.152 

[17:09:17[791]] - [MASTER] Packet received at 17:09:17.791 

[17:09:17[791]] - [MASTER] Packet received at 17:09:17.791 

[17:09:17[969]] - [MASTER] Packet received at 17:09:17.969 

[17:09:17[969]] - [MASTER] Packet received at 17:09:17.969 

[17:09:18[146]] - [MASTER] Packet received at 17:09:18.145 

[17:09:18[145]] - [MASTER] Packet received at 17:09:18.145 

[17:09:18[321]] - [MASTER] Packet received at 17:09:18.321 

[17:09:18[321]] - [MASTER] Packet received at 17:09:18.321 

[17:09:18[495]] - [MASTER] Packet received at 17:09:18.495 

[17:09:18[495]] - [MASTER] Packet received at 17:09:18.495 

[17:09:18[671]] - [MASTER] Packet received at 17:09:18.671 

[17:09:18[671]] - [MASTER] Packet received at 17:09:18.671 

[17:09:18[848]] - [MASTER] Packet received at 17:09:18.848 

[17:09:18[848]] - [MASTER] Packet received at 17:09:18.848 

[17:09:19[023]] - [MASTER] Packet received at 17:09:19.023 

[17:09:19[023]] - [MASTER] Packet received at 17:09:19.023 

[17:09:19[200]] - [MASTER] Packet received at 17:09:19.199 

[17:09:19[199]] - [MASTER] Packet received at 17:09:19.199 

[17:09:22[911]] - [MASTER] Packet received at 17:09:22.911 

[17:09:22[911]] - [MASTER] Packet received at 17:09:22.911 

[17:09:26[954]] - [MATCH] dir=M°ÊS dt=4.047s  dist=10.00m  speed=8.9 km/h 

[17:09:26[954]] - [MATCH] dir=M°ÊS dt=4.047s  dist=10.00m  speed=8.9 km/h 

[17:09:26[962]] - [SLAVE] Packet received at 17:09:26.962 

[17:09:26[962]] - [SLAVE] Packet received at 17:09:26.962 

[17:09:27[133]] - [SLAVE] Packet received at 17:09:27.133 

[17:09:27[133]] - [SLAVE] Packet received at 17:09:27.133 

[17:09:27[310]] - [SLAVE] Packet received at 17:09:27.310 

[17:09:27[310]] - [SLAVE] Packet received at 17:09:27.310 

[17:09:27[485]] - [SLAVE] Packet received at 17:09:27.485 

[17:09:27[485]] - [SLAVE] Packet received at 17:09:27.485 

[17:09:27[668]] - [SLAVE] Packet received at 17:09:27.668 

[17:09:27[668]] - [SLAVE] Packet received at 17:09:27.668 

[17:09:27[841]] - [SLAVE] Packet received at 17:09:27.841 

[17:09:27[841]] - [SLAVE] Packet received at 17:09:27.841 

[17:09:28[018]] - [SLAVE] Packet received at 17:09:28.018 

[17:09:28[018]] - [SLAVE] Packet received at 17:09:28.018 

[17:09:28[193]] - [SLAVE] Packet received at 17:09:28.192 

[17:09:28[192]] - [SLAVE] Packet received at 17:09:28.192 

[17:09:28[384]] - [SLAVE] Packet received at 17:09:28.384 

[17:09:28[384]] - [SLAVE] Packet received at 17:09:28.384 

[17:10:16[519]] - [SLAVE] Packet received at 17:10:16.519 

[17:10:16[519]] - [SLAVE] Packet received at 17:10:16.519 

[17:10:23[572]] - [MASTER] Packet received at 17:10:23.572 

[17:10:23[572]] - [MASTER] Packet received at 17:10:23.572 

[17:10:53[644]] - [MASTER] Packet received at 17:10:53.644 

[17:10:53[644]] - [MASTER] Packet received at 17:10:53.644 

[17:10:53[821]] - [MASTER] Packet received at 17:10:53.821 

[17:10:53[821]] - [MASTER] Packet received at 17:10:53.821 

[17:10:54[104]] - [MATCH] dir=M°ÊS dt=0.464s  dist=10.00m  speed=77.6 km/h 

[17:10:54[104]] - [MATCH] dir=M°ÊS dt=0.464s  dist=10.00m  speed=77.6 km/h 

[17:10:54[130]] - [SLAVE] Packet received at 17:10:54.130 

[17:10:54[130]] - [SLAVE] Packet received at 17:10:54.130 

[17:10:54[280]] - [MATCH] dir=M°ÊS dt=0.464s  dist=10.00m  speed=77.6 km/h 

[17:10:54[280]] - [MATCH] dir=M°ÊS dt=0.464s  dist=10.00m  speed=77.6 km/h 

[17:10:54[287]] - [SLAVE] Packet received at 17:10:54.287 

[17:10:54[287]] - [SLAVE] Packet received at 17:10:54.287 

[17:11:28[677]] - [SLAVE] Packet received at 17:11:28.677 

[17:11:28[677]] - [SLAVE] Packet received at 17:11:28.677 

[17:11:28[851]] - [SLAVE] Packet received at 17:11:28.851 

[17:11:28[851]] - [SLAVE] Packet received at 17:11:28.851 

[17:11:29[136]] - [MATCH] dir=S°ÊM dt=0.462s  dist=10.00m  speed=77.9 km/h 

[17:11:29[136]] - [MATCH] dir=S°ÊM dt=0.462s  dist=10.00m  speed=77.9 km/h 

[17:11:29[146]] - [MASTER] Packet received at 17:11:29.146 

[17:11:29[146]] - [MASTER] Packet received at 17:11:29.146 

[17:11:29[312]] - [MATCH] dir=S°ÊM dt=0.464s  dist=10.00m  speed=77.6 km/h 

[17:11:29[311]] - [MATCH] dir=S°ÊM dt=0.464s  dist=10.00m  speed=77.6 km/h 

[17:11:29[318]] - [MASTER] Packet received at 17:11:29.318 

[17:11:29[318]] - [MASTER] Packet received at 17:11:29.318 

[17:12:06[235]] - [MASTER] Packet received at 17:12:06.235 

[17:12:06[235]] - [MASTER] Packet received at 17:12:06.235 

[17:12:06[409]] - [MASTER] Packet received at 17:12:06.409 

[17:12:06[409]] - [MASTER] Packet received at 17:12:06.409 

[17:12:06[710]] - [MATCH] dir=M°ÊS dt=0.479s  dist=10.00m  speed=75.2 km/h 

[17:12:06[710]] - [MATCH] dir=M°ÊS dt=0.479s  dist=10.00m  speed=75.2 km/h 

[17:12:06[717]] - [SLAVE] Packet received at 17:12:06.717 

[17:12:06[717]] - [SLAVE] Packet received at 17:12:06.717 

[17:12:06[887]] - [MATCH] dir=M°ÊS dt=0.479s  dist=10.00m  speed=75.2 km/h 

[17:12:06[886]] - [MATCH] dir=M°ÊS dt=0.479s  dist=10.00m  speed=75.2 km/h 

[17:12:06[892]] - [SLAVE] Packet received at 17:12:06.892 

[17:12:06[892]] - [SLAVE] Packet received at 17:12:06.892 

[17:12:51[983]] - [SLAVE] Packet received at 17:12:51.983 

[17:12:51[983]] - [SLAVE] Packet received at 17:12:51.983 

[17:12:52[174]] - [SLAVE] Packet received at 17:12:52.173 

[17:12:52[173]] - [SLAVE] Packet received at 17:12:52.173 

[17:12:52[363]] - [MATCH] dir=S°ÊM dt=0.384s  dist=10.00m  speed=93.9 km/h 

[17:12:52[363]] - [MATCH] dir=S°ÊM dt=0.384s  dist=10.00m  speed=93.9 km/h 

[17:12:52[384]] - [MASTER] Packet received at 17:12:52.384 

[17:12:52[384]] - [MASTER] Packet received at 17:12:52.384 

[17:12:52[539]] - [MATCH] dir=S°ÊM dt=0.368s  dist=10.00m  speed=97.9 km/h 

[17:12:52[539]] - [MATCH] dir=S°ÊM dt=0.368s  dist=10.00m  speed=97.9 km/h 

[17:12:52[546]] - [MASTER] Packet received at 17:12:52.546 

[17:12:52[546]] - [MASTER] Packet received at 17:12:52.546 

[17:13:40[114]] - [MASTER] Packet received at 17:13:40.114 

[17:13:40[114]] - [MASTER] Packet received at 17:13:40.114 

[17:13:40[289]] - [MASTER] Packet received at 17:13:40.289 

[17:13:40[289]] - [MASTER] Packet received at 17:13:40.289 

[17:13:40[478]] - [MATCH] dir=M°ÊS dt=0.368s  dist=10.00m  speed=97.9 km/h 

[17:13:40[478]] - [MATCH] dir=M°ÊS dt=0.368s  dist=10.00m  speed=97.9 km/h 

[17:13:40[485]] - [SLAVE] Packet received at 17:13:40.485 

[17:13:40[485]] - [SLAVE] Packet received at 17:13:40.485 

[17:13:40[655]] - [MATCH] dir=M°ÊS dt=0.369s  dist=10.00m  speed=97.6 km/h 

[17:13:40[655]] - [MATCH] dir=M°ÊS dt=0.369s  dist=10.00m  speed=97.6 km/h 

[17:13:40[688]] - [SLAVE] Packet received at 17:13:40.688 

[17:13:40[688]] - [SLAVE] Packet received at 17:13:40.688 

[17:14:25[243]] - [SLAVE] Packet received at 17:14:25.243 

[17:14:25[243]] - [SLAVE] Packet received at 17:14:25.243 

[17:14:25[414]] - [SLAVE] Packet received at 17:14:25.414 

[17:14:25[414]] - [SLAVE] Packet received at 17:14:25.414 

[17:14:25[620]] - [MATCH] dir=S°ÊM dt=0.379s  dist=10.00m  speed=95.0 km/h 

[17:14:25[619]] - [MATCH] dir=S°ÊM dt=0.379s  dist=10.00m  speed=95.0 km/h 

[17:14:25[630]] - [MASTER] Packet received at 17:14:25.630 

[17:14:25[630]] - [MASTER] Packet received at 17:14:25.630 

[17:14:25[795]] - [MATCH] dir=S°ÊM dt=0.384s  dist=10.00m  speed=93.8 km/h 

[17:14:25[795]] - [MATCH] dir=S°ÊM dt=0.384s  dist=10.00m  speed=93.8 km/h 

[17:14:25[803]] - [MASTER] Packet received at 17:14:25.803 

[17:14:25[803]] - [MASTER] Packet received at 17:14:25.803 

[17:15:07[229]] - [MASTER] Packet received at 17:15:07.229 

[17:15:07[229]] - [MASTER] Packet received at 17:15:07.229 

[17:15:07[404]] - [MASTER] Packet received at 17:15:07.404 

[17:15:07[404]] - [MASTER] Packet received at 17:15:07.404 

[17:15:07[608]] - [MATCH] dir=M°ÊS dt=0.383s  dist=10.00m  speed=93.9 km/h 

[17:15:07[608]] - [MATCH] dir=M°ÊS dt=0.383s  dist=10.00m  speed=93.9 km/h 

[17:15:07[616]] - [SLAVE] Packet received at 17:15:07.616 

[17:15:07[616]] - [SLAVE] Packet received at 17:15:07.616 

[17:15:07[784]] - [MATCH] dir=M°ÊS dt=0.384s  dist=10.00m  speed=93.8 km/h 

[17:15:07[784]] - [MATCH] dir=M°ÊS dt=0.384s  dist=10.00m  speed=93.8 km/h 

[17:15:07[793]] - [SLAVE] Packet received at 17:15:07.793 

[17:15:07[793]] - [SLAVE] Packet received at 17:15:07.793 

[17:15:48[483]] - [SLAVE] Packet received at 17:15:48.482 

[17:15:48[482]] - [SLAVE] Packet received at 17:15:48.482 

[17:15:48[657]] - [SLAVE] Packet received at 17:15:48.657 

[17:15:48[657]] - [SLAVE] Packet received at 17:15:48.657 

[17:15:48[863]] - [MATCH] dir=S°ÊM dt=0.384s  dist=10.00m  speed=93.8 km/h 

[17:15:48[862]] - [MATCH] dir=S°ÊM dt=0.384s  dist=10.00m  speed=93.8 km/h 

[17:15:48[869]] - [MASTER] Packet received at 17:15:48.869 

[17:15:48[869]] - [MASTER] Packet received at 17:15:48.869 

[17:15:49[038]] - [MATCH] dir=S°ÊM dt=0.385s  dist=10.00m  speed=93.6 km/h 

[17:15:49[038]] - [MATCH] dir=S°ÊM dt=0.385s  dist=10.00m  speed=93.6 km/h 

[17:15:49[045]] - [MASTER] Packet received at 17:15:49.045 

[17:15:49[045]] - [MASTER] Packet received at 17:15:49.045 

[17:16:34[503]] - [MASTER] Packet received at 17:16:34.503 

[17:16:34[503]] - [MASTER] Packet received at 17:16:34.503 

[17:16:34[681]] - [MASTER] Packet received at 17:16:34.681 

[17:16:34[681]] - [MASTER] Packet received at 17:16:34.681 

[17:16:34[867]] - [MATCH] dir=M°ÊS dt=0.368s  dist=10.00m  speed=97.9 km/h 

[17:16:34[867]] - [MATCH] dir=M°ÊS dt=0.368s  dist=10.00m  speed=97.9 km/h 

[17:16:34[875]] - [SLAVE] Packet received at 17:16:34.875 

[17:16:34[875]] - [SLAVE] Packet received at 17:16:34.875 

[17:16:35[043]] - [MATCH] dir=M°ÊS dt=0.367s  dist=10.00m  speed=98.0 km/h 

[17:16:35[042]] - [MATCH] dir=M°ÊS dt=0.367s  dist=10.00m  speed=98.0 km/h 

[17:16:35[049]] - [SLAVE] Packet received at 17:16:35.049 

[17:16:35[049]] - [SLAVE] Packet received at 17:16:35.049 

[17:17:15[197]] - [SLAVE] Packet received at 17:17:15.197 

[17:17:15[197]] - [SLAVE] Packet received at 17:17:15.197 

[17:17:15[388]] - [SLAVE] Packet received at 17:17:15.388 

[17:17:15[388]] - [SLAVE] Packet received at 17:17:15.388 

[17:17:15[576]] - [MATCH] dir=S°ÊM dt=0.384s  dist=10.00m  speed=93.8 km/h 

[17:17:15[576]] - [MATCH] dir=S°ÊM dt=0.384s  dist=10.00m  speed=93.8 km/h 

[17:17:15[586]] - [MASTER] Packet received at 17:17:15.586 

[17:17:15[586]] - [MASTER] Packet received at 17:17:15.586 

[17:17:15[752]] - [MATCH] dir=S°ÊM dt=0.368s  dist=10.00m  speed=97.8 km/h 

[17:17:15[752]] - [MATCH] dir=S°ÊM dt=0.368s  dist=10.00m  speed=97.8 km/h 

[17:17:15[759]] - [MASTER] Packet received at 17:17:15.759 

[17:17:15[759]] - [MASTER] Packet received at 17:17:15.759 

[17:17:23[563]] - [MASTER] Packet received at 17:17:23.563 

[17:17:23[563]] - [MASTER] Packet received at 17:17:23.563 

[17:17:53[924]] - [MASTER] Packet received at 17:17:53.924 

[17:17:53[924]] - [MASTER] Packet received at 17:17:53.924 

[17:17:54[115]] - [MASTER] Packet received at 17:17:54.115 

[17:17:54[115]] - [MASTER] Packet received at 17:17:54.115 

[17:17:54[302]] - [MATCH] dir=M°ÊS dt=0.383s  dist=10.00m  speed=94.0 km/h 

[17:17:54[302]] - [MATCH] dir=M°ÊS dt=0.383s  dist=10.00m  speed=94.0 km/h 

[17:17:54[319]] - [SLAVE] Packet received at 17:17:54.319 

[17:17:54[319]] - [SLAVE] Packet received at 17:17:54.319 

[17:17:54[479]] - [MATCH] dir=M°ÊS dt=0.368s  dist=10.00m  speed=97.9 km/h 

[17:17:54[479]] - [MATCH] dir=M°ÊS dt=0.368s  dist=10.00m  speed=97.9 km/h 

[17:17:54[486]] - [SLAVE] Packet received at 17:17:54.486 

[17:17:54[486]] - [SLAVE] Packet received at 17:17:54.486 

[17:18:32[650]] - [SLAVE] Packet received at 17:18:32.650 

[17:18:32[650]] - [SLAVE] Packet received at 17:18:32.650 

[17:18:32[826]] - [SLAVE] Packet received at 17:18:32.826 

[17:18:32[826]] - [SLAVE] Packet received at 17:18:32.826 

[17:18:33[028]] - [MATCH] dir=S°ÊM dt=0.383s  dist=10.00m  speed=94.0 km/h 

[17:18:33[028]] - [MATCH] dir=S°ÊM dt=0.383s  dist=10.00m  speed=94.0 km/h 

[17:18:33[053]] - [MASTER] Packet received at 17:18:33.053 

[17:18:33[053]] - [MASTER] Packet received at 17:18:33.053 

[17:18:33[206]] - [MATCH] dir=S°ÊM dt=0.384s  dist=10.00m  speed=93.8 km/h 

[17:18:33[205]] - [MATCH] dir=S°ÊM dt=0.384s  dist=10.00m  speed=93.8 km/h 

[17:18:33[213]] - [MASTER] Packet received at 17:18:33.213 

[17:18:33[213]] - [MASTER] Packet received at 17:18:33.213 

[17:19:13[710]] - [MASTER] Packet received at 17:19:13.710 

[17:19:13[710]] - [MASTER] Packet received at 17:19:13.710 

[17:19:13[885]] - [MASTER] Packet received at 17:19:13.885 

[17:19:13[885]] - [MASTER] Packet received at 17:19:13.885 

[17:19:14[074]] - [MATCH] dir=M°ÊS dt=0.367s  dist=10.00m  speed=98.0 km/h 

[17:19:14[074]] - [MATCH] dir=M°ÊS dt=0.367s  dist=10.00m  speed=98.0 km/h 

[17:19:14[099]] - [SLAVE] Packet received at 17:19:14.098 

[17:19:14[098]] - [SLAVE] Packet received at 17:19:14.098 

[17:19:14[251]] - [MATCH] dir=M°ÊS dt=0.367s  dist=10.00m  speed=98.0 km/h 

[17:19:14[250]] - [MATCH] dir=M°ÊS dt=0.367s  dist=10.00m  speed=98.0 km/h 

[17:19:14[259]] - [SLAVE] Packet received at 17:19:14.259 

[17:19:14[259]] - [SLAVE] Packet received at 17:19:14.259 

[17:19:14[365]] - [MASTER] Packet received at 17:19:14.365 

[17:19:14[365]] - [MASTER] Packet received at 17:19:14.365 

[17:19:14[526]] - [MASTER] Packet received at 17:19:14.526 

[17:19:14[526]] - [MASTER] Packet received at 17:19:14.526 

[17:19:14[846]] - [MASTER] Packet received at 17:19:14.846 

[17:19:14[846]] - [MASTER] Packet received at 17:19:14.846 

[17:19:15[117]] - [MASTER] Packet received at 17:19:15.117 

[17:19:15[117]] - [MASTER] Packet received at 17:19:15.117 

[17:19:15[678]] - [MASTER] Packet received at 17:19:15.677 

[17:19:15[677]] - [MASTER] Packet received at 17:19:15.677 

[17:19:15[997]] - [MASTER] Packet received at 17:19:15.997 

[17:19:15[997]] - [MASTER] Packet received at 17:19:15.997 

[17:19:16[413]] - [MASTER] Packet received at 17:19:16.413 

[17:19:16[413]] - [MASTER] Packet received at 17:19:16.413 

[17:19:16[831]] - [MASTER] Packet received at 17:19:16.831 

[17:19:16[831]] - [MASTER] Packet received at 17:19:16.831 

[17:19:17[021]] - [MASTER] Packet received at 17:19:17.021 

[17:19:17[021]] - [MASTER] Packet received at 17:19:17.021 

[17:19:17[417]] - [MASTER] Packet received at 17:19:17.417 

[17:19:17[417]] - [MASTER] Packet received at 17:19:17.417 

[17:19:17[704]] - [MASTER] Packet received at 17:19:17.704 

[17:19:17[704]] - [MASTER] Packet received at 17:19:17.704 

[17:19:18[011]] - [MASTER] Packet received at 17:19:18.011 

[17:19:18[011]] - [MASTER] Packet received at 17:19:18.011 

[17:19:18[377]] - [MASTER] Packet received at 17:19:18.377 

[17:19:18[377]] - [MASTER] Packet received at 17:19:18.377 

[17:19:18[936]] - [MASTER] Packet received at 17:19:18.936 

[17:19:18[936]] - [MASTER] Packet received at 17:19:18.936 

[17:19:19[240]] - [MASTER] Packet received at 17:19:19.240 

[17:19:19[240]] - [MASTER] Packet received at 17:19:19.240 

[17:19:19[434]] - [MASTER] Packet received at 17:19:19.434 

[17:19:19[434]] - [MASTER] Packet received at 17:19:19.434 

[17:19:19[608]] - [MASTER] Packet received at 17:19:19.608 

[17:19:19[608]] - [MASTER] Packet received at 17:19:19.608 

[17:19:19[961]] - [MASTER] Packet received at 17:19:19.961 

[17:19:19[961]] - [MASTER] Packet received at 17:19:19.961 

[17:19:20[296]] - [MASTER] Packet received at 17:19:20.296 

[17:19:20[296]] - [MASTER] Packet received at 17:19:20.296 

[17:19:20[566]] - [MASTER] Packet received at 17:19:20.566 

[17:19:20[566]] - [MASTER] Packet received at 17:19:20.566 

[17:19:21[064]] - [MASTER] Packet received at 17:19:21.064 

[17:19:21[064]] - [MASTER] Packet received at 17:19:21.064 

[17:19:21[591]] - [MASTER] Packet received at 17:19:21.591 

[17:19:21[591]] - [MASTER] Packet received at 17:19:21.591 

[17:19:21[883]] - [MASTER] Packet received at 17:19:21.882 

[17:19:21[882]] - [MASTER] Packet received at 17:19:21.882 

[17:19:22[216]] - [MASTER] Packet received at 17:19:22.216 

[17:19:22[216]] - [MASTER] Packet received at 17:19:22.216 

[17:19:22[487]] - [MASTER] Packet received at 17:19:22.487 

[17:19:22[487]] - [MASTER] Packet received at 17:19:22.487 

[17:19:23[000]] - [MASTER] Packet received at 17:19:23.000 

[17:19:23[000]] - [MASTER] Packet received at 17:19:23.000 

[17:19:23[304]] - [MASTER] Packet received at 17:19:23.304 

[17:19:23[304]] - [MASTER] Packet received at 17:19:23.304 

[17:19:23[591]] - [MASTER] Packet received at 17:19:23.591 

[17:19:23[591]] - [MASTER] Packet received at 17:19:23.591 

[17:19:23[847]] - [MASTER] Packet received at 17:19:23.846 

[17:19:23[846]] - [MASTER] Packet received at 17:19:23.846 

[17:19:24[124]] - [MASTER] Packet received at 17:19:24.124 

[17:19:24[124]] - [MASTER] Packet received at 17:19:24.124 

[17:19:24[301]] - [MASTER] Packet received at 17:19:24.301 

[17:19:24[301]] - [MASTER] Packet received at 17:19:24.301 

[17:19:24[720]] - [MASTER] Packet received at 17:19:24.720 

[17:19:24[720]] - [MASTER] Packet received at 17:19:24.720 

[17:19:24[993]] - [MASTER] Packet received at 17:19:24.993 

[17:19:24[993]] - [MASTER] Packet received at 17:19:24.993 

[17:19:25[264]] - [MASTER] Packet received at 17:19:25.264 

[17:19:25[264]] - [MASTER] Packet received at 17:19:25.264 

[17:19:25[617]] - [MASTER] Packet received at 17:19:25.617 

[17:19:25[617]] - [MASTER] Packet received at 17:19:25.617 

[17:19:25[888]] - [MASTER] Packet received at 17:19:25.888 

[17:19:25[888]] - [MASTER] Packet received at 17:19:25.888 

[17:19:26[304]] - [MASTER] Packet received at 17:19:26.304 

[17:19:26[304]] - [MASTER] Packet received at 17:19:26.304 

[17:19:26[626]] - [MASTER] Packet received at 17:19:26.626 

[17:19:26[626]] - [MASTER] Packet received at 17:19:26.626 

[17:19:26[921]] - [MASTER] Packet received at 17:19:26.921 

[17:19:26[921]] - [MASTER] Packet received at 17:19:26.921 

[17:19:27[113]] - [MASTER] Packet received at 17:19:27.113 

[17:19:27[113]] - [MASTER] Packet received at 17:19:27.113 

[17:19:27[305]] - [MASTER] Packet received at 17:19:27.305 

[17:19:27[305]] - [MASTER] Packet received at 17:19:27.305 

[17:19:27[641]] - [MASTER] Packet received at 17:19:27.641 

[17:19:27[641]] - [MASTER] Packet received at 17:19:27.641 

[17:19:28[617]] - [MASTER] Packet received at 17:19:28.617 

[17:19:28[617]] - [MASTER] Packet received at 17:19:28.617 

[17:19:28[890]] - [MASTER] Packet received at 17:19:28.890 

[17:19:28[890]] - [MASTER] Packet received at 17:19:28.890 

[17:19:29[161]] - [MASTER] Packet received at 17:19:29.161 

[17:19:29[161]] - [MASTER] Packet received at 17:19:29.161 

[17:19:29[369]] - [MASTER] Packet received at 17:19:29.369 

[17:19:29[369]] - [MASTER] Packet received at 17:19:29.369 

[17:19:29[657]] - [MASTER] Packet received at 17:19:29.656 

[17:19:29[656]] - [MASTER] Packet received at 17:19:29.656 

[17:19:30[009]] - [MASTER] Packet received at 17:19:30.009 

[17:19:30[009]] - [MASTER] Packet received at 17:19:30.009 

[17:19:30[217]] - [MASTER] Packet received at 17:19:30.216 

[17:19:30[216]] - [MASTER] Packet received at 17:19:30.216 

[17:19:30[473]] - [MASTER] Packet received at 17:19:30.472 

[17:19:30[472]] - [MASTER] Packet received at 17:19:30.472 

[17:19:30[648]] - [MASTER] Packet received at 17:19:30.648 

[17:19:30[648]] - [MASTER] Packet received at 17:19:30.648 

[17:19:30[841]] - [MASTER] Packet received at 17:19:30.841 

[17:19:30[841]] - [MASTER] Packet received at 17:19:30.841 

[17:19:31[112]] - [MASTER] Packet received at 17:19:31.112 

[17:19:31[112]] - [MASTER] Packet received at 17:19:31.112 

[17:19:31[417]] - [MASTER] Packet received at 17:19:31.417 

[17:19:31[417]] - [MASTER] Packet received at 17:19:31.417 

[17:19:31[592]] - [MASTER] Packet received at 17:19:31.592 

[17:19:31[592]] - [MASTER] Packet received at 17:19:31.592 

[17:19:31[784]] - [MASTER] Packet received at 17:19:31.784 

[17:19:31[784]] - [MASTER] Packet received at 17:19:31.784 

[17:19:31[976]] - [MASTER] Packet received at 17:19:31.976 

[17:19:31[976]] - [MASTER] Packet received at 17:19:31.976 

[17:19:32[184]] - [MASTER] Packet received at 17:19:32.184 

[17:19:32[184]] - [MASTER] Packet received at 17:19:32.184 

[17:19:32[457]] - [MASTER] Packet received at 17:19:32.457 

[17:19:32[457]] - [MASTER] Packet received at 17:19:32.457 

[17:19:32[775]] - [MASTER] Packet received at 17:19:32.775 

[17:19:32[775]] - [MASTER] Packet received at 17:19:32.775 

[17:19:32[985]] - [MASTER] Packet received at 17:19:32.985 

[17:19:32[985]] - [MASTER] Packet received at 17:19:32.985 

[17:19:33[190]] - [MASTER] Packet received at 17:19:33.190 

[17:19:33[190]] - [MASTER] Packet received at 17:19:33.190 

[17:19:33[376]] - [MASTER] Packet received at 17:19:33.376 

[17:19:33[376]] - [MASTER] Packet received at 17:19:33.376 

[17:19:33[553]] - [MASTER] Packet received at 17:19:33.553 

[17:19:33[553]] - [MASTER] Packet received at 17:19:33.553 

[17:19:33[889]] - [MASTER] Packet received at 17:19:33.888 

[17:19:33[888]] - [MASTER] Packet received at 17:19:33.888 

[17:19:34[145]] - [MASTER] Packet received at 17:19:34.145 

[17:19:34[145]] - [MASTER] Packet received at 17:19:34.145 

[17:19:34[401]] - [MASTER] Packet received at 17:19:34.401 

[17:19:34[401]] - [MASTER] Packet received at 17:19:34.401 

[17:19:34[592]] - [MASTER] Packet received at 17:19:34.592 

[17:19:34[592]] - [MASTER] Packet received at 17:19:34.592 

[17:19:34[768]] - [MASTER] Packet received at 17:19:34.768 

[17:19:34[768]] - [MASTER] Packet received at 17:19:34.768 

[17:19:34[999]] - [MASTER] Packet received at 17:19:34.999 

[17:19:34[999]] - [MASTER] Packet received at 17:19:34.999 

[17:19:35[177]] - [MASTER] Packet received at 17:19:35.177 

[17:19:35[177]] - [MASTER] Packet received at 17:19:35.177 

[17:19:35[351]] - [MASTER] Packet received at 17:19:35.351 

[17:19:35[351]] - [MASTER] Packet received at 17:19:35.351 

[17:19:35[528]] - [MASTER] Packet received at 17:19:35.528 

[17:19:35[528]] - [MASTER] Packet received at 17:19:35.528 

[17:19:35[719]] - [MASTER] Packet received at 17:19:35.719 

[17:19:35[719]] - [MASTER] Packet received at 17:19:35.719 

[17:19:35[919]] - [MASTER] Packet received at 17:19:35.919 

[17:19:35[919]] - [MASTER] Packet received at 17:19:35.919 

[17:19:36[095]] - [MASTER] Packet received at 17:19:36.094 

[17:19:36[094]] - [MASTER] Packet received at 17:19:36.094 

[17:19:36[367]] - [MASTER] Packet received at 17:19:36.367 

[17:19:36[367]] - [MASTER] Packet received at 17:19:36.367 

[17:19:36[624]] - [MASTER] Packet received at 17:19:36.624 

[17:19:36[624]] - [MASTER] Packet received at 17:19:36.624 

[17:19:36[863]] - [MASTER] Packet received at 17:19:36.863 

[17:19:36[863]] - [MASTER] Packet received at 17:19:36.863 

[17:19:37[151]] - [MASTER] Packet received at 17:19:37.151 

[17:19:37[151]] - [MASTER] Packet received at 17:19:37.151 

[17:19:37[391]] - [MASTER] Packet received at 17:19:37.391 

[17:19:37[391]] - [MASTER] Packet received at 17:19:37.391 

[17:19:37[648]] - [MASTER] Packet received at 17:19:37.648 

[17:19:37[648]] - [MASTER] Packet received at 17:19:37.648 

[17:19:37[863]] - [MASTER] Packet received at 17:19:37.863 

[17:19:37[863]] - [MASTER] Packet received at 17:19:37.863 

[17:19:38[264]] - [MASTER] Packet received at 17:19:38.264 

[17:19:38[264]] - [MASTER] Packet received at 17:19:38.264 

[17:19:38[840]] - [MASTER] Packet received at 17:19:38.840 

[17:19:38[840]] - [MASTER] Packet received at 17:19:38.840 

[17:19:39[113]] - [MASTER] Packet received at 17:19:39.113 

[17:19:39[113]] - [MASTER] Packet received at 17:19:39.113 

[17:19:39[362]] - [MASTER] Packet received at 17:19:39.361 

[17:19:39[361]] - [MASTER] Packet received at 17:19:39.361 

[17:19:39[601]] - [MASTER] Packet received at 17:19:39.601 

[17:19:39[601]] - [MASTER] Packet received at 17:19:39.601 

[17:19:39[857]] - [MASTER] Packet received at 17:19:39.856 

[17:19:39[856]] - [MASTER] Packet received at 17:19:39.856 

[17:19:40[129]] - [MASTER] Packet received at 17:19:40.129 

[17:19:40[129]] - [MASTER] Packet received at 17:19:40.129 

[17:19:40[305]] - [MASTER] Packet received at 17:19:40.305 

[17:19:40[305]] - [MASTER] Packet received at 17:19:40.305 

[17:19:40[514]] - [MASTER] Packet received at 17:19:40.514 

[17:19:40[514]] - [MASTER] Packet received at 17:19:40.514 

[17:19:40[785]] - [MASTER] Packet received at 17:19:40.785 

[17:19:40[785]] - [MASTER] Packet received at 17:19:40.785 

[17:19:41[088]] - [MASTER] Packet received at 17:19:41.088 

[17:19:41[088]] - [MASTER] Packet received at 17:19:41.088 

[17:19:41[457]] - [MASTER] Packet received at 17:19:41.457 

[17:19:41[457]] - [MASTER] Packet received at 17:19:41.457 

[17:19:41[714]] - [MASTER] Packet received at 17:19:41.714 

[17:19:41[714]] - [MASTER] Packet received at 17:19:41.714 

[17:19:41[921]] - [MASTER] Packet received at 17:19:41.921 

[17:19:41[921]] - [MASTER] Packet received at 17:19:41.921 

[17:19:42[128]] - [MASTER] Packet received at 17:19:42.128 

[17:19:42[128]] - [MASTER] Packet received at 17:19:42.128 

[17:19:42[392]] - [MASTER] Packet received at 17:19:42.392 

[17:19:42[392]] - [MASTER] Packet received at 17:19:42.392 

[17:19:42[664]] - [MASTER] Packet received at 17:19:42.664 

[17:19:42[664]] - [MASTER] Packet received at 17:19:42.664 

[17:19:42[936]] - [MASTER] Packet received at 17:19:42.936 

[17:19:42[936]] - [MASTER] Packet received at 17:19:42.936 

[17:19:43[128]] - [MASTER] Packet received at 17:19:43.128 

[17:19:43[128]] - [MASTER] Packet received at 17:19:43.128 

[17:19:43[432]] - [MASTER] Packet received at 17:19:43.431 

[17:19:43[431]] - [MASTER] Packet received at 17:19:43.431 

[17:19:43[705]] - [MASTER] Packet received at 17:19:43.705 

[17:19:43[705]] - [MASTER] Packet received at 17:19:43.705 

[17:19:43[896]] - [MASTER] Packet received at 17:19:43.896 

[17:19:43[896]] - [MASTER] Packet received at 17:19:43.896 

[17:19:44[074]] - [MASTER] Packet received at 17:19:44.073 

[17:19:44[073]] - [MASTER] Packet received at 17:19:44.073 

[17:19:44[346]] - [MASTER] Packet received at 17:19:44.346 

[17:19:44[346]] - [MASTER] Packet received at 17:19:44.346 

[17:19:44[730]] - [MASTER] Packet received at 17:19:44.730 

[17:19:44[730]] - [MASTER] Packet received at 17:19:44.730 

[17:19:45[018]] - [MASTER] Packet received at 17:19:45.018 

[17:19:45[018]] - [MASTER] Packet received at 17:19:45.018 

[17:19:45[356]] - [MASTER] Packet received at 17:19:45.356 

[17:19:45[356]] - [MASTER] Packet received at 17:19:45.356 

[17:19:45[612]] - [MASTER] Packet received at 17:19:45.612 

[17:19:45[612]] - [MASTER] Packet received at 17:19:45.612 

[17:19:45[787]] - [MASTER] Packet received at 17:19:45.787 

[17:19:45[787]] - [MASTER] Packet received at 17:19:45.787 

[17:19:45[963]] - [MASTER] Packet received at 17:19:45.963 

[17:19:45[963]] - [MASTER] Packet received at 17:19:45.963 

[17:19:46[235]] - [MASTER] Packet received at 17:19:46.235 

[17:19:46[235]] - [MASTER] Packet received at 17:19:46.235 

[17:19:46[411]] - [MASTER] Packet received at 17:19:46.411 

[17:19:46[411]] - [MASTER] Packet received at 17:19:46.411 

[17:19:46[619]] - [MASTER] Packet received at 17:19:46.619 

[17:19:46[619]] - [MASTER] Packet received at 17:19:46.619 

[17:19:46[891]] - [MASTER] Packet received at 17:19:46.890 

[17:19:46[890]] - [MASTER] Packet received at 17:19:46.890 

[17:19:47[379]] - [MASTER] Packet received at 17:19:47.379 

[17:19:47[379]] - [MASTER] Packet received at 17:19:47.379 

[17:19:47[619]] - [MASTER] Packet received at 17:19:47.618 

[17:19:47[618]] - [MASTER] Packet received at 17:19:47.618 

[17:19:47[819]] - [MASTER] Packet received at 17:19:47.819 

[17:19:47[819]] - [MASTER] Packet received at 17:19:47.819 

[17:19:47[995]] - [MASTER] Packet received at 17:19:47.994 

[17:19:47[994]] - [MASTER] Packet received at 17:19:47.994 

[17:19:48[186]] - [MASTER] Packet received at 17:19:48.186 

[17:19:48[186]] - [MASTER] Packet received at 17:19:48.186 

[17:19:48[426]] - [MASTER] Packet received at 17:19:48.426 

[17:19:48[426]] - [MASTER] Packet received at 17:19:48.426 

[17:19:48[619]] - [MASTER] Packet received at 17:19:48.619 

[17:19:48[619]] - [MASTER] Packet received at 17:19:48.619 

[17:19:48[816]] - [MASTER] Packet received at 17:19:48.816 

[17:19:48[816]] - [MASTER] Packet received at 17:19:48.816 

[17:19:49[008]] - [MASTER] Packet received at 17:19:49.008 

[17:19:49[008]] - [MASTER] Packet received at 17:19:49.008 

[17:19:49[190]] - [MASTER] Packet received at 17:19:49.190 

[17:19:49[190]] - [MASTER] Packet received at 17:19:49.190 

[17:19:49[381]] - [MASTER] Packet received at 17:19:49.381 

[17:19:49[381]] - [MASTER] Packet received at 17:19:49.381 

[17:19:49[619]] - [MASTER] Packet received at 17:19:49.619 

[17:19:49[619]] - [MASTER] Packet received at 17:19:49.619 

[17:19:49[794]] - [MASTER] Packet received at 17:19:49.794 

[17:19:49[794]] - [MASTER] Packet received at 17:19:49.794 

[17:19:49[970]] - [MASTER] Packet received at 17:19:49.970 

[17:19:49[970]] - [MASTER] Packet received at 17:19:49.970 

[17:19:50[164]] - [MASTER] Packet received at 17:19:50.164 

[17:19:50[164]] - [MASTER] Packet received at 17:19:50.164 

[17:19:50[434]] - [MASTER] Packet received at 17:19:50.434 

[17:19:50[434]] - [MASTER] Packet received at 17:19:50.434 

[17:19:50[724]] - [MASTER] Packet received at 17:19:50.723 

[17:19:50[723]] - [MASTER] Packet received at 17:19:50.723 

[17:19:51[042]] - [MASTER] Packet received at 17:19:51.042 

[17:19:51[042]] - [MASTER] Packet received at 17:19:51.042 

[17:20:01[615]] - [MASTER] Packet received at 17:20:01.615 

[17:20:01[615]] - [MASTER] Packet received at 17:20:01.615 

[17:20:30[714]] - [SLAVE] Packet received at 17:20:30.714 

[17:20:30[714]] - [SLAVE] Packet received at 17:20:30.714 

[17:20:30[889]] - [SLAVE] Packet received at 17:20:30.889 

[17:20:30[889]] - [SLAVE] Packet received at 17:20:30.889 

[17:20:31[028]] - [MATCH] dir=S°ÊM dt=0.318s  dist=10.00m  speed=113.3 km/h 

[17:20:31[028]] - [MATCH] dir=S°ÊM dt=0.318s  dist=10.00m  speed=113.3 km/h 

[17:20:31[036]] - [MASTER] Packet received at 17:20:31.036 

[17:20:31[036]] - [MASTER] Packet received at 17:20:31.036 

[17:20:32[264]] - [SLAVE] Packet received at 17:20:32.264 

[17:20:32[264]] - [SLAVE] Packet received at 17:20:32.264 

[17:20:35[687]] - [SLAVE] Packet received at 17:20:35.687 

[17:20:35[687]] - [SLAVE] Packet received at 17:20:35.687 

[17:20:43[413]] - [SLAVE] Packet received at 17:20:43.413 

[17:20:43[413]] - [SLAVE] Packet received at 17:20:43.413 

[17:20:51[878]] - [SLAVE] Packet received at 17:20:51.878 

[17:20:51[878]] - [SLAVE] Packet received at 17:20:51.878 

[17:20:55[330]] - [SLAVE] Packet received at 17:20:55.330 

[17:20:55[330]] - [SLAVE] Packet received at 17:20:55.330 

[17:21:13[248]] - [SLAVE] Packet received at 17:21:13.248 

[17:21:13[248]] - [SLAVE] Packet received at 17:21:13.248 

[17:21:13[487]] - [SLAVE] Packet received at 17:21:13.487 

[17:21:13[487]] - [SLAVE] Packet received at 17:21:13.487 

[17:21:16[636]] - [SLAVE] Packet received at 17:21:16.636 

[17:21:16[636]] - [SLAVE] Packet received at 17:21:16.636 

[17:21:19[472]] - [SLAVE] Packet received at 17:21:19.472 

[17:21:19[472]] - [SLAVE] Packet received at 17:21:19.472 

[17:21:19[612]] - [SLAVE] Packet received at 17:21:19.612 

[17:21:19[612]] - [SLAVE] Packet received at 17:21:19.612 

[17:21:20[524]] - [SLAVE] Packet received at 17:21:20.524 

[17:21:20[524]] - [SLAVE] Packet received at 17:21:20.524 

[17:21:22[860]] - [SLAVE] Packet received at 17:21:22.860 

[17:21:22[860]] - [SLAVE] Packet received at 17:21:22.860 

[17:21:24[615]] - [MATCH] dir=S°ÊM dt=4.095s  dist=10.00m  speed=8.8 km/h 

[17:21:24[615]] - [MATCH] dir=S°ÊM dt=4.095s  dist=10.00m  speed=8.8 km/h 

[17:21:24[622]] - [MASTER] Packet received at 17:21:24.622 

[17:21:24[622]] - [MASTER] Packet received at 17:21:24.622 

[17:21:24[791]] - [MATCH] dir=S°ÊM dt=1.936s  dist=10.00m  speed=18.6 km/h 

[17:21:24[791]] - [MATCH] dir=S°ÊM dt=1.936s  dist=10.00m  speed=18.6 km/h 

[17:21:24[810]] - [MASTER] Packet received at 17:21:24.810 

[17:21:24[810]] - [MASTER] Packet received at 17:21:24.810 

[17:21:24[923]] - [SLAVE] Packet received at 17:21:24.923 

[17:21:24[923]] - [SLAVE] Packet received at 17:21:24.923 

[17:21:25[115]] - [SLAVE] Packet received at 17:21:25.114 

[17:21:25[114]] - [SLAVE] Packet received at 17:21:25.114 

[17:22:34[843]] - [SLAVE] Packet received at 17:22:34.842 

[17:22:34[842]] - [SLAVE] Packet received at 17:22:34.842 

[17:22:35[306]] - [SLAVE] Packet received at 17:22:35.306 

[17:22:35[306]] - [SLAVE] Packet received at 17:22:35.306 

[17:22:35[896]] - [SLAVE] Packet received at 17:22:35.896 

[17:22:35[896]] - [SLAVE] Packet received at 17:22:35.896 

[17:22:36[410]] - [SLAVE] Packet received at 17:22:36.410 

[17:22:36[410]] - [SLAVE] Packet received at 17:22:36.410 

[17:22:36[600]] - [SLAVE] Packet received at 17:22:36.600 

[17:22:36[600]] - [SLAVE] Packet received at 17:22:36.600 

[17:22:36[776]] - [SLAVE] Packet received at 17:22:36.776 

[17:22:36[776]] - [SLAVE] Packet received at 17:22:36.776 

[17:22:36[983]] - [SLAVE] Packet received at 17:22:36.983 

[17:22:36[983]] - [SLAVE] Packet received at 17:22:36.983 

[17:22:37[512]] - [SLAVE] Packet received at 17:22:37.512 

[17:22:37[512]] - [SLAVE] Packet received at 17:22:37.512 

[17:22:37[736]] - [SLAVE] Packet received at 17:22:37.736 

[17:22:37[736]] - [SLAVE] Packet received at 17:22:37.736 

[17:22:38[231]] - [SLAVE] Packet received at 17:22:38.231 

[17:22:38[231]] - [SLAVE] Packet received at 17:22:38.231 

[17:22:43[882]] - [SLAVE] Packet received at 17:22:43.882 

[17:22:43[882]] - [SLAVE] Packet received at 17:22:43.882 

[17:22:45[613]] - [SLAVE] Packet received at 17:22:45.613 

[17:22:45[613]] - [SLAVE] Packet received at 17:22:45.613 

[17:22:45[823]] - [SLAVE] Packet received at 17:22:45.823 

[17:22:45[823]] - [SLAVE] Packet received at 17:22:45.823 

[17:22:48[332]] - [SLAVE] Packet received at 17:22:48.332 

[17:22:48[332]] - [SLAVE] Packet received at 17:22:48.332 

[17:22:49[435]] - [SLAVE] Packet received at 17:22:49.435 

[17:22:49[435]] - [SLAVE] Packet received at 17:22:49.435 

[17:22:49[676]] - [SLAVE] Packet received at 17:22:49.676 

[17:22:49[676]] - [SLAVE] Packet received at 17:22:49.676 

[17:22:50[412]] - [SLAVE] Packet received at 17:22:50.412 

[17:22:50[412]] - [SLAVE] Packet received at 17:22:50.412 

[17:22:50[620]] - [SLAVE] Packet received at 17:22:50.619 

[17:22:50[619]] - [SLAVE] Packet received at 17:22:50.619 

[17:22:52[139]] - [SLAVE] Packet received at 17:22:52.139 

[17:22:52[139]] - [SLAVE] Packet received at 17:22:52.139 

[17:22:52[732]] - [SLAVE] Packet received at 17:22:52.731 

[17:22:52[731]] - [SLAVE] Packet received at 17:22:52.731 

[17:22:54[012]] - [SLAVE] Packet received at 17:22:54.012 

[17:22:54[012]] - [SLAVE] Packet received at 17:22:54.012 

[17:22:54[348]] - [SLAVE] Packet received at 17:22:54.348 

[17:22:54[348]] - [SLAVE] Packet received at 17:22:54.348 

[17:22:54[522]] - [SLAVE] Packet received at 17:22:54.522 

[17:22:54[522]] - [SLAVE] Packet received at 17:22:54.522 

[17:22:55[227]] - [SLAVE] Packet received at 17:22:55.227 

[17:22:55[227]] - [SLAVE] Packet received at 17:22:55.227 

[17:22:55[450]] - [SLAVE] Packet received at 17:22:55.450 

[17:22:55[450]] - [SLAVE] Packet received at 17:22:55.450 

[17:22:55[851]] - [SLAVE] Packet received at 17:22:55.851 

[17:22:55[851]] - [SLAVE] Packet received at 17:22:55.851 

[17:22:56[666]] - [SLAVE] Packet received at 17:22:56.666 

[17:22:56[666]] - [SLAVE] Packet received at 17:22:56.666 

[17:22:56[873]] - [SLAVE] Packet received at 17:22:56.873 

[17:22:56[873]] - [SLAVE] Packet received at 17:22:56.873 

[17:22:57[098]] - [SLAVE] Packet received at 17:22:57.098 

[17:22:57[098]] - [SLAVE] Packet received at 17:22:57.098 

[17:22:57[322]] - [SLAVE] Packet received at 17:22:57.322 

[17:22:57[322]] - [SLAVE] Packet received at 17:22:57.322 

[17:22:57[577]] - [SLAVE] Packet received at 17:22:57.577 

[17:22:57[577]] - [SLAVE] Packet received at 17:22:57.577 

[17:22:57[801]] - [SLAVE] Packet received at 17:22:57.801 

[17:22:57[801]] - [SLAVE] Packet received at 17:22:57.801 

[17:22:58[010]] - [SLAVE] Packet received at 17:22:58.010 

[17:22:58[010]] - [SLAVE] Packet received at 17:22:58.010 

[17:22:58[219]] - [SLAVE] Packet received at 17:22:58.219 

[17:22:58[219]] - [SLAVE] Packet received at 17:22:58.219 

[17:22:58[426]] - [SLAVE] Packet received at 17:22:58.426 

[17:22:58[426]] - [SLAVE] Packet received at 17:22:58.426 

[17:22:58[666]] - [SLAVE] Packet received at 17:22:58.666 

[17:22:58[666]] - [SLAVE] Packet received at 17:22:58.666 

[17:22:58[907]] - [SLAVE] Packet received at 17:22:58.905 

[17:22:58[905]] - [SLAVE] Packet received at 17:22:58.905 

[17:22:59[144]] - [SLAVE] Packet received at 17:22:59.144 

[17:22:59[144]] - [SLAVE] Packet received at 17:22:59.144 

[17:22:59[387]] - [SLAVE] Packet received at 17:22:59.387 

[17:22:59[387]] - [SLAVE] Packet received at 17:22:59.387 

[17:22:59[658]] - [SLAVE] Packet received at 17:22:59.658 

[17:22:59[658]] - [SLAVE] Packet received at 17:22:59.658 

[17:22:59[881]] - [SLAVE] Packet received at 17:22:59.881 

[17:22:59[881]] - [SLAVE] Packet received at 17:22:59.881 

[17:23:00[090]] - [SLAVE] Packet received at 17:23:00.090 

[17:23:00[090]] - [SLAVE] Packet received at 17:23:00.090 

[17:23:00[297]] - [SLAVE] Packet received at 17:23:00.297 

[17:23:00[297]] - [SLAVE] Packet received at 17:23:00.297 

[17:23:00[761]] - [SLAVE] Packet received at 17:23:00.761 

[17:23:00[761]] - [SLAVE] Packet received at 17:23:00.761 

[17:23:00[985]] - [SLAVE] Packet received at 17:23:00.985 

[17:23:00[985]] - [SLAVE] Packet received at 17:23:00.985 

[17:23:01[194]] - [SLAVE] Packet received at 17:23:01.194 

[17:23:01[194]] - [SLAVE] Packet received at 17:23:01.194 

[17:23:01[434]] - [SLAVE] Packet received at 17:23:01.434 

[17:23:01[434]] - [SLAVE] Packet received at 17:23:01.434 

[17:23:01[642]] - [SLAVE] Packet received at 17:23:01.642 

[17:23:01[642]] - [SLAVE] Packet received at 17:23:01.642 

[17:23:01[816]] - [SLAVE] Packet received at 17:23:01.816 

[17:23:01[816]] - [SLAVE] Packet received at 17:23:01.816 

[17:23:02[025]] - [SLAVE] Packet received at 17:23:02.025 

[17:23:02[025]] - [SLAVE] Packet received at 17:23:02.025 

[17:23:02[217]] - [SLAVE] Packet received at 17:23:02.217 

[17:23:02[217]] - [SLAVE] Packet received at 17:23:02.217 

[17:23:02[425]] - [SLAVE] Packet received at 17:23:02.425 

[17:23:02[425]] - [SLAVE] Packet received at 17:23:02.425 

[17:23:02[668]] - [SLAVE] Packet received at 17:23:02.668 

[17:23:02[668]] - [SLAVE] Packet received at 17:23:02.668 

[17:23:02[873]] - [SLAVE] Packet received at 17:23:02.873 

[17:23:02[873]] - [SLAVE] Packet received at 17:23:02.873 

[17:23:03[448]] - [SLAVE] Packet received at 17:23:03.448 

[17:23:03[448]] - [SLAVE] Packet received at 17:23:03.448 

[17:23:03[673]] - [SLAVE] Packet received at 17:23:03.673 

[17:23:03[673]] - [SLAVE] Packet received at 17:23:03.673 

[17:23:04[184]] - [SLAVE] Packet received at 17:23:04.184 

[17:23:04[184]] - [SLAVE] Packet received at 17:23:04.184 

[17:23:04[632]] - [SLAVE] Packet received at 17:23:04.631 

[17:23:04[631]] - [SLAVE] Packet received at 17:23:04.631 

[17:23:04[840]] - [SLAVE] Packet received at 17:23:04.840 

[17:23:04[840]] - [SLAVE] Packet received at 17:23:04.840 

[17:23:05[225]] - [SLAVE] Packet received at 17:23:05.225 

[17:23:05[225]] - [SLAVE] Packet received at 17:23:05.225 

[17:23:05[930]] - [SLAVE] Packet received at 17:23:05.929 

[17:23:05[929]] - [SLAVE] Packet received at 17:23:05.929 

[17:23:06[135]] - [SLAVE] Packet received at 17:23:06.135 

[17:23:06[135]] - [SLAVE] Packet received at 17:23:06.135 

[17:23:06[311]] - [SLAVE] Packet received at 17:23:06.310 

[17:23:06[310]] - [SLAVE] Packet received at 17:23:06.310 

[17:23:06[536]] - [SLAVE] Packet received at 17:23:06.536 

[17:23:06[536]] - [SLAVE] Packet received at 17:23:06.536 

[17:23:06[743]] - [SLAVE] Packet received at 17:23:06.743 

[17:23:06[743]] - [SLAVE] Packet received at 17:23:06.743 

[17:23:07[241]] - [SLAVE] Packet received at 17:23:07.241 

[17:23:07[241]] - [SLAVE] Packet received at 17:23:07.241 

[17:23:07[447]] - [SLAVE] Packet received at 17:23:07.447 

[17:23:07[447]] - [SLAVE] Packet received at 17:23:07.447 

[17:23:08[344]] - [SLAVE] Packet received at 17:23:08.343 

[17:23:08[343]] - [SLAVE] Packet received at 17:23:08.343 

[17:23:11[463]] - [SLAVE] Packet received at 17:23:11.462 

[17:23:11[462]] - [SLAVE] Packet received at 17:23:11.462 

[17:23:14[614]] - [SLAVE] Packet received at 17:23:14.613 

[17:23:14[613]] - [SLAVE] Packet received at 17:23:14.613 

[17:23:14[853]] - [SLAVE] Packet received at 17:23:14.852 

[17:23:14[852]] - [SLAVE] Packet received at 17:23:14.852 

[17:23:16[100]] - [SLAVE] Packet received at 17:23:16.100 

[17:23:16[100]] - [SLAVE] Packet received at 17:23:16.100 

[17:23:17[205]] - [SLAVE] Packet received at 17:23:17.205 

[17:23:17[205]] - [SLAVE] Packet received at 17:23:17.205 

[17:23:18[821]] - [SLAVE] Packet received at 17:23:18.821 

[17:23:18[821]] - [SLAVE] Packet received at 17:23:18.821 

[17:23:19[429]] - [SLAVE] Packet received at 17:23:19.429 

[17:23:19[429]] - [SLAVE] Packet received at 17:23:19.429 

[17:23:19[732]] - [SLAVE] Packet received at 17:23:19.732 

[17:23:19[732]] - [SLAVE] Packet received at 17:23:19.732 

[17:23:19[957]] - [SLAVE] Packet received at 17:23:19.957 

[17:23:19[957]] - [SLAVE] Packet received at 17:23:19.957 

[17:23:20[886]] - [SLAVE] Packet received at 17:23:20.885 

[17:23:20[885]] - [SLAVE] Packet received at 17:23:20.885 

[17:23:21[093]] - [SLAVE] Packet received at 17:23:21.093 

[17:23:21[093]] - [SLAVE] Packet received at 17:23:21.093 

[17:23:21[524]] - [SLAVE] Packet received at 17:23:21.523 

[17:23:21[523]] - [SLAVE] Packet received at 17:23:21.523 

[17:23:22[852]] - [SLAVE] Packet received at 17:23:22.852 

[17:23:22[852]] - [SLAVE] Packet received at 17:23:22.852 

[17:23:23[891]] - [SLAVE] Packet received at 17:23:23.891 

[17:23:23[891]] - [SLAVE] Packet received at 17:23:23.891 

[17:23:24[115]] - [SLAVE] Packet received at 17:23:24.115 

[17:23:24[115]] - [SLAVE] Packet received at 17:23:24.115 

[17:23:24[326]] - [SLAVE] Packet received at 17:23:24.325 

[17:23:24[325]] - [SLAVE] Packet received at 17:23:24.325 

[17:23:24[755]] - [SLAVE] Packet received at 17:23:24.755 

[17:23:24[755]] - [SLAVE] Packet received at 17:23:24.755 

[17:23:25[074]] - [SLAVE] Packet received at 17:23:25.074 

[17:23:25[074]] - [SLAVE] Packet received at 17:23:25.074 

[17:23:25[555]] - [SLAVE] Packet received at 17:23:25.555 

[17:23:25[555]] - [SLAVE] Packet received at 17:23:25.555 

[17:23:25[847]] - [SLAVE] Packet received at 17:23:25.847 

[17:23:25[847]] - [SLAVE] Packet received at 17:23:25.847 

[17:23:26[083]] - [SLAVE] Packet received at 17:23:26.082 

[17:23:26[082]] - [SLAVE] Packet received at 17:23:26.082 

[17:23:26[291]] - [SLAVE] Packet received at 17:23:26.291 

[17:23:26[291]] - [SLAVE] Packet received at 17:23:26.291 

[17:23:26[483]] - [SLAVE] Packet received at 17:23:26.483 

[17:23:26[483]] - [SLAVE] Packet received at 17:23:26.483 

[17:23:26[692]] - [SLAVE] Packet received at 17:23:26.692 

[17:23:26[692]] - [SLAVE] Packet received at 17:23:26.692 

[17:23:26[915]] - [SLAVE] Packet received at 17:23:26.915 

[17:23:26[915]] - [SLAVE] Packet received at 17:23:26.915 

[17:23:27[282]] - [SLAVE] Packet received at 17:23:27.282 

[17:23:27[282]] - [SLAVE] Packet received at 17:23:27.282 

[17:23:27[507]] - [SLAVE] Packet received at 17:23:27.507 

[17:23:27[507]] - [SLAVE] Packet received at 17:23:27.507 

[17:23:27[717]] - [SLAVE] Packet received at 17:23:27.717 

[17:23:27[717]] - [SLAVE] Packet received at 17:23:27.717 

[17:23:28[114]] - [SLAVE] Packet received at 17:23:28.114 

[17:23:28[114]] - [SLAVE] Packet received at 17:23:28.114 

[17:23:28[370]] - [SLAVE] Packet received at 17:23:28.370 

[17:23:28[370]] - [SLAVE] Packet received at 17:23:28.370 

[17:23:28[610]] - [SLAVE] Packet received at 17:23:28.609 

[17:23:28[609]] - [SLAVE] Packet received at 17:23:28.609 

[17:23:28[850]] - [SLAVE] Packet received at 17:23:28.850 

[17:23:28[850]] - [SLAVE] Packet received at 17:23:28.850 

[17:23:29[683]] - [SLAVE] Packet received at 17:23:29.683 

[17:23:29[683]] - [SLAVE] Packet received at 17:23:29.683 

[17:23:29[922]] - [SLAVE] Packet received at 17:23:29.922 

[17:23:29[922]] - [SLAVE] Packet received at 17:23:29.922 

[17:23:30[147]] - [SLAVE] Packet received at 17:23:30.147 

[17:23:30[147]] - [SLAVE] Packet received at 17:23:30.147 

[17:23:30[401]] - [SLAVE] Packet received at 17:23:30.401 

[17:23:30[401]] - [SLAVE] Packet received at 17:23:30.401 

[17:23:30[977]] - [SLAVE] Packet received at 17:23:30.977 

[17:23:30[977]] - [SLAVE] Packet received at 17:23:30.977 

[17:23:31[171]] - [SLAVE] Packet received at 17:23:31.171 

[17:23:31[171]] - [SLAVE] Packet received at 17:23:31.171 

[17:23:31[409]] - [SLAVE] Packet received at 17:23:31.409 

[17:23:31[409]] - [SLAVE] Packet received at 17:23:31.409 

[17:23:31[617]] - [SLAVE] Packet received at 17:23:31.617 

[17:23:31[617]] - [SLAVE] Packet received at 17:23:31.617 

[17:23:32[030]] - [SLAVE] Packet received at 17:23:32.030 

[17:23:32[030]] - [SLAVE] Packet received at 17:23:32.030 

[17:23:32[255]] - [SLAVE] Packet received at 17:23:32.255 

[17:23:32[255]] - [SLAVE] Packet received at 17:23:32.255 

[17:23:32[512]] - [SLAVE] Packet received at 17:23:32.512 

[17:23:32[512]] - [SLAVE] Packet received at 17:23:32.512 

[17:23:32[719]] - [SLAVE] Packet received at 17:23:32.719 

[17:23:32[719]] - [SLAVE] Packet received at 17:23:32.719 

[17:23:33[093]] - [SLAVE] Packet received at 17:23:33.093 

[17:23:33[093]] - [SLAVE] Packet received at 17:23:33.093 

[17:23:33[519]] - [SLAVE] Packet received at 17:23:33.519 

[17:23:33[519]] - [SLAVE] Packet received at 17:23:33.519 

[17:23:33[705]] - [SLAVE] Packet received at 17:23:33.705 

[17:23:33[705]] - [SLAVE] Packet received at 17:23:33.705 

[17:23:33[912]] - [SLAVE] Packet received at 17:23:33.912 

[17:23:33[912]] - [SLAVE] Packet received at 17:23:33.912 

[17:23:34[480]] - [SLAVE] Packet received at 17:23:34.480 

[17:23:34[480]] - [SLAVE] Packet received at 17:23:34.480 

[17:23:35[446]] - [ERROR] Megnetic Sensor Disconnected...!
 

