[15:49:51[136]] - [INFO ] Megnetic Sensor Connected OK! 

[15:49:56[363]] - [MASTER] Packet received at 15:49:56.363 

[15:49:56[363]] - [MASTER] Packet received at 15:49:56.363 

[15:49:57[508]] - [MATCH] dir=M°ÊS dt=1.151s  dist=5.00m  speed=15.6 km/h 

[15:49:57[508]] - [MATCH] dir=M°ÊS dt=1.151s  dist=5.00m  speed=15.6 km/h 

[15:49:59[298]] - [SLAVE] Packet received at 15:49:59.298 

[15:49:59[298]] - [SLAVE] Packet received at 15:49:59.298 

[15:49:59[304]] - [SLAVE] Packet received at 15:49:59.304 

[15:49:59[304]] - [SLAVE] Packet received at 15:49:59.304 

[15:50:00[776]] - [MASTER] Packet received at 15:50:00.775 

[15:50:00[775]] - [MASTER] Packet received at 15:50:00.775 

[15:50:01[843]] - [MATCH] dir=M°ÊS dt=1.072s  dist=5.00m  speed=16.8 km/h 

[15:50:01[843]] - [MATCH] dir=M°ÊS dt=1.072s  dist=5.00m  speed=16.8 km/h 

[15:50:01[850]] - [SLAVE] Packet received at 15:50:01.850 

[15:50:01[850]] - [SLAVE] Packet received at 15:50:01.850 

[15:50:03[428]] - [MASTER] Packet received at 15:50:03.428 

[15:50:03[428]] - [MASTER] Packet received at 15:50:03.428 

[15:50:04[498]] - [MATCH] dir=M°ÊS dt=1.071s  dist=5.00m  speed=16.8 km/h 

[15:50:04[497]] - [MATCH] dir=M°ÊS dt=1.071s  dist=5.00m  speed=16.8 km/h 

[15:50:04[504]] - [SLAVE] Packet received at 15:50:04.504 

[15:50:04[504]] - [SLAVE] Packet received at 15:50:04.504 

[15:50:05[786]] - [MASTER] Packet received at 15:50:05.786 

[15:50:05[786]] - [MASTER] Packet received at 15:50:05.786 

[15:50:06[866]] - [MATCH] dir=M°ÊS dt=1.087s  dist=5.00m  speed=16.6 km/h 

[15:50:06[865]] - [MATCH] dir=M°ÊS dt=1.087s  dist=5.00m  speed=16.6 km/h 

[15:50:07[062]] - [SLAVE] Packet received at 15:50:07.061 

[15:50:07[061]] - [SLAVE] Packet received at 15:50:07.061 

[15:50:30[190]] - [MASTER] Packet received at 15:50:30.189 

[15:50:30[189]] - [MASTER] Packet received at 15:50:30.189 

[15:50:31[572]] - [MASTER] Packet received at 15:50:31.572 

[15:50:31[572]] - [MASTER] Packet received at 15:50:31.572 

[15:50:32[670]] - [MATCH] dir=M°ÊS dt=1.104s  dist=5.00m  speed=16.3 km/h 

[15:50:32[667]] - [MATCH] dir=M°ÊS dt=1.104s  dist=5.00m  speed=16.3 km/h 

[15:50:32[677]] - [SLAVE] Packet received at 15:50:32.677 

[15:50:32[677]] - [SLAVE] Packet received at 15:50:32.677 

[15:50:35[772]] - [MASTER] Packet received at 15:50:35.772 

[15:50:35[772]] - [MASTER] Packet received at 15:50:35.772 

[15:50:36[956]] - [MASTER] Packet received at 15:50:36.955 

[15:50:36[956]] - [MASTER] Packet received at 15:50:36.955 

[15:50:38[090]] - [MATCH] dir=M°ÊS dt=1.137s  dist=5.00m  speed=15.8 km/h 

[15:50:38[089]] - [MATCH] dir=M°ÊS dt=1.137s  dist=5.00m  speed=15.8 km/h 

[15:50:38[100]] - [SLAVE] Packet received at 15:50:38.100 

[15:50:38[100]] - [SLAVE] Packet received at 15:50:38.100 

[15:50:40[845]] - [SLAVE] Packet received at 15:50:40.845 

[15:50:40[845]] - [SLAVE] Packet received at 15:50:40.845 

[15:50:42[731]] - [MASTER] Packet received at 15:50:42.731 

[15:50:42[731]] - [MASTER] Packet received at 15:50:42.731 

[15:50:43[800]] - [MATCH] dir=M°ÊS dt=1.072s  dist=5.00m  speed=16.8 km/h 

[15:50:43[800]] - [MATCH] dir=M°ÊS dt=1.072s  dist=5.00m  speed=16.8 km/h 

[15:50:43[806]] - [SLAVE] Packet received at 15:50:43.806 

[15:50:43[806]] - [SLAVE] Packet received at 15:50:43.806 

[15:50:45[466]] - [SLAVE] Packet received at 15:50:45.465 

[15:50:45[466]] - [SLAVE] Packet received at 15:50:45.465 

[15:50:47[932]] - [MASTER] Packet received at 15:50:47.932 

[15:50:47[932]] - [MASTER] Packet received at 15:50:47.932 

[15:50:50[093]] - [SLAVE] Packet received at 15:50:50.093 

[15:50:50[093]] - [SLAVE] Packet received at 15:50:50.093 

[15:50:51[961]] - [MASTER] Packet received at 15:50:51.961 

[15:50:51[961]] - [MASTER] Packet received at 15:50:51.961 

[15:50:54[919]] - [SLAVE] Packet received at 15:50:54.919 

[15:50:54[919]] - [SLAVE] Packet received at 15:50:54.919 

[15:50:56[269]] - [MASTER] Packet received at 15:50:56.268 

[15:50:56[268]] - [MASTER] Packet received at 15:50:56.268 

[15:50:57[542]] - [MASTER] Packet received at 15:50:57.542 

[15:50:57[542]] - [MASTER] Packet received at 15:50:57.542 

[15:50:58[660]] - [MATCH] dir=M°ÊS dt=1.119s  dist=5.00m  speed=16.1 km/h 

[15:50:58[659]] - [MATCH] dir=M°ÊS dt=1.119s  dist=5.00m  speed=16.1 km/h 

[15:50:58[669]] - [SLAVE] Packet received at 15:50:58.669 

[15:50:58[669]] - [SLAVE] Packet received at 15:50:58.669 

[15:51:26[959]] - [MASTER] Packet received at 15:51:26.959 

[15:51:26[959]] - [MASTER] Packet received at 15:51:26.959 

[15:56:10[860]] - [INFO ] Megnetic Sensor Connected OK! 

[15:56:14[970]] - [MASTER] Packet received at 15:56:14.970 

[15:56:14[970]] - [MASTER] Packet received at 15:56:14.970 

[15:56:16[163]] - [MATCH] dir=M°ÊS dt=1.198s  dist=5.00m  speed=15.0 km/h 

[15:56:16[163]] - [MATCH] dir=M°ÊS dt=1.198s  dist=5.00m  speed=15.0 km/h 

[15:56:16[172]] - [SLAVE] Packet received at 15:56:16.171 

[15:56:16[171]] - [SLAVE] Packet received at 15:56:16.171 

[15:56:18[197]] - [MASTER] Packet received at 15:56:18.197 

[15:56:18[197]] - [MASTER] Packet received at 15:56:18.197 

[15:56:19[315]] - [MATCH] dir=M°ÊS dt=1.120s  dist=5.00m  speed=16.1 km/h 

[15:56:19[314]] - [MATCH] dir=M°ÊS dt=1.120s  dist=5.00m  speed=16.1 km/h 

[15:56:19[458]] - [SLAVE] Packet received at 15:56:19.457 

[15:56:19[457]] - [SLAVE] Packet received at 15:56:19.457 

[15:56:20[757]] - [MASTER] Packet received at 15:56:20.757 

[15:56:20[757]] - [MASTER] Packet received at 15:56:20.757 

[15:56:23[349]] - [SLAVE] Packet received at 15:56:23.348 

[15:56:23[348]] - [SLAVE] Packet received at 15:56:23.348 

[15:56:23[985]] - [MATCH] dir=S°ÊM dt=0.641s  dist=5.00m  speed=28.1 km/h 

[15:56:23[985]] - [MATCH] dir=S°ÊM dt=0.641s  dist=5.00m  speed=28.1 km/h 

[15:56:23[993]] - [MASTER] Packet received at 15:56:23.992 

[15:56:23[992]] - [MASTER] Packet received at 15:56:23.992 

[15:56:24[723]] - [SLAVE] Packet received at 15:56:24.723 

[15:56:24[723]] - [SLAVE] Packet received at 15:56:24.723 

[15:56:27[427]] - [MASTER] Packet received at 15:56:27.427 

[15:56:27[427]] - [MASTER] Packet received at 15:56:27.427 

[15:56:27[874]] - [MATCH] dir=M°ÊS dt=0.448s  dist=5.00m  speed=40.1 km/h 

[15:56:27[873]] - [MATCH] dir=M°ÊS dt=0.448s  dist=5.00m  speed=40.1 km/h 

[15:56:27[880]] - [SLAVE] Packet received at 15:56:27.880 

[15:56:27[880]] - [SLAVE] Packet received at 15:56:27.880 

[15:57:57[681]] - [INFO ] Megnetic Sensor Connected OK! 

[15:58:40[980]] - [MASTER] Packet received at 15:58:40.979 

[15:58:40[979]] - [MASTER] Packet received at 15:58:40.979 

[15:58:42[404]] - [SLAVE] Packet received at 15:58:42.404 

[15:58:42[404]] - [SLAVE] Packet received at 15:58:42.404 

[15:58:47[525]] - [SLAVE] Packet received at 15:58:47.525 

[15:58:47[525]] - [SLAVE] Packet received at 15:58:47.525 

[15:58:48[927]] - [MASTER] Packet received at 15:58:48.927 

[15:58:48[927]] - [MASTER] Packet received at 15:58:48.927 

[15:58:50[272]] - [SLAVE] Packet received at 15:58:50.272 

[15:58:50[272]] - [SLAVE] Packet received at 15:58:50.272 

[15:58:51[372]] - [MATCH] dir=S°ÊM dt=1.104s  dist=5.00m  speed=16.3 km/h 

[15:58:51[372]] - [MATCH] dir=S°ÊM dt=1.104s  dist=5.00m  speed=16.3 km/h 

[15:58:51[378]] - [MASTER] Packet received at 15:58:51.378 

[15:58:51[378]] - [MASTER] Packet received at 15:58:51.378 

[15:58:52[734]] - [SLAVE] Packet received at 15:58:52.734 

[15:58:52[734]] - [SLAVE] Packet received at 15:58:52.734 

[15:58:53[933]] - [MATCH] dir=S°ÊM dt=1.199s  dist=5.00m  speed=15.0 km/h 

[15:58:53[931]] - [MATCH] dir=S°ÊM dt=1.199s  dist=5.00m  speed=15.0 km/h 

[15:58:53[943]] - [MASTER] Packet received at 15:58:53.943 

[15:58:53[943]] - [MASTER] Packet received at 15:58:53.943 

[15:58:55[294]] - [SLAVE] Packet received at 15:58:55.294 

[15:58:55[294]] - [SLAVE] Packet received at 15:58:55.294 

[15:58:57[668]] - [MASTER] Packet received at 15:58:57.668 

[15:58:57[668]] - [MASTER] Packet received at 15:58:57.668 

[15:58:59[438]] - [SLAVE] Packet received at 15:58:59.438 

[15:58:59[438]] - [SLAVE] Packet received at 15:58:59.438 

[15:59:00[601]] - [MATCH] dir=S°ÊM dt=1.167s  dist=5.00m  speed=15.4 km/h 

[15:59:00[601]] - [MATCH] dir=S°ÊM dt=1.167s  dist=5.00m  speed=15.4 km/h 

[15:59:00[607]] - [MASTER] Packet received at 15:59:00.607 

[15:59:00[607]] - [MASTER] Packet received at 15:59:00.607 

[15:59:01[884]] - [SLAVE] Packet received at 15:59:01.884 

[15:59:01[884]] - [SLAVE] Packet received at 15:59:01.884 

[15:59:03[049]] - [MATCH] dir=S°ÊM dt=1.168s  dist=5.00m  speed=15.4 km/h 

[15:59:03[049]] - [MATCH] dir=S°ÊM dt=1.168s  dist=5.00m  speed=15.4 km/h 

[15:59:03[057]] - [MASTER] Packet received at 15:59:03.057 

[15:59:03[057]] - [MASTER] Packet received at 15:59:03.057 

[15:59:04[349]] - [SLAVE] Packet received at 15:59:04.349 

[15:59:04[349]] - [SLAVE] Packet received at 15:59:04.349 

[15:59:05[496]] - [MATCH] dir=S°ÊM dt=1.152s  dist=5.00m  speed=15.6 km/h 

[15:59:05[496]] - [MATCH] dir=S°ÊM dt=1.152s  dist=5.00m  speed=15.6 km/h 

[15:59:05[501]] - [MASTER] Packet received at 15:59:05.501 

[15:59:05[501]] - [MASTER] Packet received at 15:59:05.501 

[15:59:06[813]] - [SLAVE] Packet received at 15:59:06.813 

[15:59:06[813]] - [SLAVE] Packet received at 15:59:06.813 

[15:59:07[848]] - [MATCH] dir=S°ÊM dt=1.039s  dist=5.00m  speed=17.3 km/h 

[15:59:07[848]] - [MATCH] dir=S°ÊM dt=1.039s  dist=5.00m  speed=17.3 km/h 

[15:59:07[854]] - [MASTER] Packet received at 15:59:07.854 

[15:59:07[854]] - [MASTER] Packet received at 15:59:07.854 

[15:59:09[177]] - [SLAVE] Packet received at 15:59:09.177 

[15:59:09[177]] - [SLAVE] Packet received at 15:59:09.177 

[15:59:13[150]] - [MASTER] Packet received at 15:59:13.150 

[15:59:13[150]] - [MASTER] Packet received at 15:59:13.150 

[15:59:21[886]] - [MASTER] Packet received at 15:59:21.886 

[15:59:21[886]] - [MASTER] Packet received at 15:59:21.886 

[15:59:26[392]] - [MASTER] Packet received at 15:59:26.392 

[15:59:26[392]] - [MASTER] Packet received at 15:59:26.392 

[15:59:33[843]] - [MASTER] Packet received at 15:59:33.843 

[15:59:33[843]] - [MASTER] Packet received at 15:59:33.843 

[15:59:44[117]] - [SLAVE] Packet received at 15:59:44.117 

[15:59:44[117]] - [SLAVE] Packet received at 15:59:44.117 

[15:59:45[424]] - [MASTER] Packet received at 15:59:45.424 

[15:59:45[424]] - [MASTER] Packet received at 15:59:45.424 

[15:59:46[574]] - [MATCH] dir=M°ÊS dt=1.152s  dist=5.00m  speed=15.6 km/h 

[15:59:46[574]] - [MATCH] dir=M°ÊS dt=1.152s  dist=5.00m  speed=15.6 km/h 

[15:59:46[586]] - [SLAVE] Packet received at 15:59:46.586 

[15:59:46[586]] - [SLAVE] Packet received at 15:59:46.586 

[15:59:47[586]] - [MASTER] Packet received at 15:59:47.586 

[15:59:47[586]] - [MASTER] Packet received at 15:59:47.586 

[15:59:49[929]] - [SLAVE] Packet received at 15:59:49.929 

[15:59:49[929]] - [SLAVE] Packet received at 15:59:49.929 

[15:59:51[219]] - [MASTER] Packet received at 15:59:51.219 

[15:59:51[219]] - [MASTER] Packet received at 15:59:51.219 

[15:59:52[479]] - [SLAVE] Packet received at 15:59:52.479 

[15:59:52[479]] - [SLAVE] Packet received at 15:59:52.479 

[15:59:53[468]] - [MATCH] dir=S°ÊM dt=0.992s  dist=5.00m  speed=18.1 km/h 

[15:59:53[468]] - [MATCH] dir=S°ÊM dt=0.992s  dist=5.00m  speed=18.1 km/h 

[15:59:53[476]] - [MASTER] Packet received at 15:59:53.476 

[15:59:53[476]] - [MASTER] Packet received at 15:59:53.476 

[15:59:54[943]] - [SLAVE] Packet received at 15:59:54.943 

[15:59:54[943]] - [SLAVE] Packet received at 15:59:54.943 

[15:59:55[820]] - [MATCH] dir=S°ÊM dt=0.880s  dist=5.00m  speed=20.5 km/h 

[15:59:55[820]] - [MATCH] dir=S°ÊM dt=0.880s  dist=5.00m  speed=20.5 km/h 

[15:59:55[825]] - [MASTER] Packet received at 15:59:55.825 

[15:59:55[825]] - [MASTER] Packet received at 15:59:55.825 

[15:59:57[124]] - [SLAVE] Packet received at 15:59:57.124 

[15:59:57[124]] - [SLAVE] Packet received at 15:59:57.124 

[15:59:58[075]] - [MATCH] dir=S°ÊM dt=0.959s  dist=5.00m  speed=18.8 km/h 

[15:59:58[074]] - [MATCH] dir=S°ÊM dt=0.959s  dist=5.00m  speed=18.8 km/h 

[15:59:58[082]] - [MASTER] Packet received at 15:59:58.082 

[15:59:58[082]] - [MASTER] Packet received at 15:59:58.082 

[15:59:59[286]] - [SLAVE] Packet received at 15:59:59.286 

[15:59:59[286]] - [SLAVE] Packet received at 15:59:59.286 

[16:00:00[330]] - [MATCH] dir=S°ÊM dt=1.056s  dist=5.00m  speed=17.1 km/h 

[16:00:00[330]] - [MATCH] dir=S°ÊM dt=1.056s  dist=5.00m  speed=17.1 km/h 

[16:00:00[336]] - [MASTER] Packet received at 16:00:00.335 

[16:00:00[335]] - [MASTER] Packet received at 16:00:00.335 

[16:23:38[425]] - [ERROR] Megnetic Sensor Disconnected...!
 

