Road Temp Monitoring Program V1.0
회 사 명 : (주)레도
작성일자 : 2021년 07월 13일 18:08:20


날짜/시간 	 #1대기온도 	 #1대기습도 	 #1물체온도
2021-07-13 18:08:20:349	24.1	66.3	76.8
2021-07-13 18:08:21:180	24.1	66.2	24.7
2021-07-13 18:08:22:189	24.1	66.2	24.7
2021-07-13 18:08:23:196	24.1	66.2	24.7
2021-07-13 18:08:24:188	24.1	66.2	24.7
2021-07-13 18:08:25:181	24.1	66.2	24.7
2021-07-13 18:08:26:187	24.1	75.9	27.5
2021-07-13 18:08:27:178	24	66.2	27.5
2021-07-13 18:08:29:186	0.2	3840	6297.7
2021-07-13 18:08:30:180	1.4	76.8	3967.8
2021-07-13 18:08:31:185	24.1	66.2	20.6
2021-07-13 18:08:32:189	20.6	66.2	20.6
2021-07-13 18:08:33:183	24	66.2	20.6
2021-07-13 18:08:34:191	24	66.2	24.7
2021-07-13 18:08:35:183	24	66.2	24.7
2021-07-13 18:08:36:191	24.1	66.2	0
2021-07-13 18:08:37:202	24.1	66.2	24.7
2021-07-13 18:08:38:192	24.1	66.2	24.7
2021-07-13 18:08:39:199	24.1	66.2	24.7
2021-07-13 18:08:40:206	24.1	66.2	24.7
2021-07-13 18:08:41:218	24.1	66.2	9.6
2021-07-13 18:08:43:215	6169.8	3840	6323.3
2021-07-13 18:08:48:226	24	66.2	24.8
2021-07-13 18:08:49:212	24.1	66.2	24.8
2021-07-13 18:08:50:220	24.1	66.2	24.7
2021-07-13 18:08:53:229	24.1	66.2	24.7
2021-07-13 18:08:54:205	24.1	66.2	24.7
2021-07-13 18:08:55:211	24.1	75.9	27.5
2021-07-13 18:08:56:218	24.1	2467.5	27.5
2021-07-13 18:08:57:212	24.1	66.2	24.8
2021-07-13 18:08:59:210	24.1	24.8	28
2021-07-13 18:09:00:218	24.1	66.2	6248.8
2021-07-13 18:09:01:227	24.1	66.2	24.8
2021-07-13 18:09:02:220	24.1	66.2	24.8
2021-07-13 18:09:03:212	24.1	66.2	24.8
2021-07-13 18:09:04:221	614.7	4.4	6296.8
2021-07-13 18:09:05:226	24	66.2	24.7
2021-07-13 18:09:06:217	24	66.2	24.8
2021-07-13 18:09:07:209	24.1	66.2	24.8
2021-07-13 18:09:09:209	24.8	28	76.8
2021-07-13 18:14:29:274	24	68.7	0
2021-07-13 18:15:10:561	24.1	68.7	24.8
2021-07-13 18:15:10:992	24.1	68.7	24.8
2021-07-13 18:15:30:447	24.1	68.1	24.8
2021-07-13 18:15:30:980	24.1	4215.3	24.8
2021-07-13 18:15:31:791	24.1	68.1	24.9
2021-07-13 18:15:33:540	24.1	28.5	76.8
2021-07-13 18:15:35:120	24.1	68	24.9
2021-07-13 18:15:36:122	24.1	68	24.9
2021-07-13 18:15:36:582	22.5	4624.8	24.9
2021-07-13 18:15:37:572	24.1	742.7	16.1
2021-07-13 18:15:38:594	24.1	67.3	1936.1
2021-07-13 18:20:56:479	24	68.6	24.7
2021-07-13 19:09:23:139	24	67.6	24.7
2021-07-13 19:52:40:334	23.9	67.3	24.8
2021-07-13 19:52:58:619	23.9	67.7	0
2021-07-13 19:53:00:043	23.9	67.8	24.8
2021-07-13 19:53:06:044	23.9	67.8	24.8
2021-07-13 19:53:10:060	23.9	67.9	24.9
2021-07-13 19:53:12:057	23.9	67.9	24.9
2021-07-13 19:53:14:057	23.9	67.9	24.9
2021-07-13 19:53:16:056	23.9	67.9	0
2021-07-13 19:53:18:075	23.9	67.9	24.9
2021-07-13 19:53:20:059	23.9	68	0
2021-07-13 19:53:24:042	23.9	68	24.8
2021-07-13 19:54:07:223	23.9	68.3	24.8
2021-07-13 19:54:09:232	23.9	68.3	24.8
2021-07-13 19:54:11:217	23.9	68.2	24.8
2021-07-13 19:54:14:228	24	68.2	0
2021-07-13 19:54:19:215	23.9	68.2	24.8
2021-07-13 19:54:21:231	23.9	68.2	24.9
2021-07-13 19:54:22:238	23.9	68.2	24.9
2021-07-13 19:54:23:246	23.9	68.2	0
2021-07-13 19:54:25:250	24	68.2	24.8
2021-07-13 19:54:29:233	23.9	68.2	24.8
2021-07-13 19:54:32:239	24	68.2	24.8
2021-07-13 19:54:35:229	23.9	68.2	24.8
2021-07-13 19:54:40:219	24	68.2	24.8
2021-07-13 19:54:44:237	24	68.1	0
2021-07-13 19:54:46:254	23.9	68.1	24.9
2021-07-13 19:54:47:259	23.9	68.1	24.9
2021-07-13 19:54:48:252	24	68.1	24.9
2021-07-13 19:54:50:234	24	68.1	24.8
2021-07-13 19:54:53:246	23.9	68	24.8
2021-07-13 19:54:55:224	23.9	68	24.8
2021-07-13 19:54:59:225	23.9	67.9	24.8
2021-07-13 19:55:03:272	23.9	67.9	24.8
2021-07-13 19:55:04:266	24	67.9	0
2021-07-13 19:55:06:249	24	67.9	24.8
2021-07-13 19:55:09:273	24	68	0
2021-07-13 19:55:14:279	24	68	24.8
2021-07-13 19:55:18:276	23.9	68	24.8
2021-07-13 19:55:21:286	23.9	67.9	24.8
2021-07-13 19:55:24:277	24	67.9	24.8
2021-07-13 19:55:27:302	23.9	67.9	24.9
2021-07-13 19:55:28:291	23.9	67.9	24.9
2021-07-13 19:55:29:298	23.9	67.9	24.9
2021-07-13 19:55:31:283	23.9	67.9	24.8
2021-07-13 19:55:33:298	23.9	67.9	24.9
2021-07-13 19:55:35:284	23.9	67.8	24.8
2021-07-13 19:55:38:273	23.9	67.8	24.8
2021-07-13 19:55:41:298	23.9	67.8	24.7
2021-07-13 19:55:42:289	24	67.8	0
2021-07-13 19:55:43:297	24	67.8	24.7
2021-07-13 19:55:50:567	24	67.8	24.7
2021-07-13 19:55:54:562	24	67.8	0
2021-07-13 19:55:59:552	23.9	67.7	24.9
2021-07-13 19:56:02:561	24	67.7	24.8
2021-07-13 19:56:07:567	24	67.7	24.7
2021-07-13 19:56:10:563	23.9	67.7	0
2021-07-13 19:56:15:552	24	67.6	24.9
2021-07-13 19:56:18:559	24	67.6	24.9
2021-07-13 19:56:21:570	23.9	67.6	24.8
2021-07-13 19:56:24:572	24	67.6	24.7
2021-07-13 19:56:27:575	24	67.6	24.8
2021-07-13 19:56:38:597	24	67.5	24.9
2021-07-13 19:56:41:590	24	67.4	0
2021-07-13 19:56:47:610	24	67.2	24.9
2021-07-13 19:56:54:616	24	67.1	0
2021-07-13 19:56:57:624	24	67.1	24.8
2021-07-13 19:57:01:630	24	66.9	0
2021-07-13 19:57:08:641	23.9	66.6	24.6
2021-07-13 19:57:17:637	24	66.2	24.7
2021-07-13 19:57:20:628	24	66.2	24.7
2021-07-13 20:00:03:826	23.9	66.5	24.6
2021-07-13 20:00:04:816	23.9	66.6	24.6
2021-07-13 20:00:05:824	23.9	66.6	24.6
2021-07-13 20:00:06:834	23.9	66.7	24.6
2021-07-13 20:00:07:824	23.9	66.7	24.7
2021-07-13 20:00:08:832	23.9	66.8	24.6
2021-07-13 20:00:09:823	23.9	66.8	24.6
2021-07-13 20:00:10:816	23.9	66.9	24.6
2021-07-13 20:00:11:823	23.9	66.9	24.6
2021-07-13 20:00:12:832	23.9	66.9	24.6
2021-07-13 20:00:13:824	23.9	66.9	24.6
2021-07-13 20:00:14:832	23.9	66.9	24.6
2021-07-13 20:00:15:822	23.9	66.9	24.6
2021-07-13 20:00:25:819	23.9	66.9	24.8
2021-07-13 20:00:27:818	23.9	66.9	24.7
2021-07-13 20:00:32:807	23.9	66.9	24.7
2021-07-13 20:00:35:815	23.9	66.9	24.7
2021-07-13 20:00:38:808	23.9	66.9	24.7
2021-07-13 20:00:42:821	23.9	66.9	24.8
2021-07-13 20:00:44:823	23.9	66.9	24.7
2021-07-13 20:00:46:829	23.9	66.9	24.8
2021-07-13 20:00:47:832	23.9	66.9	24.8
2021-07-13 20:00:48:838	23.9	66.9	24.8
2021-07-13 20:00:49:831	23.9	66.9	24.8
2021-07-13 20:00:50:824	23.9	67	24.8
2021-07-13 20:00:51:831	23.9	67	24.8
2021-07-13 20:00:52:823	23.9	67	24.8
2021-07-13 20:00:53:829	23.9	67	24.8
2021-07-13 20:00:54:838	23.9	67	24.8
2021-07-13 20:00:55:831	23.9	67	24.8
2021-07-13 20:00:56:837	23.9	67	24.8
2021-07-13 20:00:57:846	23.9	67	24.8
2021-07-13 20:00:59:181	23.9	67.1	24.8
2021-07-13 20:00:59:830	23.9	67.1	24.9
2021-07-13 20:01:00:838	23.9	67.1	24.8
2021-07-13 20:01:01:846	23.9	67.1	24.8
2021-07-13 20:01:03:829	23.9	67.2	24.8
2021-07-13 20:01:05:861	23.9	67.2	24.9
2021-07-13 20:01:06:854	23.9	67.3	24.9
2021-07-13 20:01:07:875	23.9	67.3	24.9
2021-07-13 20:01:08:868	23.9	67.3	24.9
2021-07-13 20:01:09:876	23.9	67.3	24.9
2021-07-13 20:01:10:867	23.9	67.3	24.9
2021-07-13 20:01:11:875	23.9	67.3	24.9
2021-07-13 20:01:12:883	23.9	67.4	24.9
2021-07-13 20:01:13:875	23.9	67.4	24.9
2021-07-13 20:01:14:883	23.9	67.4	24.9
2021-07-13 20:01:15:874	23.9	67.4	24.9
2021-07-13 20:01:16:866	23.9	67.4	24.9
2021-07-13 20:01:18:866	23.9	67.4	24.8
2021-07-13 20:01:20:866	23.9	67.5	24.8
2021-07-13 20:01:26:849	23.9	67.6	24.8
2021-07-13 20:01:30:881	23.9	67.7	24.6
2021-07-13 20:01:31:870	23.9	67.7	24.7
2021-07-13 20:01:32:864	23.9	67.7	24.7
2021-07-13 20:01:33:870	23.9	67.7	24.7
2021-07-13 20:01:34:879	23.9	67.7	24.7
2021-07-13 20:01:35:886	23.9	67.7	24.7
2021-07-13 20:01:36:896	23.9	67.8	24.7
2021-07-13 20:01:38:878	23.9	67.8	24.8
2021-07-13 20:01:39:887	23.9	67.8	24.7
2021-07-13 20:01:40:878	23.9	67.8	24.7
2021-07-13 20:01:41:885	23.9	67.8	24.7
2021-07-13 20:01:42:877	23.9	67.9	24.7
2021-07-13 20:01:43:886	23.9	67.9	24.7
2021-07-13 20:01:44:894	23.9	67.9	24.7
2021-07-13 20:01:45:885	23.9	67.9	24.6
2021-07-13 20:01:46:894	23.9	67.9	24.6
2021-07-13 20:01:47:884	23.9	67.9	24.7
2021-07-13 20:01:48:891	23.9	67.9	24.7
2021-07-13 20:01:49:900	23.9	67.9	24.7
2021-07-13 20:01:50:894	23.9	68	24.7
2021-07-13 20:01:51:884	23.9	68	24.7
2021-07-13 20:01:52:892	23.9	68	24.7
2021-07-13 20:01:53:883	23.9	68	24.7
2021-07-13 20:01:54:875	23.9	68	24.7
2021-07-13 20:01:55:883	23.9	68	24.7
2021-07-13 20:01:56:890	23.9	68	24.7
2021-07-13 20:01:57:882	23.9	68	24.7
2021-07-13 20:01:58:894	23.9	68.1	24.7
2021-07-13 20:01:59:899	23.9	68.1	24.7
2021-07-13 20:02:00:892	23.9	68	24.7
2021-07-13 20:02:01:901	23.9	68	24.6
2021-07-13 20:02:02:892	23.9	68	24.6
2021-07-13 20:02:03:884	23.9	68	24.6
2021-07-13 20:02:04:892	23.9	68	24.6
2021-07-13 20:02:05:884	23.9	68	24.6
2021-07-13 20:02:06:902	23.9	68	24.6
2021-07-13 20:02:07:879	23.9	68	24.6
2021-07-13 20:02:08:885	23.9	68	24.6
2021-07-13 20:02:09:895	23.9	68	24.6
2021-07-13 20:02:10:885	23.9	68	24.6
2021-07-13 20:02:11:894	23.9	68	24.6
2021-07-13 20:02:12:885	23.9	68	24.6
2021-07-13 20:02:13:878	23.9	68	24.6
2021-07-13 20:02:14:885	23.9	68	24.6
2021-07-13 20:02:15:893	23.9	68	24.6
2021-07-13 20:02:16:884	23.9	68	24.7
2021-07-13 20:02:17:893	23.9	68	24.6
2021-07-13 20:02:18:885	23.9	68	24.6
2021-07-13 20:02:19:892	23.9	68	24.6
2021-07-13 20:02:20:884	23.9	68	24.6
2021-07-13 20:02:21:892	23.9	68	24.6
2021-07-13 20:02:22:884	23.9	68	24.6
2021-07-13 20:02:23:891	23.9	68	24.6
2021-07-13 20:02:24:883	23.9	68	24.6
2021-07-13 20:02:25:892	23.9	68	24.7
2021-07-13 20:02:26:884	23.9	68	24.7
2021-07-13 20:02:27:908	23.9	68	24.7
2021-07-13 20:02:28:900	23.9	68	24.7
2021-07-13 20:02:29:906	23.9	68	24.7
2021-07-13 20:02:30:899	23.9	68	24.7
2021-07-13 20:02:31:906	23.9	68	24.7
2021-07-13 20:02:33:892	23.9	68	24.8
2021-07-13 20:02:36:898	23.9	68	24.8
2021-07-13 20:02:39:890	23.9	68	24.8
2021-07-13 20:02:42:880	23.9	68	24.8
2021-07-13 20:02:47:887	23.9	68	24.8
2021-07-13 20:02:52:912	23.9	67.9	24.8
2021-07-13 20:02:53:917	23.9	67.9	24.8
2021-07-13 20:02:55:901	23.9	67.9	24.8
2021-07-13 20:02:58:923	23.9	67.9	24.9
2021-07-13 20:02:59:915	23.9	67.9	24.9
2021-07-13 20:03:00:922	23.9	67.9	24.9
2021-07-13 20:03:01:915	23.9	67.9	24.9
2021-07-13 20:03:02:924	23.9	67.9	24.9
2021-07-13 20:03:03:915	23.9	67.9	24.9
2021-07-13 20:03:04:923	23.9	67.9	24.9
2021-07-13 20:03:06:906	23.9	67.9	24.8
2021-07-13 20:03:09:897	23.9	67.9	24.8
2021-07-13 20:03:13:929	23.9	67.9	24.8
2021-07-13 20:03:15:912	23.9	67.9	24.8
2021-07-13 20:03:18:904	23.9	67.9	24.8
2021-07-13 20:03:20:936	23.9	67.9	24.7
2021-07-13 20:03:21:945	23.9	67.9	24.7
2021-07-13 20:03:23:928	23.9	67.8	24.8
2021-07-13 20:03:26:919	23.9	67.8	24.8
2021-07-13 20:03:33:926	23.9	67.7	24.7
2021-07-13 20:03:34:933	23.9	67.7	24.7
2021-07-13 20:03:35:925	23.9	67.7	24.7
2021-07-13 20:03:36:933	23.9	67.7	24.7
2021-07-13 20:03:37:942	23.9	67.7	24.7
2021-07-13 20:03:38:932	23.9	67.6	24.7
2021-07-13 20:03:39:941	23.9	67.6	24.7
2021-07-13 20:03:40:949	23.9	67.6	24.7
2021-07-13 20:03:41:923	23.9	67.6	24.6
2021-07-13 20:03:42:943	24	67.6	24.7
2021-07-13 20:03:43:936	24	67.6	24.7
2021-07-13 20:03:44:945	23.9	67.6	24.7
2021-07-13 20:03:45:937	23.9	67.6	24.7
2021-07-13 20:03:46:943	23.9	67.6	24.7
2021-07-13 20:03:47:936	23.9	67.6	24.7
2021-07-13 20:03:48:928	23.9	67.6	24.7
2021-07-13 20:03:49:936	23.9	67.6	24.7
2021-07-13 20:03:50:927	23.9	67.6	24.7
2021-07-13 20:03:51:936	23.9	67.6	24.7
2021-07-13 20:03:52:944	23.9	67.6	24.7
2021-07-13 20:03:53:935	23.9	67.6	24.7
2021-07-13 20:03:54:944	23.9	67.6	24.7
2021-07-13 20:03:55:934	23.9	67.6	24.7
2021-07-13 20:03:56:928	23.9	67.5	24.6
2021-07-13 20:03:57:933	23.9	67.5	24.6
2021-07-13 20:03:58:926	23.9	67.4	24.6
2021-07-13 20:03:59:933	23.9	67.4	24.6
2021-07-13 20:04:00:925	23.9	67.4	24.6
2021-07-13 20:04:01:932	23.9	67.4	24.6
2021-07-13 20:04:02:944	24	67.3	24.6
2021-07-13 20:04:03:932	24	67.3	24.6
2021-07-13 20:04:04:940	24	67.2	24.6
2021-07-13 20:04:05:948	24	67.2	24.6
2021-07-13 20:04:06:941	23.9	67.1	24.6
2021-07-13 20:04:07:930	23.9	67.1	24.6
2021-07-13 20:04:08:937	24	67	24.6
2021-07-13 20:04:09:929	24	67	24.6
2021-07-13 20:04:11:935	23.9	66.9	24.7
2021-07-13 20:04:15:943	23.9	66.8	24.6
2021-07-13 20:04:16:950	23.9	66.7	24.6
2021-07-13 20:04:17:942	23.9	66.7	24.6
2021-07-13 20:04:18:949	23.9	66.7	24.6
2021-07-13 20:04:19:956	23.9	66.7	24.6
2021-07-13 20:04:20:949	23.9	66.7	24.6
2021-07-13 20:04:21:971	23.9	66.7	24.6
2021-07-13 20:04:22:959	24	66.8	24.6
2021-07-13 20:04:23:947	24	66.8	24.5
2021-07-13 20:04:24:961	23.9	66.8	24.5
2021-07-13 20:04:25:953	23.9	66.8	24.5
2021-07-13 20:04:26:945	24	66.8	24.5
2021-07-13 20:04:27:951	24	66.8	24.5
2021-07-13 20:04:28:960	24	66.8	24.5
2021-07-13 20:04:29:955	24	66.8	24.6
2021-07-13 20:04:30:950	23.9	66.9	24.5
2021-07-13 20:04:31:954	23.9	66.9	24.6
2021-07-13 20:04:32:947	23.9	66.9	24.6
2021-07-13 20:04:33:955	23.9	66.9	24.6
2021-07-13 20:04:34:947	23.9	66.9	24.6
2021-07-13 20:04:35:955	23.9	66.9	24.6
2021-07-13 20:04:36:946	23.9	66.9	24.6
2021-07-13 20:04:37:954	23.9	66.9	24.6
2021-07-13 20:04:38:954	24	67	24.6
2021-07-13 20:04:39:961	24	67	24.6
2021-07-13 20:04:40:967	23.9	67	24.6
2021-07-13 20:04:41:959	23.9	67	24.6
2021-07-13 20:04:42:967	23.9	67	24.6
2021-07-13 20:04:43:958	23.9	67	24.6
2021-07-13 20:04:44:967	23.9	67	24.6
2021-07-13 20:04:45:975	23.9	67	24.6
2021-07-13 20:04:46:966	23.9	67	24.6
2021-07-13 20:04:47:958	23.9	67	24.6
2021-07-13 20:04:48:986	23.9	67.1	24.7
2021-07-13 20:04:49:958	23.9	67.1	24.7
2021-07-13 20:04:50:966	23.9	67.1	24.7
2021-07-13 20:04:51:975	23.9	67.1	24.7
2021-07-13 20:04:52:967	24	67.1	24.7
2021-07-13 20:04:53:973	24	67.1	24.7
2021-07-13 20:04:54:965	23.9	67.1	24.7
2021-07-13 20:04:55:973	23.9	67.1	24.8
2021-07-13 20:04:56:966	23.9	67	24.7
2021-07-13 20:04:57:973	23.9	67	24.7
2021-07-13 20:04:58:968	23.9	67	24.8
2021-07-13 20:04:59:972	23.9	67	24.7
2021-07-13 20:05:00:980	23.9	67	24.7
2021-07-13 20:05:01:972	23.9	67	24.7
2021-07-13 20:05:02:982	24	67	24.7
2021-07-13 20:05:03:972	24	67	24.7
2021-07-13 20:05:04:979	24	66.9	24.7
2021-07-13 20:05:05:988	24	66.9	24.7
2021-07-13 20:05:07:955	23.9	66.9	24.7
2021-07-13 20:05:11:989	23.9	66.9	24.8
2021-07-13 20:05:12:982	23.9	66.8	24.8
2021-07-13 20:05:13:988	23.9	66.8	24.8
2021-07-13 20:05:15:958	24	66.8	24.8
2021-07-13 20:05:20:977	24	66.8	24.7
2021-07-13 20:05:21:985	24	66.8	24.7
2021-07-13 20:05:22:993	23.9	66.7	24.7
2021-07-13 20:05:24:002	23.9	66.7	24.7
2021-07-13 20:05:24:993	23.9	66.7	24.7
2021-07-13 20:05:26:002	23.9	66.7	24.7
2021-07-13 20:05:27:010	23.9	66.6	24.7
2021-07-13 20:05:28:000	23.9	66.6	24.7
2021-07-13 20:05:28:993	23.9	66.5	24.8
2021-07-13 20:05:30:000	23.9	66.5	24.7
2021-07-13 20:05:31:009	23.9	66.5	24.8
2021-07-13 20:05:32:000	23.9	66.5	24.8
2021-07-13 20:05:33:009	23.9	66.4	24.8
2021-07-13 20:05:34:012	23.9	66.4	24.8
2021-07-13 20:05:35:004	24	66.3	24.8
2021-07-13 20:05:35:996	24	66.3	24.7
2021-07-13 20:05:36:988	23.9	66.3	24.8
2021-07-13 20:05:37:996	23.9	66.3	24.8
2021-07-13 20:05:39:983	24	66.2	24.7
2021-07-13 20:05:41:995	23.9	66.2	24.7
2021-07-13 20:05:42:987	23.9	66.1	24.7
2021-07-13 20:05:43:996	23.9	66.1	24.7
2021-07-13 20:05:45:004	24	66.1	24.6
2021-07-13 20:05:46:014	24	66.1	24.6
2021-07-13 20:05:46:998	24	66.1	24.6
2021-07-13 20:05:48:001	24	66.1	24.6
2021-07-13 20:05:48:993	23.9	66.1	24.6
2021-07-13 20:05:50:002	23.9	66.1	24.6
2021-07-13 20:05:51:016	24	66.1	24.6
2021-07-13 20:05:52:022	24	66.1	24.6
2021-07-13 20:05:53:015	23.9	66.1	24.6
2021-07-13 20:05:54:018	23.9	66.1	24.5
2021-07-13 20:05:55:027	24	66.1	24.5
2021-07-13 20:05:56:000	24	66.1	24.5
2021-07-13 20:05:57:010	24	66.1	24.5
2021-07-13 20:05:58:016	24	66.1	24.5
2021-07-13 20:05:59:024	23.9	66.1	24.5
2021-07-13 20:06:00:020	23.9	66.1	24.5
2021-07-13 20:06:01:013	24	66.1	24.5
2021-07-13 20:06:02:004	24	66.1	24.5
2021-07-13 20:06:03:014	23.9	66.1	24.6
2021-07-13 20:06:04:019	23.9	66.1	24.6
2021-07-13 20:06:05:011	23.9	66.1	24.6
2021-07-13 20:06:06:019	23.9	66.1	24.6
2021-07-13 20:06:07:027	23.9	66.1	24.6
2021-07-13 20:06:08:036	23.9	66.1	24.6
2021-07-13 20:06:09:028	23.9	66.1	24.6
2021-07-13 20:06:10:037	24	66.1	24.6
2021-07-13 20:06:11:037	24	66.1	24.6
2021-07-13 20:06:12:035	24	66.1	24.6
2021-07-13 20:06:13:028	24	66.1	24.6
2021-07-13 20:06:14:038	23.9	66.1	24.6
2021-07-13 20:06:15:027	23.9	66.1	24.6
2021-07-13 20:06:16:036	23.9	66.1	24.6
2021-07-13 20:06:17:027	23.9	66.1	24.6
2021-07-13 20:06:18:037	23.9	66	24.6
2021-07-13 20:06:19:027	23.9	66	24.6
2021-07-13 20:06:20:036	23.9	65.9	24.6
2021-07-13 20:06:21:028	23.9	65.9	24.7
2021-07-13 20:06:22:035	23.9	65.8	24.7
2021-07-13 20:06:23:026	23.9	65.8	24.6
2021-07-13 20:06:24:045	23.9	65.6	24.6
2021-07-13 20:06:25:036	23.9	65.6	24.6
2021-07-13 20:06:26:028	23.9	65.5	24.6
2021-07-13 20:06:27:036	23.9	65.5	24.5
2021-07-13 20:06:28:028	23.9	65.4	24.5
2021-07-13 20:06:29:038	23.9	65.4	24.5
2021-07-13 20:06:30:031	23.9	65.4	24.5
2021-07-13 20:06:31:035	23.9	65.4	24.5
2021-07-13 20:06:32:041	23.9	65.4	24.5
2021-07-13 20:06:33:032	23.9	65.4	24.5
2021-07-13 20:06:34:035	23.9	65.3	24.5
2021-07-13 20:06:35:043	23.9	65.3	24.6
2021-07-13 20:06:36:035	23.9	65.3	24.6
2021-07-13 20:06:37:027	23.9	65.3	24.6
2021-07-13 20:06:38:036	23.9	65.4	24.6
2021-07-13 20:06:39:043	23.9	65.4	24.6
2021-07-13 20:06:40:034	23.9	65.4	24.6
2021-07-13 20:06:41:026	23.9	65.4	24.6
2021-07-13 20:06:43:012	24	65.4	24.5
2021-07-13 20:06:47:044	23.9	65.5	24.5
2021-07-13 20:06:48:049	23.9	65.5	24.6
2021-07-13 20:06:49:042	23.9	65.5	24.6
2021-07-13 20:06:50:049	23.9	65.5	24.6
2021-07-13 20:06:51:041	23.9	65.5	24.7
2021-07-13 20:06:52:034	24	65.5	24.7
2021-07-13 20:06:53:041	24	65.5	24.6
2021-07-13 20:06:54:047	23.9	65.5	24.6
2021-07-13 20:06:55:056	23.9	65.5	24.7
2021-07-13 20:06:56:031	23.9	65.5	24.7
2021-07-13 20:06:57:039	23.9	65.5	24.7
2021-07-13 20:06:58:063	23.9	65.5	24.7
2021-07-13 20:06:59:055	23.9	65.5	24.6
2021-07-13 20:07:00:064	23.9	65.5	24.7
2021-07-13 20:07:01:071	23.9	65.5	24.7
2021-07-13 20:07:02:063	23.9	65.5	24.7
2021-07-13 20:07:03:054	23.9	65.5	24.7
2021-07-13 20:07:04:063	23.9	65.5	24.7
2021-07-13 20:07:05:054	23.9	65.5	24.7
2021-07-13 20:07:06:061	23.9	65.5	24.7
2021-07-13 20:07:07:054	23.9	65.5	24.7
2021-07-13 20:07:08:062	23.9	65.6	24.7
2021-07-13 20:07:09:070	23.9	65.6	24.7
2021-07-13 20:07:10:061	23.9	65.6	24.7
2021-07-13 20:07:11:052	23.9	65.6	24.7
2021-07-13 20:07:12:061	23.9	65.6	24.7
2021-07-13 20:07:13:070	23.9	65.6	24.7
2021-07-13 20:07:14:064	23.9	65.6	24.6
2021-07-13 20:07:15:073	23.9	65.6	24.6
2021-07-13 20:07:16:065	23.9	65.8	24.6
2021-07-13 20:07:17:073	23.9	65.8	24.7
2021-07-13 20:07:18:047	23.9	65.9	24.7
2021-07-13 20:07:19:055	23.9	65.9	24.7
2021-07-13 20:07:20:059	23.9	65.9	24.6
2021-07-13 20:07:21:047	23.9	65.9	24.6
2021-07-13 20:07:23:047	23.9	66	24.7
2021-07-13 20:07:26:039	23.9	66	24.7
2021-07-13 20:07:32:052	23.9	66.1	24.7
2021-07-13 20:07:33:061	23.9	66.1	24.7
2021-07-13 20:07:34:051	23.9	66.1	24.7
2021-07-13 20:07:35:060	23.9	66.1	24.7
2021-07-13 20:07:36:067	23.9	66.1	24.7
2021-07-13 20:07:37:060	23.9	66.1	24.7
2021-07-13 20:07:38:068	23.9	66.1	24.7
2021-07-13 20:07:39:060	23.9	66.1	24.7
2021-07-13 20:07:40:061	24	66.1	24.6
2021-07-13 20:07:41:070	24	66.1	24.7
2021-07-13 20:07:42:061	23.9	66.1	24.7
2021-07-13 20:07:43:052	23.9	66.1	24.7
2021-07-13 20:07:44:061	23.9	66.1	24.7
2021-07-13 20:07:45:053	23.9	66.1	24.7
2021-07-13 20:07:46:060	23.9	66.1	24.7
2021-07-13 20:07:47:067	23.9	66.1	24.7
2021-07-13 20:07:48:059	23.9	66.1	24.7
2021-07-13 20:07:49:084	23.9	66.1	24.7
2021-07-13 20:07:50:076	23.9	66.1	24.7
2021-07-13 20:07:51:083	23.9	66.1	24.7
2021-07-13 20:07:53:052	23.9	66.1	24.8
2021-07-13 20:07:58:077	24	66.1	24.7
2021-07-13 20:07:59:082	24	66.1	24.7
2021-07-13 20:08:00:075	23.9	66.2	24.6
2021-07-13 20:08:01:082	23.9	66.2	24.6
2021-07-13 20:08:02:088	23.9	66.3	24.6
2021-07-13 20:08:03:097	23.9	66.3	24.6
2021-07-13 20:08:04:089	23.9	66.5	24.5
2021-07-13 20:08:05:097	23.9	66.5	24.5
2021-07-13 20:08:06:104	23.9	66.6	24.6
2021-07-13 20:08:07:113	23.9	66.6	24.6
2021-07-13 20:08:08:105	23.9	66.6	24.6
2021-07-13 20:08:09:112	23.9	66.6	24.6
2021-07-13 20:08:10:104	23.9	67	24.6
2021-07-13 20:08:11:111	23.9	67	24.7
2021-07-13 20:08:12:103	23.9	67	24.7
2021-07-13 20:08:13:112	23.9	67	24.7
2021-07-13 20:08:14:105	23.9	67.2	24.7
2021-07-13 20:08:15:097	23.9	67.2	24.6
2021-07-13 20:08:16:104	23.9	67.3	24.6
2021-07-13 20:08:17:111	23.9	67.3	24.6
2021-07-13 20:08:18:102	23.9	67.3	24.6
2021-07-13 20:08:20:087	23.9	67.3	24.5
2021-07-13 20:08:22:110	23.9	67.4	24.6
2021-07-13 20:08:23:109	23.9	67.4	24.6
2021-07-13 20:08:24:102	23.9	67.5	24.6
2021-07-13 20:08:25:110	23.9	67.5	24.6
2021-07-13 20:08:26:102	23.9	67.5	24.6
2021-07-13 20:08:27:110	23.9	67.5	24.6
2021-07-13 20:08:28:111	24	67.6	24.7
2021-07-13 20:08:29:117	24	67.6	24.6
2021-07-13 20:08:30:127	23.9	67.7	24.6
2021-07-13 20:08:31:130	23.9	67.7	24.6
2021-07-13 20:08:32:140	23.9	67.7	24.6
2021-07-13 20:08:33:131	23.9	67.7	24.6
2021-07-13 20:08:34:140	23.9	67.7	24.6
2021-07-13 20:08:35:131	23.9	67.7	24.6
2021-07-13 20:08:36:139	23.9	67.8	24.6
2021-07-13 20:08:37:146	23.9	67.8	24.6
2021-07-13 20:08:38:139	23.9	67.8	24.6
2021-07-13 20:08:39:130	23.9	67.8	24.6
2021-07-13 20:08:40:170	23.9	67.7	24.6
2021-07-13 20:08:41:145	23.9	67.7	24.6
2021-07-13 20:08:42:152	23.9	67.7	24.6
2021-07-13 20:08:43:147	23.9	67.7	24.6
2021-07-13 20:08:44:154	23.9	67.7	24.6
2021-07-13 20:08:45:162	23.9	67.7	24.6
2021-07-13 20:08:46:170	23.9	67.7	24.6
2021-07-13 20:08:47:161	23.9	67.7	24.6
2021-07-13 20:08:48:168	23.9	67.7	24.6
2021-07-13 20:08:49:176	23.9	67.7	24.6
2021-07-13 20:08:50:184	23.9	67.7	24.6
2021-07-13 20:08:51:192	23.9	67.7	24.6
2021-07-13 20:08:52:200	23.9	67.7	24.7
2021-07-13 20:08:53:207	23.9	67.7	24.7
2021-07-13 20:08:54:200	23.9	67.7	24.7
2021-07-13 20:08:55:207	23.9	67.7	24.7
2021-07-13 20:08:56:198	23.9	67.7	24.7
2021-07-13 20:08:57:208	23.9	67.7	24.7
2021-07-13 20:08:58:199	23.9	67.7	24.7
2021-07-13 20:09:00:199	23.9	67.7	24.8
2021-07-13 20:09:04:181	23.9	67.7	24.8
2021-07-13 20:09:11:205	23.9	67.7	24.9
2021-07-13 20:09:12:212	23.9	67.7	24.9
2021-07-13 20:09:14:180	23.9	67.7	24.8
2021-07-13 20:09:17:188	23.9	67.8	24.8
2021-07-13 20:09:19:204	23.9	67.8	24.7
2021-07-13 20:09:20:212	23.9	67.8	24.7
2021-07-13 20:09:21:203	23.9	67.8	24.7
2021-07-13 20:09:22:193	23.9	67.8	24.7
2021-07-13 20:09:23:202	23.9	67.8	24.7
2021-07-13 20:09:25:186	23.9	67.8	24.8
2021-07-13 20:09:28:194	23.9	67.8	24.8
2021-07-13 20:09:31:203	23.9	67.8	24.8
2021-07-13 20:09:33:185	23.9	67.8	24.8
2021-07-13 20:09:36:193	24	67.9	24.8
2021-07-13 20:09:39:199	23.9	67.9	24.7
2021-07-13 20:09:40:191	23.9	67.9	24.7
2021-07-13 20:09:41:199	23.9	67.9	24.7
2021-07-13 20:09:42:191	23.9	67.9	24.7
2021-07-13 20:09:43:198	23.9	67.9	24.7
2021-07-13 20:09:44:207	23.9	67.9	24.7
2021-07-13 20:09:45:199	23.9	67.9	24.7
2021-07-13 20:09:46:208	23.9	68	24.7
2021-07-13 20:09:47:199	23.9	68	24.7
2021-07-13 20:09:48:191	23.9	68	24.7
2021-07-13 20:09:49:199	23.9	68	24.7
2021-07-13 20:09:50:191	23.9	68	24.6
2021-07-13 20:09:51:197	23.9	68	24.6
2021-07-13 20:09:52:209	23.9	68.1	24.7
2021-07-13 20:09:53:214	23.9	68.1	24.7
2021-07-13 20:09:54:206	23.9	68.1	24.7
2021-07-13 20:09:56:189	23.9	68.1	24.8
2021-07-13 20:10:00:187	23.9	68.1	24.8
2021-07-13 20:10:02:204	23.9	68.2	24.7
2021-07-13 20:10:03:211	23.9	68.2	24.7
2021-07-13 20:10:04:203	23.9	68.2	24.7
2021-07-13 20:10:05:211	23.9	68.2	24.7
2021-07-13 20:10:06:219	24	68.2	24.7
2021-07-13 20:10:07:226	24	68.2	24.7
2021-07-13 20:10:08:220	23.9	68.2	24.7
2021-07-13 20:10:09:211	23.9	68.2	24.7
2021-07-13 20:10:10:218	23.9	68.2	24.7
2021-07-13 20:10:12:203	23.9	68.2	24.8
2021-07-13 20:10:19:192	23.9	68.2	24.8
2021-07-13 20:10:23:225	24	68.2	24.8
2021-07-13 20:10:27:209	23.9	68.3	24.8
2021-07-13 20:10:32:215	24	68.3	24.8
2021-07-13 20:10:36:237	24	68.3	24.7
2021-07-13 20:10:37:228	24	68.3	24.7
2021-07-13 20:10:38:221	23.9	68.3	24.7
2021-07-13 20:10:39:230	23.9	68.3	24.6
2021-07-13 20:10:40:220	23.9	68.3	24.6
2021-07-13 20:10:41:229	23.9	68.3	24.6
2021-07-13 20:10:42:237	23.9	68.2	24.6
2021-07-13 20:10:43:228	23.9	68.2	24.6
2021-07-13 20:10:44:255	24	68.2	24.7
2021-07-13 20:10:45:260	24	68.2	24.7
2021-07-13 20:10:46:253	23.9	68.2	24.7
2021-07-13 20:10:47:260	23.9	68.2	24.7
2021-07-13 20:10:48:252	23.9	68.2	24.7
2021-07-13 20:10:49:243	23.9	68.2	24.7
2021-07-13 20:10:50:252	23.9	68.2	24.7
2021-07-13 20:10:51:243	23.9	68.2	24.7
2021-07-13 20:10:52:235	23.9	68.2	24.7
2021-07-13 20:10:53:243	23.9	68.2	24.7
2021-07-13 20:10:55:228	24	68.2	24.8
2021-07-13 20:11:00:250	23.9	68.2	24.7
2021-07-13 20:11:01:258	23.9	68.2	24.7
2021-07-13 20:11:02:250	23.9	68.2	24.7
2021-07-13 20:11:03:256	23.9	68.2	24.7
2021-07-13 20:11:04:249	24	68.2	24.7
2021-07-13 20:11:05:240	24	68.2	24.7
2021-07-13 20:11:07:245	23.9	68.1	24.8
2021-07-13 20:11:09:241	24	68.1	24.8
2021-07-13 20:11:11:240	23.9	68.1	24.8
2021-07-13 20:11:14:248	23.9	68.1	24.8
2021-07-13 20:11:17:271	23.9	68.1	24.7
2021-07-13 20:11:18:280	24	68.1	24.7
2021-07-13 20:11:19:270	24	68.1	24.7
2021-07-13 20:11:20:287	24	68	24.7
2021-07-13 20:11:21:287	24	68	24.7
2021-07-13 20:11:22:297	23.9	68	24.7
2021-07-13 20:11:23:303	23.9	68	24.7
2021-07-13 20:11:25:270	23.9	68	24.8
2021-07-13 20:11:29:287	24	68	24.8
2021-07-13 20:11:32:277	24	68	24.8
2021-07-13 20:11:38:276	24	68	24.8
2021-07-13 20:11:41:302	24	67.9	24.9
2021-07-13 20:11:42:293	23.9	67.8	24.9
2021-07-13 20:11:43:300	23.9	67.8	24.9
2021-07-13 20:11:45:269	24	67.8	25
2021-07-13 20:11:48:293	23.9	67.7	24.9
2021-07-13 20:11:50:273	23.9	67.7	24.8
2021-07-13 20:11:53:282	23.9	67.7	24.8
2021-07-13 20:11:55:297	24	67.7	24.7
2021-07-13 20:11:57:282	24	67.7	24.8
2021-07-13 20:12:00:288	23.9	67.7	24.8
2021-07-13 20:12:04:304	24	67.7	24.8
2021-07-13 20:12:12:335	24	67.7	24.7
2021-07-13 20:12:13:326	24	67.7	24.7
2021-07-13 20:12:14:326	24	67.7	24.6
2021-07-13 20:12:15:328	24	67.7	24.6
2021-07-13 20:12:16:320	24	67.7	24.7
2021-07-13 20:12:17:326	24	67.7	24.7
2021-07-13 20:12:18:336	24	67.7	24.7
2021-07-13 20:12:19:342	24	67.7	24.7
2021-07-13 20:12:20:336	24	67.7	24.7
2021-07-13 20:12:21:343	24	67.7	24.7
2021-07-13 20:12:22:345	24	67.6	24.7
2021-07-13 20:12:23:348	24	67.6	24.7
2021-07-13 20:12:24:342	23.9	67.6	24.6
2021-07-13 20:12:25:346	23.9	67.6	24.6
2021-07-13 20:12:26:354	24	67.6	24.6
2021-07-13 20:12:27:346	24	67.6	24.6
2021-07-13 20:12:28:356	24	67.6	24.6
2021-07-13 20:12:30:340	24	67.6	24.6
2021-07-13 20:12:33:343	24	67.5	24.7
2021-07-13 20:12:34:351	24	67.5	24.7
2021-07-13 20:12:35:369	24	67.5	24.6
2021-07-13 20:12:36:363	24	67.5	24.6
2021-07-13 20:12:37:358	24	67.5	24.6
2021-07-13 20:12:38:359	24	67.4	24.6
2021-07-13 20:12:39:357	24	67.4	24.6
2021-07-13 20:12:40:350	24	67.4	24.6
2021-07-13 20:12:41:357	24	67.4	24.6
2021-07-13 20:12:42:366	24	67.3	24.6
2021-07-13 20:12:43:358	24	67.3	24.6
2021-07-13 20:12:45:341	24	67.3	24.6
2021-07-13 20:12:47:360	24	67.2	24.6
2021-07-13 20:12:48:372	24	67.2	24.6
2021-07-13 20:12:49:367	24	67.2	24.6
2021-07-13 20:12:50:357	24	67.1	24.6
2021-07-13 20:12:51:349	24	67.1	24.6
2021-07-13 20:12:52:357	24	67.1	24.6
2021-07-13 20:12:53:365	24	67.1	24.6
2021-07-13 20:12:54:357	24	67.1	24.7
2021-07-13 20:12:55:366	24	67.1	24.7
2021-07-13 20:12:56:357	24	67.1	24.7
2021-07-13 20:12:57:364	24	67.1	24.7
2021-07-13 20:12:58:356	24	67.1	24.7
2021-07-13 20:12:59:363	24	67.1	24.7
2021-07-13 20:13:00:356	24	67.1	24.8
2021-07-13 20:13:01:365	24	67.1	24.8
2021-07-13 20:13:02:355	23.9	67.1	24.8
2021-07-13 20:13:03:363	23.9	67.1	24.8
2021-07-13 20:13:04:357	24	67.1	24.7
2021-07-13 20:13:05:362	24	67.1	24.7
2021-07-13 20:13:06:355	24	67.1	24.7
2021-07-13 20:13:07:362	24	67.1	24.7
2021-07-13 20:13:08:354	24	67.1	24.6
2021-07-13 20:13:09:362	24	67.1	24.6
2021-07-13 20:13:10:371	24	67.1	24.7
2021-07-13 20:13:11:362	24	67.1	24.7
2021-07-13 20:13:12:354	24	67.1	24.7
2021-07-13 20:13:13:361	24	67.1	24.7
2021-07-13 20:13:14:353	24	67.1	24.7
2021-07-13 20:13:15:361	24	67.1	24.7
2021-07-13 20:13:16:352	24	67.1	24.8
2021-07-13 20:13:17:362	24	67.1	24.8
2021-07-13 20:13:18:370	24	67.1	24.8
2021-07-13 20:13:19:361	24	67.1	24.7
2021-07-13 20:13:20:371	24	67	24.8
2021-07-13 20:13:21:360	24	67	24.8
2021-07-13 20:13:22:352	24	67	24.8
2021-07-13 20:13:23:360	24	67	24.8
2021-07-13 20:13:24:358	24	66.9	24.8
2021-07-13 20:13:25:349	24	66.9	24.7
2021-07-13 20:13:26:358	24	66.8	24.7
2021-07-13 20:13:27:349	24	66.8	24.7
2021-07-13 20:13:28:358	24	66.7	24.6
2021-07-13 20:13:29:349	24	66.7	24.7
2021-07-13 20:13:30:357	24	66.7	24.6
2021-07-13 20:13:31:365	24	66.7	24.6
2021-07-13 20:13:32:359	24	66.6	24.6
2021-07-13 20:13:33:364	24	66.6	24.7
2021-07-13 20:13:34:356	24	66.6	24.7
2021-07-13 20:13:35:347	24	66.6	24.7
2021-07-13 20:13:36:355	24	66.5	24.7
2021-07-13 20:13:37:347	24	66.5	24.7
2021-07-13 20:13:39:348	24	66.4	24.7
2021-07-13 20:13:41:361	24	66.4	24.8
2021-07-13 20:13:42:354	24	66.3	24.8
2021-07-13 20:13:43:361	24	66.3	24.8
2021-07-13 20:13:44:369	24	66.3	24.9
2021-07-13 20:13:45:376	24	66.3	24.9
2021-07-13 20:13:46:368	24	66.3	24.8
2021-07-13 20:13:47:377	24	66.3	24.8
2021-07-13 20:13:48:367	24	66.3	24.8
2021-07-13 20:13:49:360	24	66.3	24.8
2021-07-13 20:13:50:367	24	66.2	24.8
2021-07-13 20:13:51:375	24	66.2	24.8
2021-07-13 20:13:52:389	24	66.2	24.8
2021-07-13 20:13:53:363	24	66.2	24.7
2021-07-13 20:13:54:372	24	66.2	24.7
2021-07-13 20:13:55:364	24	66.2	24.7
2021-07-13 20:13:56:371	24	66.2	24.7
2021-07-13 20:13:57:380	24	66.2	24.7
2021-07-13 20:13:59:364	24	66.2	24.7
2021-07-13 20:14:03:388	24	66.2	24.7
2021-07-13 20:14:04:379	24	66.2	24.7
2021-07-13 20:14:05:388	24	66.2	24.7
2021-07-13 20:14:06:396	24	66.2	24.7
2021-07-13 20:14:07:392	24	66.2	24.6
2021-07-13 20:14:08:395	24	66.2	24.6
2021-07-13 20:14:09:387	24	66.2	24.6
2021-07-13 20:14:10:403	24	66.2	24.6
2021-07-13 20:14:11:392	24	66.2	24.6
2021-07-13 20:14:12:397	24	66.2	24.6
2021-07-13 20:14:13:405	24	66.2	24.6
2021-07-13 20:14:14:396	24	66.2	24.6
2021-07-13 20:14:15:392	24	66.2	24.6
2021-07-13 20:14:16:388	24	66.2	24.6
2021-07-13 20:14:17:402	24	66.2	24.6
2021-07-13 20:14:18:394	24	66.1	24.6
2021-07-13 20:14:19:401	24	66.1	24.6
2021-07-13 20:14:20:395	24	66.1	24.6
2021-07-13 20:14:21:404	24	66.1	24.6
2021-07-13 20:14:22:394	24	66.1	24.6
2021-07-13 20:14:23:398	24	66.1	24.6
2021-07-13 20:36:36:682	24.3	66.5	24.8
2021-07-13 20:36:37:673	24.3	66.5	24.8
2021-07-13 20:36:38:677	24.3	66.5	24.8
2021-07-13 20:36:39:679	24.3	66.5	24.8
2021-07-13 20:36:40:677	24.3	66.5	24.8
2021-07-13 20:36:41:672	24.3	66.5	24.8
2021-07-13 20:36:43:655	24.2	66.4	24.8
2021-07-13 20:36:48:646	24.3	66.4	24.8
2021-07-13 20:36:51:654	24.3	66.4	24.8
2021-07-13 20:36:54:669	24.3	66.5	24.8
2021-07-13 20:36:55:677	24.3	66.5	24.8
2021-07-13 20:36:56:682	24.3	66.5	24.8
2021-07-13 20:36:57:687	24.3	66.5	24.8
2021-07-13 20:36:58:687	24.3	66.5	24.8
2021-07-13 20:36:59:695	24.3	66.5	24.8
2021-07-13 20:37:01:663	24.3	66.5	24.7
2021-07-13 20:37:07:692	24.3	66.4	24.7
2021-07-13 20:37:08:683	24.3	66.4	24.7
2021-07-13 20:37:09:692	24.3	66.4	24.7
2021-07-13 20:37:10:683	24.3	66.4	24.7
2021-07-13 20:37:11:692	24.3	66.4	24.7
2021-07-13 20:37:12:701	24.3	66.3	24.7
2021-07-13 20:37:13:674	24.3	66.3	24.7
2021-07-13 20:37:14:682	24.4	66.2	24.6
2021-07-13 20:37:15:690	24.4	66.2	24.7
2021-07-13 20:37:16:684	24.3	66	24.7
2021-07-13 20:37:17:690	24.3	66	24.7
2021-07-13 20:37:18:685	24.3	65.9	24.7
2021-07-13 20:37:19:675	24.3	65.9	24.8
2021-07-13 20:37:20:683	24.3	65.8	24.7
2021-07-13 20:37:21:688	24.3	65.8	24.7
2021-07-13 20:37:23:673	24.3	65.7	24.8
2021-07-13 20:37:28:667	24.3	65.5	24.8
2021-07-13 20:37:31:707	24.3	65.5	24.8
2021-07-13 20:37:34:698	24.3	65.4	24.7
2021-07-13 20:37:38:698	24.3	65.3	24.8
2021-07-13 20:37:41:706	24.3	65.2	24.7
2021-07-13 20:37:42:731	24.3	65.1	24.7
2021-07-13 20:37:43:705	24.3	65.1	24.7
2021-07-13 20:37:44:712	24.4	65.1	24.7
2021-07-13 20:37:45:705	24.4	65.1	24.7
2021-07-13 20:37:46:712	24.3	65	24.7
2021-07-13 20:37:47:720	24.3	65	24.7
2021-07-13 20:37:48:713	24.3	64.9	24.7
2021-07-13 20:37:49:720	24.3	64.9	24.7
2021-07-13 20:37:51:703	24.3	64.8	24.7
2021-07-13 20:37:53:721	24.3	64.7	24.6
2021-07-13 20:37:54:742	24.4	64.6	24.7
2021-07-13 20:37:55:737	24.4	64.6	24.6
2021-07-13 20:37:56:744	24.3	64.5	24.6
2021-07-13 20:37:57:735	24.3	64.5	24.6
2021-07-13 20:37:58:744	24.4	64.4	24.6
2021-07-13 20:37:59:733	24.4	64.4	24.5
2021-07-13 20:38:00:752	24.3	64.2	24.6
2021-07-13 20:38:01:761	24.3	64.2	24.6
2021-07-13 20:38:02:754	24.4	64.1	24.6
2021-07-13 20:38:03:744	24.4	64.1	24.6
2021-07-13 20:38:05:732	24.3	64	24.6
2021-07-13 20:38:09:762	24.3	63.7	24.6
2021-07-13 20:38:10:754	24.3	63.6	24.7
2021-07-13 20:38:11:776	24.3	63.6	24.7
2021-07-13 20:38:12:767	24.4	63.6	24.7
2021-07-13 20:38:13:759	24.4	63.6	24.7
2021-07-13 20:38:14:751	24.3	63.6	24.7
2021-07-13 20:38:15:759	24.3	63.6	24.7
2021-07-13 20:38:16:751	24.4	63.6	24.7
2021-07-13 20:38:17:775	24.4	63.6	24.8
2021-07-13 20:38:18:750	24.4	63.7	24.7
2021-07-13 20:38:19:758	24.4	63.7	24.7
2021-07-13 20:38:20:750	24.3	63.7	24.7
2021-07-13 20:38:21:773	24.3	63.7	24.7
2021-07-13 20:38:22:767	24.4	63.8	24.7
2021-07-13 20:38:23:757	24.4	63.8	24.7
2021-07-13 20:38:24:765	24.3	63.8	24.7
2021-07-13 20:38:25:756	24.3	63.8	24.7
2021-07-13 20:38:26:766	24.4	63.9	24.7
2021-07-13 20:38:27:757	24.4	63.9	24.7
2021-07-13 20:38:28:765	24.4	63.9	24.7
2021-07-13 20:38:29:773	24.4	63.9	24.7
2021-07-13 20:38:30:764	24.4	63.9	24.7
2021-07-13 20:38:31:757	24.4	63.9	24.7
2021-07-13 20:38:32:767	24.4	64	24.6
2021-07-13 20:38:33:772	24.4	64	24.7
2021-07-13 20:38:35:755	24.4	64	24.7
2021-07-13 20:38:38:760	24.3	64	24.6
2021-07-13 20:38:40:770	24.3	64.1	24.6
2021-07-13 20:38:41:773	24.3	64.1	24.6
2021-07-13 20:38:42:765	24.4	64.1	24.6
2021-07-13 20:38:43:756	24.4	64.1	24.6
2021-07-13 20:38:44:780	24.4	64.1	24.7
2021-07-13 20:38:45:772	24.4	64.1	24.7
2021-07-13 20:38:46:779	24.4	64.1	24.7
2021-07-13 20:38:47:771	24.4	64.1	24.7
2021-07-13 20:38:48:779	24.4	64.1	24.7
2021-07-13 20:38:49:770	24.4	64.1	24.7
2021-07-13 20:38:50:782	24.3	64.1	24.6
2021-07-13 20:38:51:776	24.3	64.1	24.7
2021-07-13 20:38:52:782	24.4	64.1	24.7
2021-07-13 20:38:53:773	24.4	64.1	24.7
2021-07-13 20:38:54:783	24.4	64.1	24.7
2021-07-13 20:38:55:776	24.4	64.1	24.7
2021-07-13 20:38:56:782	24.4	64.1	24.7
2021-07-13 20:38:57:790	24.4	64.1	24.7
2021-07-13 20:38:58:781	24.4	64.1	24.7
2021-07-13 20:38:59:776	24.4	64.1	24.7
2021-07-13 20:39:00:781	24.4	64.1	24.7
2021-07-13 20:39:01:773	24.4	64.1	24.7
2021-07-13 20:39:02:781	24.4	64.1	24.7
2021-07-13 20:39:03:774	24.4	64.1	24.7
2021-07-13 20:39:05:758	24.4	64.1	24.8
2021-07-13 20:39:08:782	24.4	64.1	24.9
2021-07-13 20:39:10:763	24.4	64.1	24.8
2021-07-13 20:39:13:772	24.4	64.2	24.8
2021-07-13 20:39:15:787	24.3	64.2	24.7
2021-07-13 20:39:16:794	24.4	64.2	24.7
2021-07-13 20:39:18:762	24.4	64.2	24.8
2021-07-13 20:39:22:787	24.4	64.2	24.8
2021-07-13 20:39:25:799	24.4	64.3	24.7
2021-07-13 20:39:26:789	24.4	64.4	24.7
2021-07-13 20:39:27:803	24.4	64.4	24.7
2021-07-13 20:39:29:771	24.3	64.4	24.8
2021-07-13 20:39:36:795	24.4	64.6	24.8
2021-07-13 20:39:39:800	24.4	64.7	24.6
2021-07-13 20:39:40:793	24.4	64.8	24.6
2021-07-13 20:39:41:801	24.4	64.8	24.7
2021-07-13 20:39:42:794	24.4	64.9	24.7
2021-07-13 20:39:43:784	24.4	64.9	24.7
2021-07-13 20:39:44:794	24.4	64.9	24.7
2021-07-13 20:39:46:776	24.4	64.9	24.8
2021-07-13 20:39:48:791	24.4	65.1	24.9
2021-07-13 20:39:49:799	24.4	65.1	24.9
2021-07-13 20:39:50:791	24.4	65.2	24.9
2021-07-13 20:39:51:800	24.4	65.2	24.9
2021-07-13 20:39:52:791	24.4	65.3	24.9
2021-07-13 20:39:53:798	24.4	65.3	24.9
2021-07-13 20:39:55:769	24.4	65.4	24.8
2021-07-13 20:39:59:782	24.4	65.6	24.8
2021-07-13 20:40:02:772	24.4	65.6	24.8
2021-07-13 20:40:07:796	24.4	65.8	24.8
2021-07-13 20:40:08:802	24.4	65.8	24.8
2021-07-13 20:40:09:794	24.4	65.8	24.8
2021-07-13 20:40:10:804	24.4	65.9	24.7
2021-07-13 20:40:11:795	24.4	65.9	24.7
2021-07-13 20:40:12:802	24.4	65.9	24.7
2021-07-13 20:40:13:811	24.4	65.9	24.7
2021-07-13 20:40:14:819	24.4	65.9	24.7
2021-07-13 20:40:15:812	24.4	65.9	24.7
2021-07-13 20:40:16:814	24.4	65.9	24.8
2021-07-13 20:40:17:821	24.4	65.9	24.7
2021-07-13 20:40:18:814	24.4	66	24.8
2021-07-13 20:40:19:819	24.4	66	24.8
2021-07-13 20:40:20:812	24.4	66	24.8
2021-07-13 20:40:21:805	24.4	66	24.8
2021-07-13 20:40:22:796	24.4	66	24.8
2021-07-13 20:40:23:813	24.4	66	24.8
2021-07-13 20:40:24:822	24.4	66	24.8
2021-07-13 20:40:25:815	24.4	66	24.8
2021-07-13 20:40:26:807	24.4	66	24.8
2021-07-13 20:40:27:827	24.4	66	24.8
2021-07-13 20:40:28:818	24.4	66	24.8
2021-07-13 20:40:29:808	24.4	66	24.8
2021-07-13 20:40:30:802	24.4	66	24.7
2021-07-13 20:40:31:810	24.4	66	24.7
2021-07-13 20:40:33:791	24.4	66	24.7
2021-07-13 20:40:35:807	24.4	66	24.8
2021-07-13 20:40:36:825	24.4	66	24.8
2021-07-13 20:40:37:800	24.4	66	24.8
2021-07-13 20:40:38:808	24.5	66.1	24.8
2021-07-13 20:40:39:799	24.5	66.1	24.9
2021-07-13 20:40:40:810	24.4	66.1	24.8
2021-07-13 20:40:41:800	24.4	66.1	24.8
2021-07-13 20:40:42:857	24.4	66.1	24.8
2021-07-13 20:40:43:815	24.4	66.1	24.8
2021-07-13 20:40:44:824	24.5	66.1	24.8
2021-07-13 20:40:45:832	24.5	66.1	24.8
2021-07-13 20:40:46:841	24.4	66.1	24.7
2021-07-13 20:40:47:847	24.4	66.1	24.7
2021-07-13 20:40:48:839	24.4	66.2	24.7
2021-07-13 20:40:49:846	24.4	66.2	24.7
2021-07-13 20:40:50:839	24.5	66.2	24.7
2021-07-13 20:40:51:846	24.5	66.2	24.6
2021-07-13 20:40:52:838	24.4	66.2	24.6
2021-07-13 20:40:53:847	24.4	66.2	24.6
2021-07-13 20:40:54:836	24.5	66.3	24.7
2021-07-13 20:40:55:847	24.5	66.3	24.7
2021-07-13 20:40:56:853	24.4	66.3	24.7
2021-07-13 20:40:57:850	24.4	66.3	24.8
2021-07-13 20:40:58:845	24.4	66.3	24.8
2021-07-13 20:40:59:846	24.4	66.3	24.8
2021-07-13 20:41:00:848	24.4	66.3	24.8
2021-07-13 20:41:01:839	24.4	66.3	24.9
2021-07-13 20:41:02:847	24.4	66.3	24.9
2021-07-13 20:41:03:838	24.4	66.3	24.9
2021-07-13 20:41:04:849	24.5	66.3	24.8
2021-07-13 20:41:05:852	24.5	66.3	24.8
2021-07-13 20:41:06:856	24.4	66.3	24.8
2021-07-13 20:41:07:832	24.4	66.3	24.9
2021-07-13 20:41:08:840	24.5	66.3	24.9
2021-07-13 20:41:09:841	24.5	66.3	24.8
2021-07-13 20:41:10:846	24.4	66.3	24.8
2021-07-13 20:41:11:844	24.4	66.3	24.8
2021-07-13 20:41:12:835	24.4	66.3	24.7
2021-07-13 20:41:13:852	24.4	66.3	24.8
2021-07-13 20:41:14:843	24.4	66.3	24.8
2021-07-13 20:41:15:850	24.4	66.3	24.8
2021-07-13 20:41:16:841	24.4	66.3	24.7
2021-07-13 20:41:17:833	24.4	66.3	24.7
2021-07-13 20:41:18:841	24.4	66.3	24.7
2021-07-13 20:41:19:849	24.4	66.3	24.8
2021-07-13 20:41:20:855	24.4	66.3	24.8
2021-07-13 20:41:21:845	24.4	66.3	24.8
2021-07-13 20:41:22:841	24.4	66.3	24.8
2021-07-13 20:41:23:848	24.4	66.3	24.8
2021-07-13 20:41:24:855	24.5	66.4	24.8
2021-07-13 20:41:25:847	24.5	66.4	24.8
2021-07-13 20:41:26:855	24.4	66.4	24.8
2021-07-13 20:41:27:846	24.4	66.4	24.8
2021-07-13 20:41:28:840	24.5	66.5	24.8
2021-07-13 20:41:29:846	24.5	66.5	24.8
2021-07-13 20:41:30:838	24.5	66.5	24.7
2021-07-13 20:41:31:846	24.5	66.5	24.7
2021-07-13 20:41:32:853	24.5	66.5	24.8
2021-07-13 20:41:33:846	24.5	66.5	24.8
2021-07-13 20:41:34:838	24.5	66.5	24.7
2021-07-13 20:41:35:845	24.5	66.5	24.8
2021-07-13 20:41:36:837	24.5	66.5	24.8
2021-07-13 20:41:37:845	24.5	66.5	24.8
2021-07-13 20:41:38:856	24.5	66.6	24.8
2021-07-13 20:41:39:832	24.5	66.6	24.7
2021-07-13 20:41:40:838	24.5	66.6	24.7
2021-07-13 20:41:41:847	24.5	66.6	24.7
2021-07-13 20:41:42:855	24.5	66.6	24.7
2021-07-13 20:41:43:837	24.5	66.6	24.7
2021-07-13 20:41:44:838	24.5	66.6	24.7
2021-07-13 20:41:45:849	24.5	66.6	24.8
2021-07-13 20:41:46:847	24.5	66.6	24.8
2021-07-13 20:41:47:852	24.5	66.6	24.8
2021-07-13 20:41:48:845	24.5	66.6	24.9
2021-07-13 20:41:49:844	24.5	66.6	24.8
2021-07-13 20:41:50:836	24.5	66.6	24.9
2021-07-13 20:41:51:843	24.5	66.6	24.9
2021-07-13 20:41:52:834	24.5	66.6	24.9
2021-07-13 20:41:53:842	24.5	66.6	24.9
2021-07-13 20:41:54:845	24.4	66.6	24.8
2021-07-13 20:41:55:854	24.4	66.6	24.8
2021-07-13 20:41:56:844	24.5	66.6	24.8
2021-07-13 20:41:57:848	24.5	66.6	24.8
2021-07-13 20:41:58:840	24.5	66.6	24.7
2021-07-13 20:41:59:833	24.5	66.6	24.7
2021-07-13 20:42:00:840	24.5	66.6	24.7
2021-07-13 20:42:01:833	24.5	66.6	24.7
2021-07-13 20:42:02:840	24.5	66.6	24.7
2021-07-13 20:42:03:856	24.5	66.6	24.8
2021-07-13 20:42:04:843	24.5	66.6	24.8
2021-07-13 20:42:05:851	24.5	66.6	24.8
2021-07-13 20:42:06:843	24.5	66.6	24.9
2021-07-13 20:42:07:836	24.5	66.6	24.9
2021-07-13 20:42:08:850	24.5	66.6	25
2021-07-13 20:42:09:843	24.5	66.6	24.9
2021-07-13 20:42:10:833	24.5	66.6	24.9
2021-07-13 20:42:11:842	24.5	66.6	24.9
2021-07-13 20:42:12:844	24.5	66.6	24.8
2021-07-13 20:42:13:845	24.5	66.6	24.8
2021-07-13 20:42:14:854	24.5	66.6	24.8
2021-07-13 20:42:15:843	24.5	66.6	24.8
2021-07-13 20:42:16:846	24.5	66.6	24.8
2021-07-13 20:42:17:852	24.5	66.6	24.8
2021-07-13 20:42:18:846	24.5	66.6	24.8
2021-07-13 20:42:19:852	24.5	66.6	24.8
2021-07-13 20:42:20:844	24.5	66.6	24.8
2021-07-13 20:42:21:846	24.5	66.6	24.8
2021-07-13 20:42:22:852	24.5	66.6	24.8
2021-07-13 20:42:23:858	24.5	66.6	24.8
2021-07-13 20:42:24:845	24.5	66.6	24.8
2021-07-13 20:42:25:856	24.5	66.6	24.8
2021-07-13 20:42:26:850	24.5	66.6	24.8
2021-07-13 20:42:27:852	24.5	66.6	24.8
2021-07-13 20:42:28:858	24.5	66.6	24.8
2021-07-13 20:42:29:847	24.5	66.6	24.8
2021-07-13 20:42:30:853	24.5	66.6	24.8
2021-07-13 20:42:31:858	24.5	66.6	24.8
2021-07-13 20:42:32:859	24.5	66.6	24.8
2021-07-13 20:42:33:858	24.5	66.6	24.8
2021-07-13 20:42:34:864	24.5	66.6	24.8
2021-07-13 20:42:35:871	24.5	66.6	24.8
2021-07-13 20:42:36:861	24.5	66.6	24.8
2021-07-13 20:42:37:867	24.5	66.6	24.8
2021-07-13 20:42:38:873	24.5	66.6	24.8
2021-07-13 20:42:39:873	24.5	66.6	24.8
2021-07-13 20:42:40:862	24.5	66.6	24.8
2021-07-13 20:42:41:867	24.5	66.6	24.7
2021-07-13 20:42:42:860	24.5	66.6	24.7
2021-07-13 20:42:43:866	24.5	66.6	24.7
2021-07-13 20:42:44:859	24.5	66.6	24.7
2021-07-13 20:42:45:858	24.5	66.6	24.8
2021-07-13 20:42:46:859	24.5	66.6	24.8
2021-07-13 20:42:47:869	24.5	66.6	24.8
2021-07-13 20:42:48:862	24.5	66.6	24.8
2021-07-13 20:42:49:866	24.5	66.6	24.8
2021-07-13 20:42:50:868	24.5	66.6	24.8
2021-07-13 20:42:51:858	24.5	66.6	24.9
2021-07-13 20:42:52:866	24.5	66.6	24.9
2021-07-13 20:42:53:858	24.5	66.6	24.9
2021-07-13 20:42:54:849	24.5	66.6	24.9
2021-07-13 20:42:55:866	24.5	66.6	24.8
2021-07-13 20:42:56:860	24.5	66.6	24.8
2021-07-13 20:42:57:869	24.5	66.6	24.8
2021-07-13 20:42:58:862	24.5	66.6	24.8
2021-07-13 20:42:59:869	24.5	66.6	24.8
2021-07-13 20:43:00:862	24.5	66.6	24.8
2021-07-13 20:43:01:870	24.5	66.6	24.7
2021-07-13 20:43:02:859	24.5	66.6	24.8
2021-07-13 20:43:03:867	24.5	66.6	24.8
2021-07-13 20:43:04:871	24.5	66.6	24.8
2021-07-13 20:43:05:860	24.5	66.6	24.8
2021-07-13 20:43:06:867	24.5	66.6	24.8
2021-07-13 20:43:07:859	24.5	66.6	24.7
2021-07-13 20:43:08:853	24.5	66.6	24.7
2021-07-13 20:43:09:858	24.5	66.6	24.7
2021-07-13 20:43:10:852	24.5	66.6	24.7
2021-07-13 20:43:11:860	24.5	66.6	24.7
2021-07-13 20:43:12:852	24.5	66.6	24.7
2021-07-13 20:43:13:859	24.5	66.6	24.7
2021-07-13 20:43:14:866	24.5	66.6	24.7
2021-07-13 20:43:15:875	24.5	66.6	24.7
2021-07-13 20:43:16:867	24.5	66.6	24.7
2021-07-13 20:43:17:882	24.5	66.6	24.8
2021-07-13 20:43:18:888	24.5	66.6	24.8
2021-07-13 20:43:19:878	24.5	66.6	24.8
2021-07-13 20:43:20:883	24.5	66.6	24.8
2021-07-13 20:43:21:883	24.5	66.6	24.8
2021-07-13 20:43:22:886	24.5	66.6	24.8
2021-07-13 20:43:23:879	24.5	66.6	24.7
2021-07-13 20:43:24:871	24.5	66.6	24.7
2021-07-13 20:43:25:860	24.5	66.6	24.7
2021-07-13 20:43:26:870	24.5	66.6	24.7
2021-07-13 20:43:27:861	24.5	66.6	24.7
2021-07-13 20:43:28:884	24.5	66.6	24.7
2021-07-13 20:43:29:890	24.5	66.6	24.8
2021-07-13 20:43:30:875	24.5	66.6	24.8
2021-07-13 20:43:31:886	24.5	66.6	24.8
2021-07-13 20:43:32:873	24.5	66.6	24.8
2021-07-13 20:43:33:873	24.5	66.6	24.8
2021-07-13 20:43:34:873	24.5	66.6	24.8
2021-07-13 20:43:35:866	24.5	66.6	24.7
2021-07-13 20:43:36:872	24.5	66.6	24.7
2021-07-13 20:43:37:866	24.5	66.6	24.7
2021-07-13 20:43:38:872	24.5	66.6	24.7
2021-07-13 20:43:39:880	24.5	66.6	24.7
2021-07-13 20:43:40:873	24.5	66.6	24.7
2021-07-13 20:43:41:864	24.5	66.6	24.7
2021-07-13 20:43:42:872	24.5	66.6	24.7
2021-07-13 20:43:43:880	24.5	66.6	24.7
2021-07-13 20:43:44:871	24.5	66.6	24.7
2021-07-13 20:43:45:880	24.5	66.6	24.7
2021-07-13 20:43:46:880	24.5	66.6	24.8
2021-07-13 20:43:47:881	24.5	66.6	24.8
2021-07-13 20:43:48:876	24.5	66.6	24.8
2021-07-13 20:43:49:866	24.5	66.6	24.7
2021-07-13 20:43:50:874	24.5	66.6	24.7
2021-07-13 20:43:51:866	24.5	66.6	24.7
2021-07-13 20:43:52:876	24.5	66.6	24.7
2021-07-13 20:43:53:882	24.5	66.6	24.7
2021-07-13 20:43:54:875	24.5	66.6	24.7
2021-07-13 20:43:55:866	24.5	66.6	24.7
2021-07-13 20:43:56:873	24.5	66.6	24.7
2021-07-13 20:43:57:881	24.5	66.6	24.7
2021-07-13 20:43:58:887	24.5	66.6	24.8
2021-07-13 20:43:59:875	24.5	66.6	24.8
2021-07-13 20:44:00:875	24.5	66.6	24.8
2021-07-13 20:44:01:879	24.5	66.6	24.8
2021-07-13 20:44:02:878	24.5	66.6	24.8
2021-07-13 20:44:03:876	24.5	66.6	24.8
2021-07-13 20:44:04:866	24.5	66.6	24.7
2021-07-13 20:44:05:874	24.5	66.6	24.7
2021-07-13 20:44:06:866	24.5	66.6	24.7
2021-07-13 20:44:07:874	24.5	66.6	24.7
2021-07-13 20:44:08:877	24.5	66.6	24.8
2021-07-13 20:44:09:880	24.5	66.6	24.8
2021-07-13 20:44:10:879	24.5	66.6	24.8
2021-07-13 20:44:11:870	24.5	66.6	24.7
2021-07-13 20:44:12:878	24.5	66.6	24.7
2021-07-13 20:44:13:871	24.5	66.6	24.7
2021-07-13 20:44:14:879	24.5	66.5	24.7
2021-07-13 20:44:15:871	24.5	66.5	24.7
2021-07-13 20:44:16:879	24.5	66.5	24.7
2021-07-13 20:44:17:870	24.5	66.5	24.7
2021-07-13 20:44:18:893	24.5	66.5	24.7
2021-07-13 20:44:19:884	24.5	66.5	24.7
2021-07-13 20:44:20:893	24.5	66.4	24.7
2021-07-13 20:44:21:885	24.5	66.4	24.8
2021-07-13 20:44:22:894	24.5	66.4	24.7
2021-07-13 20:44:23:889	24.5	66.4	24.7
2021-07-13 20:44:24:876	24.5	66.3	24.7
2021-07-13 20:44:25:884	24.5	66.3	24.7
2021-07-13 20:44:26:892	24.5	66.3	24.7
2021-07-13 20:44:27:885	24.5	66.3	24.7
2021-07-13 20:44:28:891	24.5	66.2	24.7
2021-07-13 20:44:29:884	24.5	66.2	24.7
2021-07-13 20:44:30:874	24.5	66.2	24.7
2021-07-13 20:44:31:883	24.5	66.2	24.7
2021-07-13 20:44:32:892	24.5	66.2	24.7
2021-07-13 20:44:33:882	24.5	66.2	24.7
2021-07-13 20:44:34:891	24.5	66.2	24.7
2021-07-13 20:44:35:898	24.5	66.2	24.7
2021-07-13 20:44:36:891	24.5	66.2	24.6
2021-07-13 20:44:37:883	24.5	66.2	24.7
2021-07-13 20:44:38:889	24.5	66.2	24.7
2021-07-13 20:44:39:898	24.5	66.2	24.7
2021-07-13 20:44:40:890	24.5	66.2	24.7
2021-07-13 20:44:41:881	24.5	66.2	24.7
2021-07-13 20:44:42:890	24.5	66.2	24.7
2021-07-13 20:44:43:897	24.5	66.2	24.7
2021-07-13 20:44:44:888	24.5	66.2	24.7
2021-07-13 20:44:45:897	24.5	66.2	24.7
2021-07-13 20:44:46:888	24.5	66.2	24.7
2021-07-13 20:44:47:880	24.5	66.2	24.7
2021-07-13 20:44:48:904	24.5	66.2	24.7
2021-07-13 20:44:49:879	24.5	66.2	24.7
2021-07-13 20:44:50:888	24.5	66.2	24.7
2021-07-13 20:44:51:879	24.5	66.2	24.7
2021-07-13 20:44:52:887	24.5	66.2	24.7
2021-07-13 20:44:53:880	24.5	66.2	24.7
2021-07-13 20:44:54:887	24.5	66.2	24.7
2021-07-13 20:44:55:896	24.5	66.2	24.7
2021-07-13 20:44:56:901	24.5	66.2	24.8
2021-07-13 20:44:57:891	24.5	66.2	24.8
2021-07-13 20:44:58:894	24.5	66.2	24.8
2021-07-13 20:44:59:886	24.5	66.2	24.7
2021-07-13 20:45:00:893	24.5	66.2	24.7
2021-07-13 20:45:01:885	24.5	66.2	24.7
2021-07-13 20:45:02:893	24.5	66.2	24.7
2021-07-13 20:45:03:897	24.5	66.2	24.8
2021-07-13 20:45:04:920	24.5	66.2	24.8
2021-07-13 20:45:05:914	24.5	66.2	24.8
2021-07-13 20:45:06:915	24.5	66.2	24.8
2021-07-13 20:45:07:909	24.5	66.2	24.8
2021-07-13 20:45:08:899	24.5	66.1	24.7
2021-07-13 20:45:09:909	24.5	66.1	24.7
2021-07-13 20:45:10:916	24.5	66.1	24.7
2021-07-13 20:45:11:924	24.5	66.1	24.7
2021-07-13 20:45:12:914	24.5	66.1	24.7
2021-07-13 20:45:13:907	24.5	66.1	24.7
2021-07-13 20:45:14:914	24.5	66.1	24.7
2021-07-13 20:45:15:922	24.5	66.1	24.7
2021-07-13 20:45:16:915	24.5	66.1	24.7
2021-07-13 20:45:17:924	24.5	66.1	24.7
2021-07-13 20:45:18:931	24.5	66	24.7
2021-07-13 20:45:19:923	24.5	66	24.7
2021-07-13 20:45:20:915	24.5	66	24.7
2021-07-13 20:45:21:923	24.5	66	24.7
2021-07-13 20:45:22:929	24.5	66	24.7
2021-07-13 20:45:23:937	24.5	66	24.8
2021-07-13 20:45:24:930	24.5	66	24.8
2021-07-13 20:45:25:938	24.5	66	24.8
2021-07-13 20:45:26:929	24.5	66	24.7
2021-07-13 20:45:27:937	24.5	66	24.7
2021-07-13 20:45:28:945	24.5	66	24.7
2021-07-13 20:45:29:937	24.5	66	24.7
2021-07-13 20:45:30:927	24.5	65.9	24.7
2021-07-13 20:45:31:937	24.5	65.9	24.7
2021-07-13 20:45:32:928	24.5	65.9	24.7
2021-07-13 20:45:33:935	24.5	65.9	24.6
2021-07-13 20:45:34:928	24.5	65.9	24.7
2021-07-13 20:45:35:935	24.5	65.9	24.7
2021-07-13 20:45:36:943	24.5	65.8	24.7
2021-07-13 20:45:37:948	24.5	65.8	24.6
2021-07-13 20:45:38:923	24.5	65.7	24.7
2021-07-13 20:45:39:930	24.5	65.7	24.7
2021-07-13 20:45:41:913	24.5	65.6	24.7
2021-07-13 20:45:44:938	24.5	65.4	24.7
2021-07-13 20:45:45:930	24.5	65.4	24.7
2021-07-13 20:45:46:952	24.5	65.4	24.7
2021-07-13 20:45:47:961	24.5	65.4	24.7
2021-07-13 20:45:48:953	24.5	65.3	24.7
2021-07-13 20:45:49:962	24.5	65.3	24.7
2021-07-13 20:45:50:952	24.5	65.2	24.7
2021-07-13 20:45:51:942	24.5	65.2	24.7
2021-07-13 20:45:52:952	24.5	65.1	24.7
2021-07-13 20:45:53:953	24.5	65.1	24.6
2021-07-13 20:45:54:960	24.5	65.1	24.6
2021-07-13 20:45:55:951	24.5	65.1	24.7
2021-07-13 20:45:56:945	24.5	65	24.7
2021-07-13 20:45:57:952	24.5	65	24.7
2021-07-13 20:45:58:954	24.5	64.9	24.6
2021-07-13 20:45:59:960	24.5	64.9	24.7
2021-07-13 20:46:00:953	24.5	64.9	24.7
2021-07-13 20:46:01:944	24.5	64.9	24.7
2021-07-13 20:46:02:951	24.5	64.8	24.7
2021-07-13 20:46:03:959	24.5	64.8	24.7
2021-07-13 20:46:04:953	24.5	64.7	24.6
2021-07-13 20:46:05:958	24.5	64.7	24.6
2021-07-13 20:46:06:951	24.5	64.6	24.6
2021-07-13 20:46:07:942	24.5	64.6	24.6
2021-07-13 20:46:08:950	24.5	64.6	24.6
2021-07-13 20:46:09:959	24.5	64.6	24.6
2021-07-13 20:46:10:950	24.5	64.5	24.6
2021-07-13 20:46:11:958	24.5	64.5	24.6
2021-07-13 20:46:12:950	24.5	64.4	24.6
2021-07-13 20:46:13:942	24.5	64.4	24.6
2021-07-13 20:46:14:950	24.5	64.4	24.6
2021-07-13 20:46:15:941	24.5	64.4	24.6
2021-07-13 20:46:16:964	24.5	64.3	24.6
2021-07-13 20:46:17:951	24.5	64.3	24.6
2021-07-13 20:46:18:960	24.5	64.3	24.6
2021-07-13 20:46:19:955	24.5	64.3	24.6
2021-07-13 20:46:20:951	24.5	64.2	24.6
2021-07-13 20:46:21:967	24.5	64.2	24.6
2021-07-13 20:46:22:995	24.5	64.2	24.6
2021-07-13 20:46:23:969	24.5	64.2	24.6
2021-07-13 20:46:24:971	24.5	64.1	24.6
2021-07-13 20:46:25:975	24.5	64.1	24.6
2021-07-13 20:46:26:975	24.5	64	24.6
2021-07-13 20:46:27:968	24.5	64	24.7
2021-07-13 20:46:28:970	24.5	64	24.7
2021-07-13 20:46:29:966	24.5	64	24.7
2021-07-13 20:46:30:975	24.5	63.9	24.6
2021-07-13 20:46:31:967	24.5	63.9	24.6
