Wind Monitoring Program V1.0
회 사 명 : (주)레도
작성일자 : 2020년 06월 16일 13:33:07


날짜/시간 	 Wind_Driction 	 Wind_Speed
2020-06-16 13:33:07:180	245	0.2556521
2020-06-16 13:33:08:143	243	0.2496714
2020-06-16 13:33:09:157	243	0.1939559
2020-06-16 13:33:10:153	243	0.2157751
2020-06-16 13:33:11:160	271	0.3676693
2020-06-16 13:33:12:150	272	0.402904
2020-06-16 13:33:13:155	270	0.392162
2020-06-16 13:33:14:145	273	0.3528582
2020-06-16 13:33:15:147	265	0.3021508
2020-06-16 13:33:16:157	242	0.2483022
2020-06-16 13:33:17:145	242	0.2073789
2020-06-16 13:33:18:152	242	0
2020-06-16 13:33:19:156	242	0
2020-06-16 13:33:20:144	242	0
2020-06-16 13:33:21:136	242	0
2020-06-16 13:33:22:145	252	0.3022419
2020-06-16 13:33:23:148	256	0.2401875
2020-06-16 13:33:24:139	256	0
2020-06-16 13:33:25:142	256	0
2020-06-16 13:33:26:148	256	0
2020-06-16 13:33:27:154	256	0
2020-06-16 13:33:28:142	256	0
2020-06-16 13:33:29:149	256	0
2020-06-16 13:33:30:153	256	0
2020-06-16 13:33:31:144	256	0
2020-06-16 13:33:32:149	256	0
2020-06-16 13:33:33:143	262	0
2020-06-16 13:33:34:144	262	0
2020-06-16 13:33:35:153	262	0
2020-06-16 13:33:36:146	265	0.334431
2020-06-16 13:33:37:152	264	0.3277289
2020-06-16 13:33:38:157	261	0.3346073
2020-06-16 13:33:39:145	273	0.2222103
2020-06-16 13:33:40:153	35	0.8913401
2020-06-16 13:33:41:139	45	2.207346
2020-06-16 13:33:42:144	48	2.64022
2020-06-16 13:33:43:151	48	2.650225
2020-06-16 13:33:44:143	47	2.325213
2020-06-16 13:33:45:150	43	0.9067732
2020-06-16 13:33:46:156	25	0
2020-06-16 13:33:47:139	25	0
2020-06-16 13:33:48:150	25	0.2145514
2020-06-16 13:33:49:141	25	0
2020-06-16 13:33:50:140	25	0
2020-06-16 13:33:51:145	25	0
2020-06-16 13:33:52:138	25	0
2020-06-16 13:33:53:147	25	0.1987475
2020-06-16 13:33:54:137	25	0
2020-06-16 13:33:55:141	25	0
2020-06-16 13:33:56:145	25	0
2020-06-16 13:33:57:136	25	0
2020-06-16 13:33:58:140	25	0
2020-06-16 13:33:59:131	25	0
2020-06-16 13:34:00:135	25	0
2020-06-16 13:34:01:143	25	0
2020-06-16 13:34:02:129	25	0
2020-06-16 13:34:03:138	25	0
2020-06-16 13:34:04:141	25	0
2020-06-16 13:34:05:150	25	0
2020-06-16 13:34:06:151	25	0
2020-06-16 13:34:07:145	25	0
2020-06-16 13:34:08:148	25	0
2020-06-16 13:34:09:156	25	0
2020-06-16 13:34:10:143	25	0
2020-06-16 13:34:11:155	25	0.2459767
2020-06-16 13:34:12:146	254	0.2831475
2020-06-16 13:34:13:149	265	0.3198444
2020-06-16 13:34:14:139	271	0.4093769
2020-06-16 13:34:15:140	271	0.4692277
2020-06-16 13:34:16:147	268	0.4287029
2020-06-16 13:34:17:156	269	0.3749447
2020-06-16 13:34:18:146	267	0.3521696
2020-06-16 13:34:19:153	257	0.3883576
2020-06-16 13:34:20:141	250	0.3332045
2020-06-16 13:34:21:148	247	0.2223123
2020-06-16 13:34:22:153	247	0.2086833
2020-06-16 13:34:23:159	247	0.2280888
2020-06-16 13:34:24:160	250	0.2631802
2020-06-16 13:34:25:154	264	0.3620258
2020-06-16 13:34:26:144	284	0.3764473
2020-06-16 13:34:27:149	284	0.3864943
2020-06-16 13:34:28:143	279	0.516917
2020-06-16 13:34:29:367	285	0.4722578
2020-06-16 13:34:30:150	281	0.4135062
2020-06-16 13:34:31:137	272	0.5040411
2020-06-16 13:34:32:145	265	0.5835218
2020-06-16 13:34:33:148	259	0.5224341
2020-06-16 13:34:34:162	263	0.4482807
2020-06-16 13:34:35:145	261	0.480464
2020-06-16 13:34:36:153	250	0.4750471
2020-06-16 13:34:37:155	250	0.401313
2020-06-16 13:34:38:145	257	0.4092529
2020-06-16 13:34:39:135	258	0.4501547
2020-06-16 13:34:40:140	254	0.4112324
2020-06-16 13:34:41:147	246	0.3886067
2020-06-16 13:34:42:136	241	0.4296251
2020-06-16 13:34:43:143	241	0.496727
2020-06-16 13:34:44:148	244	0.5869583
2020-06-16 13:34:45:154	248	0.5833814
2020-06-16 13:34:46:144	259	0.4970643
2020-06-16 13:34:47:150	267	0.4690701
2020-06-16 13:34:48:141	273	0.4353303
2020-06-16 13:34:49:145	273	0.3839858
2020-06-16 13:34:50:150	274	0.3759564
2020-06-16 13:34:51:141	287	0.3251066
2020-06-16 13:34:52:147	300	0.3265696
2020-06-16 13:34:53:136	304	0.2920683
2020-06-16 13:34:54:143	304	0.2172076
2020-06-16 13:34:55:148	304	0.2421792
2020-06-16 13:34:56:142	291	0.2875652
2020-06-16 13:34:57:143	288	0.3099817
2020-06-16 13:34:58:154	290	0.3520091
2020-06-16 13:34:59:163	297	0.3321694
2020-06-16 13:35:00:153	300	0.3106796
2020-06-16 13:35:01:164	291	0.342853
2020-06-16 13:35:02:165	278	0.3704417
2020-06-16 13:35:03:154	285	0.2537191
2020-06-16 13:35:04:158	285	0.2225126
2020-06-16 13:35:05:150	285	0.2332994
2020-06-16 13:35:06:160	294	0.2479204
2020-06-16 13:35:07:161	296	0.3143843
2020-06-16 13:35:08:152	307	0.3652718
2020-06-16 13:35:09:157	316	0.3544612
2020-06-16 13:35:10:149	319	0.3291511
2020-06-16 13:35:11:155	310	0.3712169
2020-06-16 13:35:12:159	300	0.3689359
2020-06-16 13:35:13:164	295	0.3538028
2020-06-16 13:35:14:157	296	0.3783919
2020-06-16 13:35:15:160	299	0.4187853
2020-06-16 13:35:16:149	299	0.3880236
2020-06-16 13:35:17:159	305	0.2676399
2020-06-16 13:35:18:187	309	0.2083573
2020-06-16 13:35:19:154	309	0.2088361
2020-06-16 13:35:20:158	309	0.2362878
2020-06-16 13:35:21:162	309	0.2344868
2020-06-16 13:35:22:172	309	0.182276
2020-06-16 13:35:23:159	309	0.1788298
2020-06-16 13:35:24:169	309	0.2241135
2020-06-16 13:35:25:170	309	0.1698328
2020-06-16 13:35:26:179	309	0
2020-06-16 13:35:27:164	309	0
2020-06-16 13:35:28:170	309	0
2020-06-16 13:35:29:177	309	0.237792
2020-06-16 13:35:30:168	311	0.2528695
2020-06-16 13:35:31:173	306	0.220485
2020-06-16 13:35:32:178	306	0
2020-06-16 13:35:33:167	306	0
2020-06-16 13:35:34:172	306	0
2020-06-16 13:35:35:180	284	0.3317038
2020-06-16 13:35:36:185	268	0.3076924
2020-06-16 13:35:37:175	259	0.3573425
2020-06-16 13:35:38:180	262	0.4181096
2020-06-16 13:35:39:186	268	0.3844117
2020-06-16 13:35:40:175	270	0.3998058
2020-06-16 13:35:41:182	269	0.3683311
2020-06-16 13:35:42:172	273	0.3143444
2020-06-16 13:35:43:177	276	0.2424164
2020-06-16 13:35:44:185	276	0
2020-06-16 13:35:45:172	276	0
2020-06-16 13:35:46:178	276	0
2020-06-16 13:35:47:168	276	0
2020-06-16 13:35:48:174	276	0
2020-06-16 13:35:49:179	276	0
2020-06-16 13:35:50:170	271	0.2779523
2020-06-16 13:35:51:175	270	0.2715052
2020-06-16 13:35:52:182	265	0.2447422
2020-06-16 13:35:53:171	265	0.2348672
2020-06-16 13:35:54:180	277	0.3500829
2020-06-16 13:35:55:171	276	0.4012271
2020-06-16 13:35:56:173	258	0.3253597
2020-06-16 13:35:57:182	256	0.3257103
2020-06-16 13:35:58:169	271	0.4120462
2020-06-16 13:35:59:174	277	0.4252672
2020-06-16 13:36:00:164	277	0.455622
2020-06-16 13:36:01:170	278	0.4697664
2020-06-16 13:36:02:175	271	0.4059384
2020-06-16 13:36:03:165	271	0.4334711
2020-06-16 13:36:04:170	280	0.4580891
2020-06-16 13:36:05:177	283	0.4162493
2020-06-16 13:36:06:167	281	0.4434646
2020-06-16 13:36:07:172	281	0.4766715
2020-06-16 13:36:08:179	285	0.4529005
2020-06-16 13:36:09:175	280	0.4366314
2020-06-16 13:36:10:174	276	0.4761122
2020-06-16 13:36:11:167	282	0.4365426
2020-06-16 13:36:12:204	285	0.3413078
2020-06-16 13:36:13:279	279	0.3339743
2020-06-16 13:36:14:180	274	0.3626972
2020-06-16 13:36:15:170	289	0.3492619
2020-06-16 13:36:16:175	294	0.3690213
2020-06-16 13:36:17:182	279	0.4071765
2020-06-16 13:36:18:171	272	0.4334323
2020-06-16 13:36:19:177	274	0.4896455
2020-06-16 13:36:20:172	278	0.4735333
2020-06-16 13:36:21:175	285	0.3954379
2020-06-16 13:36:22:179	275	0.3598315
2020-06-16 13:36:23:172	273	0.4329209
2020-06-16 13:36:24:174	280	0.4743522
2020-06-16 13:36:25:182	280	0.4836594
2020-06-16 13:36:26:172	270	0.491353
2020-06-16 13:36:27:181	271	0.4460368
2020-06-16 13:36:28:172	290	0.380606
2020-06-16 13:36:29:175	291	0.4143797
2020-06-16 13:36:30:166	282	0.3759114
2020-06-16 13:36:31:171	280	0.3141302
2020-06-16 13:36:32:182	284	0.3391402
2020-06-16 13:36:33:172	278	0.3144606
2020-06-16 13:36:34:177	261	0.3030331
2020-06-16 13:36:35:183	265	0.3645074
2020-06-16 13:36:36:173	277	0.3785851
2020-06-16 13:36:37:174	282	0.3424509
2020-06-16 13:36:38:175	287	0.342854
2020-06-16 13:36:39:170	285	0.4694584
2020-06-16 13:36:40:174	284	0.539013
2020-06-16 13:36:41:177	288	0.4172312
2020-06-16 13:36:42:170	268	0.3732756
2020-06-16 13:36:43:178	260	0.431469
2020-06-16 13:36:44:195	267	0.4162448
2020-06-16 13:36:45:199	270	0.2827071
2020-06-16 13:36:46:194	267	0.2948386
2020-06-16 13:36:47:199	267	0.3278456
2020-06-16 13:36:48:204	265	0.2736547
2020-06-16 13:36:49:200	263	0.2743177
2020-06-16 13:36:50:188	265	0.3084787
2020-06-16 13:36:51:191	277	0.4069452
2020-06-16 13:36:52:185	282	0.4088249
2020-06-16 13:36:53:190	270	0.3402286
2020-06-16 13:36:54:180	277	0.4082115
2020-06-16 13:36:55:186	275	0.4412116
2020-06-16 13:36:56:191	267	0.4002471
2020-06-16 13:36:57:181	265	0.3557473
2020-06-16 13:36:58:192	268	0.3453354
2020-06-16 13:36:59:192	278	0.3353884
2020-06-16 13:37:00:182	281	0.3798521
2020-06-16 13:37:01:189	284	0.3655322
2020-06-16 13:37:02:195	302	0.2714292
2020-06-16 13:37:03:188	303	0.2500802
2020-06-16 13:37:04:195	295	0.232562
2020-06-16 13:37:05:197	295	0.1971727
2020-06-16 13:37:06:187	295	0
2020-06-16 13:37:07:193	295	0
2020-06-16 13:37:08:181	295	0
2020-06-16 13:37:09:189	295	0.2285821
2020-06-16 13:37:10:176	295	0.2301662
2020-06-16 13:37:11:182	262	0.3019421
2020-06-16 13:37:12:188	248	0.3547454
2020-06-16 13:37:13:197	236	0.292001
2020-06-16 13:37:14:186	231	0.1880544
2020-06-16 13:37:15:192	231	0.2364917
2020-06-16 13:37:16:200	253	0.3247835
2020-06-16 13:37:17:188	271	0.3360097
2020-06-16 13:37:18:196	278	0.350668
2020-06-16 13:37:19:196	263	0.3150898
2020-06-16 13:37:20:190	261	0.2872103
2020-06-16 16:11:51:178	273	0
2020-06-16 16:11:52:173	273	0
2020-06-16 16:11:53:180	273	0
2020-06-16 16:11:54:173	273	0
2020-06-16 16:11:55:166	273	0
2020-06-16 16:11:56:171	298	0.2688241
2020-06-16 16:11:57:167	301	0.2139845
2020-06-16 16:11:58:171	301	0.1876212
2020-06-16 16:11:59:178	301	0
2020-06-16 16:12:00:173	301	0
2020-06-16 16:12:01:184	301	0.2359397
2020-06-16 16:12:02:174	288	0.3737136
2020-06-16 16:12:03:162	286	0.3876266
2020-06-16 16:12:04:173	287	0.3490965
2020-06-16 16:12:05:163	282	0.3922296
2020-06-16 16:12:06:170	283	0.2909158
2020-06-16 16:12:07:182	284	0
2020-06-16 16:12:08:170	284	0
2020-06-16 16:12:09:177	284	0
2020-06-16 16:12:10:173	296	0.2495093
2020-06-16 16:12:11:177	296	0.1754157
2020-06-16 16:12:12:169	296	0.2208335
2020-06-16 16:12:13:177	285	0.3438271
2020-06-16 16:12:14:173	286	0.3595014
2020-06-16 16:12:15:176	284	0.3656492
2020-06-16 16:12:16:172	278	0.3869522
2020-06-16 16:12:17:164	282	0.3195687
2020-06-16 16:12:18:172	285	0.3024149
2020-06-16 16:12:19:167	289	0.3156116
2020-06-16 16:12:20:175	297	0.3049361
2020-06-16 16:12:21:183	296	0.3247644
2020-06-16 16:12:22:176	288	0.37492
2020-06-16 16:12:23:163	283	0.3502275
2020-06-16 16:12:24:176	291	0.2500351
2020-06-16 16:13:47:386	297	0.2694189
2020-06-16 16:13:48:393	297	0.1914048
2020-06-16 16:13:49:381	297	0.2367874
2020-06-16 16:13:50:389	276	0.2946495
2020-06-16 16:13:51:380	281	0.2919244
2020-06-16 16:13:52:388	288	0.2898864
2020-06-16 16:13:53:398	290	0.348105
2020-06-16 16:13:54:389	286	0.3926336
2020-06-16 16:13:55:388	282	0.4105387
2020-06-16 16:13:56:379	283	0.4100507
2020-06-16 16:13:57:386	297	0.3895382
2020-06-16 16:13:58:395	304	0.3765409
2020-06-16 16:13:59:386	301	0.2837296
2020-06-16 16:14:00:398	300	0.2266823
2020-06-16 16:14:01:389	300	0.22612
2020-06-16 16:14:02:399	300	0.2045159
2020-06-16 16:14:03:388	291	0.2909375
2020-06-16 16:14:04:395	297	0.3030108
2020-06-16 16:51:05:444	294	0.3207799
2020-06-16 16:51:06:446	284	0.4199939
2020-06-16 16:51:07:439	271	0.4082063
2020-06-16 16:51:08:429	256	0.3211861
2020-06-16 16:51:09:438	249	0.2189586
2020-06-16 16:51:10:431	249	0
2020-06-16 16:51:11:468	249	0
2020-06-16 16:51:12:446	295	0.263664
2020-06-16 16:51:13:440	290	0.2960009
2020-06-16 16:51:14:446	285	0.3197867
2020-06-16 16:51:15:439	279	0.3314329
2020-06-16 16:51:16:431	270	0.3054687
2020-06-16 16:51:17:439	279	0.2914477
2020-06-16 16:51:18:428	290	0.3482864
2020-06-16 16:51:19:436	289	0.4470192
2020-06-16 16:51:20:428	287	0.4530711
2020-06-16 16:51:21:436	295	0.3147773
2020-06-16 16:51:22:447	305	0.249154
2020-06-16 16:51:23:456	303	0.2771325
2020-06-16 16:51:24:442	282	0.324352
2020-06-16 16:51:25:428	269	0.3465936
2020-06-16 16:51:26:437	264	0.3532684
2020-06-16 16:51:27:428	259	0.284943
2020-06-16 16:51:28:437	256	0.2001718
2020-06-16 16:51:29:441	256	0.2490726
2020-06-16 16:51:30:440	260	0.2984133
2020-06-16 16:51:31:442	263	0.2333985
2020-06-16 16:51:32:449	278	0.2580052
2020-06-16 16:51:33:442	284	0.2999859
2020-06-16 16:51:34:497	286	0.2209415
2020-06-16 16:51:35:440	286	0.2157649
2020-06-16 16:55:16:594	280	0.2001127
2020-06-16 16:55:17:599	280	0
2020-06-16 16:55:18:591	280	0
2020-06-16 16:55:19:598	280	0
2020-06-16 16:55:20:589	280	0
2020-06-16 16:55:21:588	280	0
2020-06-16 16:55:22:592	280	0
2020-06-16 16:55:23:596	280	0
2020-06-16 16:55:24:588	280	0
2020-06-16 16:55:25:596	280	0
2020-06-16 16:55:26:588	280	0
2020-06-16 16:55:27:595	280	0
2020-06-16 16:55:28:604	280	0
2020-06-16 16:55:29:595	280	0
2020-06-16 16:55:30:587	280	0
2020-06-16 16:55:31:595	280	0
2020-06-16 16:55:32:588	280	0
2020-06-16 16:55:33:594	280	0
2020-06-16 16:55:34:591	280	0
2020-06-16 16:55:35:596	280	0
2020-06-16 16:55:36:603	280	0
2020-06-16 16:55:37:595	280	0
2020-06-16 16:55:38:590	280	0
2020-06-16 16:55:39:594	280	0
2020-06-16 16:55:40:587	280	0
2020-06-16 16:55:41:594	294	0.3580856
2020-06-16 16:55:42:603	288	0.3348526
2020-06-16 16:55:43:594	274	0.2374941
2020-06-16 16:55:44:601	274	0.2256631
2020-06-16 16:55:45:594	288	0.2463337
2020-06-16 16:55:46:586	291	0.255122
2020-06-16 16:55:47:596	283	0.3147086
2020-06-16 16:55:48:585	285	0.2927952
2020-06-16 16:55:49:593	290	0.2886284
2020-06-16 16:55:50:588	298	0.3049963
2020-06-16 16:55:51:593	307	0.2526283
2020-06-16 16:55:52:606	307	0
2020-06-16 16:55:53:593	307	0
2020-06-16 16:55:54:599	307	0
2020-06-16 16:55:55:592	307	0
2020-06-16 16:55:56:584	307	0
2020-06-16 16:55:57:592	307	0
2020-06-16 16:55:58:598	307	0
2020-06-16 16:55:59:590	307	0.2188595
2020-06-16 16:56:00:595	297	0.2736376
2020-06-16 16:56:01:593	283	0.270012
2020-06-16 16:56:02:589	282	0.2185959
2020-06-16 16:56:03:593	282	0
2020-06-16 16:56:04:588	282	0
2020-06-16 16:56:05:589	282	0
2020-06-16 16:56:06:597	288	0.259901
2020-06-16 16:56:07:590	288	0
2020-06-16 16:56:08:597	288	0
2020-06-16 16:56:09:604	288	0
2020-06-16 16:56:10:597	288	0
2020-06-16 16:56:11:591	276	0.3685254
2020-06-16 16:56:12:596	282	0.3381662
2020-06-16 16:56:13:587	292	0.2794559
2020-06-16 16:56:14:595	287	0.2713279
2020-06-16 16:56:15:586	283	0.2310841
2020-06-16 16:56:16:594	283	0.2192954
2020-06-16 16:56:17:585	283	0.2335109
2020-06-16 16:56:18:609	283	0.2180379
2020-06-16 16:56:19:602	255	0.2604976
2020-06-16 16:56:20:593	266	0.2472769
2020-06-16 16:56:21:602	266	0.2397264
2020-06-16 16:56:22:592	266	0.2488041
2020-06-16 16:56:23:586	303	0.2382527
2020-06-16 16:56:24:595	303	0.2453647
2020-06-16 16:56:25:602	290	0.3191875
2020-06-16 16:56:26:591	295	0.2804517
2020-06-16 16:56:27:600	295	0.1785443
2020-06-16 16:56:28:593	295	0
2020-06-16 16:56:29:584	295	0
2020-06-16 16:56:30:593	295	0
2020-06-16 16:56:31:587	285	0.2965269
2020-06-16 16:56:32:590	284	0.3277644
2020-06-16 16:56:33:597	285	0.3434559
2020-06-16 16:56:34:609	289	0.31771
2020-06-16 16:56:35:599	288	0.3353642
2020-06-16 16:56:36:590	285	0.4167602
2020-06-16 16:56:37:597	293	0.4680843
2020-06-16 16:56:38:591	300	0.5060139
2020-06-16 16:56:39:583	298	0.4483051
2020-06-16 16:56:40:589	285	0.4427747
2020-06-16 16:56:41:597	271	0.4303184
2020-06-16 16:56:42:605	255	0.2788277
2020-06-16 16:56:43:597	259	0.2650495
2020-06-16 16:56:44:589	260	0.3228108
2020-06-16 16:56:45:596	254	0.3427575
2020-06-16 16:56:46:594	248	0.3661552
2020-06-16 16:56:47:596	245	0.3482314
2020-06-16 16:56:48:588	237	0.2840015
2020-06-16 16:56:49:611	231	0.2846271
2020-06-16 16:56:50:588	248	0.3060758
2020-06-16 16:56:51:595	272	0.2896887
2020-06-16 16:56:52:593	280	0.327781
2020-06-16 16:56:53:605	285	0.3623926
2020-06-16 16:56:54:606	289	0.3450929
2020-06-16 16:56:55:600	293	0.2716003
2020-06-16 16:56:56:587	300	0.2534874
2020-06-16 16:56:57:594	286	0.2891081
2020-06-16 16:56:58:602	268	0.2487813
2020-06-16 16:56:59:595	268	0.222167
2020-06-16 16:57:00:604	258	0.2520108
2020-06-16 16:57:01:593	267	0.3151496
2020-06-16 16:57:02:587	276	0.2626181
2020-06-16 16:57:03:593	276	0
2020-06-16 16:57:04:608	276	0
2020-06-16 16:57:05:593	276	0
2020-06-16 16:57:06:600	276	0
2020-06-16 16:57:07:592	276	0
2020-06-16 16:57:08:584	276	0
2020-06-16 16:57:09:593	276	0
2020-06-16 16:57:10:599	276	0
2020-06-16 16:57:11:592	276	0
2020-06-16 16:57:12:598	276	0
2020-06-16 16:57:13:592	276	0
2020-06-16 16:57:14:599	276	0
2020-06-16 16:57:15:606	276	0
2020-06-16 16:57:16:603	271	0.4956481
2020-06-16 16:57:17:591	269	0.4988636
2020-06-16 16:57:18:602	279	0.4109347
2020-06-16 16:57:19:591	292	0.2233859
2020-06-16 16:57:20:598	292	0
2020-06-16 16:57:21:591	292	0
2020-06-16 16:57:22:581	292	0
2020-06-16 16:57:23:589	292	0
2020-06-16 16:57:24:596	292	0
2020-06-16 16:57:25:606	253	0.28201
2020-06-16 16:57:26:597	263	0.3686063
2020-06-16 16:57:27:594	270	0.3249062
2020-06-16 16:57:28:585	284	0.2679429
2020-06-16 16:57:29:595	296	0.2648933
2020-06-16 16:57:30:591	293	0.301912
2020-06-16 16:57:31:594	283	0.3354871
2020-06-16 16:57:32:607	286	0.3175174
2020-06-16 16:57:33:595	288	0.309572
2020-06-16 16:57:34:596	282	0.2720698
2020-06-16 16:57:35:590	273	0.216574
2020-06-16 16:57:36:598	273	0.2175653
2020-06-16 16:57:37:589	273	0.220753
2020-06-16 16:57:38:596	273	0
2020-06-16 16:57:39:602	273	0
2020-06-16 16:57:40:601	270	0.4065526
2020-06-16 16:57:41:605	257	0.440311
2020-06-16 16:57:42:599	258	0.4279504
2020-06-16 16:57:43:589	263	0.5461575
2020-06-16 16:57:44:594	243	0.6416993
2020-06-16 16:57:45:585	230	0.5799128
2020-06-16 16:57:46:594	220	0.3423929
2020-06-16 16:57:47:618	214	0.2186899
2020-06-16 16:57:48:595	228	0.2458973
2020-06-16 16:57:49:601	228	0.2127068
2020-06-16 16:57:50:602	228	0
2020-06-16 16:57:51:585	228	0
2020-06-16 16:57:52:594	228	0
2020-06-16 16:57:53:586	228	0
2020-06-16 16:57:54:609	228	0
2020-06-16 16:57:55:601	228	0
2020-06-16 16:57:56:591	228	0
2020-06-16 16:57:57:602	228	0
2020-06-16 16:57:58:594	228	0
2020-06-16 16:57:59:583	228	0
2020-06-16 16:58:00:590	228	0
2020-06-16 16:58:01:598	228	0
2020-06-16 16:58:02:592	228	0.2416428
2020-06-16 16:58:03:600	228	0.2281854
2020-06-16 16:58:04:594	280	0.334651
2020-06-16 16:58:05:599	278	0.3872941
2020-06-16 16:58:06:589	273	0.4239998
2020-06-16 16:58:07:598	272	0.3956791
2020-06-16 16:58:08:590	273	0.2687943
2020-06-16 16:58:09:599	273	0.2015954
2020-06-16 16:58:10:592	275	0.299244
2020-06-16 16:58:11:599	272	0.3598437
2020-06-16 16:58:12:592	270	0.3445178
2020-06-16 16:58:13:585	278	0.3748164
2020-06-16 16:58:14:589	272	0.2960602
2020-06-16 16:58:15:598	259	0.335569
2020-06-16 16:58:16:588	267	0.3359061
2020-06-16 16:58:17:596	279	0.3044961
2020-06-16 16:58:18:597	277	0.3604549
2020-06-16 16:58:19:600	278	0.4251468
2020-06-16 16:58:20:587	286	0.3952131
2020-06-16 16:58:21:597	278	0.3597212
2020-06-16 16:58:22:605	270	0.4131583
2020-06-16 16:58:23:594	266	0.4076473
2020-06-16 16:58:24:600	257	0.276482
2020-06-16 16:58:25:596	270	0.2942531
2020-06-16 16:58:26:608	261	0.3256329
2020-06-16 16:58:27:594	247	0.1884296
2020-06-16 16:58:28:607	247	0
2020-06-16 16:58:29:593	247	0
2020-06-16 16:58:30:586	247	0
2020-06-16 16:58:31:592	247	0
2020-06-16 16:58:32:600	247	0
2020-06-16 16:58:33:592	247	0
2020-06-16 16:58:34:603	257	0.2281899
2020-06-16 16:58:35:597	257	0.2184035
2020-06-16 16:58:36:585	254	0.263437
2020-06-16 16:58:37:605	261	0.2912699
2020-06-16 16:58:38:600	268	0.3723997
2020-06-16 16:58:39:593	266	0.4492042
2020-06-16 16:58:40:599	259	0.3946411
2020-06-16 16:58:41:591	259	0.279841
2020-06-16 16:58:42:600	263	0.2047878
2020-06-16 16:58:43:592	263	0
2020-06-16 16:58:44:583	263	0
2020-06-16 16:58:45:607	263	0
2020-06-16 16:58:46:598	263	0
2020-06-16 16:58:47:596	280	0.3118772
2020-06-16 16:58:48:602	276	0.3119865
2020-06-16 16:58:49:590	290	0.2485944
2020-06-16 16:58:50:583	290	0.3261444
2020-06-16 16:58:51:590	285	0.4009653
2020-06-16 16:58:52:585	292	0.3204875
2020-06-16 16:58:53:591	288	0.3282906
2020-06-16 16:58:54:603	289	0.4012405
2020-06-16 16:58:55:605	291	0.3669977
2020-06-16 16:58:56:602	286	0.27792
2020-06-16 16:58:57:589	289	0.2820038
2020-06-16 16:58:58:597	277	0.3330808
2020-06-16 16:58:59:592	262	0.3496578
2020-06-16 16:59:00:598	270	0.3079597
2020-06-16 16:59:01:595	278	0
2020-06-16 16:59:02:597	278	0
2020-06-16 16:59:03:587	278	0
2020-06-16 16:59:04:593	278	0
2020-06-16 16:59:05:587	278	0
2020-06-16 16:59:06:596	260	0.2932803
2020-06-16 16:59:07:589	260	0.2319137
2020-06-16 16:59:08:601	260	0
2020-06-16 16:59:09:601	260	0
2020-06-16 16:59:10:594	286	0.309232
2020-06-16 16:59:11:586	267	0.3546187
2020-06-16 16:59:12:594	275	0.3753472
2020-06-16 16:59:13:585	280	0.3526344
2020-06-16 16:59:14:602	285	0.291398
2020-06-16 16:59:15:585	289	0
2020-06-16 16:59:16:608	289	0
2020-06-16 16:59:17:601	289	0
2020-06-16 16:59:18:593	289	0
2020-06-16 16:59:19:600	288	0.2784381
2020-06-16 16:59:20:599	279	0.2987988
2020-06-16 16:59:21:602	288	0.3406277
2020-06-16 16:59:22:592	297	0.3356444
2020-06-16 16:59:23:599	290	0.3252873
2020-06-16 16:59:24:608	283	0.3611988
2020-06-16 16:59:25:600	289	0.3364238
2020-06-16 16:59:26:591	286	0.3792641
2020-06-16 16:59:27:598	285	0.4381343
2020-06-16 16:59:28:591	284	0.3743922
2020-06-16 16:59:29:583	280	0.320544
2020-06-16 16:59:30:591	296	0.3067172
2020-06-16 16:59:31:599	294	0.278555
2020-06-16 16:59:32:591	281	0.2730431
2020-06-16 16:59:33:599	285	0.3351195
2020-06-16 16:59:34:594	278	0.4430503
2020-06-16 16:59:35:597	262	0.4201551
2020-06-16 16:59:36:589	257	0.3593021
2020-06-16 16:59:37:582	256	0.3194704
2020-06-16 16:59:38:593	260	0.2593162
2020-06-16 16:59:39:596	279	0.2815341
2020-06-16 16:59:40:590	270	0.3301822
2020-06-16 16:59:41:597	267	0.3849216
2020-06-16 16:59:42:590	278	0.4076003
2020-06-16 16:59:43:596	290	0.3408363
2020-06-16 16:59:44:590	298	0.291623
2020-06-16 16:59:45:600	291	0.2971105
2020-06-16 16:59:46:604	275	0.3249781
2020-06-16 16:59:47:596	298	0.2541749
2020-06-16 16:59:48:587	298	0.3119939
2020-06-16 16:59:49:594	280	0.4174458
2020-06-16 16:59:50:602	270	0.4668764
2020-06-16 16:59:51:595	275	0.4182992
2020-06-16 16:59:52:601	288	0.3825173
2020-06-16 16:59:53:593	295	0.3817134
2020-06-16 16:59:54:589	300	0.288518
2020-06-16 16:59:55:595	299	0.2327826
2020-06-16 16:59:56:584	299	0.2317118
2020-06-16 16:59:57:592	299	0.2030594
2020-06-16 16:59:58:605	299	0.228486
2020-06-16 16:59:59:592	299	0.193046
2020-06-16 17:00:00:600	299	0.1821926
2020-06-16 17:00:01:599	278	0.3372691
2020-06-16 17:00:02:601	280	0.3838586
2020-06-16 17:00:03:596	285	0.3424029
2020-06-16 17:00:04:602	284	0.317174
2020-06-16 17:00:05:594	285	0.348549
2020-06-16 17:00:06:599	275	0.386957
2020-06-16 17:00:07:598	273	0.2916196
2020-06-16 17:00:08:599	277	0.2114866
2020-06-16 17:00:09:596	277	0
2020-06-16 17:00:10:598	277	0
2020-06-16 17:00:11:592	292	0.3472435
2020-06-16 17:00:12:599	288	0.3733374
2020-06-16 17:00:13:591	276	0.3657871
2020-06-16 17:00:14:582	273	0.4091983
2020-06-16 17:00:15:596	275	0.4642545
2020-06-16 17:00:16:593	285	0.3146558
2020-06-16 17:00:17:586	294	0.2321162
2020-06-16 17:00:18:592	310	0.2500286
2020-06-16 17:00:19:600	305	0.2767833
2020-06-16 17:00:20:593	297	0.3411308
2020-06-16 17:00:21:599	295	0.3658907
2020-06-16 17:00:22:593	298	0.3416132
2020-06-16 17:00:23:583	292	0.3296031
2020-06-16 17:00:24:602	279	0.3493454
2020-06-16 17:00:25:583	267	0.2475259
2020-06-16 17:00:26:591	267	0
2020-06-16 17:00:27:597	267	0
2020-06-16 17:00:28:590	267	0
2020-06-16 17:00:29:597	267	0
2020-06-16 17:00:30:592	267	0
2020-06-16 17:00:31:599	264	0.3734046
2020-06-16 17:00:32:589	269	0.3617653
2020-06-16 17:00:33:597	276	0.3658958
2020-06-16 17:00:34:608	279	0.3221782
2020-06-16 17:00:35:597	272	0.3046251
2020-06-16 17:00:36:589	274	0.2989964
2020-06-16 17:00:37:597	279	0.2572872
2020-06-16 17:00:38:588	279	0.2232355
2020-06-16 17:00:39:598	279	0
2020-06-16 17:00:40:605	279	0
2020-06-16 17:00:41:596	279	0
2020-06-16 17:00:42:606	279	0
2020-06-16 17:00:43:596	275	0.2665949
2020-06-16 17:00:44:588	268	0.2662599
2020-06-16 17:00:45:595	279	0.3013491
2020-06-16 17:00:46:588	263	0.254909
2020-06-16 17:00:47:596	249	0.2526797
2020-06-16 17:00:48:603	269	0.2956001
2020-06-16 17:00:49:610	281	0.2841644
2020-06-16 17:00:50:603	279	0.3349936
2020-06-16 17:00:51:598	260	0.3857926
2020-06-16 17:00:52:587	252	0.2813472
2020-06-16 17:00:53:594	255	0.2447149
2020-06-16 17:00:54:605	276	0.3029073
2020-06-16 17:00:55:611	284	0.2791973
2020-06-16 17:00:56:585	284	0.277284
2020-06-16 17:00:57:617	278	0.3353197
2020-06-16 17:00:58:600	277	0.3847789
2020-06-16 17:00:59:598	278	0.4203327
2020-06-16 17:01:00:590	280	0.4360322
2020-06-16 17:01:01:592	278	0.4129265
2020-06-16 17:01:02:584	262	0.3330576
2020-06-16 17:01:03:592	246	0.2385156
2020-06-16 17:01:04:599	246	0.2183889
2020-06-16 17:04:32:346	286	0.2842919
2020-06-16 17:04:33:302	277	0.3360994
2020-06-16 17:04:34:310	288	0.3058859
2020-06-16 17:04:35:316	283	0.3448251
2020-06-16 17:04:36:312	278	0.3183577
2020-06-16 17:04:37:317	277	0.3444282
2020-06-16 17:04:38:312	268	0.3644501
2020-06-16 17:04:39:318	270	0.3147991
2020-06-16 17:04:40:308	295	0.2725717
2020-06-16 17:04:41:315	302	0.2922338
2020-06-16 17:04:42:310	293	0.3194614
2020-06-16 17:04:43:317	280	0.3161316
2020-06-16 17:04:44:308	279	0.2478308
2020-06-16 17:04:45:331	290	0.2503653
2020-06-16 17:04:46:348	289	0.3035999
2020-06-16 17:09:38:580	266	0
2020-06-16 17:09:39:567	266	0
2020-06-16 17:09:40:573	266	0
2020-06-16 17:09:41:567	266	0
2020-06-16 17:09:42:563	266	0
2020-06-16 17:09:43:570	266	0
2020-06-16 17:09:44:558	266	0
2020-06-16 17:09:45:568	266	0
2020-06-16 17:09:46:557	266	0
2020-06-16 17:09:47:566	266	0
2020-06-16 17:09:48:573	266	0
2020-06-16 17:09:49:566	266	0
2020-06-16 17:09:50:559	266	0
2020-06-16 17:12:03:154	261	0.2660715
2020-06-16 17:12:04:158	276	0.3319671
2020-06-16 17:12:05:167	297	0.31344
2020-06-16 17:12:06:158	306	0.1950366
2020-06-16 17:12:07:151	306	0
2020-06-16 17:12:08:157	306	0
2020-06-16 17:12:09:149	306	0
2020-06-16 17:12:10:381	306	0
2020-06-16 17:12:11:165	306	0
2020-06-16 17:12:12:157	306	0
2020-06-16 17:12:13:372	306	0
2020-06-16 17:12:14:198	306	0
2020-06-16 17:13:03:520	293	0.3593201
2020-06-16 17:13:04:518	277	0.3722488
2020-06-16 17:13:05:525	270	0.3598298
2020-06-16 17:13:06:516	270	0.3388926
2020-06-16 17:13:07:510	277	0.3087057
2020-06-16 17:13:08:530	272	0.3581928
2020-06-16 17:13:09:709	263	0.3178602
2020-06-16 17:13:10:582	261	0
2020-06-16 17:13:11:524	261	0
2020-06-16 17:13:12:628	261	0
2020-06-16 17:13:13:525	261	0
2020-06-16 17:13:14:520	261	0
2020-06-16 17:13:15:540	260	0.2973201
2020-06-16 17:13:16:517	263	0.2972209
2020-06-16 17:13:17:636	266	0.2324232
2020-06-16 17:13:18:515	294	0.3214242
2020-06-16 17:13:19:509	296	0.3545193
2020-06-16 17:13:20:532	285	0.3365972
2020-06-16 17:13:21:523	287	0.3203984
2020-06-16 17:13:22:518	289	0.3365346
2020-06-16 17:13:23:646	286	0.3402472
2020-06-16 17:13:24:563	276	0.3542408
2020-06-16 17:13:25:512	277	0.3979227
2020-06-16 17:13:26:692	278	0.3833922
2020-06-16 17:13:27:611	277	0.3003262
2020-06-16 17:13:28:514	275	0.2640319
2020-06-16 17:13:29:523	281	0.2980248
2020-06-16 17:13:30:515	298	0.345344
2020-06-16 17:13:31:523	297	0.3557341
2020-06-16 17:13:32:513	279	0.3583547
2020-06-16 17:16:35:323	279	0.2298651
2020-06-16 17:16:36:327	279	0
2020-06-16 17:16:37:334	279	0
2020-06-16 17:16:38:328	279	0
2020-06-16 17:16:39:333	279	0
2020-06-16 17:16:40:326	279	0
2020-06-16 17:16:41:317	279	0
2020-06-16 17:16:42:325	279	0
2020-06-16 17:16:43:333	279	0
2020-06-16 17:16:44:327	279	0
2020-06-16 17:16:45:334	279	0
2020-06-16 17:16:46:324	279	0
2020-06-16 17:16:47:335	279	0
2020-06-16 17:16:48:324	279	0
2020-06-16 17:16:49:333	294	0.2994887
2020-06-16 17:16:50:325	296	0.3158308
2020-06-16 17:16:51:334	283	0.3398988
2020-06-16 17:16:52:324	272	0.3543804
2020-06-16 17:16:53:332	267	0.3740999
2020-06-16 17:16:54:324	267	0.3637455
2020-06-16 17:16:55:331	269	0.3034273
2020-06-16 17:16:56:340	269	0
2020-06-16 17:16:57:331	269	0
2020-06-16 17:16:58:322	269	0
2020-06-16 17:16:59:330	269	0
2020-06-16 17:17:00:322	269	0
2020-06-16 17:17:01:334	269	0
2020-06-16 17:17:02:326	269	0
2020-06-16 17:17:03:330	269	0
2020-06-16 17:17:04:321	269	0
2020-06-16 17:17:05:330	269	0
2020-06-16 17:17:06:337	269	0
2020-06-16 17:17:07:331	278	0.2752371
2020-06-16 17:17:08:321	265	0.3049604
2020-06-16 17:17:09:330	246	0.2402831
2020-06-16 17:17:10:321	246	0.2010888
2020-06-16 17:17:11:328	246	0.2035517
2020-06-16 17:17:12:320	246	0.2137976
2020-06-16 17:17:13:331	246	0.2351587
2020-06-16 17:17:14:336	246	0.2476179
2020-06-16 17:17:15:328	292	0.3003893
2020-06-16 17:17:16:335	293	0.2783206
2020-06-16 17:17:17:329	289	0.2584167
2020-06-16 17:17:18:324	297	0.2461872
2020-06-16 17:17:19:329	290	0.2632685
2020-06-16 17:17:20:339	278	0.2959309
2020-06-16 17:17:21:327	270	0.2991539
2020-06-16 17:17:22:318	267	0.2953133
2020-06-16 17:17:23:327	283	0.3370823
2020-06-16 17:18:28:666	254	0.3119518
2020-06-16 17:18:29:655	246	0.2967354
2020-06-16 17:18:30:650	240	0.2208895
2020-06-16 17:18:31:653	240	0.1945654
2020-06-16 17:18:32:663	240	0.1835782
2020-06-16 17:18:33:654	240	0
2020-06-16 17:18:34:661	240	0
2020-06-16 17:18:35:653	240	0
2020-06-16 17:18:36:661	240	0
2020-06-16 17:18:37:652	240	0
2020-06-16 17:18:38:660	240	0
2020-06-16 17:18:39:652	240	0
2020-06-16 17:18:40:661	240	0
2020-06-16 17:18:41:652	240	0
2020-06-16 17:18:42:662	240	0
2020-06-16 17:18:43:652	240	0
2020-06-16 17:18:44:659	240	0
2020-06-16 17:18:45:655	273	0.3195497
2020-06-16 17:18:46:659	262	0.3010835
2020-06-16 17:18:47:652	251	0.2954775
2020-06-16 17:18:48:774	244	0.3218826
2020-06-16 17:18:49:651	235	0.3191772
2020-06-16 17:18:50:660	243	0.2623365
2020-06-16 17:18:51:651	272	0.2737638
2020-06-16 17:18:52:659	277	0.2013323
2020-06-16 17:18:53:671	277	0
2020-06-16 17:18:54:658	277	0
2020-06-16 17:18:55:652	277	0
2020-06-16 17:18:56:658	277	0
2020-06-16 17:18:57:656	275	0.3799413
2020-06-16 17:18:58:657	267	0.3779699
2020-06-16 17:18:59:650	266	0.3508416
2020-06-16 17:19:00:658	276	0.3266514
2020-06-16 17:19:01:811	269	0.3680925
2020-06-16 17:19:02:661	264	0.3851789
2020-06-16 17:19:03:651	261	0.3507271
2020-06-16 17:19:04:662	259	0.3062826
2020-06-16 17:19:05:653	257	0.2035747
2020-06-16 17:19:06:656	257	0
2020-06-16 17:19:07:664	257	0
2020-06-16 17:19:08:654	257	0
2020-06-16 17:19:09:663	257	0
2020-06-16 17:20:04:987	303	0.2765216
2020-06-16 17:20:05:991	291	0.2921997
2020-06-16 17:20:06:999	285	0.3534953
2020-06-16 17:20:07:975	292	0.3613262
2020-06-16 17:20:08:984	297	0.3420231
2020-06-16 17:20:09:992	297	0.333557
2020-06-16 17:20:10:985	294	0.3110679
2020-06-16 17:20:11:990	281	0.3180241
2020-06-16 17:20:12:999	266	0.2916207
2020-06-16 17:20:13:989	269	0.2495561
2020-06-16 17:20:14:982	290	0.2373844
2020-06-16 17:20:15:989	290	0.2343037
2020-06-16 17:20:16:983	290	0.2395185
2020-06-16 17:20:17:992	263	0.3050226
2020-06-16 17:20:18:981	257	0.2199707
2020-06-16 17:20:19:992	257	0.2058577
2020-06-16 17:20:21:004	257	0.2089428
2020-06-16 17:20:21:989	286	0.2679191
2020-06-16 17:20:22:981	287	0.2299651
2020-06-16 17:20:23:972	287	0.2220096
2020-06-16 17:20:24:980	287	0.2082756
2020-06-16 17:20:25:988	287	0
2020-06-16 17:20:26:980	287	0
2020-06-16 17:20:27:989	287	0.2003599
2020-06-16 17:20:28:980	277	0.2744732
2020-06-16 17:20:29:988	269	0.3066235
2020-06-16 17:20:30:980	274	0.2782112
2020-06-16 17:20:31:988	293	0.258125
2020-06-16 17:20:32:981	300	0.2667765
2020-06-16 17:20:33:987	297	0.3509251
2020-06-16 17:20:34:978	287	0.4255226
2020-06-16 17:20:35:986	274	0.4061828
2020-06-16 17:20:36:978	263	0.3447064
2020-06-16 17:20:37:986	268	0.3104702
2020-06-16 17:20:38:994	281	0.3420061
2020-06-16 17:20:39:985	290	0.3685438
2020-06-16 17:20:40:977	293	0.3144189
2020-06-16 17:20:41:986	293	0.3398895
2020-06-16 17:20:42:977	294	0.3302552
2020-06-16 17:21:04:004	286	0.271035
2020-06-16 17:21:05:010	285	0.2365093
2020-06-16 17:21:06:000	285	0.2068846
2020-06-16 17:21:07:008	285	0.2278646
2020-06-16 17:21:08:000	285	0.2476974
2020-06-16 17:21:08:993	296	0.2918774
2020-06-16 17:21:10:000	313	0.3092819
2020-06-16 17:21:10:992	307	0.2531227
2020-06-16 17:21:11:999	305	0.2245505
2020-06-16 17:21:13:009	305	0.1855252
2020-06-16 17:21:14:002	305	0
2020-06-16 17:21:15:006	305	0
2020-06-16 17:21:15:997	305	0
2020-06-16 17:21:16:990	305	0
2020-06-16 17:21:18:001	295	0.2536956
2020-06-16 17:21:19:009	288	0.3286755
2020-06-16 17:21:19:998	286	0.3091505
2020-06-16 17:21:21:006	290	0.2618904
2020-06-16 17:21:21:998	292	0.2699787
2020-06-16 17:21:23:008	288	0.2581007
2020-06-16 17:21:23:998	282	0.222957
2020-06-16 17:21:25:185	282	0.1990831
2020-06-16 17:21:25:993	282	0.2498215
2020-06-16 17:21:27:002	287	0.2702637
2020-06-16 17:21:27:994	288	0.2627743
2020-06-16 17:21:29:003	287	0.292401
2020-06-16 17:21:30:016	273	0.3652904
2020-06-16 17:21:31:001	267	0.3696435
2020-06-16 17:21:32:009	284	0.2894414
2020-06-16 17:21:33:001	289	0.2266177
2020-06-16 17:21:33:993	289	0
2020-06-16 17:21:35:000	289	0
2020-06-16 17:21:36:779	289	0
2020-06-16 17:21:36:999	289	0
2020-06-16 17:21:38:008	289	0
2020-06-16 17:21:39:001	289	0
2020-06-16 17:21:40:008	290	0.2742693
2020-06-16 17:21:41:002	274	0.292713
2020-06-16 17:21:41:995	263	0.283513
2020-06-16 17:21:43:002	263	0
2020-06-16 17:21:44:008	263	0
2020-06-16 17:21:44:998	263	0
2020-06-16 17:21:46:006	263	0
2020-06-16 17:21:46:997	263	0
2020-06-16 17:21:48:005	263	0
2020-06-16 17:21:48:997	263	0
2020-06-16 17:21:49:995	283	0.2782733
2020-06-16 17:21:50:998	283	0.2373549
2020-06-16 17:21:52:009	283	0.223799
2020-06-16 17:21:53:001	283	0.234323
2020-06-16 17:21:53:994	293	0.2540101
2020-06-16 17:21:55:006	270	0.3262806
2020-06-16 17:21:56:009	275	0.3215558
2020-06-16 17:21:57:020	292	0.3524143
2020-06-16 17:21:58:008	288	0.4088729
2020-06-16 17:21:59:003	283	0.3316337
2020-06-16 17:22:00:010	260	0.2665495
2020-06-16 17:22:01:001	256	0.21238
2020-06-16 17:22:02:006	256	0
2020-06-16 17:22:02:999	256	0
2020-06-16 17:22:03:990	256	0
2020-06-16 17:22:05:008	289	0.3101167
2020-06-16 17:22:06:010	271	0.3194218
2020-06-16 17:22:06:999	267	0.2224221
2020-06-16 17:22:08:007	267	0
2020-06-16 17:22:08:996	267	0
2020-06-16 17:22:09:989	267	0
2020-06-16 17:22:11:015	249	0.3251588
2020-06-16 17:22:12:023	240	0.2369771
2020-06-16 17:22:12:997	240	0
2020-06-16 17:22:14:007	240	0
2020-06-16 17:22:14:997	240	0
2020-06-16 17:22:16:007	246	0.2711217
2020-06-16 17:22:16:997	244	0
2020-06-16 17:22:18:004	244	0
2020-06-16 17:22:18:995	244	0
2020-06-16 17:22:20:004	244	0
2020-06-16 17:22:20:997	244	0
2020-06-16 17:22:22:007	244	0
2020-06-16 17:22:22:994	244	0
2020-06-16 17:22:24:002	244	0
2020-06-16 17:22:24:995	244	0
2020-06-16 17:22:26:002	244	0
2020-06-16 17:22:26:994	244	0
2020-06-16 17:22:28:002	244	0
2020-06-16 17:22:29:010	244	0
2020-06-16 17:22:30:005	304	0.3227134
2020-06-16 17:22:31:010	302	0.3282111
2020-06-16 17:22:32:005	299	0.3093531
2020-06-16 17:25:24:441	240	0.2868768
2020-06-16 17:25:25:448	246	0.2776888
2020-06-16 17:25:26:437	248	0
2020-06-16 17:25:27:628	248	0
2020-06-16 17:25:28:436	248	0
2020-06-16 17:25:29:428	248	0
2020-06-16 17:25:30:676	248	0
2020-06-16 17:25:31:615	248	0
2020-06-16 17:25:32:690	248	0
2020-06-16 17:25:33:577	251	0.3021165
2020-06-16 17:25:34:435	275	0.3158218
2020-06-16 17:25:35:442	267	0.274278
2020-06-16 17:25:36:436	239	0.2861651
2020-06-16 17:25:37:426	228	0.2605259
2020-06-16 17:25:38:803	226	0
2020-06-16 17:25:39:441	226	0
2020-06-16 17:25:40:670	226	0
2020-06-16 17:25:41:441	226	0
2020-06-16 17:25:42:434	226	0
2020-06-16 17:25:43:440	226	0
2020-06-16 17:25:44:432	226	0
2020-06-16 17:25:45:440	226	0
2020-06-16 17:25:46:448	226	0
2020-06-16 17:25:47:439	226	0
2020-06-16 17:25:48:432	226	0
2020-06-16 17:25:49:423	226	0
2020-06-16 17:25:50:431	226	0
2020-06-16 17:25:51:439	226	0
2020-06-16 17:25:52:446	226	0
2020-06-16 17:25:53:441	226	0
2020-06-16 17:25:54:431	226	0
2020-06-16 17:25:55:653	226	0
2020-06-16 17:25:56:430	226	0
2020-06-16 17:25:57:646	226	0
2020-06-16 17:25:58:445	226	0
2020-06-16 17:25:59:870	226	0.2078598
2020-06-16 17:26:00:526	226	0.2318811
2020-06-16 17:26:01:438	226	0.2430525
2020-06-16 17:26:02:429	285	0.3169301
2020-06-16 17:26:03:436	272	0.3617581
2020-06-16 17:26:04:429	279	0.273593
2020-06-16 17:26:05:641	280	0.1944204
2020-06-16 17:26:06:845	280	0
2020-06-16 17:26:07:440	260	0.349162
2020-06-16 17:26:08:446	276	0.2870668
2020-06-16 17:26:10:012	283	0.2232486
2020-06-16 17:26:10:428	283	0
2020-06-16 17:26:11:435	283	0
2020-06-16 17:26:12:426	283	0
2020-06-16 17:26:13:435	283	0
2020-06-16 17:26:14:444	283	0
2020-06-16 17:26:15:434	283	0
2020-06-16 17:26:16:428	290	0.2750226
2020-06-16 17:26:17:434	274	0.2685327
2020-06-16 17:26:18:428	270	0
2020-06-16 17:26:19:434	270	0
2020-06-16 17:26:20:443	270	0
2020-06-16 17:26:21:437	272	0.3711326
2020-06-16 17:26:22:442	268	0.3240084
2020-06-16 17:26:23:434	290	0.3057046
2020-06-16 17:29:52:322	261	0
2020-06-16 17:29:53:329	261	0
2020-06-16 17:29:54:335	307	0.2592133
2020-06-16 17:29:55:327	305	0.2238511
2020-06-16 17:29:57:153	269	0.373381
2020-06-16 17:29:57:663	270	0.330658
2020-06-16 17:29:58:335	274	0.2786487
2020-06-16 17:30:00:005	273	0.3081178
2020-06-16 17:30:00:640	279	0.3381387
2020-06-16 17:30:01:333	282	0.3129345
2020-06-16 17:30:02:324	269	0.2429218
2020-06-16 17:30:03:332	269	0
2020-06-16 17:30:04:325	269	0
2020-06-16 17:30:05:332	269	0
2020-06-16 17:30:06:344	269	0
2020-06-16 17:30:07:332	269	0
2020-06-16 17:30:08:322	269	0
2020-06-16 17:30:09:330	269	0
2020-06-16 17:30:10:322	269	0
2020-06-16 17:30:11:331	241	0.2613053
2020-06-16 17:30:12:566	242	0.2075064
2020-06-16 17:30:13:330	242	0
2020-06-16 17:30:14:337	242	0
2020-06-16 17:30:15:373	242	0.2400985
2020-06-16 17:30:16:322	242	0
2020-06-16 17:30:17:556	242	0
2020-06-16 17:30:18:337	242	0
2020-06-16 17:30:19:329	242	0
2020-06-16 17:30:20:320	242	0
2020-06-16 17:30:21:328	242	0
2020-06-16 17:30:22:336	242	0
2020-06-16 17:30:23:326	242	0
2020-06-16 17:30:24:340	242	0
2020-06-16 17:30:25:330	242	0
2020-06-16 17:30:26:340	242	0
2020-06-16 17:30:27:330	242	0
2020-06-16 17:30:51:023	273	0.2847107
2020-06-16 17:31:36:338	296	0.2771618
2020-06-16 17:31:37:327	287	0.2967307
2020-06-16 17:31:38:334	283	0.2834325
2020-06-16 17:31:39:328	284	0.30542
2020-06-16 17:31:40:323	291	0.3852985
2020-06-16 17:33:06:054	299	0
2020-06-16 17:33:06:087	0	0
2020-06-16 17:33:06:099	0	0
2020-06-16 17:33:06:113	0	0
2020-06-16 17:33:06:129	0	0
2020-06-16 17:33:06:145	0	0
2020-06-16 17:33:06:162	0	0
2020-06-16 17:33:06:179	0	0
2020-06-16 17:33:07:038	0	0
2020-06-16 17:33:07:057	0	0
2020-06-16 17:33:07:076	0	0
2020-06-16 17:33:07:089	0	0
2020-06-16 17:33:07:104	0	0
2020-06-16 17:33:07:119	0	0
2020-06-16 17:33:07:138	0	0
2020-06-16 17:33:07:154	0	0
2020-06-16 17:33:07:169	0	0
2020-06-16 17:33:07:183	0	0
2020-06-16 17:33:08:032	0	0
2020-06-16 17:33:08:048	0	0
2020-06-16 17:33:08:063	0	0
2020-06-16 17:33:08:078	0	0
2020-06-16 17:33:08:094	0	0
2020-06-16 17:33:08:110	0	0
2020-06-16 17:33:08:130	0	0
2020-06-16 17:33:08:150	0	0
2020-06-16 17:33:08:161	0	0
2020-06-16 17:33:08:174	0	0
2020-06-16 17:33:09:039	0	0
2020-06-16 17:33:09:055	0	0
2020-06-16 17:33:09:071	0	0
2020-06-16 17:33:09:086	0	0
2020-06-16 17:33:09:103	0	0
2020-06-16 17:33:09:119	0	0
2020-06-16 17:33:09:136	0	0
2020-06-16 17:33:09:152	0	0
2020-06-16 17:33:09:167	0	2.047932E-38
2020-06-16 17:33:10:053	299	0
2020-06-16 17:33:10:070	0	0
2020-06-16 17:33:10:082	0	0
2020-06-16 17:33:10:094	0	0
2020-06-16 17:33:10:110	0	0
2020-06-16 17:33:10:126	0	0
2020-06-16 17:33:10:142	0	0
2020-06-16 17:33:10:158	0	0
2020-06-16 17:33:10:176	223	3.085099E-41
2020-06-16 17:33:11:044	299	0
2020-06-16 17:33:11:078	0	0
2020-06-16 17:33:11:094	0	0
2020-06-16 17:33:11:107	0	0
2020-06-16 17:33:11:120	0	0
2020-06-16 17:33:11:392	0	0
2020-06-16 17:33:12:301	299	0
2020-06-16 17:33:13:315	299	0
2020-06-16 17:33:13:331	0	0
2020-06-16 17:33:13:346	0	0
2020-06-16 17:33:13:361	0	0
2020-06-16 17:33:13:374	0	0
2020-06-16 17:33:13:389	0	0
2020-06-16 17:33:13:405	0	0
2020-06-16 17:33:13:421	0	0
2020-06-16 17:33:13:441	0	0
2020-06-16 17:33:14:384	299	0
2020-06-16 17:33:14:399	0	0
2020-06-16 17:33:14:412	0	0
2020-06-16 17:33:14:429	0	0
2020-06-16 17:33:14:445	0	0
2020-06-16 17:33:14:461	0	0
2020-06-16 17:33:14:477	0	0
2020-06-16 17:33:14:493	0	0
2020-06-16 17:33:14:510	22016	0
2020-06-16 17:33:15:039	0	0
2020-06-16 17:33:15:054	0	0
2020-06-16 17:33:15:072	0	0
2020-06-16 17:33:15:086	0	0
2020-06-16 17:33:15:101	0	0
2020-06-16 17:33:15:117	0	0
2020-06-16 17:33:15:134	0	0
2020-06-16 17:33:15:149	0	0
2020-06-16 17:33:15:165	0	0
2020-06-16 17:33:15:181	0	0
2020-06-16 17:33:16:031	0	0
2020-06-16 17:33:16:050	11008	0
2020-06-16 17:33:16:063	0	0
2020-06-16 17:33:16:078	0	0
2020-06-16 17:33:16:093	0	0
2020-06-16 17:33:16:110	0	0
2020-06-16 17:33:16:125	0	0
2020-06-16 17:33:16:141	0	0
2020-06-16 17:33:16:158	0	0
2020-06-16 17:33:16:173	0	0
2020-06-16 17:33:17:041	0	0
2020-06-16 17:33:17:061	0	0
2020-06-16 17:33:17:071	0	0
2020-06-16 17:33:17:325	0	0
2020-06-16 17:33:18:094	256	0
2020-06-16 17:33:18:115	0	0
2020-06-16 17:33:18:129	0	0
2020-06-16 17:33:18:142	0	0
2020-06-16 17:33:18:157	0	0
2020-06-16 17:33:18:172	0	0
2020-06-16 17:33:18:188	0	0
2020-06-16 17:33:18:205	0	0
2020-06-16 17:33:18:478	0	-1.542033E+19
2020-06-16 17:33:19:265	299	0
2020-06-16 17:33:20:045	299	0
2020-06-16 17:33:20:062	0	0
2020-06-16 17:33:20:077	0	0
2020-06-16 17:33:20:092	0	0
2020-06-16 17:33:20:108	0	0
2020-06-16 17:33:20:124	0	0
2020-06-16 17:33:20:140	0	0
2020-06-16 17:33:20:157	0	0
2020-06-16 17:33:20:174	223	3.085099E-41
2020-06-16 17:33:21:150	0	0
2020-06-16 17:33:21:164	0	0
2020-06-16 17:33:21:180	0	0
2020-06-16 17:33:21:196	0	0
2020-06-16 17:33:21:212	0	0
2020-06-16 17:33:21:484	0	0
2020-06-16 17:33:22:157	0	0
2020-06-16 17:33:22:173	0	0
2020-06-16 17:33:22:190	0	0
2020-06-16 17:33:22:204	0	0
2020-06-16 17:33:22:221	0	0
2020-06-16 17:33:22:237	0	0
2020-06-16 17:33:22:252	0	0
2020-06-16 17:33:22:268	0	0
2020-06-16 17:33:22:285	0	2.047932E-38
2020-06-16 17:33:23:037	0	0
2020-06-16 17:33:23:056	335	-6.052922E-36
2020-06-16 17:33:23:071	0	0
2020-06-16 17:33:23:085	0	0
2020-06-16 17:33:23:100	0	0
2020-06-16 17:33:23:116	0	0
2020-06-16 17:33:23:132	0	0
2020-06-16 17:33:23:148	0	0
2020-06-16 17:33:23:164	0	0
2020-06-16 17:33:23:180	0	0
2020-06-16 17:33:24:046	260	0
2020-06-16 17:33:24:061	0	0
2020-06-16 17:33:24:075	0	0
2020-06-16 17:33:24:091	0	0
2020-06-16 17:33:24:110	0	0
2020-06-16 17:33:24:123	0	0
2020-06-16 17:33:24:139	0	0
2020-06-16 17:33:24:155	0	0
2020-06-16 17:33:24:171	0	0
2020-06-16 17:33:25:038	0	0
2020-06-16 17:33:25:055	0	0
2020-06-16 17:33:25:071	0	0
2020-06-16 17:33:25:085	0	0
2020-06-16 17:33:25:104	0	0
2020-06-16 17:33:25:118	0	0
2020-06-16 17:33:25:132	0	0
2020-06-16 17:33:25:148	0	0
2020-06-16 17:33:25:164	0	0
2020-06-16 17:33:25:178	0	0
2020-06-16 17:33:26:030	0	0
2020-06-16 17:33:26:044	1024	0
2020-06-16 17:33:26:061	0	0
2020-06-16 17:33:26:076	0	0
2020-06-16 17:33:26:091	0	0
2020-06-16 17:33:26:108	0	0
2020-06-16 17:33:26:123	0	0
2020-06-16 17:33:26:139	0	0
2020-06-16 17:33:26:154	0	0
2020-06-16 17:33:26:171	0	0
2020-06-16 17:33:27:035	0	0
2020-06-16 17:33:27:054	-27136	0
2020-06-16 17:33:27:069	0	0
2020-06-16 17:33:27:085	0	0
2020-06-16 17:33:27:099	0	0
2020-06-16 17:33:27:115	0	0
2020-06-16 17:33:27:131	0	0
2020-06-16 17:33:27:147	0	0
2020-06-16 17:33:27:165	0	9.826398E-39
2020-06-16 17:33:28:053	292	4.555902E-41
2020-06-16 17:33:28:084	0	0
2020-06-16 17:33:28:097	0	0
2020-06-16 17:33:28:109	0	0
2020-06-16 17:33:28:123	0	0
2020-06-16 17:33:28:139	0	0
2020-06-16 17:33:28:155	0	0
2020-06-16 17:33:28:171	0	1.993487E-41
2020-06-16 17:33:29:044	256	0
2020-06-16 17:33:29:064	0	0
2020-06-16 17:33:29:075	0	0
2020-06-16 17:33:29:088	0	0
2020-06-16 17:33:29:099	0	0
2020-06-16 17:33:29:115	0	0
2020-06-16 17:33:29:132	0	0
2020-06-16 17:33:29:147	0	0
2020-06-16 17:33:29:165	0	1.374391E+11
2020-06-16 17:33:30:046	292	0.1258691
2020-06-16 17:33:30:060	0	0
2020-06-16 17:33:30:074	0	0
2020-06-16 17:33:30:091	0	0
2020-06-16 17:33:30:106	0	0
2020-06-16 17:33:30:121	0	0
2020-06-16 17:33:30:138	0	0
2020-06-16 17:33:30:154	0	0
2020-06-16 17:33:30:170	21003	0
2020-06-16 17:33:31:055	292	0.208558
2020-06-16 17:33:31:069	0	0
2020-06-16 17:33:31:082	0	0
2020-06-16 17:33:31:098	0	0
2020-06-16 17:33:31:114	0	0
2020-06-16 17:33:31:130	0	0
2020-06-16 17:33:31:146	0	0
2020-06-16 17:33:31:167	0	0
2020-06-16 17:33:31:180	0	0
2020-06-16 17:33:32:052	292	0.2237101
2020-06-16 17:33:32:068	0	0
2020-06-16 17:33:32:080	0	0
2020-06-16 17:33:32:090	0	0
2020-06-16 17:33:32:106	0	0
2020-06-16 17:33:32:122	0	0
2020-06-16 17:33:32:138	0	0
2020-06-16 17:33:32:155	0	0
2020-06-16 17:33:32:170	0	0
2020-06-16 17:33:33:041	0	0
2020-06-16 17:33:33:061	-19595	2.243058E-41
2020-06-16 17:33:33:076	0	0
2020-06-16 17:33:33:087	0	0
2020-06-16 17:33:33:098	0	0
2020-06-16 17:33:33:114	0	0
2020-06-16 17:33:33:129	0	0
2020-06-16 17:33:33:145	0	0
2020-06-16 17:33:33:162	0	0
2020-06-16 17:33:33:177	0	0
2020-06-16 17:33:34:053	276	0.2667176
2020-06-16 17:33:34:085	0	0
2020-06-16 17:33:34:097	0	0
2020-06-16 17:33:34:109	0	0
2020-06-16 17:33:34:122	0	0
2020-06-16 17:33:34:138	0	0
2020-06-16 17:33:34:154	0	0
2020-06-16 17:33:34:170	0	0
2020-06-16 17:33:35:038	0	0
2020-06-16 17:33:35:067	16037	0
2020-06-16 17:33:35:083	0	0
2020-06-16 17:33:35:097	0	0
2020-06-16 17:33:35:114	0	0
2020-06-16 17:33:35:129	0	0
2020-06-16 17:33:35:146	0	0
2020-06-16 17:33:35:161	0	0
2020-06-16 17:34:01:493	287	0.3023677
2020-06-16 17:34:02:514	261	0.2701688
2020-06-16 17:34:03:728	264	0.3190461
2020-06-16 17:34:04:895	269	0.215043
2020-06-16 17:34:05:506	269	0
2020-06-16 17:34:06:495	269	0
2020-06-16 17:34:07:504	269	0
2020-06-16 17:34:08:499	269	0
2020-06-16 17:34:09:583	269	0
2020-06-16 17:34:10:670	269	0
2020-06-16 17:34:11:504	269	0
2020-06-16 17:34:12:494	270	0.2602145
2020-06-16 17:34:13:743	270	0.220354
2020-06-16 17:34:14:669	270	0
2020-06-16 17:34:15:550	270	0
2020-06-16 17:34:16:494	228	0
2020-06-16 17:34:17:501	228	0
2020-06-16 17:34:46:604	251	0.319552
2020-06-16 17:34:47:610	256	0.2961337
2020-06-16 17:34:48:618	267	0.3061423
2020-06-16 17:34:49:609	267	0.2498139
2020-06-16 17:34:50:652	267	0.2307715
2020-06-16 17:34:51:608	267	0.2215339
2020-06-16 17:34:53:189	267	0
2020-06-16 17:34:53:607	267	0
2020-06-16 17:34:54:738	267	0
2020-06-16 17:34:55:613	262	0.3025201
2020-06-16 17:34:56:599	272	0.2618756
2020-06-16 17:34:57:617	275	0
2020-06-16 17:34:58:614	275	0
2020-06-16 17:34:59:605	275	0
2020-06-16 17:35:00:614	275	0
2020-06-16 17:35:01:608	275	0
2020-06-16 17:35:02:597	275	0
2020-06-16 17:35:03:605	275	0
2020-06-16 17:35:04:661	275	0
2020-06-16 17:35:05:607	275	0
2020-06-16 17:35:06:862	275	0
2020-06-16 17:35:08:084	275	0
2020-06-16 17:35:09:270	265	0.2918743
2020-06-16 17:35:09:605	264	0.2833177
2020-06-16 17:35:10:600	272	0.2820643
2020-06-16 17:35:11:606	272	0.2491077
2020-06-16 17:35:12:611	272	0.2469369
2020-06-16 17:35:13:603	270	0.2691949
2020-06-16 17:36:14:474	281	0.2850111
2020-06-16 17:36:15:466	262	0.2690968
2020-06-16 17:36:16:472	248	0.268943
2020-06-16 17:36:17:480	263	0.3051075
2020-06-16 17:36:18:472	255	0.2678543
2020-06-16 17:37:13:379	271	0.247681
2020-06-16 17:37:14:385	271	0
2020-06-16 17:37:15:374	271	0
2020-06-16 17:37:16:382	271	0
2020-06-16 17:37:17:374	271	0
2020-06-16 17:40:50:850	242	0.238579
2020-06-16 17:41:12:661	288	0.2341425
2020-06-16 17:41:13:666	274	0.2894612
2020-06-16 17:41:14:655	270	0.2575984
2020-06-16 17:41:15:652	270	0
2020-06-16 17:41:16:659	270	0
2020-06-16 17:41:17:647	270	0
2020-06-16 17:41:18:655	270	0
2020-06-16 17:41:19:663	270	0
2020-06-16 17:41:20:660	270	0
2020-06-16 17:41:21:663	270	0
2020-06-16 17:41:22:654	270	0
2020-06-16 17:41:23:650	273	0.3516917
2020-06-16 17:41:24:654	270	0.3135035
2020-06-16 17:41:25:662	264	0.3069354
2020-06-16 17:41:26:654	272	0.4051766
2020-06-16 17:41:27:663	287	0.4906906
2020-06-16 17:41:28:653	285	0.4588815
2020-06-16 17:41:30:200	281	0.4314617
2020-06-16 17:41:30:773	275	0.4309956
2020-06-16 17:41:31:843	250	0.3801388
2020-06-16 17:41:32:745	245	0.371279
2020-06-16 17:41:33:806	268	0.3983394
2020-06-16 17:41:34:652	277	0.3217672
2020-06-16 17:41:35:662	278	0.2603665
2020-06-16 17:41:36:650	282	0.3207822
2020-06-16 17:41:37:644	270	0.3570577
2020-06-16 17:41:38:650	274	0.2845563
2020-06-16 17:41:39:658	281	0.2792986
2020-06-16 17:41:40:667	281	0.3480744
2020-06-16 17:41:41:657	278	0.2834823
2020-06-16 17:41:42:650	272	0.2209118
2020-06-16 17:41:43:660	272	0.2475919
2020-06-16 17:41:44:652	271	0.3404345
2020-06-16 17:41:45:659	269	0.3370778
2020-06-16 17:41:46:649	268	0.3059625
2020-06-16 17:41:47:656	268	0.2108641
2020-06-16 17:41:48:665	268	0
2020-06-16 17:41:49:655	268	0
2020-06-16 17:41:50:648	268	0
2020-06-16 17:41:51:669	265	0.355691
2020-06-16 17:41:52:651	270	0.3374514
2020-06-16 17:41:53:660	266	0.2283621
2020-06-16 17:41:54:665	266	0
2020-06-16 17:41:55:655	266	0
2020-06-16 17:41:56:663	266	0
2020-06-16 17:41:57:658	270	0.2702515
2020-06-16 17:41:58:647	281	0.2497285
2020-06-16 17:41:59:655	281	0
2020-06-16 17:42:00:647	281	0
2020-06-16 17:42:01:653	281	0
2020-06-16 17:42:02:663	269	0.3183269
2020-06-16 17:42:03:653	251	0.2607712
2020-06-16 17:42:04:663	253	0.2797187
2020-06-16 17:42:05:654	255	0.2429738
2020-06-16 17:42:06:645	255	0
2020-06-16 17:42:07:652	255	0
2020-06-16 17:42:08:661	255	0
2020-06-16 17:42:09:652	255	0
2020-06-16 17:42:10:660	255	0
2020-06-16 17:42:11:651	255	0
2020-06-16 17:42:12:661	255	0
2020-06-16 17:42:13:652	255	0
2020-06-16 17:42:14:659	255	0
2020-06-16 17:42:15:652	255	0
2020-06-16 17:42:16:659	255	0
2020-06-16 17:42:17:654	288	0.2784272
2020-06-16 17:42:18:660	295	0.3430186
2020-06-16 17:42:19:651	287	0.3544456
2020-06-16 17:42:20:659	275	0.3473516
2020-06-16 17:42:21:650	275	0.2957662
2020-06-16 17:42:22:645	283	0.2335629
2020-06-16 17:42:23:650	287	0.2631155
2020-06-16 17:42:24:659	288	0.266048
2020-06-16 17:42:25:652	289	0.3168614
2020-06-16 17:42:26:657	286	0.3917128
2020-06-16 17:42:27:666	288	0.3887202
2020-06-16 17:42:28:659	291	0.3557615
2020-06-16 17:42:29:651	285	0.3532318
2020-06-16 17:42:30:657	276	0.3823639
2020-06-16 17:42:31:650	266	0.3220389
