Road Temp Monitoring Program V1.0
회 사 명 : (주)레도
작성일자 : 2021년 07월 07일 14:43:18


날짜/시간 	 #1주변온도 	 #1물체온도 	 #2주변온도 	 #2물체온도 
2021-07-07 14:43:18:676	24	24.3	0	0
2021-07-07 14:43:18:676	24	64.2	0	0
2021-07-07 14:43:20:567	24	24.4	0	0
2021-07-07 14:43:21:582	24.1	64.3	0	0
2021-07-07 14:43:22:566	24	24.4	0	0
2021-07-07 14:43:23:582	24.1	64.3	0	0
2021-07-07 14:43:24:566	24	0.2	0	0
2021-07-07 14:43:25:581	24	64.3	0	0
2021-07-07 14:43:27:565	24.1	24.5	0	0
2021-07-07 14:43:27:581	24	6.4	0	0
2021-07-07 14:43:29:565	24.1	24.6	0	0
2021-07-07 14:43:30:596	24	64.3	0	0
2021-07-07 14:43:31:580	24.2	24.6	0	0
2021-07-07 14:43:32:595	24	64.3	0	0
2021-07-07 14:43:33:564	24.2	0.2	0	0
2021-07-07 14:43:34:595	24	64.3	0	0
2021-07-07 14:43:36:579	24.3	24.7	0	0
2021-07-07 14:43:36:594	24	0.6	0	0
2021-07-07 14:43:38:578	24.3	24.7	0	0
2021-07-07 14:43:39:593	24	64.5	0	0
2021-07-07 14:43:40:578	24.3	2.4	0	0
2021-07-07 14:43:41:593	24	64.6	0	0
2021-07-07 14:43:43:593	24.4	24.7	0	0
2021-07-07 14:43:43:593	24	6.4	0	0
2021-07-07 14:43:45:592	24.4	24.9	0	0
2021-07-07 14:43:46:607	24	64.7	0	0
2021-07-07 14:43:47:592	24.5	24.9	0	0
2021-07-07 14:43:48:607	24	64.8	0	0
2021-07-07 14:43:49:575	24.5	0.2	0	0
2021-07-07 14:43:50:606	24	64.9	0	0
2021-07-07 14:43:52:591	24.6	25	0	0
2021-07-07 14:43:52:606	24	0.6	0	0
2021-07-07 14:43:54:590	24.6	25	0	0
2021-07-07 14:43:55:621	24	65.1	0	0
2021-07-07 14:43:56:590	24.6	2.4	0	0
2021-07-07 14:43:57:620	24	65.2	0	0
2021-07-07 14:43:59:604	24.7	24.9	0	0
2021-07-07 14:43:59:620	24	6.5	0	0
2021-07-07 14:44:01:605	24.7	25	0	0
2021-07-07 14:44:02:620	24	65.3	0	0
2021-07-07 14:44:03:605	24.7	2.5	0	0
2021-07-07 14:44:04:620	24	65.3	0	0
2021-07-07 14:44:06:604	24.8	25.2	0	0
2021-07-07 14:44:06:619	24	6.5	0	0
2021-07-07 14:44:08:603	24.8	25.2	0	0
2021-07-07 14:44:09:634	24	65.5	0	0
2021-07-07 14:44:10:603	24.8	2.5	0	0
2021-07-07 14:44:11:634	24	65.6	0	0
2021-07-07 14:44:13:618	24.9	25.1	0	0
2021-07-07 14:44:13:634	24	6.5	0	0
2021-07-07 14:44:15:617	24.9	25.1	0	0
2021-07-07 14:44:16:633	24	65.7	0	0
2021-07-07 14:44:17:617	24.9	2.5	0	0
2021-07-07 14:44:18:632	24	65.8	0	0
2021-07-07 14:44:20:616	25	25.1	0	0
2021-07-07 14:44:20:632	24	6.5	0	0
2021-07-07 14:46:46:474	26.2	25.2	0	0
2021-07-07 14:47:05:012	26.3	25.1	0	0
2021-07-07 14:47:07:741	26.3	25.1	0	0
2021-07-07 15:36:05:964	26.5	2.4	0	0
2021-07-07 15:36:26:558	28.5	24	0	0
2021-07-07 15:36:36:614	26.5	24.9	0	0
2021-07-07 15:36:54:642	26.6	24.9	0	0
2021-07-07 15:36:54:644	26.6	25	0	0
2021-07-07 15:36:54:861	26.6	24.9	0	0
2021-07-07 15:36:54:875	24	6.6	0	0
2021-07-07 15:36:56:861	26.6	25	0	0
2021-07-07 15:36:57:880	24	67	0	0
2021-07-07 15:36:58:857	26.6	2.5	0	0
2021-07-07 15:36:58:873	29	24	0	0
2021-07-07 15:36:59:880	24	67	0	0
2021-07-07 15:37:01:868	26.6	24.9	0	0
2021-07-07 15:37:02:888	24	67	0	0
2021-07-07 15:37:03:864	26.6	24.9	0	0
2021-07-07 15:37:04:887	23.9	66.9	0	0
2021-07-07 15:37:05:867	26.6	0.2	0	0
2021-07-07 15:37:05:882	29	2.3	0	0
2021-07-07 15:37:06:876	26.6	24.9	0	0
2021-07-07 15:37:06:891	24	66.9	0	0
2021-07-07 15:37:08:872	26.6	24.9	0	0
2021-07-07 15:37:09:894	24	66.9	0	0
2021-07-07 15:37:10:875	26.7	2.5	0	0
2021-07-07 15:37:10:887	28.5	24	0	0
2021-07-07 15:37:11:895	24	66.9	0	0
2021-07-07 15:37:12:888	29	2.4	0	0
2021-07-07 15:37:13:878	26.7	25	0	0
2021-07-07 15:37:13:895	24	6.6	0	0
2021-07-07 15:37:15:882	26.7	25	0	0
2021-07-07 15:37:16:902	24	66.9	0	0
2021-07-07 15:37:17:881	26.7	2.5	0	0
2021-07-07 15:37:17:894	29	24	0	0
2021-07-07 15:37:18:901	24	66.9	0	0
2021-07-07 15:37:19:897	29.5	0.2	0	0
2021-07-07 15:37:20:888	26.7	25	0	0
2021-07-07 15:37:21:909	24	66.9	0	0
2021-07-07 15:37:22:884	26.7	25.1	0	0
2021-07-07 15:37:23:907	24	66.9	0	0
2021-07-07 15:37:24:886	26.7	0.2	0	0
2021-07-07 15:37:24:901	29.5	2.4	0	0
2021-07-07 15:37:25:893	26.6	25	0	0
2021-07-07 15:37:25:908	24	66.9	0	0
2021-07-07 15:37:27:894	26.6	25	0	0
2021-07-07 15:37:28:915	24	66.8	0	0
2021-07-07 15:37:29:895	26.6	25	0	0
2021-07-07 15:37:30:915	24	66.8	0	0
2021-07-07 15:37:31:907	29	2.4	0	0
2021-07-07 15:37:32:900	26.6	24.9	0	0
2021-07-07 15:37:32:915	24	6.6	0	0
2021-07-07 15:37:34:898	26.6	25	0	0
2021-07-07 15:37:35:921	24	66.7	0	0
2021-07-07 15:37:36:901	26.6	2.4	0	0
2021-07-07 15:37:36:914	28.5	24	0	0
2021-07-07 15:37:37:921	24	66.7	0	0
2021-07-07 15:37:38:914	28.5	0.2	0	0
2021-07-07 15:37:39:908	26.6	24.9	0	0
2021-07-07 15:37:40:929	24	66.7	0	0
2021-07-07 15:37:41:908	26.6	24.9	0	0
2021-07-07 15:37:42:928	24	66.7	0	0
2021-07-07 15:37:43:904	26.7	0.2	0	0
2021-07-07 15:37:43:924	28.5	24	0	0
2021-07-07 15:37:44:914	26.6	25	0	0
2021-07-07 15:37:44:928	24	66.7	0	0
2021-07-07 15:37:46:913	26.6	24.9	0	0
2021-07-07 15:37:47:935	24	66.7	0	0
2021-07-07 15:37:48:915	26.6	24.9	0	0
2021-07-07 15:37:49:935	24	66.7	0	0
2021-07-07 15:37:50:930	28.5	0.2	0	0
2021-07-07 15:37:51:919	26.6	24.8	0	0
2021-07-07 15:37:53:921	26.6	24.9	0	0
2021-07-07 15:37:54:942	23.9	66.7	0	0
2021-07-07 15:37:55:920	26.6	2.4	0	0
2021-07-07 15:37:55:935	28.5	23.9	0	0
2021-07-07 15:37:56:942	24	66.7	0	0
2021-07-07 15:37:58:927	26.7	25	0	0
2021-07-07 15:37:59:949	24	66.7	0	0
2021-07-07 15:38:00:926	26.7	25	0	0
2021-07-07 15:38:01:949	24	66.7	0	0
2021-07-07 15:38:02:929	26.7	0.2	0	0
2021-07-07 15:38:02:941	29	2.4	0	0
2021-07-07 15:38:03:935	26.7	25	0	0
2021-07-07 15:38:03:951	24	6.6	0	0
2021-07-07 15:38:05:933	26.7	24.9	0	0
2021-07-07 15:38:06:957	24	66.7	0	0
2021-07-07 15:38:07:934	26.7	25	0	0
2021-07-07 15:38:08:956	24	66.7	0	0
2021-07-07 15:38:09:949	28.5	2.4	0	0
2021-07-07 15:38:10:943	26.7	24.9	0	0
2021-07-07 15:38:10:956	24	6.6	0	0
2021-07-07 15:38:12:943	26.7	25	0	0
2021-07-07 15:38:13:963	24	66.8	0	0
2021-07-07 15:38:14:939	26.7	2.5	0	0
2021-07-07 15:38:14:956	29	24	0	0
2021-07-07 15:38:15:962	24	66.8	0	0
2021-07-07 15:38:16:956	29	0.2	0	0
2021-07-07 15:38:17:950	26.7	24.9	0	0
2021-07-07 15:38:18:970	24	66.8	0	0
2021-07-07 15:38:19:949	26.7	24.9	0	0
2021-07-07 15:38:20:970	24	66.8	0	0
2021-07-07 15:38:21:950	26.7	0.2	0	0
2021-07-07 15:38:21:961	28.5	2.4	0	0
2021-07-07 15:38:22:955	26.7	24.9	0	0
2021-07-07 15:38:22:971	24	66.7	0	0
2021-07-07 15:38:24:954	26.7	24.9	0	0
2021-07-07 15:38:25:977	24	66.7	0	0
2021-07-07 15:38:26:957	26.7	25	0	0
2021-07-07 15:38:27:976	24	66.7	0	0
2021-07-07 15:38:28:974	29	2.4	0	0
2021-07-07 15:38:30:003	26.7	24.9	0	0
2021-07-07 15:38:30:007	24	66.7	0	0
2021-07-07 15:38:31:963	26.7	24.9	0	0
2021-07-07 15:38:32:984	24	66.7	0	0
2021-07-07 15:38:33:960	26.7	2.4	0	0
2021-07-07 15:38:33:979	28.5	24	0	0
2021-07-07 15:38:34:983	24	66.7	0	0
2021-07-07 15:38:35:976	28.5	0.2	0	0
2021-07-07 15:38:36:971	26.7	24.9	0	0
2021-07-07 15:38:36:983	24	6.6	0	0
2021-07-07 15:38:38:971	26.7	24.9	0	0
2021-07-07 15:38:39:990	24	66.6	0	0
2021-07-07 15:38:40:969	26.7	2.4	0	0
2021-07-07 15:38:40:982	28.5	24	0	0
2021-07-07 15:38:41:990	24	66.6	0	0
2021-07-07 15:38:42:983	28.5	0.2	0	0
2021-07-07 15:38:43:977	26.7	24.9	0	0
2021-07-07 15:38:45:974	26.7	24.8	0	0
2021-07-07 15:38:46:997	24	66.5	0	0
2021-07-07 15:38:47:974	26.7	0.2	0	0
2021-07-07 15:38:47:990	28	24	0	0
2021-07-07 15:38:48:997	24	66.5	0	0
2021-07-07 15:38:50:984	26.7	24.9	0	0
2021-07-07 15:38:52:005	24	66.5	0	0
2021-07-07 15:38:52:983	26.7	24.9	0	0
2021-07-07 15:38:54:004	24	66.4	0	0
2021-07-07 15:38:54:985	26.7	0.2	0	0
2021-07-07 15:38:54:997	28.5	2.4	0	0
2021-07-07 15:38:55:991	26.7	25	0	0
2021-07-07 15:38:56:004	24	6.6	0	0
2021-07-07 15:38:57:991	26.7	25	0	0
2021-07-07 15:38:59:012	24	66.3	0	0
2021-07-07 15:38:59:990	26.7	2.5	0	0
2021-07-07 15:39:00:003	29	24	0	0
2021-07-07 15:39:01:011	24	66.3	0	0
2021-07-07 15:39:02:005	29	0.2	0	0
2021-07-07 15:39:02:996	26.7	25	0	0
2021-07-07 15:39:03:010	24	6.6	0	0
2021-07-07 15:39:04:995	26.7	25	0	0
2021-07-07 15:39:06:018	24	66.2	0	0
2021-07-07 15:39:06:994	26.7	2.5	0	0
2021-07-07 15:39:07:013	29	24	0	0
2021-07-07 15:39:08:017	24	66.2	0	0
2021-07-07 15:39:09:010	29	0.2	0	0
2021-07-07 15:39:10:006	26.7	25.1	0	0
2021-07-07 15:48:54:600	27	24	0	0
2021-07-07 15:49:11:510	26.5	24.8	0	0
2021-07-07 15:49:54:799	23.9	67	0	0
2021-07-07 15:49:58:559	26.4	24.8	0	0
2021-07-07 15:50:06:418	26.5	24.8	0	0
2021-07-07 15:51:38:251	26.5	24.9	0	0
2021-07-07 15:54:01:512	26.7	25	0	0
2021-07-07 15:55:07:558	26.7	25.1	0	0
2021-07-07 15:55:49:003	26.7	25.2	0	0
2021-07-07 15:56:50:179	26.6	24.8	0	0
2021-07-07 15:56:50:182	26.6	24.8	0	0
