Road Temp Monitoring Program V1.0
회 사 명 : (주)레도
작성일자 : 2021년 04월 14일 16:06:29


날짜/시간 	 #1주변온도 	 #1물체온도 	 #2주변온도 	 #2물체온도 
2021-04-14 16:06:29:587	22.2	26.3	0	0
2021-04-14 16:06:30:212	22.3	26	0	0
2021-04-14 16:06:31:227	22	26	0	0
2021-04-14 16:06:32:212	22.3	25.8	0	0
2021-04-14 16:06:33:211	22.4	25.6	0	0
2021-04-14 16:06:34:227	22.4	25.4	0	0
2021-04-14 16:06:35:227	22	25.1	0	0
2021-04-14 16:06:36:226	22.1	24.9	0	0
2021-04-14 16:06:38:226	22.2	24.7	0	0
2021-04-14 16:06:39:226	22.5	24.7	0	0
2021-04-14 16:06:41:225	22.5	24.9	0	0
2021-04-14 16:06:42:241	22.6	24.9	0	0
2021-04-14 16:06:43:240	23	2.4	0	0
2021-04-14 16:06:44:240	23.1	24.8	0	0
2021-04-14 16:06:45:255	23.1	24.6	0	0
2021-04-14 16:06:46:240	23.1	2.4	0	0
2021-04-14 16:06:47:255	23.1	24.2	0	0
2021-04-14 16:06:48:255	23.1	24.6	0	0
2021-04-14 16:06:49:255	23.2	2.4	0	0
2021-04-14 16:06:50:254	23.1	24.1	0	0
2021-04-14 16:06:51:270	23.1	23.9	0	0
2021-04-14 16:06:53:269	23.1	23.6	0	0
2021-04-14 16:06:54:269	23.1	23.5	0	0
2021-04-14 16:06:55:269	23	2.3	0	0
2021-04-14 16:06:56:269	23	22.6	0	0
2021-04-14 16:06:57:284	23	22.6	0	0
2021-04-14 16:06:58:268	22.9	22.5	0	0
2021-04-14 16:06:59:284	22.9	22.6	0	0
2021-04-14 16:07:00:284	22.9	22.6	0	0
2021-04-14 16:07:01:283	22.9	22.6	0	0
2021-04-14 16:07:02:283	22.9	22.6	0	0
2021-04-14 16:07:03:299	22.9	22.7	0	0
2021-04-14 16:07:04:283	22.9	22.7	0	0
2021-04-14 16:07:05:298	22.9	22.8	0	0
2021-04-14 16:07:06:298	22.9	23	0	0
2021-04-14 16:07:07:298	22.9	23.7	0	0
2021-04-14 16:07:08:298	23	23.9	0	0
2021-04-14 16:07:09:313	23	24.7	0	0
2021-04-14 16:07:10:297	23	25.3	0	0
2021-04-14 16:07:11:312	23	26	0	0
2021-04-14 16:07:12:312	23.1	26.2	0	0
2021-04-14 16:07:13:312	23.1	26.3	0	0
2021-04-14 16:07:14:312	23.1	26.8	0	0
2021-04-14 16:07:15:327	23.2	26.2	0	0
2021-04-14 16:07:16:311	23.2	26	0	0
2021-04-14 16:07:17:327	23.2	25.3	0	0
2021-04-14 16:07:18:326	23.2	24.7	0	0
2021-04-14 16:07:19:326	23.3	24.2	0	0
2021-04-14 16:07:20:326	23.3	24.1	0	0
2021-04-14 16:07:21:342	23.3	24.2	0	0
2021-04-14 16:07:22:326	23.3	23.8	0	0
2021-04-14 16:07:23:341	23.3	24.1	0	0
2021-04-14 16:07:24:341	23.4	24.4	0	0
2021-04-14 16:07:25:341	23.4	25.1	0	0
2021-04-14 16:07:26:341	23	25.3	0	0
2021-04-14 16:07:27:356	22.5	25.3	0	0
2021-04-14 16:07:28:340	22.6	25.2	0	0
2021-04-14 16:07:29:356	22.6	25	0	0
2021-04-14 16:07:30:355	22.6	24.6	0	0
2021-04-14 16:07:31:355	22.6	24.4	0	0
2021-04-14 16:07:32:355	22.7	24.3	0	0
2021-04-14 16:07:33:371	22.7	23.6	0	0
2021-04-14 16:07:34:355	23.1	23.4	0	0
2021-04-14 16:07:35:370	23.6	23.5	0	0
2021-04-14 16:07:36:370	23.6	23.6	0	0
2021-04-14 16:07:37:370	23.6	23.8	0	0
2021-04-14 16:07:38:369	23.6	24	0	0
2021-04-14 16:07:39:385	23.6	24.1	0	0
2021-04-14 16:07:40:369	23.7	0.2	0	0
2021-04-14 16:07:41:385	24.2	23.9	0	0
2021-04-14 16:07:42:385	24.2	24	0	0
2021-04-14 16:07:44:384	24.4	24.2	0	0
2021-04-14 16:07:45:400	24.5	24.1	0	0
2021-04-14 16:07:46:399	24.5	24.3	0	0
2021-04-14 16:07:47:399	24.5	24.4	0	0
2021-04-14 16:07:48:399	24.6	24.5	0	0
2021-04-14 16:07:49:414	24	24.5	0	0
2021-04-14 16:07:50:398	24.1	24.5	0	0
2021-04-14 16:07:51:414	24.1	24.5	0	0
2021-04-14 16:07:52:414	24	24.5	0	0
2021-04-14 16:07:53:413	24	24.6	0	0
2021-04-14 16:07:54:413	24.2	24.6	0	0
2021-04-14 16:07:55:429	24.2	24.6	0	0
2021-04-14 16:07:56:413	24.2	24.6	0	0
2021-04-14 16:07:57:428	24.2	24.7	0	0
2021-04-14 16:07:58:428	24.3	24.8	0	0
2021-04-14 16:07:59:428	24.3	24.8	0	0
2021-04-14 16:08:00:428	24.3	24.8	0	0
2021-04-14 16:08:01:443	24.4	24.7	0	0
2021-04-14 16:08:02:427	24.3	24.6	0	0
2021-04-14 16:08:03:443	24.3	24.7	0	0
2021-04-14 16:08:04:442	24.4	24.7	0	0
2021-04-14 16:08:05:442	24.5	24.7	0	0
2021-04-14 16:08:06:442	24.5	24.5	0	0
2021-04-14 16:08:07:457	24.5	24.5	0	0
2021-04-14 16:08:08:441	24.6	24.4	0	0
2021-04-14 16:08:09:457	24.6	24.4	0	0
2021-04-14 16:08:10:456	24.6	24.3	0	0
2021-04-14 16:08:11:456	24.6	24.1	0	0
2021-04-14 16:08:12:456	24.5	23.8	0	0
2021-04-14 16:08:13:472	24.4	23.1	0	0
2021-04-14 16:08:15:471	24.7	22.7	0	0
2021-04-14 16:08:16:471	24.7	22.7	0	0
2021-04-14 16:08:17:487	24.7	22.6	0	0
2021-04-14 16:08:18:471	24.7	22.6	0	0
2021-04-14 16:08:19:486	24.7	22.5	0	0
2021-04-14 16:08:20:486	24.6	22.5	0	0
2021-04-14 16:08:21:486	25	22.9	0	0
2021-04-14 16:08:22:486	24.7	22.9	0	0
2021-04-14 16:08:23:501	24.7	22.7	0	0
2021-04-14 16:08:24:485	24.7	22.3	0	0
2021-04-14 16:08:25:501	24.6	21.8	0	0
2021-04-14 16:08:26:501	24.6	21.5	0	0
2021-04-14 16:08:27:500	24.6	21	0	0
2021-04-14 16:08:28:500	24.6	20.8	0	0
2021-04-14 16:08:29:515	24.3	20.4	0	0
2021-04-14 16:08:30:500	24.3	20.6	0	0
2021-04-14 16:08:31:515	24.3	20.8	0	0
2021-04-14 16:08:32:515	24.3	21.1	0	0
2021-04-14 16:08:33:515	24.8	21.6	0	0
2021-04-14 16:08:34:514	24.8	21.9	0	0
2021-04-14 16:08:35:530	24.8	22.4	0	0
2021-04-14 16:08:36:530	24.8	22.6	0	0
2021-04-14 16:08:37:530	24.8	22.6	0	0
2021-04-14 16:08:38:529	24.8	22.6	0	0
2021-04-14 16:08:39:545	24.9	22.6	0	0
2021-04-14 16:08:40:529	24.9	22.1	0	0
2021-04-14 16:08:41:544	24.3	22.3	0	0
2021-04-14 16:08:42:544	24.4	22.4	0	0
2021-04-14 16:08:43:544	24.4	22.5	0	0
2021-04-14 16:08:44:544	24.4	22.6	0	0
2021-04-14 16:08:45:559	24.4	23.2	0	0
2021-04-14 16:08:46:543	24.4	22.7	0	0
2021-04-14 16:08:47:558	24.5	22.7	0	0
2021-04-14 16:08:48:574	24.5	23.2	0	0
2021-04-14 16:08:49:558	24.5	22.5	0	0
2021-04-14 16:08:50:573	24.5	22.5	0	0
2021-04-14 16:08:51:573	24.5	22	0	0
2021-04-14 16:08:53:573	24.6	22.4	0	0
2021-04-14 16:08:54:588	24.7	23.2	0	0
2021-04-14 16:08:55:588	24.7	23.4	0	0
2021-04-14 16:08:56:587	24.8	23.7	0	0
2021-04-14 16:08:57:587	24.9	24.4	0	0
2021-04-14 16:08:58:587	24.9	24.6	0	0
2021-04-14 16:08:59:587	24.9	25.4	0	0
2021-04-14 16:09:00:602	25	25.5	0	0
2021-04-14 16:09:01:602	25	25.4	0	0
2021-04-14 16:09:02:602	25	25.4	0	0
2021-04-14 16:09:03:602	25.1	25.5	0	0
2021-04-14 16:09:04:617	25.1	25.4	0	0
2021-04-14 16:09:05:601	25.1	25.4	0	0
2021-04-14 16:09:06:617	25.1	25.4	0	0
2021-04-14 16:09:07:616	25.2	25.1	0	0
2021-04-14 16:09:09:616	25.2	24.7	0	0
2021-04-14 16:09:10:631	25.3	24.7	0	0
2021-04-14 16:09:11:631	25.2	24.5	0	0
2021-04-14 16:09:12:631	25.3	24.3	0	0
2021-04-14 16:09:13:631	25.3	24.4	0	0
2021-04-14 16:09:14:646	25.3	24.5	0	0
2021-04-14 16:09:15:630	25.3	24.7	0	0
2021-04-14 16:09:16:646	25.3	24.9	0	0
2021-04-14 16:09:17:645	25.3	24.9	0	0
2021-04-14 16:09:18:630	25.4	24.5	0	0
2021-04-14 16:09:19:645	25.4	24.4	0	0
2021-04-14 16:09:20:660	25.4	23.9	0	0
2021-04-14 16:09:21:645	25.4	23.5	0	0
2021-04-14 16:09:22:660	25.4	23.1	0	0
2021-04-14 16:09:23:660	25.4	22.4	0	0
2021-04-14 16:09:24:675	25.3	22.2	0	0
2021-04-14 16:09:25:659	25.3	22.3	0	0
2021-04-14 16:09:26:675	25.3	22.4	0	0
2021-04-14 16:09:27:675	25.3	22.4	0	0
2021-04-14 16:09:28:674	25.3	22.8	0	0
2021-04-14 16:09:29:674	25.3	23	0	0
2021-04-14 16:09:30:689	25.3	22.7	0	0
2021-04-14 16:09:31:674	25.7	23.1	0	0
2021-04-14 16:09:32:689	25.7	23.2	0	0
2021-04-14 16:09:33:689	25.6	23.2	0	0
2021-04-14 16:09:34:688	25.6	23.3	0	0
2021-04-14 16:09:35:688	25.6	23	0	0
2021-04-14 16:09:36:704	25.6	22.6	0	0
2021-04-14 16:09:37:703	25.6	22.2	0	0
2021-04-14 16:09:38:703	25.6	22.2	0	0
2021-04-14 16:09:39:703	25.1	21.8	0	0
2021-04-14 16:09:40:718	25.1	21.5	0	0
2021-04-14 16:09:41:702	25.5	21.3	0	0
2021-04-14 16:09:42:718	25.5	21.5	0	0
2021-04-14 16:09:43:718	25.4	22.1	0	0
2021-04-14 16:09:44:717	25.4	22.5	0	0
2021-04-14 16:09:45:717	25.9	22.7	0	0
2021-04-14 16:09:46:733	25.9	23	0	0
2021-04-14 16:09:48:732	26.2	23.2	0	0
2021-04-14 16:09:49:732	25.9	23.1	0	0
2021-04-14 16:09:50:747	26.2	22.8	0	0
2021-04-14 16:09:51:731	26.6	22.4	0	0
2021-04-14 16:09:52:747	26.6	22.3	0	0
2021-04-14 16:09:53:746	26.1	22.6	0	0
2021-04-14 16:09:54:746	26.1	22.7	0	0
2021-04-14 16:09:55:746	25.9	22.6	0	0
2021-04-14 16:09:56:762	25.9	22.7	0	0
2021-04-14 16:09:57:746	25.9	0.2	0	0
2021-04-14 16:09:58:761	25.6	22	0	0
2021-04-14 16:09:59:761	25.3	21	0	0
2021-04-14 16:10:00:777	25.2	20.6	0	0
2021-04-14 16:10:01:761	25.2	20	0	0
2021-04-14 16:10:02:776	25.2	19.6	0	0
2021-04-14 16:10:03:776	25.1	19.6	0	0
2021-04-14 16:10:04:776	25.1	19.3	0	0
2021-04-14 16:10:05:775	25	19.2	0	0
2021-04-14 16:10:06:791	25	19.3	0	0
2021-04-14 16:10:07:775	24.9	0.2	0	0
2021-04-14 16:10:08:790	24.8	20.2	0	0
2021-04-14 16:10:09:790	24.8	20.2	0	0
2021-04-14 16:10:10:805	24.8	20.3	0	0
2021-04-14 16:10:11:790	24.8	20.4	0	0
2021-04-14 16:10:12:805	24.8	20.4	0	0
2021-04-14 16:10:13:805	24.8	20.5	0	0
2021-04-14 16:10:14:804	24.7	20.6	0	0
2021-04-14 16:10:15:804	24.8	20.5	0	0
2021-04-14 16:10:16:820	24.8	20.5	0	0
2021-04-14 16:10:17:804	24.8	20.6	0	0
2021-04-14 16:10:18:819	24.9	20.4	0	0
2021-04-14 16:10:19:819	24.9	20.1	0	0
2021-04-14 16:10:20:834	24.8	19.4	0	0
2021-04-14 16:10:21:818	24.8	18.6	0	0
2021-04-14 16:10:22:834	24.9	18.2	0	0
2021-04-14 16:10:23:834	24.8	18.2	0	0
2021-04-14 16:10:24:833	24.7	18.1	0	0
2021-04-14 16:10:25:833	24.7	18	0	0
2021-04-14 16:10:26:849	24.5	18	0	0
2021-04-14 16:10:28:848	24.4	19	0	0
2021-04-14 16:10:29:848	24.6	19.5	0	0
2021-04-14 16:10:30:863	24.4	20	0	0
2021-04-14 16:10:31:863	24.4	20.2	0	0
2021-04-14 16:10:32:863	24.7	20.4	0	0
2021-04-14 16:10:33:878	24.7	20.5	0	0
2021-04-14 16:10:34:862	24.7	20.7	0	0
2021-04-14 16:10:35:878	24.7	21	0	0
2021-04-14 16:10:36:877	24.7	21	0	0
2021-04-14 16:10:38:877	24.5	20.9	0	0
2021-04-14 16:10:39:892	24.5	21	0	0
2021-04-14 16:10:40:892	24.3	20.8	0	0
2021-04-14 16:10:41:892	24.3	21.2	0	0
2021-04-14 16:10:42:892	24.3	21.3	0	0
2021-04-14 16:10:43:907	24.3	20.9	0	0
2021-04-14 16:10:44:891	24.4	21.2	0	0
2021-04-14 16:10:45:906	24.9	21.5	0	0
2021-04-14 16:10:46:906	25.4	22	0	0
2021-04-14 16:10:47:922	25.5	22.1	0	0
2021-04-14 16:10:48:906	25.5	22.4	0	0
2021-04-14 16:10:49:921	25.9	22.2	0	0
2021-04-14 16:10:50:921	25.9	22.1	0	0
2021-04-14 16:10:51:921	25.9	22.5	0	0
2021-04-14 16:10:52:921	26	22.5	0	0
2021-04-14 16:10:53:936	25.5	22.3	0	0
2021-04-14 16:10:54:920	25.3	22.3	0	0
2021-04-14 16:10:55:935	25.4	22.6	0	0
2021-04-14 16:10:56:935	25.4	23	0	0
2021-04-14 16:10:57:951	25.1	23.2	0	0
2021-04-14 16:10:58:935	25.2	23.4	0	0
2021-04-14 16:10:59:950	25.2	23.2	0	0
2021-04-14 16:11:00:950	25.3	23.2	0	0
2021-04-14 16:11:01:950	25.3	23.2	0	0
2021-04-14 16:11:02:949	25.1	23.1	0	0
2021-04-14 16:11:03:965	25.3	22.8	0	0
2021-04-14 16:11:04:949	25.4	2.2	0	0
2021-04-14 16:11:05:964	25.4	22.6	0	0
2021-04-14 16:11:06:964	25.4	22.7	0	0
2021-04-14 16:11:07:980	25.4	22.5	0	0
2021-04-14 16:11:08:964	25.4	22.6	0	0
2021-04-14 16:11:09:979	25.5	22.3	0	0
2021-04-14 16:11:10:979	25.5	22.3	0	0
2021-04-14 16:11:11:979	25.3	22.2	0	0
2021-04-14 16:11:12:978	25.3	22.1	0	0
2021-04-14 16:11:13:994	25.3	22	0	0
2021-04-14 16:11:15:994	25.3	22.5	0	0
2021-04-14 16:11:16:994	25.3	22.3	0	0
2021-04-14 16:11:18:009	25.4	22.3	0	0
2021-04-14 16:11:18:993	25.4	22.6	0	0
2021-04-14 16:11:20:009	25.2	22.9	0	0
2021-04-14 16:11:21:008	25.2	23.2	0	0
2021-04-14 16:11:22:008	25.2	23.2	0	0
2021-04-14 16:11:23:008	25.5	23.1	0	0
2021-04-14 16:11:24:024	25.8	22.9	0	0
2021-04-14 16:11:25:023	25.8	22.8	0	0
2021-04-14 16:11:26:579	25.8	22.8	0	0
2021-04-14 16:11:27:033	25.8	22.6	0	0
2021-04-14 16:11:28:028	26	22.1	0	0
2021-04-14 16:11:29:023	26	21.8	0	0
2021-04-14 16:11:30:435	26	21.9	0	0
2021-04-14 16:11:31:042	26.1	21.9	0	0
2021-04-14 16:11:32:470	25.8	22	0	0
2021-04-14 16:11:33:059	25.8	22	0	0
2021-04-14 16:11:34:038	26.1	22.3	0	0
2021-04-14 16:11:35:048	26.1	22.3	0	0
2021-04-14 16:11:36:059	26.1	22.8	0	0
2021-04-14 16:11:37:052	26.1	22.4	0	0
2021-04-14 16:11:38:064	26.1	22.6	0	0
2021-04-14 16:11:39:060	25.7	22.6	0	0
2021-04-14 16:11:40:072	25.7	22.6	0	0
2021-04-14 16:11:41:069	25.8	23	0	0
2021-04-14 16:11:42:080	25.6	23.2	0	0
2021-04-14 16:11:43:077	25.6	23	0	0
2021-04-14 16:11:44:073	26	23	0	0
2021-04-14 16:11:45:084	26	23.4	0	0
2021-04-14 16:11:46:095	26	23.4	0	0
2021-04-14 16:11:47:076	26.1	23.6	0	0
2021-04-14 16:11:48:087	26.1	23.8	0	0
2021-04-14 16:11:49:099	26.1	23.6	0	0
2021-04-14 16:11:50:110	26.5	23.4	0	0
2021-04-14 16:11:51:091	26.8	23.6	0	0
2021-04-14 16:11:52:102	26.4	23.3	0	0
2021-04-14 16:11:53:114	26.5	23.3	0	0
2021-04-14 16:11:54:110	26.7	23.2	0	0
2021-04-14 16:11:55:106	27.1	23.1	0	0
2021-04-14 16:11:56:117	27.1	22.9	0	0
2021-04-14 16:11:58:124	26.8	22.7	0	0
2021-04-14 16:11:59:122	26.6	22.6	0	0
2021-04-14 16:12:00:133	26.6	22.7	0	0
2021-04-14 16:12:01:130	26.6	23	0	0
2021-04-14 16:12:02:141	26.3	22.9	0	0
2021-04-14 16:12:03:138	26.2	23	0	0
2021-04-14 16:12:04:133	26.2	23.3	0	0
2021-04-14 16:12:05:145	26.2	23.5	0	0
2021-04-14 16:12:06:156	26.2	24.1	0	0
2021-04-14 16:12:07:153	26	24.5	0	0
2021-04-14 16:12:08:149	26	24.7	0	0
2021-04-14 16:12:09:160	25.8	24.5	0	0
2021-04-14 16:12:10:157	25.8	24.5	0	0
2021-04-14 16:12:11:153	25.6	24.1	0	0
2021-04-14 16:12:12:165	25.6	23.8	0	0
2021-04-14 16:12:13:177	25.6	23.6	0	0
2021-04-14 16:12:15:171	25.9	23.1	0	0
2021-04-14 16:12:16:182	26.1	23	0	0
2021-04-14 16:12:17:193	26.3	22.9	0	0
2021-04-14 16:12:18:175	26.3	22.5	0	0
2021-04-14 16:12:19:186	26.3	22.9	0	0
2021-04-14 16:12:20:197	26.3	23	0	0
2021-04-14 16:12:21:193	26.4	23.5	0	0
2021-04-14 16:12:22:190	26.4	23.5	0	0
2021-04-14 16:12:23:202	26.4	23.5	0	0
2021-04-14 16:12:24:213	26.1	23.4	0	0
2021-04-14 16:12:25:209	26.4	23.4	0	0
2021-04-14 16:12:26:205	26.4	23.7	0	0
2021-04-14 16:12:27:217	26.7	23.8	0	0
2021-04-14 16:12:28:213	26.7	23.9	0	0
2021-04-14 16:12:29:210	26.7	23.6	0	0
2021-04-14 16:12:30:222	26.7	23.3	0	0
2021-04-14 16:12:32:229	27.1	23.4	0	0
2021-04-14 16:12:33:225	26.8	23.6	0	0
2021-04-14 16:12:34:238	26.8	23.3	0	0
2021-04-14 16:12:35:235	26.5	22.8	0	0
2021-04-14 16:12:36:246	26.5	22.5	0	0
2021-04-14 16:12:37:243	26.5	22.1	0	0
2021-04-14 16:12:38:239	26.5	0.2	0	0
2021-04-14 16:12:39:251	26.5	21.5	0	0
2021-04-14 16:12:40:248	26.1	21.1	0	0
2021-04-14 16:12:41:259	26.1	20.6	0	0
2021-04-14 16:12:42:256	26	20.4	0	0
2021-04-14 16:12:43:267	26	20.2	0	0
2021-04-14 16:12:44:264	25.9	19.8	0	0
2021-04-14 16:12:45:260	25.9	19.5	0	0
2021-04-14 16:12:46:272	25.6	19.6	0	0
2021-04-14 16:12:47:268	25.6	19.8	0	0
2021-04-14 16:12:48:279	25.5	20.1	0	0
2021-04-14 16:12:49:276	25.5	20.1	0	0
2021-04-14 16:12:50:287	25.6	20.5	0	0
2021-04-14 16:12:51:298	25.6	20.7	0	0
2021-04-14 16:12:52:280	25.6	21	0	0
2021-04-14 16:12:53:291	25.6	21.1	0	0
2021-04-14 16:12:54:303	25.7	20.9	0	0
2021-04-14 16:12:56:296	25.7	20.6	0	0
2021-04-14 16:12:57:308	25.7	20.7	0	0
2021-04-14 16:12:58:319	25.5	20.7	0	0
2021-04-14 16:12:59:300	25.5	20.6	0	0
2021-04-14 16:13:00:312	25.5	20.8	0	0
2021-04-14 16:13:01:323	25.5	21.2	0	0
2021-04-14 16:13:02:319	25.5	21.7	0	0
2021-04-14 16:13:03:315	25.5	22.2	0	0
2021-04-14 16:13:04:327	25.6	22.4	0	0
2021-04-14 16:13:05:338	25.6	22.6	0	0
2021-04-14 16:13:06:334	25.6	22.7	0	0
2021-04-14 16:13:07:330	25.7	23.1	0	0
2021-04-14 16:13:08:342	25.7	23.3	0	0
2021-04-14 16:13:09:339	25.8	23.3	0	0
2021-04-14 16:13:10:350	25.8	23.4	0	0
2021-04-14 16:13:11:346	25.8	23.3	0	0
2021-04-14 16:13:13:352	25.9	23.1	0	0
2021-04-14 16:13:14:364	26	22.7	0	0
2021-04-14 16:13:15:360	26	22.4	0	0
2021-04-14 16:13:16:356	26	22	0	0
2021-04-14 16:13:17:368	26	21.8	0	0
2021-04-14 16:13:18:379	26	21.6	0	0
2021-04-14 16:13:19:360	26.2	21.5	0	0
2021-04-14 16:13:20:371	26.2	21.5	0	0
2021-04-14 16:13:21:383	26.2	21.7	0	0
2021-04-14 16:13:22:394	26	22.1	0	0
2021-04-14 16:13:23:375	26	22.5	0	0
2021-04-14 16:13:24:387	26	22.9	0	0
2021-04-14 16:13:25:399	26.1	23.1	0	0
2021-04-14 16:13:26:380	26.1	23.2	0	0
2021-04-14 16:13:27:391	25.9	23.1	0	0
2021-04-14 16:13:28:402	25.9	23.2	0	0
2021-04-14 16:13:30:396	25.7	23.3	0	0
2021-04-14 16:13:31:407	25.7	23.1	0	0
2021-04-14 16:13:32:419	25.7	23.2	0	0
2021-04-14 16:13:33:415	25.8	23.1	0	0
2021-04-14 16:13:34:411	25.8	22.9	0	0
2021-04-14 16:13:35:423	25.8	23	0	0
2021-04-14 16:13:37:431	25.8	22.8	0	0
2021-04-14 16:13:38:427	26.3	22.7	0	0
2021-04-14 16:13:39:439	26.3	22.7	0	0
2021-04-14 16:13:40:435	26.3	22.3	0	0
2021-04-14 16:13:41:446	26.3	22.4	0	0
2021-04-14 16:13:42:442	26.6	22.6	0	0
2021-04-14 16:13:43:438	26.9	22.8	0	0
2021-04-14 16:13:44:451	27	22.8	0	0
2021-04-14 16:13:45:462	27	22.9	0	0
2021-04-14 16:13:46:459	26.8	22.8	0	0
2021-04-14 16:13:47:454	26.8	22.7	0	0
2021-04-14 16:13:48:466	26.8	22.8	0	0
2021-04-14 16:13:49:462	26.8	22.5	0	0
2021-04-14 16:13:50:457	26.5	22.5	0	0
2021-04-14 16:13:51:469	26.2	22.5	0	0
2021-04-14 16:13:52:480	26.2	22.5	0	0
2021-04-14 16:13:53:492	26.2	22.4	0	0
2021-04-14 16:13:54:473	26.2	22.6	0	0
2021-04-14 16:13:55:484	26.2	22.5	0	0
2021-04-14 16:13:56:496	26.2	22.6	0	0
2021-04-14 16:13:57:491	26.2	22.8	0	0
2021-04-14 16:13:58:488	26.3	22.9	0	0
2021-04-14 16:13:59:499	26.3	22.9	0	0
2021-04-14 16:14:01:492	26.1	22.9	0	0
2021-04-14 16:14:02:504	26.1	22.8	0	0
2021-04-14 16:14:03:515	26.1	22.9	0	0
2021-04-14 16:14:04:511	26.1	22.8	0	0
2021-04-14 16:14:05:507	26.1	22.9	0	0
2021-04-14 16:14:06:519	26	22.5	0	0
2021-04-14 16:14:07:514	26	22.5	0	0
2021-04-14 16:14:08:527	26.3	22.5	0	0
2021-04-14 16:14:09:524	26.3	22.5	0	0
2021-04-14 16:14:10:535	26.5	22.7	0	0
2021-04-14 16:14:11:531	26.8	22.9	0	0
2021-04-14 16:14:12:543	26.8	22.9	0	0
2021-04-14 16:14:13:539	26.8	22.7	0	0
2021-04-14 16:14:14:535	26.8	22.7	0	0
2021-04-14 16:14:15:547	26.8	22.4	0	0
2021-04-14 16:14:16:558	26.8	22.1	0	0
2021-04-14 16:14:17:555	26.8	21.9	0	0
2021-04-14 16:14:18:551	26.5	21.7	0	0
2021-04-14 16:14:19:562	26.2	21.4	0	0
2021-04-14 16:14:20:573	26.2	21.3	0	0
2021-04-14 16:14:21:554	26.2	21.3	0	0
2021-04-14 16:14:22:566	26.2	21.3	0	0
2021-04-14 16:14:23:577	26.2	21.3	0	0
2021-04-14 16:14:24:589	26.2	21.2	0	0
2021-04-14 16:14:25:569	26.2	21.2	0	0
2021-04-14 16:14:26:580	26.1	21.2	0	0
2021-04-14 16:14:27:592	26.2	21.1	0	0
2021-04-14 16:14:28:588	26.2	21.1	0	0
2021-04-14 16:14:29:584	26.1	21	0	0
2021-04-14 16:14:30:596	26.2	21.3	0	0
2021-04-14 16:14:31:607	26.2	21.6	0	0
2021-04-14 16:14:32:603	26.4	21.8	0	0
2021-04-14 16:14:33:599	26.4	22.1	0	0
2021-04-14 16:14:34:610	26.4	22.2	0	0
2021-04-14 16:14:35:606	26.4	22.3	0	0
2021-04-14 16:14:36:618	26.4	22.4	0	0
2021-04-14 16:14:37:614	26.4	22.4	0	0
2021-04-14 16:14:38:626	26.4	22.2	0	0
2021-04-14 16:14:39:621	26.4	22.1	0	0
2021-04-14 16:14:40:633	26.1	22	0	0
2021-04-14 16:14:41:644	26.1	21.9	0	0
2021-04-14 16:14:42:625	26.1	22	0	0
2021-04-14 16:14:43:636	26.1	21.9	0	0
2021-04-14 16:14:44:648	26.1	21.9	0	0
2021-04-14 16:14:46:640	26.3	22.3	0	0
2021-04-14 16:14:47:651	26.4	22.5	0	0
2021-04-14 16:14:48:662	26.4	22.7	0	0
2021-04-14 16:14:49:643	26.4	22.5	0	0
2021-04-14 16:14:50:655	26.4	22.6	0	0
2021-04-14 16:14:51:667	26.4	22.6	0	0
2021-04-14 16:14:53:657	26.5	22.7	0	0
2021-04-14 16:14:54:670	26.3	22.4	0	0
2021-04-14 16:14:55:681	26.3	22.2	0	0
2021-04-14 16:14:56:677	26.3	22	0	0
2021-04-14 16:14:57:688	26.3	22.1	0	0
2021-04-14 16:14:58:685	26.3	22	0	0
2021-04-14 16:15:00:693	26.3	22.3	0	0
2021-04-14 16:15:01:689	26.5	22.4	0	0
2021-04-14 16:15:02:701	26.5	22.7	0	0
2021-04-14 16:15:03:698	26.5	23	0	0
2021-04-14 16:15:04:709	26.5	22.9	0	0
2021-04-14 16:15:05:706	26.5	23.1	0	0
2021-04-14 16:15:06:702	26.5	23.1	0	0
2021-04-14 16:15:07:714	26.6	22.9	0	0
2021-04-14 16:15:08:710	26.6	22.5	0	0
2021-04-14 16:15:09:722	26.4	21.9	0	0
2021-04-14 16:15:10:718	26.4	21.1	0	0
2021-04-14 16:15:11:729	26.4	20.4	0	0
2021-04-14 16:15:12:741	26.3	19.8	0	0
2021-04-14 16:15:13:723	26.3	19.1	0	0
2021-04-14 16:15:14:735	26.2	18.5	0	0
2021-04-14 16:15:15:731	26.2	18.1	0	0
2021-04-14 16:15:17:739	26	18.5	0	0
2021-04-14 16:15:18:751	25.9	18.8	0	0
2021-04-14 16:15:19:763	25.9	19.2	0	0
2021-04-14 16:15:20:744	25.9	20	0	0
2021-04-14 16:15:21:756	25.8	20.4	0	0
2021-04-14 16:15:22:767	25.8	20.6	0	0
2021-04-14 16:15:23:763	25.8	20.9	0	0
2021-04-14 16:15:24:924	25.8	21	0	0
2021-04-14 16:15:25:778	25.8	21.2	0	0
2021-04-14 16:15:26:773	25.8	21.3	0	0
2021-04-14 16:15:27:768	25.9	21.1	0	0
2021-04-14 16:15:28:778	25.9	21.1	0	0
2021-04-14 16:15:29:788	25.9	21.2	0	0
2021-04-14 16:15:30:782	25.9	21.4	0	0
2021-04-14 16:15:31:778	25.9	21.3	0	0
2021-04-14 16:15:32:790	25.9	21.4	0	0
2021-04-14 16:15:34:797	25.9	21.3	0	0
2021-04-14 16:15:35:799	25.9	21.3	0	0
2021-04-14 16:15:37:252	25.9	21.2	0	0
2021-04-14 16:15:37:799	25.9	21.2	0	0
2021-04-14 16:15:38:810	25.9	21.3	0	0
2021-04-14 16:15:39:820	25.9	21.6	0	0
2021-04-14 16:15:40:801	26	21.8	0	0
2021-04-14 16:15:41:821	26	22.1	0	0
2021-04-14 16:15:42:818	26.4	22.2	0	0
2021-04-14 16:15:43:829	26.5	22.1	0	0
2021-04-14 16:15:45:645	26.5	22	0	0
2021-04-14 16:15:45:833	26.4	22.2	0	0
2021-04-14 16:15:46:828	26.4	22	0	0
2021-04-14 16:15:47:827	26.4	21.6	0	0
2021-04-14 16:15:48:843	26.4	21.1	0	0
2021-04-14 16:15:49:843	26.4	20.1	0	0
2021-04-14 16:15:50:842	26.1	1.9	0	0
2021-04-14 16:15:51:853	26	20	0	0
2021-04-14 16:15:52:853	26	19.8	0	0
2021-04-14 16:15:53:868	26.4	19.3	0	0
2021-04-14 16:15:54:853	26.3	19.1	0	0
2021-04-14 16:15:55:852	26.3	19.1	0	0
2021-04-14 16:15:56:868	26.2	19.2	0	0
2021-04-14 16:15:57:868	26.1	19.7	0	0
2021-04-14 16:15:58:868	26	19.7	0	0
2021-04-14 16:15:59:867	26	19.6	0	0
2021-04-14 16:16:01:882	25.6	19.9	0	0
2021-04-14 16:16:02:882	25.6	19.4	0	0
2021-04-14 16:16:03:882	25.5	18.8	0	0
2021-04-14 16:16:04:882	25.5	18.5	0	0
2021-04-14 16:16:05:882	25.6	18.1	0	0
2021-04-14 16:16:06:897	25.5	17.5	0	0
2021-04-14 16:16:07:881	25.5	17.4	0	0
2021-04-14 16:16:08:897	25.5	17.4	0	0
2021-04-14 16:16:09:897	25.5	17.6	0	0
2021-04-14 16:16:10:912	25.4	18.4	0	0
2021-04-14 16:16:11:896	25.4	19.2	0	0
2021-04-14 16:16:12:912	25.6	19.7	0	0
2021-04-14 16:16:13:927	25.6	20.3	0	0
2021-04-14 16:16:14:911	25.7	20.8	0	0
2021-04-14 16:16:15:911	25.7	20.8	0	0
2021-04-14 16:16:16:926	25.8	20.8	0	0
2021-04-14 16:16:18:926	25.7	20.3	0	0
2021-04-14 16:16:19:930	25.6	19.9	0	0
2021-04-14 16:16:20:946	25.5	19.6	0	0
2021-04-14 16:16:21:930	25.4	19.4	0	0
2021-04-14 16:16:22:946	25.3	19.6	0	0
2021-04-14 16:16:23:945	25.3	19.6	0	0
2021-04-14 16:16:24:945	25.3	19.5	0	0
2021-04-14 16:16:25:945	25.4	19.5	0	0
2021-04-14 16:16:26:960	25.4	19.7	0	0
2021-04-14 16:16:28:960	25.4	20	0	0
2021-04-14 16:16:29:960	25.4	20.1	0	0
2021-04-14 16:16:30:975	25.3	20	0	0
2021-04-14 16:16:31:959	25.3	20.1	0	0
2021-04-14 16:16:32:974	25.4	20.4	0	0
2021-04-14 16:24:33:296	0	0	-236.9	-237.2
2021-04-14 16:24:34:304	0	0	-200.7	-201
2021-04-14 16:24:43:307	0	0	16.5	14.6
2021-04-14 16:24:44:322	0	0	16.5	14.2
2021-04-14 16:24:45:307	0	0	16.1	14.1
2021-04-14 16:24:46:322	0	0	16.2	14
2021-04-14 16:24:47:306	0	0	16.2	14.4
2021-04-14 16:24:48:321	0	0	16.3	14.3
2021-04-14 16:24:49:321	0	0	16.3	14.4
2021-04-14 16:24:50:321	0	0	16.4	14.9
2021-04-14 16:24:51:321	0	0	16.4	14.9
2021-04-14 16:24:52:321	0	0	16.5	14.9
2021-04-14 16:24:53:321	0	0	16.9	14.9
2021-04-14 16:24:54:320	0	0	17	14.8
2021-04-14 16:24:55:320	0	0	17.1	14.4
2021-04-14 16:24:56:335	0	0	17.1	14.3
2021-04-14 16:24:57:320	0	0	17.2	13.7
2021-04-14 16:24:58:335	0	0	17.3	13.1
2021-04-14 16:24:59:319	0	0	17.3	12.9
2021-04-14 16:25:00:334	0	0	17.4	12.7
2021-04-14 16:25:01:334	0	0	17.4	12.6
2021-04-14 16:25:02:334	0	0	17.5	12.6
2021-04-14 16:25:03:334	0	0	17.5	12.5
2021-04-14 16:25:04:334	0	0	17.6	12.5
2021-04-14 16:25:05:334	0	0	17.6	12.5
2021-04-14 16:25:06:349	0	0	17.7	12.5
2021-04-14 16:25:07:333	0	0	17.7	12.5
2021-04-14 16:25:08:348	0	0	17.8	12.5
2021-04-14 16:25:09:333	0	0	17.8	12.4
2021-04-14 16:25:10:348	0	0	17.8	12.4
2021-04-14 16:25:12:348	0	0	17.8	12.3
2021-04-14 16:25:13:347	0	0	17.8	12.2
2021-04-14 16:25:14:347	0	0	17.9	12.1
2021-04-14 16:25:15:347	0	0	17.7	12
2021-04-14 16:25:17:347	0	0	17.8	12
2021-04-14 16:25:18:362	0	0	17.9	12
2021-04-14 16:25:19:346	0	0	18.1	12.1
2021-04-14 16:25:20:362	0	0	18.1	12.2
2021-04-14 16:25:22:361	0	0	18.2	12.6
2021-04-14 16:25:23:361	0	0	18.4	12.8
2021-04-14 16:25:24:361	0	0	18.5	12.9
2021-04-14 16:25:25:360	0	0	18.5	12.6
2021-04-14 16:25:26:376	0	0	18.6	12.5
2021-04-14 16:25:27:360	0	0	18.9	12.2
2021-04-14 16:25:28:375	0	0	19	11.7
2021-04-14 16:25:29:360	0	0	19	11.1
2021-04-14 16:25:30:375	0	0	19	10.9
2021-04-14 16:25:31:375	0	0	19.1	10.7
2021-04-14 16:25:32:374	0	0	19.5	10.7
2021-04-14 16:25:33:374	0	0	19.5	10.8
2021-04-14 16:25:34:374	0	0	20	10.9
2021-04-14 16:25:35:374	0	0	19.7	10.9
2021-04-14 16:25:36:389	0	0	19.8	11.3
2021-04-14 16:25:37:373	0	0	19.8	11.3
2021-04-14 16:25:38:389	0	0	19.9	11.2
2021-04-14 16:25:39:373	0	0	20.1	11.1
2021-04-14 16:25:40:388	0	0	19.8	11
2021-04-14 16:25:41:388	0	0	19.8	10.9
2021-04-14 16:25:42:388	0	0	19.4	10.9
2021-04-14 16:25:43:387	0	0	19.7	10.9
2021-04-14 16:25:44:403	0	0	19.8	10.6
2021-04-14 16:25:45:387	0	0	19.8	10.9
2021-04-14 16:25:46:402	0	0	19.8	10.9
2021-04-14 16:25:47:387	0	0	19.6	10.9
2021-04-14 16:25:48:402	0	0	19.6	10.7
2021-04-14 16:25:49:402	0	0	19.7	10.6
2021-04-14 16:25:50:402	0	0	19.7	10.5
2021-04-14 16:25:51:401	0	0	19.4	10.3
2021-04-14 16:25:52:417	0	0	19.4	10.4
2021-04-14 16:25:53:401	0	0	19.5	10.5
2021-04-14 16:25:54:416	0	0	19.5	10.5
2021-04-14 16:25:55:400	0	0	19.5	10.5
2021-04-14 16:25:56:416	0	0	19.5	10.7
2021-04-14 16:25:57:416	0	0	19.5	10.5
2021-04-14 16:25:58:416	0	0	19.7	10.6
2021-04-14 16:25:59:416	0	0	19.8	10.9
2021-04-14 16:26:00:431	0	0	19.8	10.8
2021-04-14 16:26:01:415	0	0	19.8	10.5
2021-04-14 16:26:02:431	0	0	19.9	10.5
2021-04-14 16:26:04:430	0	0	19.9	10.4
2021-04-14 16:26:05:430	0	0	19.9	10.5
2021-04-14 16:26:06:430	0	0	19.8	10.6
2021-04-14 16:26:07:430	0	0	19.8	10.5
2021-04-14 16:26:08:445	0	0	19.9	10.7
2021-04-14 16:26:09:429	0	0	19.9	10.7
2021-04-14 16:26:10:445	0	0	19.9	10.8
2021-04-14 16:26:11:444	0	0	20	11
2021-04-14 16:26:12:444	0	0	20	11.1
2021-04-14 16:26:13:444	0	0	20	11.1
2021-04-14 16:26:14:459	0	0	20.1	11
2021-04-14 16:26:15:444	0	0	20.1	11
2021-04-14 16:26:16:459	0	0	20.1	10.9
2021-04-14 16:26:17:443	0	0	20.2	11
2021-04-14 16:26:18:458	0	0	20.3	10.9
2021-04-14 16:26:19:458	0	0	20.3	10.7
2021-04-14 16:26:20:458	0	0	20.3	10.6
2021-04-14 16:26:21:458	0	0	20.4	10.6
2021-04-14 16:26:22:474	0	0	20.4	10.5
2021-04-14 16:26:23:458	0	0	20.4	10.5
2021-04-14 16:26:24:473	0	0	20.5	10.4
2021-04-14 16:26:25:473	0	0	20.5	10.3
2021-04-14 16:26:26:473	0	0	20.4	10
2021-04-14 16:26:27:473	0	0	20.4	9.8
2021-04-14 16:26:29:472	0	0	20.2	9.3
2021-04-14 16:26:30:488	0	0	20.2	9.2
2021-04-14 16:26:31:472	0	0	20.2	9
2021-04-14 16:26:32:487	0	0	20.2	8.8
2021-04-14 16:26:33:487	0	0	20.2	8.8
2021-04-14 16:26:34:487	0	0	20.1	8.9
2021-04-14 16:26:35:486	0	0	20	8.9
2021-04-14 16:26:36:502	0	0	20.3	8.8
2021-04-14 16:26:37:486	0	0	20.2	8.7
2021-04-14 16:26:38:501	0	0	20.2	8.8
2021-04-14 16:26:39:501	0	0	20.2	8.8
2021-04-14 16:26:40:501	0	0	20.2	9
2021-04-14 16:26:41:501	0	0	20.1	9.1
2021-04-14 16:26:43:500	0	0	20.3	9.1
2021-04-14 16:26:44:516	0	0	20.3	9.4
2021-04-14 16:26:45:500	0	0	20.3	9.5
2021-04-14 16:26:46:515	0	0	20.3	9.5
2021-04-14 16:26:47:515	0	0	20.3	9.7
2021-04-14 16:26:48:515	0	0	20.4	9.7
2021-04-14 16:26:49:515	0	0	20.5	9.6
2021-04-14 16:26:50:530	0	0	20.5	9.8
2021-04-14 16:26:51:514	0	0	20.5	9.9
2021-04-14 16:26:52:530	0	0	20.5	10
2021-04-14 16:26:53:529	0	0	20.5	10.1
2021-04-14 16:26:54:529	0	0	20.6	10.1
2021-04-14 16:26:55:529	0	0	20.6	9.9
2021-04-14 16:26:57:528	0	0	20.6	9.9
2021-04-14 16:26:58:544	0	0	20.7	9.3
2021-04-14 16:26:59:528	0	0	20.7	9
2021-04-14 16:27:00:543	0	0	20.8	8.6
2021-04-14 16:27:01:543	0	0	20.7	8.4
2021-04-14 16:27:02:543	0	0	20.7	8.4
2021-04-14 16:27:03:543	0	0	20.7	8.5
2021-04-14 16:27:04:558	0	0	20.7	8.6
2021-04-14 16:27:05:542	0	0	20.7	8.4
2021-04-14 16:27:06:557	0	0	20.7	9
2021-04-14 16:27:07:573	0	0	20.7	9.4
2021-04-14 16:27:08:557	0	0	20.8	9.7
2021-04-14 16:27:09:572	0	0	20.8	9.9
2021-04-14 16:27:10:557	0	0	20.8	0.1
2021-04-14 16:27:11:557	0	0	20.8	10.1
2021-04-14 16:27:12:572	0	0	20.9	9.9
2021-04-14 16:27:13:556	0	0	20.6	9.9
2021-04-14 16:27:14:572	0	0	20.4	9.8
2021-04-14 16:27:15:572	0	0	20.3	9.5
2021-04-14 16:27:16:571	0	0	20.3	9.3
2021-04-14 16:27:17:587	0	0	20.3	8.7
2021-04-14 16:27:18:587	0	0	20.3	8.3
2021-04-14 16:27:19:571	0	0	20.3	8.1
2021-04-14 16:27:20:586	0	0	20.1	8.1
2021-04-14 16:27:21:601	0	0	20.4	8
2021-04-14 16:27:22:586	0	0	20.9	7.7
2021-04-14 16:27:23:601	0	0	21	7.8
2021-04-14 16:27:25:600	0	0	20.8	8.3
2021-04-14 16:27:26:600	0	0	20.8	8.4
2021-04-14 16:27:27:600	0	0	20.8	8.4
2021-04-14 16:27:28:600	0	0	21	8.5
2021-04-14 16:27:29:615	0	0	21	8.8
2021-04-14 16:27:30:599	0	0	20.7	9
2021-04-14 16:27:31:615	0	0	20.6	9.2
2021-04-14 16:27:32:614	0	0	20.9	9.1
2021-04-14 16:27:33:614	0	0	21.2	9.1
2021-04-14 16:27:34:614	0	0	21.2	8.9
2021-04-14 16:27:35:629	0	0	21.2	9.1
2021-04-14 16:27:36:614	0	0	21.3	9.2
2021-04-14 16:27:37:629	0	0	21.3	9
2021-04-14 16:27:38:629	0	0	21.1	9.1
2021-04-14 16:27:39:628	0	0	21.2	8.9
2021-04-14 16:27:40:628	0	0	21.2	8.6
2021-04-14 16:27:41:643	0	0	20.9	8.4
2021-04-14 16:27:42:628	0	0	21	8.8
2021-04-14 16:27:43:627	0	0	21	8.8
2021-04-14 16:27:45:643	0	0	21	8.7
2021-04-14 16:27:46:642	0	0	21.2	8.6
2021-04-14 16:27:47:642	0	0	21.2	8.6
2021-04-14 16:27:48:642	0	0	21.2	9
2021-04-14 16:27:49:657	0	0	21	9.2
2021-04-14 16:27:50:642	0	0	21	9.5
2021-04-14 16:27:51:657	0	0	21	9.4
2021-04-14 16:27:52:657	0	0	21	9.4
2021-04-14 16:27:53:656	0	0	21.1	9.5
2021-04-14 16:27:54:656	0	0	21.1	9.8
2021-04-14 16:27:55:671	0	0	21.1	10
2021-04-14 16:27:56:656	0	0	21	10
2021-04-14 16:27:57:671	0	0	21.2	10
2021-04-14 16:27:58:671	0	0	21	9.9
2021-04-14 16:27:59:671	0	0	21	10.1
2021-04-14 16:28:00:670	0	0	20.9	10.1
2021-04-14 16:28:01:686	0	0	20.9	10.3
2021-04-14 16:28:02:670	0	0	21	10
2021-04-14 16:28:03:685	0	0	21	9.8
2021-04-14 16:28:04:685	0	0	21.1	9.7
2021-04-14 16:28:05:685	0	0	20.8	9.8
2021-04-14 16:28:06:685	0	0	20.9	9.8
2021-04-14 16:28:07:700	0	0	21	9.6
2021-04-14 16:28:08:684	0	0	21.1	9.6
2021-04-14 16:28:09:700	0	0	20.8	9.4
2021-04-14 16:28:11:699	0	0	20.9	9.1
2021-04-14 16:28:12:699	0	0	20.9	9.1
2021-04-14 16:28:14:698	0	0	21.4	9.3
2021-04-14 16:28:15:714	0	0	21.4	9.2
2021-04-14 16:28:16:698	0	0	21.4	0.9
2021-04-14 16:28:17:713	0	0	21.7	8.9
2021-04-14 16:28:18:713	0	0	21.7	9.1
2021-04-14 16:28:19:713	0	0	21.7	9.2
2021-04-14 16:28:20:713	0	0	21.7	9.2
2021-04-14 16:28:21:728	0	0	21.7	8.9
2021-04-14 16:28:22:712	0	0	21.7	8.8
2021-04-14 16:28:23:727	0	0	21.7	8.9
2021-04-14 16:28:24:727	0	0	21.7	9
2021-04-14 16:28:25:727	0	0	21.7	9.1
2021-04-14 16:28:26:727	0	0	21.8	9.4
2021-04-14 16:28:27:742	0	0	21.8	9.6
2021-04-14 16:28:28:726	0	0	21.8	9.6
2021-04-14 16:28:29:742	0	0	21.6	9.6
2021-04-14 16:28:30:741	0	0	21.6	9.5
2021-04-14 16:28:31:741	0	0	21.6	9.4
2021-04-14 16:28:32:741	0	0	21.6	9.2
2021-04-14 16:28:33:756	0	0	21.6	9.2
2021-04-14 16:28:34:740	0	0	21.3	9.1
2021-04-14 16:28:35:756	0	0	21.3	9.2
2021-04-14 16:28:36:756	0	0	21.3	9.4
2021-04-14 16:28:37:755	0	0	21.6	9.6
2021-04-14 16:28:38:755	0	0	21.5	9.6
2021-04-14 16:28:39:771	0	0	21.5	9.9
2021-04-14 16:28:40:755	0	0	21.5	10.3
2021-04-14 16:28:41:770	0	0	21.5	10.5
2021-04-14 16:28:42:770	0	0	21.9	10.9
2021-04-14 16:28:43:770	0	0	21.9	11.1
2021-04-14 16:28:44:769	0	0	22	10.9
2021-04-14 16:28:45:785	0	0	22	10.6
2021-04-14 16:28:46:769	0	0	22.2	10.6
2021-04-14 16:28:47:784	0	0	22.2	10.3
2021-04-14 16:28:48:784	0	0	22.2	9.7
2021-04-14 16:28:49:784	0	0	22.3	9.5
2021-04-14 16:28:50:784	0	0	21.9	8.9
2021-04-14 16:28:51:799	0	0	21.9	8.9
2021-04-14 16:28:52:783	0	0	21.9	8.7
2021-04-14 16:28:53:799	0	0	21.8	8.6
2021-04-14 16:28:54:798	0	0	21.8	8.3
2021-04-14 16:28:55:798	0	0	21.8	8.1
2021-04-14 16:28:56:798	0	0	21.8	7.9
2021-04-14 16:28:57:813	0	0	21.6	7.6
2021-04-14 16:28:58:797	0	0	22	7.4
2021-04-14 16:28:59:813	0	0	22	6.9
2021-04-14 16:29:01:812	0	0	21.8	6.9
2021-04-14 16:29:02:828	0	0	21.9	7.1
2021-04-14 16:29:04:827	0	0	22.1	7.7
2021-04-14 16:29:05:827	0	0	21.9	8
2021-04-14 16:29:06:827	0	0	21.9	0.8
2021-04-14 16:29:07:827	0	0	21.8	7.9
2021-04-14 16:29:08:842	0	0	21.8	7.7
2021-04-14 16:29:09:826	0	0	21.8	7.5
2021-04-14 16:29:10:841	0	0	21.6	7.2
2021-04-14 16:29:11:841	0	0	21.6	7.2
2021-04-14 16:29:12:841	0	0	21.3	7
2021-04-14 16:29:13:841	0	0	21.6	6.9
2021-04-14 16:29:14:857	0	0	21.6	6.7
2021-04-14 16:29:15:841	0	0	21.6	7.4
2021-04-14 16:29:16:841	0	0	21.6	7.8
2021-04-14 16:29:17:856	0	0	21.6	7.9
2021-04-14 16:29:18:840	0	0	21.6	7.9
2021-04-14 16:29:19:856	0	0	21.6	7.6
2021-04-14 16:29:20:871	0	0	21.6	7.4
2021-04-14 16:29:21:855	0	0	21.6	7.2
2021-04-14 16:29:22:870	0	0	21.6	7.4
2021-04-14 16:29:23:870	0	0	21.6	7.1
2021-04-14 16:29:24:870	0	0	21.6	7
2021-04-14 16:29:25:870	0	0	21.6	7.6
2021-04-14 16:29:26:885	0	0	21.6	7.9
2021-04-14 16:29:27:870	0	0	21.2	8.4
2021-04-14 16:29:28:885	0	0	21.3	8.7
2021-04-14 16:29:29:885	0	0	21.3	8.9
2021-04-14 16:29:30:884	0	0	21.3	9.4
2021-04-14 16:29:31:884	0	0	21.3	9.1
2021-04-14 16:29:32:900	0	0	21.3	8.6
2021-04-14 16:29:33:884	0	0	21.3	8
2021-04-14 16:29:34:899	0	0	21.3	7.6
2021-04-14 16:29:35:899	0	0	21.6	7.3
2021-04-14 16:29:36:899	0	0	21.5	6.9
2021-04-14 16:29:37:899	0	0	21.5	6.7
2021-04-14 16:29:39:228	0	0	21.5	6.1
2021-04-14 16:29:39:900	0	0	21.4	6.2
2021-04-14 16:29:40:910	0	0	21.4	6.4
2021-04-14 16:29:41:921	0	0	21.4	6.3
2021-04-14 16:29:43:095	0	0	21.5	6.5
2021-04-14 16:29:45:181	0	0	21.7	6.6
2021-04-14 16:29:45:196	0	0	21.7	6.8
2021-04-14 16:29:45:910	0	0	21.6	6.9
2021-04-14 16:29:46:920	0	0	21.6	7.4
2021-04-14 16:29:47:915	0	0	21.5	7.9
2021-04-14 16:29:48:925	0	0	21.5	7.9
2021-04-14 16:29:49:936	0	0	21.5	8.2
2021-04-14 16:29:50:916	0	0	21.3	8.3
2021-04-14 16:29:51:928	0	0	21.1	8.5
2021-04-14 16:29:52:940	0	0	21.1	8.7
2021-04-14 16:29:53:936	0	0	21.1	8.5
2021-04-14 16:29:54:932	0	0	21.1	8.2
2021-04-14 16:29:55:944	0	0	21.1	7.9
2021-04-14 16:29:56:940	0	0	20.8	8.1
2021-04-14 16:29:57:951	0	0	20.8	8.3
2021-04-14 16:29:58:948	0	0	20.8	8.6
2021-04-14 16:29:59:944	0	0	20.8	8.6
2021-04-14 16:30:00:955	0	0	20.9	8.7
2021-04-14 16:30:01:967	0	0	20.9	9.1
2021-04-14 16:30:02:947	0	0	20.9	9.1
2021-04-14 16:30:03:959	0	0	20.9	8.7
2021-04-14 16:30:04:971	0	0	21.2	8.3
2021-04-14 16:30:05:966	0	0	21.2	7.8
2021-04-14 16:30:06:962	0	0	21.2	7.3
2021-04-14 16:30:08:873	0	0	21.4	7.2
2021-04-14 16:30:08:962	0	0	21.4	6.9
2021-04-14 16:30:09:973	0	0	21.4	6.8
2021-04-14 16:30:10:984	0	0	21.3	6.7
2021-04-14 16:30:11:979	0	0	21.3	7
2021-04-14 16:30:12:976	0	0	21.3	7.3
2021-04-14 16:30:13:987	0	0	21.3	7.5
2021-04-14 16:30:14:983	0	0	21.2	8
2021-04-14 16:30:15:994	0	0	21.1	8.1
2021-04-14 16:30:16:991	0	0	21.1	8.3
2021-04-14 16:30:17:986	0	0	21.1	8.4
2021-04-14 16:30:18:998	0	0	21.1	8.5
2021-04-14 16:30:20:009	0	0	21.1	8.2
2021-04-14 16:30:20:992	0	0	21.1	8.3
2021-04-14 16:30:22:003	0	0	21.4	8.2
2021-04-14 16:30:23:015	0	0	21.6	7.7
2021-04-14 16:30:23:995	0	0	21.6	7.5
2021-04-14 16:30:25:007	0	0	21.6	7.4
2021-04-14 16:30:26:019	0	0	21.6	7.1
2021-04-14 16:30:27:014	0	0	21.6	6.9
2021-04-14 16:30:28:011	0	0	21.6	7
2021-04-14 16:30:29:023	0	0	21.6	7
2021-04-14 16:30:30:019	0	0	21.5	7.1
2021-04-14 16:30:31:030	0	0	21.3	7.4
2021-04-14 16:30:32:026	0	0	21.3	7.6
2021-04-14 16:30:33:023	0	0	21	7.8
2021-04-14 16:30:34:035	0	0	21	8.2
2021-04-14 16:30:36:027	0	0	21.1	8.9
2021-04-14 16:30:37:039	0	0	21.1	9.1
2021-04-14 16:30:38:035	0	0	20.7	0.9
2021-04-14 16:30:39:046	0	0	20.7	9.6
2021-04-14 16:30:40:043	0	0	20.7	9.7
2021-04-14 16:30:41:039	0	0	21	9.9
2021-04-14 16:30:42:050	0	0	21.1	9.8
2021-04-14 16:30:43:061	0	0	21.1	9.5
2021-04-14 16:30:44:043	0	0	21.2	9.5
2021-04-14 16:30:45:055	0	0	21.2	9.6
2021-04-14 16:30:46:066	0	0	21.4	9.6
2021-04-14 16:30:47:049	0	0	21.4	9.5
2021-04-14 16:30:48:061	0	0	21.4	9.4
2021-04-14 16:30:49:072	0	0	21.2	9.4
2021-04-14 16:30:50:068	0	0	21	9.5
2021-04-14 16:30:51:065	0	0	21	9.7
2021-04-14 16:30:52:076	0	0	21.1	9.7
2021-04-14 16:30:53:072	0	0	20.8	9.4
2021-04-14 16:30:54:068	0	0	20.8	9.3
2021-04-14 16:30:55:080	0	0	20.8	9
2021-04-14 16:30:56:076	0	0	20.8	8.6
2021-04-14 16:30:57:088	0	0	21.1	8.5
2021-04-14 16:30:58:084	0	0	21.4	8.7
2021-04-14 16:30:59:080	0	0	21.4	8.5
2021-04-14 16:31:00:092	0	0	21.6	8.5
2021-04-14 16:31:01:104	0	0	21.6	8.5
2021-04-14 16:31:02:085	0	0	21.6	8.4
2021-04-14 16:31:03:096	0	0	21.3	8.5
2021-04-14 16:31:05:104	0	0	21.3	9.6
2021-04-14 16:31:06:100	0	0	21.3	9.3
2021-04-14 16:31:08:108	0	0	21.3	9.2
2021-04-14 16:31:09:118	0	0	21.6	9.2
2021-04-14 16:31:11:111	0	0	22	9.3
2021-04-14 16:31:12:123	0	0	22	8.9
2021-04-14 16:31:13:118	0	0	22	8.6
2021-04-14 16:31:14:115	0	0	22	8.9
2021-04-14 16:31:15:126	0	0	22	9.1
2021-04-14 16:31:16:122	0	0	21.8	9.2
2021-04-14 16:31:17:133	0	0	21.8	9.2
2021-04-14 16:31:18:129	0	0	21.9	9.2
2021-04-14 16:31:19:125	0	0	21.9	9.3
2021-04-14 16:31:20:137	0	0	21.6	9.5
2021-04-14 16:31:21:148	0	0	21.6	9.6
2021-04-14 16:31:22:129	0	0	21.6	9.4
2021-04-14 16:31:23:140	0	0	21.4	9.6
2021-04-14 16:31:24:152	0	0	21.5	9.6
2021-04-14 16:31:25:134	0	0	21.2	9.6
2021-04-14 16:31:26:145	0	0	21.2	9.3
2021-04-14 16:31:27:157	0	0	21.2	9
2021-04-14 16:31:28:153	0	0	21.7	9
2021-04-14 16:31:29:149	0	0	21.7	8.9
2021-04-14 16:31:30:161	0	0	21.8	8.8
2021-04-14 16:31:31:157	0	0	22	8.7
2021-04-14 16:31:32:169	0	0	22	8.5
2021-04-14 16:31:33:166	0	0	22.4	8.4
2021-04-14 16:31:34:163	0	0	22.4	8.5
2021-04-14 16:31:35:174	0	0	22.4	8.7
2021-04-14 16:31:36:185	0	0	22.2	8.3
2021-04-14 16:31:37:167	0	0	22.2	8.2
2021-04-14 16:31:38:178	0	0	22.2	8.2
2021-04-14 16:31:39:190	0	0	22.2	8.5
2021-04-14 16:31:40:171	0	0	22.2	8.8
2021-04-14 16:31:41:183	0	0	22.2	9
2021-04-14 16:31:42:195	0	0	22	9.3
2021-04-14 16:31:43:190	0	0	22.1	9.8
2021-04-14 16:31:44:201	0	0	22.1	10.3
2021-04-14 16:31:45:198	0	0	22.1	10.4
2021-04-14 16:31:46:196	0	0	22.2	10.4
2021-04-14 16:31:47:207	0	0	22.2	10.3
2021-04-14 16:31:48:204	0	0	22.2	10.3
2021-04-14 16:31:49:200	0	0	22.3	10.1
2021-04-14 16:31:50:212	0	0	22.5	10.1
2021-04-14 16:31:51:223	0	0	22.2	9.8
2021-04-14 16:31:52:204	0	0	22.2	9.6
2021-04-14 16:31:53:216	0	0	22.2	9.5
2021-04-14 16:31:54:227	0	0	22.2	9.6
2021-04-14 16:31:55:208	0	0	22.3	9.9
2021-04-14 16:31:56:220	0	0	22.3	9.6
2021-04-14 16:31:57:231	0	0	22.3	9.5
2021-04-14 16:31:58:227	0	0	22.3	9.5
2021-04-14 16:31:59:223	0	0	22.3	9.3
2021-04-14 16:32:00:235	0	0	22.3	9.3
2021-04-14 16:32:01:231	0	0	22.3	9.6
2021-04-14 16:32:02:242	0	0	22.3	9.8
2021-04-14 16:32:03:238	0	0	22.3	9.4
2021-04-14 16:32:04:235	0	0	22.3	9.8
2021-04-14 16:32:05:247	0	0	22.4	10.1
2021-04-14 16:32:06:258	0	0	22.1	10.3
2021-04-14 16:32:07:239	0	0	22.6	10.7
2021-04-14 16:32:08:250	0	0	22.6	10.8
2021-04-14 16:32:09:262	0	0	22.7	10.8
2021-04-14 16:32:10:242	0	0	22.7	10.7
2021-04-14 16:32:11:254	0	0	22.6	10.9
2021-04-14 16:32:12:265	0	0	22.6	11.1
2021-04-14 16:32:13:261	0	0	22.7	11.1
2021-04-14 16:32:14:272	0	0	22.7	10.9
2021-04-14 16:32:15:269	0	0	22.7	10.7
2021-04-14 16:32:16:265	0	0	22.8	10.4
2021-04-14 16:32:17:277	0	0	22.8	10.1
2021-04-14 16:32:18:288	0	0	22.8	10
2021-04-14 16:32:19:269	0	0	23	9.6
2021-04-14 16:32:20:281	0	0	23	9.2
2021-04-14 16:32:21:293	0	0	23	8.8
2021-04-14 16:32:22:288	0	0	23.3	8.6
2021-04-14 16:32:23:284	0	0	23.3	8.4
2021-04-14 16:32:24:296	0	0	23.3	8.5
2021-04-14 16:32:25:292	0	0	23.3	8.7
2021-04-14 16:32:26:288	0	0	22.8	8.7
2021-04-14 16:32:27:300	0	0	22.8	8.9
2021-04-14 16:32:28:296	0	0	22.8	9
2021-04-14 16:32:29:308	0	0	22.4	9.1
2021-04-14 16:32:30:304	0	0	22.4	9.8
2021-04-14 16:32:31:300	0	0	22.4	9.9
2021-04-14 16:32:32:312	0	0	22.4	9.7
2021-04-14 16:32:33:323	0	0	22.4	9.4
2021-04-14 16:32:34:304	0	0	22.8	9
2021-04-14 16:32:35:316	0	0	22.7	8.6
2021-04-14 16:32:36:327	0	0	22.6	8.4
2021-04-14 16:32:37:323	0	0	23.1	9
2021-04-14 16:32:38:334	0	0	22.5	8.4
2021-04-14 16:32:39:331	0	0	22.5	9
2021-04-14 16:32:40:327	0	0	22.5	9.2
2021-04-14 16:32:41:338	0	0	22.5	9.4
2021-04-14 16:32:42:334	0	0	22.5	9.7
2021-04-14 16:32:43:330	0	0	22.6	9.9
2021-04-14 16:32:44:342	0	0	22.6	10.2
2021-04-14 16:32:45:353	0	0	22.6	9.8
2021-04-14 16:32:46:333	0	0	23.2	10
2021-04-14 16:32:47:345	0	0	23.2	9.6
2021-04-14 16:32:48:357	0	0	23.2	9.7
2021-04-14 16:32:49:351	0	0	23.3	9.8
2021-04-14 16:32:50:348	0	0	23.3	9.9
2021-04-14 16:32:51:360	0	0	22.9	9.9
2021-04-14 16:32:52:356	0	0	23	10
2021-04-14 16:32:53:367	0	0	23	10.3
2021-04-14 16:32:54:363	0	0	23	10.2
2021-04-14 16:32:55:359	0	0	23	10.3
2021-04-14 16:32:56:371	0	0	23.1	9.9
2021-04-14 16:32:57:382	0	0	23.1	9.5
2021-04-14 16:32:58:363	0	0	23.1	9
2021-04-14 16:32:59:375	0	0	23.5	8.5
2021-04-14 16:33:00:386	0	0	23.4	7.9
2021-04-14 16:33:02:378	0	0	23.3	6.7
2021-04-14 16:33:03:390	0	0	23.3	6.3
2021-04-14 16:33:05:398	0	0	23.2	6.4
2021-04-14 16:33:06:395	0	0	23.1	6.7
2021-04-14 16:33:08:403	0	0	23.1	7.3
2021-04-14 16:33:09:412	0	0	23	7.6
2021-04-14 16:33:10:409	0	0	23	7.7
2021-04-14 16:33:11:406	0	0	23	7.6
2021-04-14 16:33:12:417	0	0	23	7.6
2021-04-14 16:33:13:427	0	0	23	7.5
2021-04-14 16:33:14:409	0	0	23	7.1
2021-04-14 16:33:15:419	0	0	23	6.8
2021-04-14 16:33:16:431	0	0	22.9	6.5
2021-04-14 16:33:17:427	0	0	22.9	6.3
2021-04-14 16:33:18:424	0	0	22.8	6.3
2021-04-14 16:33:19:434	0	0	22.8	6.3
2021-04-14 16:33:20:431	0	0	22.7	6.1
2021-04-14 16:33:21:442	0	0	22.6	6
2021-04-14 16:33:22:439	0	0	22.6	5.9
2021-04-14 16:33:23:434	0	0	22.5	6.1
2021-04-14 16:33:24:446	0	0	22.5	6.3
2021-04-14 16:33:25:457	0	0	22.4	6.4
2021-04-14 16:33:26:438	0	0	22.4	7.1
2021-04-14 16:33:27:449	0	0	21.9	7.2
2021-04-14 16:33:28:461	0	0	22	7.5
2021-04-14 16:33:29:456	0	0	21.9	7.7
2021-04-14 16:33:30:453	0	0	21.9	7.7
2021-04-14 16:33:31:464	0	0	21.9	7.6
2021-04-14 16:33:32:460	0	0	21.9	7.7
2021-04-14 16:33:33:471	0	0	21.8	7.5
2021-04-14 16:33:34:468	0	0	21.7	6.9
2021-04-14 16:33:35:463	0	0	22.1	6.8
2021-04-14 16:33:36:475	0	0	22.1	6.6
2021-04-14 16:33:37:486	0	0	22.1	6.7
2021-04-14 16:33:38:468	0	0	22	6.9
2021-04-14 16:33:39:480	0	0	22	7.1
2021-04-14 16:33:40:491	0	0	22	7.3
2021-04-14 16:33:41:487	0	0	22.1	7.6
2021-04-14 16:33:42:484	0	0	21.7	7.8
2021-04-14 16:33:43:495	0	0	21.7	8
2021-04-14 16:33:44:491	0	0	21.7	8.1
2021-04-14 16:33:45:503	0	0	21.8	8
2021-04-14 16:33:46:500	0	0	21.8	8
2021-04-14 16:33:47:496	0	0	21.8	7.9
2021-04-14 16:33:48:507	0	0	21.8	7.8
2021-04-14 16:33:49:503	0	0	21.9	7.6
2021-04-14 16:33:50:499	0	0	22.4	7.5
2021-04-14 16:33:51:511	0	0	22.4	7.3
2021-04-14 16:33:52:522	0	0	22.4	7.4
2021-04-14 16:33:53:503	0	0	22.3	7.4
2021-04-14 16:33:54:514	0	0	22.4	7.3
2021-04-14 16:33:55:526	0	0	22.4	7.1
2021-04-14 16:33:56:522	0	0	22.4	7
2021-04-14 16:33:57:518	0	0	22.4	7.1
2021-04-14 16:33:58:530	0	0	22.2	7.1
2021-04-14 16:33:59:527	0	0	22.2	7
2021-04-14 16:34:00:538	0	0	22.1	6.8
2021-04-14 16:34:01:535	0	0	22.1	6.8
2021-04-14 16:34:02:531	0	0	22	6.8
2021-04-14 16:34:03:542	0	0	22	6.9
2021-04-14 16:34:04:554	0	0	22	7
2021-04-14 16:34:05:535	0	0	22	6.9
2021-04-14 16:34:06:546	0	0	22	6.7
2021-04-14 16:34:07:558	0	0	22	6.6
2021-04-14 16:34:08:554	0	0	21.9	6.4
2021-04-14 16:34:09:551	0	0	21.9	6.5
2021-04-14 16:34:10:563	0	0	21.8	6.7
2021-04-14 16:34:11:558	0	0	21.8	6.8
2021-04-14 16:34:12:554	0	0	21.8	6.7
2021-04-14 16:34:14:562	0	0	21.8	7.1
2021-04-14 16:34:15:574	0	0	21.8	7.1
2021-04-14 16:34:17:568	0	0	21.8	7.5
2021-04-14 16:34:18:580	0	0	21.8	7.3
2021-04-14 16:34:19:561	0	0	21.8	0.7
2021-04-14 16:34:20:573	0	0	21.8	7.1
2021-04-14 16:34:21:584	0	0	21.8	6.9
2021-04-14 16:34:22:580	0	0	21.7	6.6
2021-04-14 16:34:23:576	0	0	21.7	6.5
2021-04-14 16:34:24:588	0	0	21.7	6.3
2021-04-14 16:34:25:584	0	0	21.7	6.2
2021-04-14 16:34:26:595	0	0	21.6	6.2
2021-04-14 16:34:27:592	0	0	21.6	6.5
2021-04-14 16:34:28:588	0	0	21.6	6.7
2021-04-14 16:34:30:281	0	0	21.6	6.9
2021-04-14 16:34:30:594	0	0	21.6	7.2
2021-04-14 16:34:31:589	0	0	21.6	7.5
2021-04-14 16:34:32:605	0	0	21.8	7.7
2021-04-14 16:34:33:605	0	0	21.5	7.9
2021-04-14 16:34:34:807	0	0	21.5	7.8
2021-04-14 16:34:35:620	0	0	21.5	8
2021-04-14 16:34:36:615	0	0	21.5	8.1
2021-04-14 16:34:37:615	0	0	21.6	8.3
2021-04-14 16:34:38:615	0	0	21.6	8.5
2021-04-14 16:34:39:630	0	0	21.6	8.8
2021-04-14 16:34:40:614	0	0	21.4	9.2
2021-04-14 16:34:41:630	0	0	21.5	9.2
2021-04-14 16:34:42:629	0	0	21.6	9.6
2021-04-14 16:34:43:629	0	0	21.3	9.8
2021-04-14 16:34:44:628	0	0	21.3	10
2021-04-14 16:34:45:644	0	0	21.2	10.1
2021-04-14 17:13:11:349	0	0	17.2	5.5
2021-04-14 17:13:12:349	0	0	17.2	5.6
2021-04-14 17:13:13:349	0	0	17.2	5.7
2021-04-14 17:13:14:349	0	0	17.2	5.5
2021-04-14 17:13:15:348	0	0	17.3	5.8
2021-04-14 17:13:16:348	0	0	17.3	5.6
2021-04-14 17:13:18:348	0	0	17.1	5.7
2021-04-14 17:13:19:363	0	0	17.1	5.8
2021-04-14 17:13:20:363	0	0	17.2	6
2021-04-14 17:13:21:363	0	0	17.2	6.2
2021-04-14 17:13:22:362	0	0	17.3	6.4
2021-04-14 17:13:23:362	0	0	17.3	6.3
2021-04-14 17:13:24:362	0	0	17.4	6.5
2021-04-14 17:13:25:362	0	0	17.5	6.7
2021-04-14 17:13:26:377	0	0	17.8	7
2021-04-14 17:13:27:361	0	0	17.9	7.1
2021-04-14 17:13:28:361	0	0	17.9	7.2
2021-04-14 17:13:29:361	0	0	18	7.2
2021-04-14 17:13:30:376	0	0	18.1	7.2
2021-04-14 17:13:31:376	0	0	18.2	7.3
2021-04-14 17:13:32:375	0	0	18.2	7.4
2021-04-14 17:13:33:375	0	0	18.3	7.5
2021-04-14 17:13:34:375	0	0	18.4	7.4
2021-04-14 17:13:35:375	0	0	18.5	7.3
2021-04-14 17:13:37:375	0	0	19	7.2
2021-04-14 17:13:38:390	0	0	19.5	7.2
2021-04-14 17:13:39:374	0	0	19.6	7
2021-04-14 17:13:40:389	0	0	19.6	6.6
2021-04-14 17:13:41:374	0	0	19.7	6.4
2021-04-14 17:13:42:389	0	0	19.8	6.5
2021-04-14 17:13:43:389	0	0	20.2	6.5
2021-04-14 17:13:44:388	0	0	20.3	6.1
2021-04-14 17:13:45:388	0	0	19.9	6.2
2021-04-14 17:13:46:388	0	0	19.5	6.2
2021-04-14 17:13:47:388	0	0	19.6	6.1
2021-04-14 17:13:48:403	0	0	19.7	6.2
2021-04-14 17:13:49:387	0	0	20.1	6.2
2021-04-14 17:13:50:403	0	0	20.1	6.2
2021-04-14 17:13:51:387	0	0	19.8	6.1
2021-04-14 17:13:52:402	0	0	19.8	6.2
2021-04-14 17:13:53:402	0	0	19.9	6.1
2021-04-14 17:13:54:402	0	0	20.1	5.9
2021-04-14 17:13:55:402	0	0	20.2	5.9
2021-04-14 17:13:56:401	0	0	20.2	6.2
2021-04-14 17:13:57:401	0	0	20.2	6.1
2021-04-14 17:13:58:417	0	0	20.2	5.9
2021-04-14 17:13:59:401	0	0	20.3	5.9
2021-04-14 17:14:00:416	0	0	20.3	6
2021-04-14 17:14:01:401	0	0	20.5	6
2021-04-14 17:14:02:416	0	0	20.4	6
2021-04-14 17:14:03:416	0	0	20.4	5.7
2021-04-14 17:14:04:416	0	0	20.4	5.7
2021-04-14 17:14:05:416	0	0	20.3	5.7
2021-04-14 17:14:06:415	0	0	20.3	6
2021-04-14 17:14:07:415	0	0	20.4	6
2021-04-14 17:14:08:430	0	0	20.4	5.9
2021-04-14 17:14:09:415	0	0	20.3	6
2021-04-14 17:14:10:430	0	0	20.5	6.2
2021-04-14 17:14:11:414	0	0	20.6	6.4
2021-04-14 17:14:12:429	0	0	20.6	6.5
2021-04-14 17:14:13:429	0	0	20.7	6.5
2021-04-14 17:14:14:429	0	0	20.9	6.4
2021-04-14 17:14:15:429	0	0	20.9	6.4
2021-04-14 17:14:16:428	0	0	21	6.5
2021-04-14 17:14:17:428	0	0	21	6.3
2021-04-14 17:14:18:444	0	0	20.9	6.2
2021-04-14 17:14:19:428	0	0	20.9	6.1
2021-04-14 17:14:20:443	0	0	21	6.1
2021-04-14 17:14:21:443	0	0	21	6
2021-04-14 17:14:22:443	0	0	20.9	6
2021-04-14 17:14:23:443	0	0	20.9	6
2021-04-14 17:14:24:442	0	0	21	6
2021-04-14 17:14:25:442	0	0	21	6
2021-04-14 17:14:26:457	0	0	21.1	6
2021-04-14 17:14:27:442	0	0	21.1	6
2021-04-14 17:14:28:457	0	0	21.1	6
2021-04-14 17:14:29:441	0	0	21.1	6
2021-04-14 17:14:30:456	0	0	21.2	5.9
2021-04-14 17:14:31:456	0	0	21.2	5.9
2021-04-14 17:14:32:456	0	0	21.2	5.9
2021-04-14 17:14:33:456	0	0	21.2	5.9
2021-04-14 17:14:34:471	0	0	21.3	5.9
2021-04-14 17:14:35:455	0	0	21.3	5.9
2021-04-14 17:14:36:471	0	0	21.3	5.8
2021-04-14 17:14:37:455	0	0	21.3	5.9
2021-04-14 17:14:38:470	0	0	21.4	6
2021-04-14 17:14:39:470	0	0	21.4	6
2021-04-14 17:14:40:470	0	0	21.4	6
2021-04-14 17:14:41:470	0	0	21.5	6
2021-04-14 17:14:42:485	0	0	21.5	5.9
2021-04-14 17:14:43:469	0	0	21.5	5.9
2021-04-14 17:14:44:484	0	0	21.6	6
2021-04-14 17:14:45:469	0	0	21.6	6
2021-04-14 17:14:46:484	0	0	21.7	6.1
2021-04-14 17:14:47:484	0	0	21.7	6.2
2021-04-14 17:14:48:484	0	0	21.7	6.2
2021-04-14 17:14:49:483	0	0	21.8	6.3
2021-04-14 17:14:50:499	0	0	21.8	6.4
2021-04-14 17:14:51:483	0	0	21.8	6.4
2021-04-14 17:14:52:498	0	0	21.9	6.4
2021-04-14 17:14:53:483	0	0	21.9	6.5
2021-04-14 17:14:54:498	0	0	21.9	6.4
2021-04-14 17:14:55:498	0	0	22	6.2
2021-04-14 17:14:56:497	0	0	22	6.2
2021-04-14 17:14:57:498	0	0	22	6.2
2021-04-14 17:14:58:513	0	0	22.1	6.3
2021-04-14 17:14:59:497	0	0	22.1	6.3
2021-04-14 17:15:00:513	0	0	22.1	6.1
2021-04-14 17:15:02:512	0	0	22.2	6.1
2021-04-14 17:15:03:512	0	0	22	6.1
2021-04-14 17:15:04:512	0	0	22	5.9
2021-04-14 17:15:05:512	0	0	22	5.8
2021-04-14 17:15:06:527	0	0	22.1	5.7
2021-04-14 17:15:07:511	0	0	21.9	5.7
2021-04-14 17:15:08:527	0	0	21.9	5.9
2021-04-14 17:15:09:526	0	0	21.8	5.8
2021-04-14 17:15:10:526	0	0	21.8	5.8
2021-04-14 17:15:11:526	0	0	21.9	5.8
2021-04-14 17:15:12:526	0	0	21.9	5.8
2021-04-14 17:15:13:525	0	0	21.9	6
2021-04-14 17:15:14:541	0	0	22	6
2021-04-14 17:15:15:525	0	0	22.1	5.9
2021-04-14 17:15:16:540	0	0	22.2	5.9
2021-04-14 17:15:17:540	0	0	22.1	5.9
2021-04-14 17:15:18:540	0	0	22.2	6.1
2021-04-14 17:15:19:540	0	0	22.4	6.1
2021-04-14 17:15:20:539	0	0	22.2	6.2
2021-04-14 17:15:21:539	0	0	22.2	6.2
2021-04-14 17:15:22:555	0	0	22.2	6.3
2021-04-14 17:15:23:539	0	0	22.2	6.4
2021-04-14 17:15:24:554	0	0	22.3	6.2
2021-04-14 17:15:25:554	0	0	22.5	6.4
2021-04-14 17:15:26:554	0	0	22.5	6.2
2021-04-14 17:15:27:553	0	0	22.5	6.5
2021-04-14 17:15:29:553	0	0	22.8	6.1
2021-04-14 17:15:30:568	0	0	22.8	6.2
2021-04-14 17:15:31:552	0	0	22.5	6.2
2021-04-14 17:15:32:568	0	0	22.4	6.2
2021-04-14 17:15:33:568	0	0	22.4	5.9
2021-04-14 17:15:34:568	0	0	22.1	5.7
2021-04-14 17:15:35:567	0	0	22.1	5.4
2021-04-14 17:15:36:583	0	0	22.1	5.4
2021-04-14 17:15:37:567	0	0	22.1	5.5
2021-04-14 17:15:38:582	0	0	22.1	5.2
2021-04-14 17:15:39:567	0	0	22.4	5.4
2021-04-14 17:15:40:582	0	0	22.6	5.5
2021-04-14 17:15:41:582	0	0	22.5	5.6
2021-04-14 17:15:42:582	0	0	22.6	5.7
2021-04-14 17:15:43:581	0	0	22.6	5.8
2021-04-14 17:15:44:597	0	0	22.6	5.7
2021-04-14 17:15:45:581	0	0	22.6	5.7
2021-04-14 17:15:46:596	0	0	22.6	5.8
2021-04-14 17:15:48:596	0	0	22.7	5.9
2021-04-14 17:15:49:595	0	0	22.7	5.9
2021-04-14 17:15:50:595	0	0	22.9	5.9
2021-04-14 17:15:51:595	0	0	22.9	5.8
2021-04-14 17:15:52:610	0	0	23	6
2021-04-14 17:15:53:595	0	0	22.8	6.1
2021-04-14 17:15:54:610	0	0	22.8	6
2021-04-14 17:15:55:610	0	0	22.8	5.7
2021-04-14 17:15:56:609	0	0	22.8	5.9
2021-04-14 17:15:57:625	0	0	23	5.8
2021-04-14 17:15:58:625	0	0	22.7	5.9
2021-04-14 17:15:59:609	0	0	22.7	5.7
2021-04-14 17:16:00:624	0	0	22.7	5.7
2021-04-14 17:16:01:608	0	0	23	5.7
2021-04-14 17:16:02:624	0	0	23	5.7
2021-04-14 17:16:03:623	0	0	23	5.8
2021-04-14 17:16:04:623	0	0	23.1	5.8
2021-04-14 17:16:05:623	0	0	23.1	6.1
2021-04-14 17:16:06:639	0	0	23.4	6
2021-04-14 17:16:07:623	0	0	23.4	6.5
2021-04-14 17:16:08:638	0	0	23.5	6.5
2021-04-14 17:16:09:638	0	0	23.5	6.5
2021-04-14 17:16:10:638	0	0	23.5	6.6
2021-04-14 17:16:11:637	0	0	23.5	6.5
2021-04-14 17:16:12:653	0	0	23.5	6.6
2021-04-14 17:16:13:637	0	0	23.5	6.3
2021-04-14 17:16:14:652	0	0	23.6	6.4
2021-04-14 17:16:16:652	0	0	23.6	6
2021-04-14 17:16:17:667	0	0	23.2	6
2021-04-14 17:16:18:652	0	0	23.2	5.9
2021-04-14 17:16:19:667	0	0	23.2	5.9
2021-04-14 17:16:20:667	0	0	23.2	5.7
2021-04-14 17:16:21:651	0	0	23.6	5.6
2021-04-14 17:16:22:666	0	0	23.6	5.6
2021-04-14 17:16:23:682	0	0	23.6	5.6
2021-04-14 17:16:24:759	0	0	23.6	5.8
2021-04-14 17:16:25:681	0	0	24.5	5.9
2021-04-14 17:16:26:681	0	0	24.5	5.9
2021-04-14 17:16:27:681	0	0	24.5	5.8
2021-04-14 17:16:28:681	0	0	24.5	5.8
2021-04-14 17:16:29:696	0	0	24.2	5.8
2021-04-14 17:16:31:133	0	0	24.5	5.7
2021-04-14 17:16:31:696	0	0	24.5	5.4
2021-04-14 17:16:32:680	0	0	24.5	5.2
2021-04-14 17:16:33:695	0	0	24.2	5.2
2021-04-14 17:16:34:695	0	0	24.4	5.2
2021-04-14 17:16:35:679	0	0	24.4	5.1
2021-04-14 17:16:36:695	0	0	24.5	5
2021-04-14 17:16:37:710	0	0	24.5	5
2021-04-14 17:16:38:695	0	0	24.2	4.9
2021-04-14 17:16:39:710	0	0	24.4	5.1
2021-04-14 17:16:40:710	0	0	24.4	5.1
2021-04-14 17:16:41:709	0	0	24.4	5.1
2021-04-14 17:16:42:709	0	0	24.1	4.9
2021-04-14 17:16:43:725	0	0	24.1	4.8
2021-04-14 17:16:44:709	0	0	24.1	4
2021-04-14 17:16:45:724	0	0	24.1	3.6
2021-04-14 17:16:46:724	0	0	24.1	3.4
2021-04-14 17:16:47:724	0	0	23.9	3.2
2021-04-14 17:16:48:724	0	0	23.9	3
2021-04-14 17:16:49:723	0	0	23.9	2.7
2021-04-14 17:16:50:723	0	0	23.9	2.8
2021-04-14 17:16:51:739	0	0	24.1	3.1
2021-04-14 17:16:52:723	0	0	24.1	3.9
2021-04-14 17:16:53:738	0	0	24.3	4.3
2021-04-14 17:16:54:738	0	0	24.3	4.3
2021-04-14 17:16:55:738	0	0	24.3	4.5
2021-04-14 17:16:56:738	0	0	24.5	4.6
2021-04-14 17:16:57:753	0	0	24.5	4.8
2021-04-14 17:16:58:737	0	0	24.5	4.6
2021-04-14 17:16:59:753	0	0	24.3	4.4
2021-04-14 17:17:00:752	0	0	24.3	4.4
2021-04-14 17:17:01:752	0	0	24.1	4.2
2021-04-14 17:17:02:752	0	0	24.1	4.4
2021-04-14 17:17:03:767	0	0	24.1	4.2
2021-04-14 17:17:04:751	0	0	23.9	4.2
2021-04-14 17:17:05:767	0	0	23.9	4
2021-04-14 17:17:06:751	0	0	23.9	4
2021-04-14 17:17:07:766	0	0	23.9	3.9
2021-04-14 17:17:08:766	0	0	23.9	3.9
2021-04-14 17:17:09:766	0	0	23.9	3.9
2021-04-14 17:17:10:766	0	0	23.9	3.8
2021-04-14 17:17:11:781	0	0	24	4
2021-04-14 17:17:12:765	0	0	24	4.1
2021-04-14 17:17:13:781	0	0	24.2	4.3
2021-04-14 17:17:14:781	0	0	24.2	4.5
2021-04-14 17:17:15:780	0	0	24.2	4.7
2021-04-14 17:17:16:780	0	0	24.3	4.7
2021-04-14 17:17:17:795	0	0	24.3	4.7
2021-04-14 17:17:18:780	0	0	24.3	4.7
2021-04-14 17:17:19:795	0	0	24.3	4.5
2021-04-14 17:17:20:795	0	0	24.3	4.3
2021-04-14 17:17:21:795	0	0	24.1	3.7
2021-04-14 17:17:22:794	0	0	24.1	3.3
2021-04-14 17:17:23:810	0	0	24.1	3
2021-04-14 17:17:24:794	0	0	24.1	2.9
2021-04-14 17:17:25:809	0	0	24.1	3
2021-04-14 17:17:27:809	0	0	24	3.2
2021-04-14 17:17:28:809	0	0	24	3.4
2021-04-14 17:17:29:808	0	0	24	3.9
2021-04-14 17:17:30:808	0	0	24	4.2
2021-04-14 17:17:31:824	0	0	24	4.3
2021-04-14 17:17:32:808	0	0	24.1	4.3
2021-04-14 17:17:33:823	0	0	24.1	4.4
2021-04-14 17:17:34:823	0	0	24.2	4.3
2021-04-14 17:17:35:823	0	0	24.3	4.3
2021-04-14 17:17:36:823	0	0	24.3	4.1
2021-04-14 17:17:37:838	0	0	24.3	4.1
2021-04-14 17:17:38:822	0	0	24.3	4.1
2021-04-14 17:17:39:838	0	0	24.3	4.1
2021-04-14 17:17:40:837	0	0	24.3	3.9
2021-04-14 17:17:41:837	0	0	24.3	3.3
2021-04-14 17:17:42:837	0	0	24.1	2.8
2021-04-14 17:17:43:852	0	0	24.1	2.6
2021-04-14 17:17:44:836	0	0	24.1	2.6
2021-04-14 17:17:45:852	0	0	24.1	2.6
2021-04-14 17:17:46:852	0	0	24.1	2.6
2021-04-14 17:17:47:851	0	0	24	2.6
2021-04-14 17:17:48:851	0	0	24	3
2021-04-14 17:17:49:867	0	0	24.2	3.6
2021-04-14 17:17:50:851	0	0	24.2	4
2021-04-14 17:17:51:866	0	0	24.2	4.2
2021-04-14 17:17:53:866	0	0	24.3	4.3
2021-04-14 17:17:54:866	0	0	24.3	4.5
2021-04-14 17:17:55:866	0	0	24.3	4.6
2021-04-14 17:17:56:865	0	0	24.4	4.6
2021-04-14 17:17:57:881	0	0	24.2	4.6
2021-04-14 17:17:58:865	0	0	24.4	4.8
2021-04-14 17:17:59:880	0	0	24.6	4.9
2021-04-14 17:18:00:880	0	0	24.7	4.9
2021-04-14 17:18:01:880	0	0	24.7	4.7
2021-04-14 17:18:02:879	0	0	24.7	4.6
2021-04-14 17:18:03:895	0	0	24.8	4.6
2021-04-14 17:18:04:879	0	0	24.8	4.7
2021-04-14 17:18:05:894	0	0	24.9	4.6
2021-04-14 17:18:07:210	0	0	24.7	4.5
2021-04-14 17:18:07:897	0	0	24.6	4.6
2021-04-14 17:18:08:908	0	0	24.5	4.7
2021-04-14 17:18:09:903	0	0	24.5	4.8
2021-04-14 17:18:10:897	0	0	24.5	4.8
2021-04-14 17:18:12:093	0	0	24.5	4.7
2021-04-14 17:18:14:054	0	0	24.5	4.5
2021-04-14 17:18:14:070	0	0	24.5	4.6
2021-04-14 17:18:14:908	0	0	24.5	4.5
2021-04-14 17:18:15:919	0	0	24.5	4.5
2021-04-14 17:18:16:929	0	0	24.5	4.4
2021-04-14 17:18:17:922	0	0	24.5	4.4
2021-04-14 17:18:18:918	0	0	24.7	4.3
2021-04-14 17:18:19:929	0	0	24.7	4.3
2021-04-14 17:18:20:925	0	0	24.7	4.1
2021-04-14 17:18:21:936	0	0	24.7	3.6
2021-04-14 17:18:22:933	0	0	24.7	3.4
2021-04-14 17:18:23:929	0	0	24.7	2.6
2021-04-14 17:18:24:940	0	0	24.7	2.6
2021-04-14 17:18:25:951	0	0	24.6	2.6
2021-04-14 17:18:26:933	0	0	24.5	2.4
2021-04-14 17:18:27:944	0	0	24.5	2.4
2021-04-14 17:18:28:956	0	0	24.4	2.5
2021-04-14 17:18:29:951	0	0	24.4	2.9
2021-04-14 17:18:30:947	0	0	24.4	3.1
2021-04-14 17:18:31:959	0	0	24.4	3.8
2021-04-14 17:18:32:955	0	0	24.4	3.9
2021-04-14 17:18:33:966	0	0	24.5	4.1
2021-04-14 17:18:34:963	0	0	24.6	4.4
2021-04-14 17:18:35:958	0	0	24.6	4.4
2021-04-14 17:18:36:971	0	0	24.7	4.5
2021-04-14 17:18:37:982	0	0	24.7	4.7
2021-04-14 17:18:38:963	0	0	24.7	4.9
2021-04-14 17:18:39:975	0	0	24.7	4.9
2021-04-14 17:18:40:987	0	0	24.7	4.8
2021-04-14 17:18:41:967	0	0	24.6	4.8
2021-04-14 17:18:42:979	0	0	24.6	4.8
2021-04-14 17:18:44:987	0	0	24.6	4.7
2021-04-14 17:18:45:983	0	0	24.6	4.6
2021-04-14 17:18:47:992	0	0	24.7	4.5
2021-04-14 17:18:49:003	0	0	24.7	4.6
2021-04-14 17:18:49:985	0	0	24.7	4.5
2021-04-14 17:18:50:996	0	0	24.7	4.5
2021-04-14 17:18:52:008	0	0	24.7	4.5
2021-04-14 17:18:52:989	0	0	24.7	4.7
2021-04-14 17:18:54:000	0	0	24.7	4.8
2021-04-14 17:18:55:013	0	0	24.8	4.9
2021-04-14 17:18:56:009	0	0	24.9	5
2021-04-14 17:18:57:006	0	0	25	4.9
2021-04-14 17:18:58:017	0	0	25	4.9
2021-04-14 17:18:59:013	0	0	25	4.7
2021-04-14 17:19:00:010	0	0	25	4.6
2021-04-14 17:19:01:022	0	0	25	4.5
2021-04-14 17:19:02:018	0	0	25	4.4
2021-04-14 17:19:03:030	0	0	25	4.3
2021-04-14 17:19:04:027	0	0	24.9	4.3
2021-04-14 17:19:05:023	0	0	24.8	4.3
2021-04-14 17:19:06:034	0	0	24.8	4.5
2021-04-14 17:19:07:045	0	0	24.8	4.7
2021-04-14 17:19:08:026	0	0	24.9	4.9
2021-04-14 17:19:09:038	0	0	24.9	4.9
2021-04-14 17:19:10:049	0	0	24.9	5
2021-04-14 17:19:11:045	0	0	24.9	5.1
2021-04-14 17:19:12:041	0	0	24.9	5.1
2021-04-14 17:19:13:053	0	0	24.9	4.8
2021-04-14 17:19:14:049	0	0	24.9	4.6
2021-04-14 17:19:15:060	0	0	24.9	4.4
2021-04-14 17:19:16:056	0	0	24.9	4.4
2021-04-14 17:19:17:052	0	0	25	4.4
2021-04-14 17:19:18:064	0	0	25	4.4
2021-04-14 17:19:19:075	0	0	25	4.5
2021-04-14 17:19:20:056	0	0	25	4.6
2021-04-14 17:19:21:067	0	0	25	4.9
2021-04-14 17:19:22:079	0	0	25	5.2
2021-04-14 17:19:23:074	0	0	25	5.3
2021-04-14 17:19:24:070	0	0	25	5.4
2021-04-14 17:19:25:082	0	0	25.2	5.4
2021-04-14 17:19:26:078	0	0	25.2	5.3
2021-04-14 17:19:27:089	0	0	25.2	5.3
2021-04-14 17:19:28:085	0	0	25.2	5.1
2021-04-14 17:19:29:082	0	0	25.2	5.1
2021-04-14 17:19:30:094	0	0	25.2	5
2021-04-14 17:19:31:105	0	0	25.3	5
2021-04-14 17:19:32:086	0	0	25.3	4.8
2021-04-14 17:19:33:098	0	0	25.2	4.5
2021-04-14 17:19:34:109	0	0	25.2	4.4
2021-04-14 17:19:35:105	0	0	25.2	4.3
2021-04-14 17:19:36:102	0	0	25.2	4.1
2021-04-14 17:19:37:112	0	0	25.2	3.9
2021-04-14 17:19:38:109	0	0	25.2	3.9
2021-04-14 17:19:39:120	0	0	25.2	3.8
2021-04-14 17:19:40:116	0	0	25.1	3.8
2021-04-14 17:19:41:112	0	0	25.1	4
2021-04-14 17:19:42:124	0	0	25.1	4.1
2021-04-14 17:19:43:135	0	0	25.1	4.3
2021-04-14 17:19:44:115	0	0	25.1	4.5
2021-04-14 17:19:45:126	0	0	25.1	4.6
2021-04-14 17:19:46:140	0	0	25.1	4.5
2021-04-14 17:19:47:121	0	0	25.1	4.5
2021-04-14 17:19:48:132	0	0	25.1	4.7
2021-04-14 17:19:49:143	0	0	25.1	4.7
2021-04-14 17:19:50:139	0	0	25.1	4.7
2021-04-14 17:19:51:150	0	0	25.2	4.6
2021-04-14 17:19:52:146	0	0	25.2	4.6
2021-04-14 17:19:53:141	0	0	25.1	4.7
2021-04-14 17:19:54:152	0	0	25.2	4.8
2021-04-14 17:19:55:163	0	0	25.2	5
2021-04-14 17:19:56:144	0	0	25.3	5
2021-04-14 17:19:57:155	0	0	25.3	4.9
2021-04-14 17:19:58:166	0	0	25.3	4.9
2021-04-14 17:19:59:162	0	0	25.4	4.9
2021-04-14 17:20:00:158	0	0	25.4	4.9
2021-04-14 17:20:01:170	0	0	25.4	4.9
2021-04-14 17:20:02:166	0	0	25.4	4.9
2021-04-14 17:20:03:161	0	0	25.4	4.9
2021-04-14 17:20:04:173	0	0	25.3	4.9
2021-04-14 17:20:05:170	0	0	25.4	5
2021-04-14 17:20:06:181	0	0	25.4	5.2
2021-04-14 17:20:07:192	0	0	25.4	5.1
2021-04-14 17:20:08:172	0	0	25.4	5.1
2021-04-14 17:20:09:184	0	0	25.4	5
2021-04-14 17:20:10:196	0	0	25.4	4.9
2021-04-14 17:20:11:191	0	0	25.4	5
2021-04-14 17:20:12:187	0	0	25.4	5.1
2021-04-14 17:20:13:199	0	0	25.6	5.1
2021-04-14 17:20:14:195	0	0	25.6	5
2021-04-14 17:20:15:206	0	0	25.6	5.1
2021-04-14 17:20:16:203	0	0	25.6	5.2
2021-04-14 17:20:18:211	0	0	25.6	5.2
2021-04-14 17:20:19:222	0	0	25.6	5
2021-04-14 17:20:20:218	0	0	25.6	4.6
2021-04-14 17:20:21:214	0	0	25.5	3.9
2021-04-14 17:20:22:226	0	0	25.5	3.2
2021-04-14 17:20:23:237	0	0	25.5	2.6
2021-04-14 17:20:24:218	0	0	25.4	2.4
2021-04-14 17:20:25:230	0	0	25.4	2.4
2021-04-14 17:20:26:241	0	0	25.4	2.6
2021-04-14 17:20:27:236	0	0	25.4	2.8
2021-04-14 17:20:28:233	0	0	25.4	3.1
2021-04-14 17:20:29:245	0	0	25.4	3.8
2021-04-14 17:20:30:241	0	0	25.4	4.3
2021-04-14 17:20:31:253	0	0	25.4	5
2021-04-14 17:20:32:248	0	0	25.4	5
2021-04-14 17:20:33:244	0	0	25.5	4.8
2021-04-14 17:20:34:256	0	0	25.4	4.4
2021-04-14 17:20:35:267	0	0	25.4	4.2
2021-04-14 17:20:36:248	0	0	25.5	4.1
2021-04-14 17:20:37:259	0	0	25.4	4
2021-04-14 17:20:38:272	0	0	25.4	4
2021-04-14 17:20:39:267	0	0	25.4	4
2021-04-14 17:20:40:264	0	0	25.4	4.1
2021-04-14 17:20:41:276	0	0	25.4	4.3
2021-04-14 17:20:43:268	0	0	25.5	4.8
2021-04-14 17:20:44:280	0	0	25.5	4.8
2021-04-14 17:20:45:291	0	0	25.5	4.9
2021-04-14 17:20:46:287	0	0	25.5	5
2021-04-14 17:20:47:284	0	0	25.5	5
2021-04-14 17:20:48:295	0	0	25.5	5.1
2021-04-14 17:20:49:292	0	0	25.6	5.1
2021-04-14 17:20:50:303	0	0	25.6	5.2
2021-04-14 17:20:51:299	0	0	25.6	5.2
2021-04-14 17:20:52:295	0	0	25.6	5.2
2021-04-14 17:20:53:307	0	0	25.6	5.1
2021-04-14 17:20:54:318	0	0	25.6	5.1
2021-04-14 17:20:55:299	0	0	25.7	5.1
2021-04-14 17:20:56:310	0	0	25.7	5.1
2021-04-14 17:20:57:322	0	0	25.7	5.1
2021-04-14 17:20:59:314	0	0	25.7	4.9
2021-04-14 17:21:00:325	0	0	25.7	4.8
2021-04-14 17:21:01:337	0	0	25.7	4.8
2021-04-14 17:21:02:332	0	0	25.7	4.7
2021-04-14 17:21:03:328	0	0	25.7	4.4
2021-04-14 17:21:04:340	0	0	26	4
2021-04-14 17:21:05:336	0	0	26	3.6
2021-04-14 17:21:06:347	0	0	26	3.2
2021-04-14 17:21:07:344	0	0	26.2	2.7
2021-04-14 17:21:08:340	0	0	26.2	2.3
2021-04-14 17:21:09:351	0	0	26.1	1.8
2021-04-14 17:21:10:362	0	0	26.1	1.3
2021-04-14 17:21:11:343	0	0	26	1.4
2021-04-14 17:21:12:355	0	0	25.6	1.7
2021-04-14 17:21:13:367	0	0	25.5	1.6
2021-04-14 17:21:14:362	0	0	25.7	1.8
2021-04-14 17:21:15:358	0	0	25.5	1.7
2021-04-14 17:21:16:370	0	0	25.5	2
2021-04-14 17:21:17:382	0	0	25.3	2.3
2021-04-14 17:21:18:377	0	0	25.3	2.8
2021-04-14 17:21:19:373	0	0	25.3	2.8
2021-04-14 17:21:20:385	0	0	25.4	2.8
2021-04-14 17:21:21:381	0	0	25.4	3.1
2021-04-14 17:21:22:392	0	0	25.2	3.4
2021-04-14 17:21:23:389	0	0	25.2	4.1
2021-04-14 17:21:24:385	0	0	25.2	4.2
2021-04-14 17:21:25:397	0	0	25.5	4.3
2021-04-14 17:21:26:408	0	0	25.5	4.5
2021-04-14 17:21:27:389	0	0	25.5	4.7
2021-04-14 17:21:28:400	0	0	25.5	4.8
2021-04-14 17:21:29:412	0	0	25.5	5
2021-04-14 17:21:30:407	0	0	25.6	4.9
2021-04-14 17:21:31:404	0	0	25.6	4.9
2021-04-14 17:21:32:415	0	0	25.6	5
2021-04-14 17:21:34:422	0	0	25.7	4.9
2021-04-14 17:21:35:419	0	0	25.7	4.7
2021-04-14 17:21:36:430	0	0	25.7	4.6
2021-04-14 17:21:37:426	0	0	25.7	4.5
2021-04-14 17:21:38:437	0	0	25.7	4.5
2021-04-14 17:21:39:434	0	0	25.6	4.5
2021-04-14 17:21:40:430	0	0	25.6	4.5
2021-04-14 17:21:41:443	0	0	25.6	4.4
2021-04-14 17:21:42:454	0	0	25.5	4.5
2021-04-14 17:21:43:435	0	0	25.5	4.6
2021-04-14 17:21:44:447	0	0	25.4	4.7
2021-04-14 17:21:45:458	0	0	25.5	4.7
2021-04-14 17:21:46:440	0	0	25.5	4.7
2021-04-14 17:21:47:451	0	0	25.6	4.6
2021-04-14 17:21:48:463	0	0	25.6	4.5
2021-04-14 17:21:50:455	0	0	25.8	3.3
2021-04-14 17:21:51:467	0	0	25.8	3
2021-04-14 17:21:52:478	0	0	25.8	2.7
2021-04-14 17:21:53:474	0	0	25.8	2.1
2021-04-14 17:21:54:472	0	0	25.7	2
2021-04-14 17:21:55:484	0	0	25.7	2.1
2021-04-14 17:21:56:480	0	0	25.6	2.2
2021-04-14 17:21:57:476	0	0	25.6	2.6
2021-04-14 17:21:58:487	0	0	25.6	3.2
2021-04-14 17:21:59:484	0	0	25.6	3.6
2021-04-14 17:22:00:495	0	0	25.6	3.9
2021-04-14 17:22:01:491	0	0	25.5	4.5
2021-04-14 17:22:02:488	0	0	25.5	4.7
2021-04-14 17:22:03:499	0	0	25.5	4.8
2021-04-14 17:22:04:510	0	0	25.5	4.7
2021-04-14 17:22:06:503	0	0	25.6	4.7
2021-04-14 17:22:07:515	0	0	25.6	4.6
2021-04-14 17:22:08:527	0	0	25.6	4.6
2021-04-14 17:22:09:508	0	0	25.7	4.4
2021-04-14 17:22:10:519	0	0	25.8	4.4
2021-04-14 17:22:11:530	0	0	25.8	4.3
2021-04-14 17:22:12:527	0	0	25.8	4.2
2021-04-14 17:22:13:524	0	0	25.8	4.3
2021-04-14 17:22:14:536	0	0	25.8	4.4
2021-04-14 17:22:15:532	0	0	25.8	4.1
2021-04-14 17:22:16:528	0	0	25.8	3.5
2021-04-14 17:22:17:540	0	0	25.8	3.3
2021-04-14 17:22:18:537	0	0	25.8	0.3
2021-04-14 17:22:19:548	0	0	25.6	3.1
2021-04-14 17:22:20:545	0	0	25.6	2.7
2021-04-14 17:22:21:558	0	0	25.5	2.3
2021-04-14 17:22:22:553	0	0	25.5	1.8
2021-04-14 17:22:23:564	0	0	25.5	1.9
2021-04-14 17:22:24:560	0	0	25.4	2.5
2021-04-14 17:22:25:557	0	0	25.4	2.6
2021-04-14 17:22:26:569	0	0	25.4	2.1
2021-04-14 17:22:27:566	0	0	25.5	1.8
2021-04-14 17:22:28:562	0	0	25.5	1.7
2021-04-14 17:22:29:574	0	0	25.5	1.7
2021-04-14 17:22:30:585	0	0	25.4	2.1
2021-04-14 17:22:31:566	0	0	25.4	2
2021-04-14 17:22:32:577	0	0	25.3	1.8
2021-04-14 17:22:33:589	0	0	25.3	2
2021-04-14 17:22:34:585	0	0	25.3	2.6
2021-04-14 17:22:35:581	0	0	25.3	3.1
2021-04-14 17:22:36:593	0	0	25.4	3.6
2021-04-14 17:22:38:601	0	0	25.4	4.2
2021-04-14 17:22:39:598	0	0	25.4	4.4
2021-04-14 17:22:40:610	0	0	25.5	4.6
2021-04-14 17:22:41:606	0	0	25.5	4.7
2021-04-14 17:22:42:603	0	0	25.5	4.6
2021-04-14 17:22:43:615	0	0	25.5	4.6
2021-04-14 17:22:44:611	0	0	25.5	4.6
2021-04-14 17:22:45:622	0	0	25.5	4.6
2021-04-14 17:22:46:619	0	0	25.5	4.7
2021-04-14 17:22:48:395	0	0	25.5	4.7
2021-04-14 17:22:48:615	0	0	25.6	4.7
2021-04-14 17:22:49:625	0	0	25.6	4.8
2021-04-14 17:22:50:625	0	0	25.6	4.9
2021-04-14 17:22:51:625	0	0	25.7	4.9
2021-04-14 17:22:52:937	0	0	25.7	4.9
2021-04-14 17:22:54:634	0	0	25.8	4.5
2021-04-14 17:22:55:649	0	0	25.5	4.2
2021-04-14 17:22:56:649	0	0	25.5	3.7
2021-04-14 17:22:57:648	0	0	25.5	3.1
2021-04-14 17:22:58:648	0	0	25.5	2.9
2021-04-14 17:22:59:664	0	0	25.5	2.7
2021-04-14 17:23:00:648	0	0	25.5	2.2
2021-04-14 17:23:01:663	0	0	25.5	1.7
2021-04-14 17:23:02:663	0	0	25.4	0.9
2021-04-14 17:23:03:663	0	0	25.6	0.2
2021-04-14 17:23:04:662	0	0	25.5	-0.2
2021-04-14 17:23:05:678	0	0	25.4	-0.3
2021-04-14 17:23:06:662	0	0	25.3	-0.8
2021-04-14 17:23:07:677	0	0	25.2	-1.3
2021-04-14 17:23:08:677	0	0	25.1	-1.4
2021-04-14 17:23:10:677	0	0	24.9	-0.7
2021-04-14 17:23:11:692	0	0	24.9	-0.1
2021-04-14 17:23:12:692	0	0	24.8	0.3
2021-04-14 17:23:13:692	0	0	25	0.3
2021-04-14 17:23:14:691	0	0	25	0.4
2021-04-14 17:23:15:707	0	0	25	0.5
2021-04-14 17:23:16:692	0	0	24.9	0.5
2021-04-14 17:23:17:707	0	0	24.9	0.4
2021-04-14 17:28:55:109	15.9	11.6	0	0
2021-04-14 17:28:56:094	16	11.9	0	0
2021-04-14 17:28:57:109	15.6	11.8	0	0
2021-04-14 17:28:58:093	15.9	11.7	0	0
2021-04-14 17:28:59:109	16	12	0	0
2021-04-14 17:29:01:108	15.8	12	0	0
2021-04-14 17:29:02:108	15.9	11.9	0	0
2021-04-14 17:29:03:108	15.7	11.8	0	0
2021-04-14 17:29:04:108	15.7	11.8	0	0
2021-04-14 17:29:05:107	15.8	11.8	0	0
2021-04-14 17:29:06:107	15.7	11.6	0	0
2021-04-14 17:29:07:107	15.9	11.6	0	0
2021-04-14 17:29:08:107	15.9	11.5	0	0
2021-04-14 17:29:09:122	16	11.5	0	0
2021-04-14 17:29:10:106	16.2	11.5	0	0
2021-04-14 17:29:11:122	16.2	11.5	0	0
2021-04-14 17:29:12:106	16.3	11.5	0	0
2021-04-14 17:29:13:121	16.4	11.4	0	0
2021-04-14 17:29:14:106	16.4	11.4	0	0
2021-04-14 17:29:15:121	16.4	11.3	0	0
2021-04-14 17:29:17:120	16.5	10.9	0	0
2021-04-14 17:29:18:120	16.5	10.8	0	0
2021-04-14 17:29:19:120	16.5	10.7	0	0
2021-04-14 17:29:20:120	16.4	10.5	0	0
2021-04-14 17:29:21:120	16.4	10.5	0	0
2021-04-14 17:29:22:119	16.5	10.4	0	0
2021-04-14 17:29:24:119	16.6	10.4	0	0
2021-04-14 17:29:25:134	16.6	10.4	0	0
2021-04-14 17:29:26:118	16.7	10.5	0	0
2021-04-14 17:29:27:134	16.7	10.7	0	0
2021-04-14 17:29:28:118	16.7	10.7	0	0
2021-04-14 17:29:29:133	16.8	10.7	0	0
2021-04-14 17:29:31:133	16.9	10.9	0	0
2021-04-14 17:29:32:133	16.9	11.1	0	0
2021-04-14 17:29:33:132	17	11.4	0	0
2021-04-14 17:29:34:132	17.1	11.4	0	0
2021-04-14 17:29:35:132	16.9	11.2	0	0
2021-04-14 17:29:36:132	16.9	11.2	0	0
2021-04-14 17:29:37:147	16.9	11	0	0
2021-04-14 17:29:38:131	17	10.9	0	0
2021-04-14 17:29:39:147	17	10.5	0	0
2021-04-14 17:29:40:131	17.1	10.2	0	0
2021-04-14 17:29:41:146	17.1	10.2	0	0
2021-04-14 17:29:43:146	17.4	9.3	0	0
2021-04-14 17:29:44:146	17.7	9.2	0	0
2021-04-14 17:29:45:145	17.2	9	0	0
2021-04-14 17:29:46:145	17.2	8.8	0	0
2021-04-14 17:29:47:145	17.2	8.6	0	0
2021-04-14 17:29:48:145	17.2	8.5	0	0
2021-04-14 17:29:49:160	17.2	7.8	0	0
2021-04-14 17:29:50:144	17.3	8.4	0	0
2021-04-14 17:29:51:160	17.3	8.6	0	0
2021-04-14 17:29:52:144	17.3	8.8	0	0
2021-04-14 17:29:53:159	17.8	9.1	0	0
2021-04-14 17:29:54:159	17.9	9.3	0	0
2021-04-14 17:29:55:159	17.9	9.9	0	0
2021-04-14 17:29:56:159	17.9	10.2	0	0
2021-04-14 17:29:57:159	18	10.5	0	0
2021-04-14 17:29:58:158	18	10.2	0	0
2021-04-14 17:29:59:174	18.1	10.4	0	0
2021-04-14 17:30:00:158	18.2	10.4	0	0
2021-04-14 17:30:01:173	18.2	10.5	0	0
2021-04-14 17:30:02:157	18.3	10.7	0	0
2021-04-14 17:30:03:173	18.4	10.3	0	0
2021-04-14 17:30:04:173	18.4	10.5	0	0
2021-04-14 17:30:05:172	18.5	10.2	0	0
2021-04-14 17:30:06:172	18.5	10.3	0	0
2021-04-14 17:30:07:172	18.6	10.3	0	0
2021-04-14 17:30:08:172	18.7	10.3	0	0
2021-04-14 17:30:09:187	18.7	10.4	0	0
2021-04-14 17:30:10:172	18.8	10.4	0	0
2021-04-14 17:30:11:187	18.9	10.4	0	0
2021-04-14 17:30:12:171	18.9	10.4	0	0
2021-04-14 17:30:13:186	19	10.6	0	0
2021-04-14 17:30:14:186	19	10.6	0	0
2021-04-14 17:30:15:186	19.1	10.6	0	0
2021-04-14 17:30:16:186	19.1	10.6	0	0
2021-04-14 17:30:17:186	19.2	10.5	0	0
2021-04-14 17:30:18:185	19.2	10.3	0	0
2021-04-14 17:30:19:201	19.3	10.4	0	0
2021-04-14 17:30:20:185	19.3	10.3	0	0
2021-04-14 17:30:21:200	19.4	10.3	0	0
2021-04-14 17:30:22:184	19.4	10.3	0	0
2021-04-14 17:30:23:200	19.5	10.4	0	0
2021-04-14 17:30:24:200	19.5	10.5	0	0
2021-04-14 17:30:25:199	19.8	10.5	0	0
2021-04-14 17:30:26:199	19.8	10.7	0	0
2021-04-14 17:30:28:199	19.9	10.8	0	0
2021-04-14 17:30:29:214	20	10.8	0	0
2021-04-14 17:30:30:198	20.1	10.7	0	0
2021-04-14 17:30:31:213	20.1	10.5	0	0
2021-04-14 17:30:32:213	20.2	10.4	0	0
2021-04-14 17:30:33:213	20	10.2	0	0
2021-04-14 17:30:34:228	20.1	9.9	0	0
2021-04-14 17:30:35:212	20.1	9.8	0	0
2021-04-14 17:30:36:212	20	9.8	0	0
2021-04-14 17:30:37:228	20	9.7	0	0
2021-04-14 17:30:38:212	19.9	9.7	0	0
2021-04-14 17:30:39:227	20	9.6	0	0
2021-04-14 17:30:41:227	20	9.7	0	0
2021-04-14 17:30:42:226	20	9.9	0	0
2021-04-14 17:30:43:226	20.1	9.9	0	0
2021-04-14 17:30:44:226	20.3	9.9	0	0
2021-04-14 17:30:45:241	20.3	9.9	0	0
2021-04-14 17:30:46:226	20.3	10	0	0
2021-04-14 17:30:47:241	20.3	10	0	0
2021-04-14 17:30:48:225	20.4	10	0	0
2021-04-14 17:30:49:241	20.4	10	0	0
2021-04-14 17:30:50:240	20.4	9.9	0	0
2021-04-14 17:30:51:240	20.3	10	0	0
2021-04-14 17:30:52:240	20.3	10.1	0	0
2021-04-14 17:30:54:239	20.4	10.2	0	0
2021-04-14 17:30:55:255	20.4	10.2	0	0
2021-04-14 17:30:56:239	20.4	10.1	0	0
2021-04-14 17:30:57:254	20.5	10	0	0
2021-04-14 17:30:58:254	20.5	9.8	0	0
2021-04-14 17:30:59:254	20.9	9.5	0	0
2021-04-14 17:31:00:269	21.3	9	0	0
2021-04-14 17:31:01:253	21.3	8.9	0	0
2021-04-14 17:31:02:253	21.3	8.2	0	0
2021-04-14 17:31:03:269	21.3	8	0	0
2021-04-14 17:31:04:268	21.3	7.5	0	0
2021-04-14 17:31:05:268	21.3	7.4	0	0
2021-04-14 17:31:06:284	21.3	7.4	0	0
2021-04-14 17:31:07:268	21.4	7.4	0	0
2021-04-14 17:31:08:268	21	7.5	0	0
2021-04-14 17:31:09:267	21	7.6	0	0
2021-04-14 17:31:10:267	21	8.2	0	0
2021-04-14 17:31:11:283	21.1	8.5	0	0
2021-04-14 17:31:12:282	21.1	9.1	0	0
2021-04-14 17:31:13:283	21.1	9.3	0	0
2021-04-14 17:31:14:298	21.1	9.5	0	0
2021-04-14 17:31:15:282	20.8	9.6	0	0
2021-04-14 17:31:16:297	20.8	9.9	0	0
2021-04-14 17:31:17:282	20.8	10	0	0
2021-04-14 17:31:18:281	20.8	9.9	0	0
2021-04-14 17:31:19:297	20.7	9.8	0	0
2021-04-14 17:31:20:296	20.8	9.8	0	0
2021-04-14 17:31:21:296	20.8	9.9	0	0
2021-04-14 17:31:22:312	20.8	10	0	0
2021-04-14 17:31:23:296	20.9	10.1	0	0
2021-04-14 17:31:24:311	20.9	9.9	0	0
2021-04-14 17:31:25:296	21	10	0	0
2021-04-14 17:31:26:311	21.1	10	0	0
2021-04-14 17:31:27:311	21.2	10.1	0	0
2021-04-14 17:31:28:295	21.2	10.2	0	0
2021-04-14 17:31:29:310	21.2	10.1	0	0
2021-04-14 17:31:30:326	21.2	10	0	0
2021-04-14 17:31:31:310	21.3	10	0	0
2021-04-14 17:31:32:325	21.1	10.2	0	0
2021-04-14 17:31:33:309	21	1	0	0
2021-04-14 17:31:34:325	21.1	10.2	0	0
2021-04-14 17:31:35:325	21.1	10.2	0	0
2021-04-14 17:31:36:324	21.2	10.3	0	0
2021-04-14 17:31:37:324	21.3	10.3	0	0
2021-04-14 17:31:38:339	21.3	10.3	0	0
2021-04-14 17:31:39:324	21.3	10.4	0	0
2021-04-14 17:31:40:339	21.5	10.4	0	0
2021-04-14 17:31:41:339	21.5	10.3	0	0
2021-04-14 17:31:42:338	21.3	10.3	0	0
2021-04-14 17:31:43:338	21.3	10.3	0	0
2021-04-14 17:31:44:338	21.2	10.2	0	0
2021-04-14 17:31:45:338	21.1	10.2	0	0
2021-04-14 17:31:46:353	21.1	10.2	0	0
2021-04-14 17:31:47:337	21.1	10	0	0
2021-04-14 17:31:48:353	21.2	9.9	0	0
2021-04-14 17:31:49:353	21.3	9.9	0	0
2021-04-14 17:31:50:353	21.6	9.9	0	0
2021-04-14 17:31:51:353	21.6	9.7	0	0
2021-04-14 17:31:52:368	21.8	9.6	0	0
2021-04-14 17:31:53:352	21.9	9.6	0	0
2021-04-14 17:31:54:368	21.7	9.6	0	0
2021-04-14 17:31:55:352	21.7	9.6	0	0
2021-04-14 17:31:56:367	21.8	9.6	0	0
2021-04-14 17:31:57:367	21.8	9.9	0	0
2021-04-14 17:31:58:367	21.8	9.9	0	0
2021-04-14 17:31:59:367	21.8	10	0	0
2021-04-14 17:32:00:382	21.8	10.1	0	0
2021-04-14 17:32:01:367	21.9	10.2	0	0
2021-04-14 17:32:02:382	22.1	10.3	0	0
2021-04-14 17:32:03:382	22.1	10.6	0	0
2021-04-14 17:32:04:381	21.9	10.7	0	0
2021-04-14 17:32:05:381	21.7	10.5	0	0
2021-04-14 17:32:07:381	21.8	10.7	0	0
2021-04-14 17:32:08:396	21.8	10.6	0	0
2021-04-14 17:32:09:380	21.5	10.3	0	0
2021-04-14 17:32:10:395	21.6	9.8	0	0
2021-04-14 17:32:11:395	21.6	9.1	0	0
2021-04-14 17:32:12:395	21.8	8.6	0	0
2021-04-14 17:32:13:395	22.1	8.4	0	0
2021-04-14 17:32:14:410	22.1	8.3	0	0
2021-04-14 17:32:15:394	22	7.7	0	0
2021-04-14 17:32:16:410	22	7.7	0	0
2021-04-14 17:32:18:410	21.8	8	0	0
2021-04-14 17:32:19:409	21.8	8.7	0	0
2021-04-14 17:32:20:409	21.5	9.1	0	0
2021-04-14 17:32:21:409	21.5	9.2	0	0
2021-04-14 17:32:22:424	21.5	9.3	0	0
2021-04-14 17:32:23:409	21.6	9.5	0	0
2021-04-14 17:32:24:424	21.6	9.3	0	0
2021-04-14 17:32:25:424	22.1	9.4	0	0
2021-04-14 17:32:26:424	22.1	9.6	0	0
2021-04-14 17:32:27:423	22.2	9.3	0	0
2021-04-14 17:32:29:423	22.5	9.6	0	0
2021-04-14 17:32:30:439	22.5	9.7	0	0
2021-04-14 17:32:31:423	22.6	9.7	0	0
2021-04-14 17:32:32:438	22.3	10.1	0	0
2021-04-14 17:32:33:438	22.1	10	0	0
2021-04-14 17:32:34:438	22.2	10.3	0	0
2021-04-14 17:32:35:437	22.2	10.2	0	0
2021-04-14 17:32:36:453	22.2	10	0	0
2021-04-14 17:32:37:437	22.2	9.5	0	0
2021-04-14 17:32:38:452	22.2	9.8	0	0
2021-04-14 17:32:39:452	22.2	9.8	0	0
2021-04-14 17:32:40:452	22.5	9.8	0	0
2021-04-14 17:32:41:452	22.5	9.7	0	0
2021-04-14 17:32:42:467	22.5	9.1	0	0
2021-04-14 17:32:43:451	22.6	9	0	0
2021-04-14 17:32:44:467	22.7	9	0	0
2021-04-14 17:32:45:451	22.7	9	0	0
2021-04-14 17:32:46:466	22.7	8.4	0	0
2021-04-14 17:32:47:466	22.7	8.1	0	0
2021-04-14 17:32:48:466	22.7	7.8	0	0
2021-04-14 17:32:49:466	22.7	8.3	0	0
2021-04-14 17:32:50:481	22.7	8.5	0	0
2021-04-14 17:32:51:465	22.6	8.6	0	0
2021-04-14 17:32:52:481	22.5	8.8	0	0
2021-04-14 17:32:53:480	22.5	9.1	0	0
2021-04-14 17:32:54:480	22.5	9.4	0	0
2021-04-14 17:32:55:480	22.2	9.7	0	0
2021-04-14 17:32:56:496	22.2	9.9	0	0
2021-04-14 17:32:57:480	22.3	9.6	0	0
2021-04-14 17:32:58:495	22.3	9.6	0	0
2021-04-14 17:33:00:495	22.3	9.7	0	0
2021-04-14 17:33:01:494	22.4	9.6	0	0
2021-04-14 17:33:02:494	22.4	9.7	0	0
2021-04-14 17:33:03:494	22.5	9.7	0	0
2021-04-14 17:33:04:509	22.5	9.7	0	0
2021-04-14 17:33:05:493	22.5	9.8	0	0
2021-04-14 17:33:06:509	22.5	9.9	0	0
2021-04-14 17:33:07:509	22.6	9.9	0	0
2021-04-14 17:33:08:508	22.6	9.8	0	0
2021-04-14 17:33:09:508	22.6	9.8	0	0
2021-04-14 17:33:10:524	22.6	9.7	0	0
2021-04-14 17:33:11:508	22.6	9.7	0	0
2021-04-14 17:33:12:523	22.6	9.7	0	0
2021-04-14 17:33:13:523	22.2	9.7	0	0
2021-04-14 17:33:14:523	22.2	9.7	0	0
2021-04-14 17:33:15:522	21.9	9.5	0	0
2021-04-14 17:33:17:522	21.9	8.7	0	0
2021-04-14 17:33:18:537	21.9	8.6	0	0
2021-04-14 17:33:19:521	22.3	8.1	0	0
2021-04-14 17:33:20:537	22.3	7.8	0	0
2021-04-14 17:33:21:537	22.7	7.6	0	0
2021-04-14 17:33:22:536	22.7	7.4	0	0
2021-04-14 17:33:23:536	23	7.4	0	0
2021-04-14 17:33:24:552	23	7.8	0	0
2021-04-14 17:33:25:536	23	8	0	0
2021-04-14 17:33:26:551	22.9	8.2	0	0
2021-04-14 17:33:27:551	22.5	8.6	0	0
2021-04-14 17:33:28:551	22.1	8.8	0	0
2021-04-14 17:33:29:551	22.1	9.3	0	0
2021-04-14 17:33:30:566	22.1	9.4	0	0
2021-04-14 17:33:31:550	22.1	9.4	0	0
2021-04-14 17:33:32:566	22.1	9.4	0	0
2021-04-14 17:33:33:565	21.7	9.5	0	0
2021-04-14 17:33:34:565	21.7	9.5	0	0
2021-04-14 17:33:35:565	22.1	9.9	0	0
2021-04-14 17:33:37:564	22.6	9.4	0	0
2021-04-14 17:33:38:580	22.7	9.4	0	0
2021-04-14 17:33:39:564	22.7	9.4	0	0
2021-04-14 17:33:40:580	22.7	9.5	0	0
2021-04-14 17:33:41:579	23.1	9.5	0	0
2021-04-14 17:33:42:579	23.1	9.5	0	0
2021-04-14 17:33:43:579	23.2	8.9	0	0
2021-04-14 17:33:44:594	23.2	8.9	0	0
2021-04-14 17:33:45:579	23.2	9	0	0
2021-04-14 17:33:46:594	23.2	9.1	0	0
2021-04-14 17:33:47:594	22.8	9.2	0	0
2021-04-14 17:33:48:593	22.8	9.1	0	0
2021-04-14 17:33:49:593	22.8	9	0	0
2021-04-14 17:33:51:814	22.8	9	0	0
2021-04-14 17:33:52:611	22.8	9.2	0	0
2021-04-14 17:33:53:621	22.8	9.3	0	0
2021-04-14 17:33:54:600	22.8	9.3	0	0
2021-04-14 17:33:55:667	23.3	9.3	0	0
2021-04-14 17:33:56:618	23.3	9.4	0	0
2021-04-14 17:33:57:612	23.3	10	0	0
2021-04-14 17:33:58:623	23.3	10	0	0
2021-04-14 17:33:59:617	23.4	0.9	0	0
2021-04-14 17:34:00:628	23.4	9.8	0	0
2021-04-14 17:34:01:637	23.4	9.8	0	0
2021-04-14 17:34:02:618	23.4	10.2	0	0
2021-04-14 17:34:03:630	23.4	10.7	0	0
2021-04-14 17:34:04:642	23.4	10.7	0	0
2021-04-14 17:34:05:622	23.4	10.2	0	0
2021-04-14 17:34:06:634	23.4	10.3	0	0
2021-04-14 17:34:07:646	23.4	10.4	0	0
2021-04-14 17:34:08:642	23.5	10.3	0	0
2021-04-14 17:34:09:638	23.5	10.3	0	0
2021-04-14 17:34:10:650	23.5	9.8	0	0
2021-04-14 17:34:11:646	23.5	9.3	0	0
2021-04-14 17:34:12:657	23.5	9.2	0	0
2021-04-14 17:34:13:653	23.5	9.2	0	0
2021-04-14 17:34:14:649	23.5	9.1	0	0
2021-04-14 17:34:15:661	23.5	9	0	0
2021-04-14 17:34:17:653	23.5	8.4	0	0
2021-04-14 17:34:18:665	23.5	8.9	0	0
2021-04-14 17:34:19:661	23.5	9	0	0
2021-04-14 17:34:20:672	23.4	8.9	0	0
2021-04-14 17:34:21:669	23.4	9.5	0	0
2021-04-14 17:34:22:665	23.4	9.5	0	0
2021-04-14 17:34:23:677	23.4	9.5	0	0
2021-04-14 17:34:24:688	23.4	9.7	0	0
2021-04-14 17:34:25:669	23.4	9.7	0	0
2021-04-14 17:34:26:683	23.5	9.1	0	0
2021-04-14 17:34:27:694	23.5	9.2	0	0
2021-04-14 17:34:28:675	23.5	9.1	0	0
2021-04-14 17:34:29:687	23.5	8.7	0	0
2021-04-14 17:34:30:698	23.5	8.7	0	0
2021-04-14 17:34:31:694	23.5	8.6	0	0
2021-04-14 17:34:32:691	23.5	8.6	0	0
2021-04-14 17:34:33:702	23.5	8.6	0	0
2021-04-14 17:34:34:698	22.9	8.8	0	0
2021-04-14 17:34:35:709	22.9	8.9	0	0
2021-04-14 17:34:37:701	22.9	9.5	0	0
2021-04-14 17:34:38:713	22.9	10.1	0	0
2021-04-14 17:34:39:708	22.9	10.3	0	0
2021-04-14 17:34:40:705	22.9	10.5	0	0
2021-04-14 17:34:41:716	23	10.6	0	0
2021-04-14 17:34:42:712	23.6	10.5	0	0
2021-04-14 17:34:43:723	23.6	10.4	0	0
2021-04-14 17:34:44:720	23.6	10.3	0	0
2021-04-14 17:34:45:716	23.7	9.8	0	0
2021-04-14 17:34:46:727	23.7	9.1	0	0
2021-04-14 17:34:47:738	23.7	8.9	0	0
2021-04-14 17:34:48:720	23.1	8.9	0	0
2021-04-14 17:34:49:732	23.1	8.9	0	0
2021-04-14 17:34:50:744	22.5	8.7	0	0
2021-04-14 17:34:51:725	22.5	8.7	0	0
2021-04-14 17:34:52:737	22.5	8.7	0	0
2021-04-14 17:34:53:749	22.5	8.7	0	0
2021-04-14 17:34:54:744	22.5	9.4	0	0
2021-04-14 17:34:55:740	22.5	10	0	0
2021-04-14 17:34:56:752	23.1	10.5	0	0
2021-04-14 17:34:57:748	22.6	10.5	0	0
2021-04-14 17:34:58:759	23.2	10.6	0	0
2021-04-14 17:35:00:751	23.3	10.6	0	0
2021-04-14 17:35:01:763	23.3	10.6	0	0
2021-04-14 17:35:02:759	23.3	0.9	0	0
2021-04-14 17:35:03:755	23.3	9	0	0
2021-04-14 17:35:04:766	23.3	9	0	0
2021-04-14 17:35:05:762	23.8	9.1	0	0
2021-04-14 17:35:06:773	23.8	9	0	0
2021-04-14 17:35:07:784	23.8	8.9	0	0
2021-04-14 17:35:08:766	23.7	8.6	0	0
2021-04-14 17:35:09:777	23.7	8.6	0	0
2021-04-14 17:35:10:788	23.7	8.5	0	0
2021-04-14 17:35:11:769	23.7	8.7	0	0
2021-04-14 17:35:12:781	23.7	8.2	0	0
2021-04-14 17:35:13:792	23.7	8.1	0	0
2021-04-14 17:35:14:788	23.1	8.2	0	0
2021-04-14 17:35:15:784	23.1	8.4	0	0
2021-04-14 17:35:16:796	23.1	8.6	0	0
2021-04-14 17:35:17:792	23.1	8.7	0	0
2021-04-14 17:35:18:803	23.2	8.9	0	0
2021-04-14 17:35:19:799	23.2	8.8	0	0
2021-04-14 17:35:20:795	23.2	8.8	0	0
2021-04-14 17:35:21:807	23.2	8.7	0	0
2021-04-14 17:35:23:798	24.5	8.6	0	0
2021-04-14 17:35:24:810	24.5	8.7	0	0
2021-04-14 17:35:25:806	24.6	8.8	0	0
2021-04-14 17:35:26:817	24.7	8.9	0	0
2021-04-14 17:35:27:813	24.7	8.9	0	0
2021-04-14 17:35:28:810	24.7	8.8	0	0
2021-04-14 17:35:29:822	24.7	9	0	0
2021-04-14 17:35:30:833	24.1	9	0	0
2021-04-14 17:35:31:814	24.1	9.1	0	0
2021-04-14 17:35:32:826	24.1	9	0	0
2021-04-14 17:35:33:838	24	9	0	0
2021-04-14 17:35:34:833	23.9	8.8	0	0
2021-04-14 17:35:35:830	23.9	8.9	0	0
2021-04-14 17:35:36:842	23.9	8.9	0	0
2021-04-14 17:35:37:839	23.9	8.9	0	0
2021-04-14 17:35:38:836	23.9	9	0	0
2021-04-14 17:35:39:847	23.9	8.9	0	0
2021-04-14 17:35:40:843	23.9	8.9	0	0
2021-04-14 17:35:41:854	23.9	8.8	0	0
2021-04-14 17:35:42:851	23.9	8.9	0	0
2021-04-14 17:35:43:847	23.9	8.8	0	0
2021-04-14 17:35:44:858	24.5	8.9	0	0
2021-04-14 17:35:45:869	24.5	9	0	0
2021-04-14 17:35:46:851	24.5	8.9	0	0
2021-04-14 17:35:47:862	24.6	8.9	0	0
2021-04-14 17:35:49:869	24.6	9.1	0	0
2021-04-14 17:35:50:866	24.7	9.2	0	0
2021-04-14 17:35:51:861	24.7	9.3	0	0
2021-04-14 17:35:52:873	24.1	9.4	0	0
2021-04-14 17:35:53:884	24.1	8.7	0	0
2021-04-14 17:35:54:865	24.6	8.5	0	0
2021-04-14 17:35:55:875	24.6	8.4	0	0
2021-04-14 17:35:56:887	24.6	8.2	0	0
2021-04-14 17:35:57:882	24.6	7.4	0	0
2021-04-14 17:35:58:878	24.6	7.3	0	0
2021-04-14 17:35:59:890	24.6	7.2	0	0
2021-04-14 17:36:00:886	24.6	7.1	0	0
2021-04-14 17:36:01:897	24.6	7.7	0	0
2021-04-14 17:36:02:893	24	7.2	0	0
2021-04-14 17:36:03:890	24	7.1	0	0
2021-04-14 17:36:04:901	24	7	0	0
2021-04-14 17:36:05:912	24	7.7	0	0
2021-04-14 17:36:06:893	24	7.5	0	0
2021-04-14 17:36:07:905	24.4	7.3	0	0
2021-04-14 17:36:08:916	24.4	6.7	0	0
2021-04-14 17:36:09:912	24.8	6.4	0	0
2021-04-14 17:36:10:908	24.8	6.9	0	0
2021-04-14 17:36:11:919	24.8	6.9	0	0
2021-04-14 17:36:12:916	24.7	6.9	0	0
2021-04-14 17:36:13:927	24.7	6.3	0	0
2021-04-14 17:36:15:919	24.2	6	0	0
2021-04-14 17:36:16:931	24.2	6.6	0	0
2021-04-14 17:36:18:922	23.8	6.9	0	0
2021-04-14 17:36:19:935	23.8	6.3	0	0
2021-04-14 17:36:20:931	24.4	6.2	0	0
2021-04-14 17:36:21:942	24.4	6.8	0	0
2021-04-14 17:36:22:939	24.4	6.7	0	0
2021-04-14 17:36:23:934	24.4	7.3	0	0
2021-04-14 17:36:24:946	24.3	7.5	0	0
2021-04-14 17:36:25:957	24.4	7.6	0	0
2021-04-14 17:36:26:938	24.4	7.6	0	0
2021-04-14 17:36:27:949	24.3	8.3	0	0
2021-04-14 17:36:28:961	23.8	8.5	0	0
2021-04-14 17:36:29:957	23.8	8	0	0
2021-04-14 17:36:30:954	23.8	8.2	0	0
2021-04-14 17:36:31:966	23.8	8.3	0	0
2021-04-14 17:36:32:962	23.9	8.3	0	0
2021-04-14 17:36:33:973	24	8.4	0	0
2021-04-14 17:36:34:970	24	8.5	0	0
2021-04-14 17:36:35:967	24	8.4	0	0
2021-04-14 17:36:36:978	24	8.5	0	0
2021-04-14 17:36:37:975	24.1	9.1	0	0
2021-04-14 17:36:38:971	24.1	9	0	0
2021-04-14 17:36:39:983	24.1	8.7	0	0
2021-04-14 17:36:40:994	24	8.4	0	0
2021-04-14 17:36:41:975	24	8.2	0	0
2021-04-14 17:36:42:987	24	7.5	0	0
2021-04-14 17:36:44:000	24.6	7.3	0	0
2021-04-14 17:36:44:981	24.6	7.2	0	0
2021-04-14 17:36:45:992	24.6	7	0	0
2021-04-14 17:36:47:004	24.6	6.9	0	0
2021-04-14 17:36:47:999	24.5	6.7	0	0
2021-04-14 17:36:48:995	24.8	6.6	0	0
2021-04-14 17:36:51:004	25.1	6.9	0	0
2021-04-14 17:36:52:016	24.5	6.4	0	0
2021-04-14 17:36:52:998	24.5	6.5	0	0
2021-04-14 17:36:54:010	24.5	6.7	0	0
2021-04-14 17:36:55:021	24.4	6.8	0	0
2021-04-14 17:36:56:002	24.4	6.9	0	0
2021-04-14 17:36:57:014	24.5	7.1	0	0
2021-04-14 17:36:58:026	24.2	6.7	0	0
2021-04-14 17:36:59:022	24.2	6.7	0	0
2021-04-14 17:37:00:019	24.2	7.2	0	0
2021-04-14 17:37:01:030	24.2	7.2	0	0
2021-04-14 17:37:02:026	24.2	7.2	0	0
2021-04-14 17:37:03:037	24.2	7.2	0	0
2021-04-14 17:37:04:034	24.2	7.3	0	0
2021-04-14 17:37:05:029	23.8	7.2	0	0
2021-04-14 17:37:06:041	23.8	7.8	0	0
2021-04-14 17:37:07:052	23.8	7.9	0	0
2021-04-14 17:37:08:034	23.8	8.1	0	0
2021-04-14 17:37:09:046	23.8	8.1	0	0
2021-04-14 17:37:10:058	23.8	7.4	0	0
2021-04-14 17:37:11:038	24.4	7.5	0	0
2021-04-14 17:37:12:050	24.4	7.5	0	0
2021-04-14 17:37:13:062	24.4	7.6	0	0
2021-04-14 17:37:14:058	24.4	7.8	0	0
2021-04-14 17:37:15:054	24.4	7.8	0	0
2021-04-14 17:37:16:065	24.5	7.6	0	0
2021-04-14 17:37:17:062	24.5	7.7	0	0
2021-04-14 17:37:18:073	24.5	8.3	0	0
2021-04-14 17:37:19:069	23.9	8.1	0	0
2021-04-14 17:37:20:065	23.9	8.2	0	0
2021-04-14 17:37:21:077	23.9	8.3	0	0
2021-04-14 17:37:22:088	24	7.6	0	0
2021-04-14 17:37:23:070	24	7.7	0	0
2021-04-14 17:37:24:082	24	7.8	0	0
2021-04-14 17:37:25:094	24	7.9	0	0
2021-04-14 17:37:26:075	24	7.9	0	0
2021-04-14 17:37:27:086	24	8	0	0
2021-04-14 17:37:28:099	24	8	0	0
2021-04-14 17:37:29:094	24	7.8	0	0
2021-04-14 17:37:30:090	24	8.3	0	0
2021-04-14 17:37:31:102	24	8.1	0	0
2021-04-14 17:37:32:099	24	7.4	0	0
2021-04-14 17:37:33:111	24	6.6	0	0
2021-04-14 17:37:34:108	24	6.7	0	0
2021-04-14 17:37:35:104	24	6.7	0	0
2021-04-14 17:37:36:116	24	6.6	0	0
2021-04-14 17:37:37:127	24	6.7	0	0
2021-04-14 17:37:38:108	24	6.9	0	0
2021-04-14 17:37:39:120	23.9	7.1	0	0
2021-04-14 17:37:40:131	24	7.7	0	0
2021-04-14 17:37:41:112	24	8.4	0	0
2021-04-14 17:37:42:124	24	8.5	0	0
2021-04-14 17:37:43:136	24	8.4	0	0
2021-04-14 17:37:44:130	24	8.5	0	0
2021-04-14 17:37:45:128	24.1	8.6	0	0
2021-04-14 17:37:46:140	24.1	8.6	0	0
2021-04-14 17:37:47:136	24.1	7.9	0	0
2021-04-14 17:37:48:147	24.1	7.3	0	0
2021-04-14 17:37:49:143	24	6.8	0	0
2021-04-14 17:37:50:139	24	6.4	0	0
2021-04-14 17:37:51:151	23.9	6.3	0	0
2021-04-14 17:37:52:904	23.9	6.4	0	0
2021-04-14 17:37:53:140	23.9	6.5	0	0
2021-04-14 17:37:54:150	23.9	6.4	0	0
2021-04-14 17:37:55:166	24.4	7	0	0
2021-04-14 17:37:56:150	24.4	7.7	0	0
2021-04-14 17:37:57:416	24.4	8.2	0	0
2021-04-14 17:37:58:166	24.4	8.6	0	0
2021-04-14 17:37:59:161	24.4	8.8	0	0
2021-04-14 17:38:00:176	24.4	8.5	0	0
2021-04-14 17:38:01:176	24.4	8.2	0	0
2021-04-14 17:38:02:176	24.4	8.4	0	0
2021-04-14 17:38:03:175	23.9	8.3	0	0
2021-04-14 17:38:04:191	24.4	8.3	0	0
2021-04-14 17:38:05:175	24.4	8.2	0	0
2021-04-14 17:38:06:190	24.4	8	0	0
2021-04-14 17:38:07:190	24.4	7.9	0	0
2021-04-14 17:38:08:174	24.4	8.1	0	0
2021-04-14 17:38:09:190	24.4	8.2	0	0
2021-04-14 17:38:10:205	24.4	8.3	0	0
2021-04-14 17:38:11:189	24.4	8.5	0	0
2021-04-14 17:38:12:205	24	8.5	0	0
2021-04-14 17:38:13:205	24	8.6	0	0
2021-04-14 17:38:14:204	24	8.7	0	0
2021-04-14 17:38:15:204	24	8.8	0	0
2021-04-14 17:38:16:219	24	9	0	0
2021-04-14 17:38:17:204	24.1	9	0	0
2021-04-14 17:38:18:219	24.1	8.9	0	0
2021-04-14 17:38:19:219	24.1	8.8	0	0
2021-04-14 17:38:20:219	24.1	8.8	0	0
2021-04-14 17:38:21:218	24.1	8.8	0	0
2021-04-14 17:38:22:234	24.2	8.9	0	0
2021-04-14 17:38:23:218	24.2	8.8	0	0
2021-04-14 17:38:24:233	24.2	8.7	0	0
2021-04-14 17:38:25:233	24.2	8.5	0	0
2021-04-14 17:38:26:233	24.2	8.6	0	0
2021-04-14 17:38:27:232	24.2	8.6	0	0
2021-04-14 17:38:28:248	24.2	8.6	0	0
2021-04-14 17:38:29:232	24.2	8.5	0	0
2021-04-14 17:38:30:247	24.2	8.4	0	0
2021-04-14 17:38:31:247	24.2	8.6	0	0
2021-04-14 17:38:32:247	24.2	8.5	0	0
2021-04-14 17:38:33:247	24.2	8.7	0	0
2021-04-14 17:38:34:262	24.2	8.8	0	0
2021-04-14 17:38:35:246	24.2	8.8	0	0
2021-04-14 17:38:36:262	24.2	8.8	0	0
2021-04-14 17:38:37:261	24.2	8.9	0	0
2021-04-14 17:38:38:261	24.2	9	0	0
2021-04-14 17:38:39:261	24.2	8.9	0	0
2021-04-14 17:38:40:277	24.2	8.9	0	0
2021-04-14 17:38:41:261	24.2	8.7	0	0
2021-04-14 17:38:42:276	24.2	8.5	0	0
2021-04-14 17:38:43:276	24.2	8.5	0	0
2021-04-14 17:38:44:276	24.1	8.4	0	0
2021-04-14 17:38:45:275	24.7	8.3	0	0
2021-04-14 17:38:46:291	25.3	8.2	0	0
2021-04-14 17:38:47:275	25.3	8.1	0	0
2021-04-14 17:38:48:290	25.9	8.1	0	0
2021-04-14 17:38:49:290	26.4	7.9	0	0
2021-04-14 17:38:50:290	26.4	7.7	0	0
2021-04-14 17:38:51:290	26.4	7.4	0	0
2021-04-14 17:38:52:305	26.4	7.2	0	0
2021-04-14 17:38:53:289	25.8	7	0	0
2021-04-14 17:38:54:305	25.2	6.4	0	0
2021-04-14 17:38:55:304	25.2	6.5	0	0
2021-04-14 17:38:56:304	24.6	6.4	0	0
2021-04-14 17:38:57:304	24.5	6.4	0	0
2021-04-14 17:38:58:320	24.5	6.7	0	0
2021-04-14 17:38:59:304	25	6.8	0	0
2021-04-14 17:39:00:319	25	7	0	0
2021-04-14 17:39:01:333	25	7.3	0	0
