16:29:19 **** Incremental Build of configuration Debug for project 02_DRM_Controller_v1.0_magnetic_Slave ****
make -j12 all 
Building file: ../Core/Src/logic.c
Invoking: MCU GCC Compiler
D:\¿Ã¡ÿøÏ\02_softwave\2025_magnetic Sensor\02_DRM_Controller_v1.0_magnetic_Slave\Debug
arm-none-eabi-gcc -mcpu=cortex-m0plus -mthumb -mfloat-abi=soft -DUSE_HAL_DRIVER -DSTM32L071xx -I"D:/¿Ã¡ÿøÏ/02_softwave/2025_magnetic Sensor/02_DRM_Controller_v1.0_magnetic_Slave/Core/Inc" -I"D:/¿Ã¡ÿøÏ/02_softwave/2025_magnetic Sensor/02_DRM_Controller_v1.0_magnetic_Slave/Drivers/STM32L0xx_HAL_Driver/Inc" -I"D:/¿Ã¡ÿøÏ/02_softwave/2025_magnetic Sensor/02_DRM_Controller_v1.0_magnetic_Slave/Drivers/STM32L0xx_HAL_Driver/Inc/Legacy" -I"D:/¿Ã¡ÿøÏ/02_softwave/2025_magnetic Sensor/02_DRM_Controller_v1.0_magnetic_Slave/Middlewares/Third_Party/FreeRTOS/Source/include" -I"D:/¿Ã¡ÿøÏ/02_softwave/2025_magnetic Sensor/02_DRM_Controller_v1.0_magnetic_Slave/Middlewares/Third_Party/FreeRTOS/Source/CMSIS_RTOS" -I"D:/¿Ã¡ÿøÏ/02_softwave/2025_magnetic Sensor/02_DRM_Controller_v1.0_magnetic_Slave/Middlewares/Third_Party/FreeRTOS/Source/portable/GCC/ARM_CM0" -I"D:/¿Ã¡ÿøÏ/02_softwave/2025_magnetic Sensor/02_DRM_Controller_v1.0_magnetic_Slave/Drivers/CMSIS/Device/ST/STM32L0xx/Include" -I"D:/¿Ã¡ÿøÏ/02_softwave/2025_magnetic Sensor/02_DRM_Controller_v1.0_magnetic_Slave/Drivers/CMSIS/Include"  -Og -g3 -Wall -fmessage-length=0 -ffunction-sections -c -fmessage-length=0 -MMD -MP -MF"Core/Src/logic.d" -MT"Core/Src/logic.o" -o "Core/Src/logic.o" "../Core/Src/logic.c"
../Core/Src/logic.c:38:0: warning: "IDLE_BAND_DIV" redefined
 #define IDLE_BAND_DIV          3       // Í∏∞Ï??Ñ† Ï∂îÏ†Å?? ¬±T/3 ?ïà?óê?ÑúÎß? (?ù¥Î≤§Ìä∏?óê ?Åå?†§Í∞?Ïß? ?ïä?ùå)
 
../Core/Src/logic.c:32:0: note: this is the location of the previous definition
 #define IDLE_BAND_DIV                10      // Í∏∞Ï°¥ ÏΩîÎìú?ùò idle band ?ú†Ïß?
 
../Core/Src/logic.c:40:0: warning: "REFRACT_MS" redefined
 #define REFRACT_MS             300     // 0.3 s(=3?Éò?îå) ?ú¥Ïß?Íµ¨Í∞Ñ ?Üí ?û¨Ï§ëÎ≥µ Î∞©Ï?
 
../Core/Src/logic.c:28:0: note: this is the location of the previous definition
 #define REFRACT_MS                 1200      // Ï¢ÖÎ£å ?õÑ Î∂àÏùë?ãúÍ∞?
 
../Core/Src/logic.c: In function 'logicInit':
../Core/Src/logic.c:122:2: warning: implicit declaration of function 'periInit'; did you mean 'commInit'? [-Wimplicit-function-declaration]
  periInit();
  ^~~~~~~~
  commInit
../Core/Src/logic.c:128:2: warning: implicit declaration of function 'Magnetic_Sensor_Init'; did you mean 'Magnetic_Time_Recv'? [-Wimplicit-function-declaration]
  Magnetic_Sensor_Init();
  ^~~~~~~~~~~~~~~~~~~~
  Magnetic_Time_Recv
../Core/Src/logic.c: In function 'logicRFModemInit':
../Core/Src/logic.c:166:2: warning: implicit declaration of function 'periRFModule' [-Wimplicit-function-declaration]
  periRFModule(rfset);
  ^~~~~~~~~~~~
../Core/Src/logic.c:167:2: warning: implicit declaration of function 'periRFWakeup' [-Wimplicit-function-declaration]
  periRFWakeup(pdTRUE);
  ^~~~~~~~~~~~
../Core/Src/logic.c:168:2: warning: implicit declaration of function 'periRFReset' [-Wimplicit-function-declaration]
  periRFReset();
  ^~~~~~~~~~~
../Core/Src/logic.c: In function 'logicBLEInit':
../Core/Src/logic.c:173:2: warning: implicit declaration of function 'periSetBLE'; did you mean 'portDOUBLE'? [-Wimplicit-function-declaration]
  periSetBLE(GPIO_PIN_SET);  //Command Mode
  ^~~~~~~~~~
  portDOUBLE
../Core/Src/logic.c:176:2: warning: implicit declaration of function 'Send_BLE_check' [-Wimplicit-function-declaration]
  Send_BLE_check();
  ^~~~~~~~~~~~~~
../Core/Src/logic.c:178:2: warning: implicit declaration of function 'Send_BLE_MANUF_SET'; did you mean 'DRM_BLE_NAME_SET'? [-Wimplicit-function-declaration]
  Send_BLE_MANUF_SET();
  ^~~~~~~~~~~~~~~~~~
  DRM_BLE_NAME_SET
../Core/Src/logic.c:182:2: warning: implicit declaration of function 'Send_BLE_PacketMode_REQ' [-Wimplicit-function-declaration]
  Send_BLE_PacketMode_REQ();
  ^~~~~~~~~~~~~~~~~~~~~~~
../Core/Src/logic.c:188:3: warning: implicit declaration of function 'Send_BLE_UART_SET'; did you mean 'DRM_BLE_NAME_SET'? [-Wimplicit-function-declaration]
   Send_BLE_UART_SET(115200);
   ^~~~~~~~~~~~~~~~~
   DRM_BLE_NAME_SET
../Core/Src/logic.c: In function 'logicPeriTask':
../Core/Src/logic.c:245:2: warning: implicit declaration of function 'periSetLamp' [-Wimplicit-function-declaration]
  periSetLamp(ls.indi.Program);
  ^~~~~~~~~~~
../Core/Src/logic.c:249:9: warning: implicit declaration of function 'periGetBLE'; did you mean 'portDOUBLE'? [-Wimplicit-function-declaration]
   ble = periGetBLE();
         ^~~~~~~~~~
         portDOUBLE
../Core/Src/logic.c:265:4: warning: implicit declaration of function 'periBLEWakeup' [-Wimplicit-function-declaration]
    periBLEWakeup(pdFALSE);
    ^~~~~~~~~~~~~
../Core/Src/logic.c:266:4: warning: implicit declaration of function 'periBLEUART' [-Wimplicit-function-declaration]
    periBLEUART(pdFALSE);
    ^~~~~~~~~~~
../Core/Src/logic.c: In function 'logicUartTask':
../Core/Src/logic.c:475:2: warning: implicit declaration of function 'Modem_Receive_Check'; did you mean 'MCU_Receive_Check'? [-Wimplicit-function-declaration]
  Modem_Receive_Check();
  ^~~~~~~~~~~~~~~~~~~
  MCU_Receive_Check
../Core/Src/logic.c:476:2: warning: implicit declaration of function 'BLE_Receive_Check'; did you mean 'MCU_Receive_Check'? [-Wimplicit-function-declaration]
  BLE_Receive_Check(ls.ble.isMode);
  ^~~~~~~~~~~~~~~~~
  MCU_Receive_Check
../Core/Src/logic.c:492:5: warning: implicit declaration of function 'Send_Connect_Ack'; did you mean 'Senser_Connect_ACK'? [-Wimplicit-function-declaration]
     Send_Connect_Ack();
     ^~~~~~~~~~~~~~~~
     Senser_Connect_ACK
../Core/Src/logic.c:497:5: warning: implicit declaration of function 'Send_Time_Sync_RQ' [-Wimplicit-function-declaration]
     Send_Time_Sync_RQ();
     ^~~~~~~~~~~~~~~~~
../Core/Src/logic.c:501:5: warning: implicit declaration of function 'Send_Time_Sync_ACK' [-Wimplicit-function-declaration]
     Send_Time_Sync_ACK();
     ^~~~~~~~~~~~~~~~~~
../Core/Src/logic.c:508:50: warning: format '%d' expects argument of type 'int', but argument 2 has type 'TickType_t {aka long unsigned int}' [-Wformat=]
     printf("[logic] Slave Tick Time Recv master[%d] slave[%d] tick_offset[%d] \r\n",master_tick, slave_tick,ls.magnetic.Recv_time_offset);
                                                 ~^
                                                 %ld
../Core/Src/logic.c:508:60: warning: format '%d' expects argument of type 'int', but argument 3 has type 'TickType_t {aka long unsigned int}' [-Wformat=]
     printf("[logic] Slave Tick Time Recv master[%d] slave[%d] tick_offset[%d] \r\n",master_tick, slave_tick,ls.magnetic.Recv_time_offset);
                                                           ~^
                                                           %ld
../Core/Src/logic.c:508:76: warning: format '%d' expects argument of type 'int', but argument 4 has type 'TickType_t {aka long unsigned int}' [-Wformat=]
     printf("[logic] Slave Tick Time Recv master[%d] slave[%d] tick_offset[%d] \r\n",master_tick, slave_tick,ls.magnetic.Recv_time_offset);
                                                                           ~^                                ~~~~~~~~~~~~~~~~~~~~~~~~~~~~
                                                                           %ld
../Core/Src/logic.c:513:48: warning: format '%d' expects argument of type 'int', but argument 2 has type 'TickType_t {aka long unsigned int}' [-Wformat=]
     printf("[logic] Slave Magnetic Time Recv [%d] \r\n",ls.magnetic.Recv_traffic_time);
                                               ~^        ~~~~~~~~~~~~~~~~~~~~~~~~~~~~~
                                               %ld
../Core/Src/logic.c:479:10: warning: unused variable 'device_id' [-Wunused-variable]
  uint8_t device_id = 0;
          ^~~~~~~~~
../Core/Src/logic.c: In function 'Modem_Packet_Parse':
../Core/Src/logic.c:610:4: warning: implicit declaration of function 'Set_DRM' [-Wimplicit-function-declaration]
    Set_DRM(&buff[0]);
    ^~~~~~~
../Core/Src/logic.c:659:5: warning: implicit declaration of function 'Send_Status' [-Wimplicit-function-declaration]
     Send_Status();
     ^~~~~~~~~~~
../Core/Src/logic.c:799:4: warning: implicit declaration of function 'Send_BLE_INTERVAL_SET'; did you mean 'DRM_BLE_ADVINTERVAL_SET'? [-Wimplicit-function-declaration]
    Send_BLE_INTERVAL_SET(ls.ble.isADVInterval);
    ^~~~~~~~~~~~~~~~~~~~~
    DRM_BLE_ADVINTERVAL_SET
../Core/Src/logic.c: At top level:
../Core/Src/logic.c:808:6: warning: conflicting types for 'Set_DRM'
 void Set_DRM(uint8_t* ptr)
      ^~~~~~~
../Core/Src/logic.c:610:4: note: previous implicit declaration of 'Set_DRM' was here
    Set_DRM(&buff[0]);
    ^~~~~~~
../Core/Src/logic.c: In function 'Send_Standby':
../Core/Src/logic.c:842:11: warning: unused variable 'calc_lrc' [-Wunused-variable]
  uint16_t calc_lrc = 0;
           ^~~~~~~~
../Core/Src/logic.c: In function 'Send_Modem_Status':
../Core/Src/logic.c:862:11: warning: unused variable 'calc_lrc' [-Wunused-variable]
  uint16_t calc_lrc = 0;
           ^~~~~~~~
../Core/Src/logic.c:861:10: warning: unused variable 'temp_data' [-Wunused-variable]
  uint8_t temp_data = 0;
          ^~~~~~~~~
../Core/Src/logic.c: At top level:
../Core/Src/logic.c:892:6: warning: conflicting types for 'Send_Status'
 void Send_Status()
      ^~~~~~~~~~~
../Core/Src/logic.c:659:5: note: previous implicit declaration of 'Send_Status' was here
     Send_Status();
     ^~~~~~~~~~~
../Core/Src/logic.c: In function 'Send_Status':
../Core/Src/logic.c:921:27: warning: passing argument 1 of 'CalcLRC' from incompatible pointer type [-Wincompatible-pointer-types]
  send_buf[bp++] = CalcLRC(&send_buf, 1, bp - 1);  //CRC;
                           ^
In file included from ../Core/Src/logic.c:19:0:
D:/¿Ã¡ÿøÏ/02_softwave/2025_magnetic Sensor/02_DRM_Controller_v1.0_magnetic_Slave/Core/Inc/uart.h:72:9: note: expected 'uint8_t * {aka unsigned char *}' but argument is of type 'uint8_t (*)[128] {aka unsigned char (*)[128]}'
 uint8_t CalcLRC(uint8_t* data, uint16_t offset, uint32_t size);
         ^~~~~~~
../Core/Src/logic.c:921:13: warning: operation on 'bp' may be undefined [-Wsequence-point]
  send_buf[bp++] = CalcLRC(&send_buf, 1, bp - 1);  //CRC;
           ~~^~
../Core/Src/logic.c:897:11: warning: unused variable 'sum' [-Wunused-variable]
  uint32_t sum = 0;
           ^~~
../Core/Src/logic.c:896:11: warning: unused variable 'calc_lrc' [-Wunused-variable]
  uint16_t calc_lrc = 0;
           ^~~~~~~~
../Core/Src/logic.c: In function 'Send_Register':
../Core/Src/logic.c:949:27: warning: passing argument 1 of 'CalcLRC' from incompatible pointer type [-Wincompatible-pointer-types]
  send_buf[bp++] = CalcLRC(&send_buf, 1, bp - 1);  //CRC;
                           ^
In file included from ../Core/Src/logic.c:19:0:
D:/¿Ã¡ÿøÏ/02_softwave/2025_magnetic Sensor/02_DRM_Controller_v1.0_magnetic_Slave/Core/Inc/uart.h:72:9: note: expected 'uint8_t * {aka unsigned char *}' but argument is of type 'uint8_t (*)[128] {aka unsigned char (*)[128]}'
 uint8_t CalcLRC(uint8_t* data, uint16_t offset, uint32_t size);
         ^~~~~~~
../Core/Src/logic.c:949:13: warning: operation on 'bp' may be undefined [-Wsequence-point]
  send_buf[bp++] = CalcLRC(&send_buf, 1, bp - 1);  //CRC;
           ~~^~
../Core/Src/logic.c:933:11: warning: unused variable 'calc_lrc' [-Wunused-variable]
  uint16_t calc_lrc = 0;
           ^~~~~~~~
../Core/Src/logic.c:932:10: warning: unused variable 'temp_data' [-Wunused-variable]
  uint8_t temp_data = 0;
          ^~~~~~~~~
../Core/Src/logic.c: In function 'DisplayTestMode':
../Core/Src/logic.c:1049:5: warning: implicit declaration of function 'dispSetBright' [-Wimplicit-function-declaration]
     dispSetBright(bright);
     ^~~~~~~~~~~~~
../Core/Src/logic.c:1051:5: warning: implicit declaration of function 'dispSetData'; did you mean 'commSendData'? [-Wimplicit-function-declaration]
     dispSetData(&ls.tdis.Disp_Led);
     ^~~~~~~~~~~
     commSendData
../Core/Src/logic.c:1052:5: warning: implicit declaration of function 'dispRefresh' [-Wimplicit-function-declaration]
     dispRefresh();
     ^~~~~~~~~~~
../Core/Src/logic.c: At top level:
../Core/Src/logic.c:1216:6: warning: conflicting types for 'Send_BLE_check'
 void Send_BLE_check()
      ^~~~~~~~~~~~~~
../Core/Src/logic.c:176:2: note: previous implicit declaration of 'Send_BLE_check' was here
  Send_BLE_check();
  ^~~~~~~~~~~~~~
../Core/Src/logic.c: In function 'Send_BLE_check':
../Core/Src/logic.c:1223:4: warning: implicit declaration of function 'UART_StrOut'; did you mean 'UART_Baud'? [-Wimplicit-function-declaration]
    UART_StrOut(BLE_UART_PORT, ls.ble.command_str);
    ^~~~~~~~~~~
    UART_Baud
../Core/Src/logic.c: At top level:
../Core/Src/logic.c:1237:6: warning: conflicting types for 'Send_BLE_PacketMode_REQ'
 void Send_BLE_PacketMode_REQ()
      ^~~~~~~~~~~~~~~~~~~~~~~
../Core/Src/logic.c:182:2: note: previous implicit declaration of 'Send_BLE_PacketMode_REQ' was here
  Send_BLE_PacketMode_REQ();
  ^~~~~~~~~~~~~~~~~~~~~~~
../Core/Src/logic.c:1361:6: warning: conflicting types for 'Send_BLE_MANUF_SET'
 void Send_BLE_MANUF_SET()
      ^~~~~~~~~~~~~~~~~~
../Core/Src/logic.c:178:2: note: previous implicit declaration of 'Send_BLE_MANUF_SET' was here
  Send_BLE_MANUF_SET();
  ^~~~~~~~~~~~~~~~~~
../Core/Src/logic.c:1372:6: warning: conflicting types for 'Send_BLE_INTERVAL_SET'
 void Send_BLE_INTERVAL_SET(uint16_t interval)
      ^~~~~~~~~~~~~~~~~~~~~
../Core/Src/logic.c:799:4: note: previous implicit declaration of 'Send_BLE_INTERVAL_SET' was here
    Send_BLE_INTERVAL_SET(ls.ble.isADVInterval);
    ^~~~~~~~~~~~~~~~~~~~~
../Core/Src/logic.c:1383:6: warning: conflicting types for 'Send_BLE_UART_SET'
 void Send_BLE_UART_SET(uint32_t baud)
      ^~~~~~~~~~~~~~~~~
../Core/Src/logic.c:188:3: note: previous implicit declaration of 'Send_BLE_UART_SET' was here
   Send_BLE_UART_SET(115200);
   ^~~~~~~~~~~~~~~~~
../Core/Src/logic.c: In function 'Send_BLE_UART_SET':
../Core/Src/logic.c:1387:42: warning: format '%d' expects argument of type 'int', but argument 3 has type 'uint32_t {aka long unsigned int}' [-Wformat=]
    sprintf(ls.ble.command_str, "AT+UART=%d\r", baud);
                                         ~^
                                         %ld
../Core/Src/logic.c: In function 'Read_Params':
../Core/Src/logic.c:1397:2: warning: implicit declaration of function 'ReadFRAMMemory' [-Wimplicit-function-declaration]
  ReadFRAMMemory(0x00, &ls.modem, sizeof(MODEM_T));
  ^~~~~~~~~~~~~~
../Core/Src/logic.c:1398:2: warning: implicit declaration of function 'Print_Params'; did you mean 'Read_Params'? [-Wimplicit-function-declaration]
  Print_Params();
  ^~~~~~~~~~~~
  Read_Params
../Core/Src/logic.c: In function 'Save_Params':
../Core/Src/logic.c:1403:2: warning: implicit declaration of function 'SaveFRAMMemory' [-Wimplicit-function-declaration]
  SaveFRAMMemory(0x00, ptr, size);
  ^~~~~~~~~~~~~~
../Core/Src/logic.c: At top level:
../Core/Src/logic.c:1407:6: warning: conflicting types for 'Print_Params'
 void Print_Params()
      ^~~~~~~~~~~~
../Core/Src/logic.c:1398:2: note: previous implicit declaration of 'Print_Params' was here
  Print_Params();
  ^~~~~~~~~~~~
../Core/Src/logic.c:1416:6: warning: conflicting types for 'SaveFRAMMemory'
 void SaveFRAMMemory(uint32_t address, uint8_t *pData, uint16_t Size) {
      ^~~~~~~~~~~~~~
../Core/Src/logic.c:1403:2: note: previous implicit declaration of 'SaveFRAMMemory' was here
  SaveFRAMMemory(0x00, ptr, size);
  ^~~~~~~~~~~~~~
../Core/Src/logic.c: In function 'SaveFRAMMemory':
../Core/Src/logic.c:1436:54: warning: passing argument 3 of 'HAL_I2C_Master_Transmit' from incompatible pointer type [-Wincompatible-pointer-types]
   stat = HAL_I2C_Master_Transmit(&hi2c1, DevAddress, &ls.FRAM_SaveBuff, 2+Size, 1000);
                                                      ^
In file included from D:/¿Ã¡ÿøÏ/02_softwave/2025_magnetic Sensor/02_DRM_Controller_v1.0_magnetic_Slave/Core/Inc/stm32l0xx_hal_conf.h:236:0,
                 from D:/¿Ã¡ÿøÏ/02_softwave/2025_magnetic Sensor/02_DRM_Controller_v1.0_magnetic_Slave/Drivers/STM32L0xx_HAL_Driver/Inc/stm32l0xx_hal.h:30,
                 from ../Core/Src/logic.c:16:
D:/¿Ã¡ÿøÏ/02_softwave/2025_magnetic Sensor/02_DRM_Controller_v1.0_magnetic_Slave/Drivers/STM32L0xx_HAL_Driver/Inc/stm32l0xx_hal_i2c.h:622:19: note: expected 'uint8_t * {aka unsigned char *}' but argument is of type 'uint8_t (*)[256] {aka unsigned char (*)[256]}'
 HAL_StatusTypeDef HAL_I2C_Master_Transmit(I2C_HandleTypeDef *hi2c, uint16_t DevAddress, uint8_t *pData,
                   ^~~~~~~~~~~~~~~~~~~~~~~
../Core/Src/logic.c: At top level:
../Core/Src/logic.c:1486:6: warning: conflicting types for 'ReadFRAMMemory'
 void ReadFRAMMemory(uint32_t address, uint8_t *pData, uint16_t Size) {
      ^~~~~~~~~~~~~~
../Core/Src/logic.c:1397:2: note: previous implicit declaration of 'ReadFRAMMemory' was here
  ReadFRAMMemory(0x00, &ls.modem, sizeof(MODEM_T));
  ^~~~~~~~~~~~~~
../Core/Src/logic.c: In function 'small_rms_push_and_get':
../Core/Src/logic.c:1611:17: warning: implicit declaration of function 'sqrtf' [-Wimplicit-function-declaration]
     float rms = sqrtf((float)s_ring_acc2 / (float)RMS_WIN);
                 ^~~~~
../Core/Src/logic.c:1611:17: warning: incompatible implicit declaration of built-in function 'sqrtf'
../Core/Src/logic.c:1611:17: note: include '<math.h>' or provide a declaration of 'sqrtf'
../Core/Src/logic.c:1612:22: warning: implicit declaration of function 'lrintf' [-Wimplicit-function-declaration]
     return (uint16_t)lrintf(rms);
                      ^~~~~~
../Core/Src/logic.c:1612:22: warning: incompatible implicit declaration of built-in function 'lrintf'
../Core/Src/logic.c:1612:22: note: include '<math.h>' or provide a declaration of 'lrintf'
../Core/Src/logic.c: In function 'calc_bmag_i16':
../Core/Src/logic.c:1636:16: warning: incompatible implicit declaration of built-in function 'sqrtf'
     float m  = sqrtf(fx*fx + fy*fy + fz*fz);
                ^~~~~
../Core/Src/logic.c:1636:16: note: include '<math.h>' or provide a declaration of 'sqrtf'
../Core/Src/logic.c:1637:21: warning: incompatible implicit declaration of built-in function 'lrintf'
     return (int16_t)lrintf(m);
                     ^~~~~~
../Core/Src/logic.c:1637:21: note: include '<math.h>' or provide a declaration of 'lrintf'
../Core/Src/logic.c: At top level:
../Core/Src/logic.c:1644:6: warning: conflicting types for 'Magnetic_Sensor_Init'
 void Magnetic_Sensor_Init(void)
      ^~~~~~~~~~~~~~~~~~~~
../Core/Src/logic.c:128:2: note: previous implicit declaration of 'Magnetic_Sensor_Init' was here
  Magnetic_Sensor_Init();
  ^~~~~~~~~~~~~~~~~~~~
../Core/Src/logic.c: In function 'Magnetic_Sensor_Init':
../Core/Src/logic.c:1652:10: warning: implicit declaration of function 'I2C_Dump' [-Wimplicit-function-declaration]
          I2C_Dump("IsDeviceReady", &hi2c1);
          ^~~~~~~~
../Core/Src/logic.c:1653:10: warning: implicit declaration of function 'I2C_Scan' [-Wimplicit-function-declaration]
          I2C_Scan(&hi2c1);
          ^~~~~~~~
../Core/Src/logic.c:1738:5: warning: implicit declaration of function 'MagProc_Calibrate_from_buf' [-Wimplicit-function-declaration]
     MagProc_Calibrate_from_buf(mbuf, count > 0 ? count : 1);
     ^~~~~~~~~~~~~~~~~~~~~~~~~~
../Core/Src/logic.c: At top level:
../Core/Src/logic.c:1743:6: warning: conflicting types for 'I2C_Dump'
 void I2C_Dump(const char* tag, I2C_HandleTypeDef* h)
      ^~~~~~~~
../Core/Src/logic.c:1652:10: note: previous implicit declaration of 'I2C_Dump' was here
          I2C_Dump("IsDeviceReady", &hi2c1);
          ^~~~~~~~
../Core/Src/logic.c:1753:6: warning: conflicting types for 'I2C_Scan'
 void I2C_Scan(I2C_HandleTypeDef* h)
      ^~~~~~~~
../Core/Src/logic.c:1653:10: note: previous implicit declaration of 'I2C_Scan' was here
          I2C_Scan(&hi2c1);
          ^~~~~~~~
../Core/Src/logic.c:1768:6: warning: conflicting types for 'MagProc_Calibrate_from_buf'
 void MagProc_Calibrate_from_buf(const int16_t* buf, int n)
      ^~~~~~~~~~~~~~~~~~~~~~~~~~
../Core/Src/logic.c:1738:5: note: previous implicit declaration of 'MagProc_Calibrate_from_buf' was here
     MagProc_Calibrate_from_buf(mbuf, count > 0 ? count : 1);
     ^~~~~~~~~~~~~~~~~~~~~~~~~~
../Core/Src/logic.c: In function 'MagProc_Calibrate_from_buf':
../Core/Src/logic.c:1779:19: warning: incompatible implicit declaration of built-in function 'sqrtf'
     float sigma = sqrtf((float)(s2 / (double)n));
                   ^~~~~
../Core/Src/logic.c:1779:19: note: include '<math.h>' or provide a declaration of 'sqrtf'
../Core/Src/logic.c:1781:34: warning: implicit declaration of function 'llroundf' [-Wimplicit-function-declaration]
     ls.magnetic.Z0    = (int32_t)llroundf(mean);
                                  ^~~~~~~~
../Core/Src/logic.c:1781:34: warning: incompatible implicit declaration of built-in function 'llroundf'
../Core/Src/logic.c:1781:34: note: include '<math.h>' or provide a declaration of 'llroundf'
../Core/Src/logic.c:1785:26: warning: incompatible implicit declaration of built-in function 'lrintf'
     int16_t T = (int16_t)lrintf(fmaxf((float)T_ABS_MIN_FLOOR, K_SIGMA_INIT * sigma));
                          ^~~~~~
../Core/Src/logic.c:1785:26: note: include '<math.h>' or provide a declaration of 'lrintf'
../Core/Src/logic.c:1785:33: warning: implicit declaration of function 'fmaxf' [-Wimplicit-function-declaration]
     int16_t T = (int16_t)lrintf(fmaxf((float)T_ABS_MIN_FLOOR, K_SIGMA_INIT * sigma));
                                 ^~~~~
../Core/Src/logic.c:1785:33: warning: incompatible implicit declaration of built-in function 'fmaxf'
../Core/Src/logic.c:1785:33: note: include '<math.h>' or provide a declaration of 'fmaxf'
../Core/Src/logic.c: In function 'MagProc_Autotune_idle':
../Core/Src/logic.c:1815:34: warning: incompatible implicit declaration of built-in function 'lrintf'
     int16_t suggested = (int16_t)lrintf(fmaxf((float)T_ABS_MIN_FLOOR, 4.5f * s_noise_ema_abs));
                                  ^~~~~~
../Core/Src/logic.c:1815:34: note: include '<math.h>' or provide a declaration of 'lrintf'
../Core/Src/logic.c:1815:41: warning: incompatible implicit declaration of built-in function 'fmaxf'
     int16_t suggested = (int16_t)lrintf(fmaxf((float)T_ABS_MIN_FLOOR, 4.5f * s_noise_ema_abs));
                                         ^~~~~
../Core/Src/logic.c:1815:41: note: include '<math.h>' or provide a declaration of 'fmaxf'
../Core/Src/logic.c: In function 'Magnetic_DRDY':
../Core/Src/logic.c:1861:6: warning: this 'else' clause does not guard... [-Wmisleading-indentation]
      else
      ^~~~
../Core/Src/logic.c:1865:3: note: ...this statement, but the latter is misleadingly indented as if it were guarded by the 'else'
   HAL_I2C_Mem_Read(&hi2c1, LIS2MDL_ADDR<<1, CFG_REG_A, 1, crt_regA_state, 3, HAL_MAX_DELAY);
   ^~~~~~~~~~~~~~~~
../Core/Src/logic.c: In function 'Magnetic_Sensor_Read_stsus_check':
../Core/Src/logic.c:1897:29: warning: implicit declaration of function 'atan2f' [-Wimplicit-function-declaration]
             float heading = atan2f((float)prevY, (float)prevX) * (180.0f / 3.14159265f);
                             ^~~~~~
../Core/Src/logic.c:1897:29: warning: incompatible implicit declaration of built-in function 'atan2f'
../Core/Src/logic.c:1897:29: note: include '<math.h>' or provide a declaration of 'atan2f'
../Core/Src/logic.c: In function 'Magnetic_Sensor_Read':
../Core/Src/logic.c:1929:5: warning: implicit declaration of function 'MagProc_Process_sample'; did you mean 'MagProc_Autotune_idle'? [-Wimplicit-function-declaration]
     MagProc_Process_sample(bmag, ls.magnetic.Recv_traffic_time /* or 0 */);
     ^~~~~~~~~~~~~~~~~~~~~~
     MagProc_Autotune_idle
../Core/Src/logic.c: In function 'Traffic_Cal_Min':
../Core/Src/logic.c:1990:35: warning: format '%d' expects argument of type 'int', but argument 2 has type 'TickType_t {aka long unsigned int}' [-Wformat=]
     printf("[logic] master Tick [%d] Slave Tick [%d] Duration Tick [%d] \r\n",vehicle_exit_tick, ls.magnetic.Recv_traffic_time, duration_ticks);
                                  ~^
                                  %ld
../Core/Src/logic.c:1990:51: warning: format '%d' expects argument of type 'int', but argument 3 has type 'TickType_t {aka long unsigned int}' [-Wformat=]
     printf("[logic] master Tick [%d] Slave Tick [%d] Duration Tick [%d] \r\n",vehicle_exit_tick, ls.magnetic.Recv_traffic_time, duration_ticks);
                                                  ~^                                              ~~~~~~~~~~~~~~~~~~~~~~~~~~~~~
                                                  %ld
../Core/Src/logic.c:1990:70: warning: format '%d' expects argument of type 'int', but argument 4 has type 'TickType_t {aka long unsigned int}' [-Wformat=]
     printf("[logic] master Tick [%d] Slave Tick [%d] Duration Tick [%d] \r\n",vehicle_exit_tick, ls.magnetic.Recv_traffic_time, duration_ticks);
                                                                     ~^
                                                                     %ld
../Core/Src/logic.c:1996:56: warning: format '%f' expects argument of type 'double', but argument 4 has type 'int' [-Wformat=]
     printf("[TESTMODE] Speed = %.2f km/h (%.2f sec, %.2f m)\r\n",speed_kph, time_sec, Sensor_Distance);
                                                     ~~~^
                                                     %.2d
../Core/Src/logic.c:2002:5: warning: implicit declaration of function 'Send_Magnetic_Time'; did you mean 'Magnetic_DRDY'? [-Wimplicit-function-declaration]
     Send_Magnetic_Time();
     ^~~~~~~~~~~~~~~~~~
     Magnetic_DRDY
../Core/Src/logic.c: At top level:
../Core/Src/logic.c:2047:6: warning: conflicting types for 'MagProc_Process_sample'
 void MagProc_Process_sample(int16_t rec_mag, TickType_t peer_tick_or_0)
      ^~~~~~~~~~~~~~~~~~~~~~
../Core/Src/logic.c:1929:5: note: previous implicit declaration of 'MagProc_Process_sample' was here
     MagProc_Process_sample(bmag, ls.magnetic.Recv_traffic_time /* or 0 */);
     ^~~~~~~~~~~~~~~~~~~~~~
../Core/Src/logic.c: In function 'MagProc_Process_sample':
../Core/Src/logic.c:2105:9: warning: implicit declaration of function 'Send_Magnetic_data'; did you mean 'Magnetic_DRDY'? [-Wimplicit-function-declaration]
         Send_Magnetic_data();
         ^~~~~~~~~~~~~~~~~~
         Magnetic_DRDY
../Core/Src/logic.c: In function 'logicMagneticTask':
../Core/Src/logic.c:2187:19: warning: unused variable 'tickNow' [-Wunused-variable]
  const TickType_t tickNow = xTaskGetTickCount();
                   ^~~~~~~
../Core/Src/logic.c: In function 'Send_Connect_RQ':
../Core/Src/logic.c:2215:13: warning: operation on 'bp' may be undefined [-Wsequence-point]
  send_buf[bp++] = CalcLRC(send_buf,1,bp-1);
           ~~^~
../Core/Src/logic.c:2202:11: warning: unused variable 'calc_lrc' [-Wunused-variable]
  uint16_t calc_lrc = 0;
           ^~~~~~~~
../Core/Src/logic.c: At top level:
../Core/Src/logic.c:2223:6: warning: conflicting types for 'Send_Connect_Ack'
 void Send_Connect_Ack()
      ^~~~~~~~~~~~~~~~
../Core/Src/logic.c:492:5: note: previous implicit declaration of 'Send_Connect_Ack' was here
     Send_Connect_Ack();
     ^~~~~~~~~~~~~~~~
../Core/Src/logic.c: In function 'Send_Connect_Ack':
../Core/Src/logic.c:2239:13: warning: operation on 'bp' may be undefined [-Wsequence-point]
  send_buf[bp++] = CalcLRC(send_buf,1,bp-1);
           ~~^~
../Core/Src/logic.c:2226:11: warning: unused variable 'calc_lrc' [-Wunused-variable]
  uint16_t calc_lrc = 0;
           ^~~~~~~~
../Core/Src/logic.c: At top level:
../Core/Src/logic.c:2246:6: warning: conflicting types for 'Send_Time_Sync_RQ'
 void Send_Time_Sync_RQ()
      ^~~~~~~~~~~~~~~~~
../Core/Src/logic.c:497:5: note: previous implicit declaration of 'Send_Time_Sync_RQ' was here
     Send_Time_Sync_RQ();
     ^~~~~~~~~~~~~~~~~
../Core/Src/logic.c: In function 'Send_Time_Sync_RQ':
../Core/Src/logic.c:2263:13: warning: operation on 'bp' may be undefined [-Wsequence-point]
  send_buf[bp++] = CalcLRC(send_buf,1,bp-1);
           ~~^~
../Core/Src/logic.c:2249:11: warning: unused variable 'calc_lrc' [-Wunused-variable]
  uint16_t calc_lrc = 0;
           ^~~~~~~~
../Core/Src/logic.c: At top level:
../Core/Src/logic.c:2271:6: warning: conflicting types for 'Send_Time_Sync_ACK'
 void Send_Time_Sync_ACK(uint8_t *data)
      ^~~~~~~~~~~~~~~~~~
../Core/Src/logic.c:501:5: note: previous implicit declaration of 'Send_Time_Sync_ACK' was here
     Send_Time_Sync_ACK();
     ^~~~~~~~~~~~~~~~~~
../Core/Src/logic.c: In function 'Send_Time_Sync_ACK':
../Core/Src/logic.c:2289:13: warning: operation on 'bp' may be undefined [-Wsequence-point]
  send_buf[bp++] = CalcLRC(send_buf,1,bp-1);
           ~~^~
../Core/Src/logic.c:2275:11: warning: unused variable 'calc_lrc' [-Wunused-variable]
  uint16_t calc_lrc = 0;
           ^~~~~~~~
../Core/Src/logic.c: At top level:
../Core/Src/logic.c:2297:6: warning: conflicting types for 'Send_Magnetic_Time'
 void Send_Magnetic_Time()
      ^~~~~~~~~~~~~~~~~~
../Core/Src/logic.c:2002:5: note: previous implicit declaration of 'Send_Magnetic_Time' was here
     Send_Magnetic_Time();
     ^~~~~~~~~~~~~~~~~~
../Core/Src/logic.c: In function 'Send_Magnetic_Time':
../Core/Src/logic.c:2318:13: warning: operation on 'bp' may be undefined [-Wsequence-point]
  send_buf[bp++] = CalcLRC(send_buf,1,bp-1);
           ~~^~
../Core/Src/logic.c:2303:11: warning: unused variable 'calc_lrc' [-Wunused-variable]
  uint16_t calc_lrc = 0;
           ^~~~~~~~
../Core/Src/logic.c: In function 'Send_Magnetic_Time_Recv':
../Core/Src/logic.c:2342:13: warning: operation on 'bp' may be undefined [-Wsequence-point]
  send_buf[bp++] = CalcLRC(send_buf,1,bp-1);
           ~~^~
../Core/Src/logic.c:2328:11: warning: unused variable 'calc_lrc' [-Wunused-variable]
  uint16_t calc_lrc = 0;
           ^~~~~~~~
../Core/Src/logic.c: At top level:
../Core/Src/logic.c:2350:6: warning: conflicting types for 'Send_Magnetic_data'
 void Send_Magnetic_data()
      ^~~~~~~~~~~~~~~~~~
../Core/Src/logic.c:2105:9: note: previous implicit declaration of 'Send_Magnetic_data' was here
         Send_Magnetic_data();
         ^~~~~~~~~~~~~~~~~~
../Core/Src/logic.c: In function 'Send_Magnetic_data':
../Core/Src/logic.c:2354:11: warning: unused variable 'calc_lrc' [-Wunused-variable]
  uint16_t calc_lrc = 0;
           ^~~~~~~~
At top level:
../Core/Src/logic.c:1087:13: warning: 'DisplayWorkingMode' defined but not used [-Wunused-function]
 static void DisplayWorkingMode()
             ^~~~~~~~~~~~~~~~~~
Finished building: ../Core/Src/logic.c
 
Building target: 02_DRM_Controller_v1.0_magnetic_Slave.elf
Invoking: MCU GCC Linker
arm-none-eabi-gcc -mcpu=cortex-m0plus -mthumb -mfloat-abi=soft -specs=nosys.specs -specs=nano.specs -u _printf_float -T"../STM32L071CBTx_FLASH.ld" -Wl,-Map=output.map -Wl,--gc-sections -o "02_DRM_Controller_v1.0_magnetic_Slave.elf" @"objects.list"   -lm
Finished building target: 02_DRM_Controller_v1.0_magnetic_Slave.elf
 
make --no-print-directory post-build
Generating hex and Printing size information:
arm-none-eabi-objcopy -O ihex "02_DRM_Controller_v1.0_magnetic_Slave.elf" "02_DRM_Controller_v1.0_magnetic_Slave.hex"
arm-none-eabi-size "02_DRM_Controller_v1.0_magnetic_Slave.elf"
   text	   data	    bss	    dec	    hex	filename
  49424	    492	  18672	  68588	  10bec	02_DRM_Controller_v1.0_magnetic_Slave.elf
 

16:29:21 Build Finished (took 2s.225ms)

