22:48:14 **** Incremental Build of configuration Debug for project 02_DRM_Controller_v1.0_NoRTOS ****
make -j12 all 
Building file: ../Core/Src/logic.c
Invoking: MCU GCC Compiler
D:\이준우\02_softwave\2025_magnetic Sensor\02_DRM_Controller_v1.0_NoRTOS\Debug
arm-none-eabi-gcc -mcpu=cortex-m0plus -mthumb -mfloat-abi=soft -DUSE_HAL_DRIVER -DSTM32L071xx -I"D:/이준우/02_softwave/2025_magnetic Sensor/02_DRM_Controller_v1.0_NoRTOS/Core/Inc" -I"D:/이준우/02_softwave/2025_magnetic Sensor/02_DRM_Controller_v1.0_NoRTOS/Drivers/STM32L0xx_HAL_Driver/Inc" -I"D:/이준우/02_softwave/2025_magnetic Sensor/02_DRM_Controller_v1.0_NoRTOS/Drivers/STM32L0xx_HAL_Driver/Inc/Legacy" -I"D:/이준우/02_softwave/2025_magnetic Sensor/02_DRM_Controller_v1.0_NoRTOS/Middlewares/Third_Party/FreeRTOS/Source/include" -I"D:/이준우/02_softwave/2025_magnetic Sensor/02_DRM_Controller_v1.0_NoRTOS/Middlewares/Third_Party/FreeRTOS/Source/CMSIS_RTOS" -I"D:/이준우/02_softwave/2025_magnetic Sensor/02_DRM_Controller_v1.0_NoRTOS/Middlewares/Third_Party/FreeRTOS/Source/portable/GCC/ARM_CM0" -I"D:/이준우/02_softwave/2025_magnetic Sensor/02_DRM_Controller_v1.0_NoRTOS/Drivers/CMSIS/Device/ST/STM32L0xx/Include" -I"D:/이준우/02_softwave/2025_magnetic Sensor/02_DRM_Controller_v1.0_NoRTOS/Drivers/CMSIS/Include"  -Og -g3 -Wall -fmessage-length=0 -ffunction-sections -c -fmessage-length=0 -MMD -MP -MF"Core/Src/logic.d" -MT"Core/Src/logic.o" -o "Core/Src/logic.o" "../Core/Src/logic.c"
../Core/Src/logic.c: In function 'SleepMode':
../Core/Src/logic.c:91:2: warning: implicit declaration of function 'periRFWakeup' [-Wimplicit-function-declaration]
  periRFWakeup(pdFALSE);
  ^~~~~~~~~~~~
../Core/Src/logic.c:92:2: warning: implicit declaration of function 'periRFSet' [-Wimplicit-function-declaration]
  periRFSet(pdFALSE);
  ^~~~~~~~~
../Core/Src/logic.c: In function 'StopMode':
../Core/Src/logic.c:133:2: warning: implicit declaration of function 'SystemClock_Config'; did you mean 'SysTick_Config'? [-Wimplicit-function-declaration]
  SystemClock_Config();
  ^~~~~~~~~~~~~~~~~~
  SysTick_Config
../Core/Src/logic.c: In function 'logicInit':
../Core/Src/logic.c:187:2: warning: implicit declaration of function 'periInit'; did you mean 'commInit'? [-Wimplicit-function-declaration]
  periInit();
  ^~~~~~~~
  commInit
../Core/Src/logic.c:189:2: warning: implicit declaration of function 'Magnetic_Sensor_Init'; did you mean 'Magnetic_Time_Recv'? [-Wimplicit-function-declaration]
  Magnetic_Sensor_Init();
  ^~~~~~~~~~~~~~~~~~~~
  Magnetic_Time_Recv
../Core/Src/logic.c: In function 'logicRFModemInit':
../Core/Src/logic.c:205:2: warning: implicit declaration of function 'periRFModule' [-Wimplicit-function-declaration]
  periRFModule(rfset);
  ^~~~~~~~~~~~
../Core/Src/logic.c:219:2: warning: implicit declaration of function 'periRFReset' [-Wimplicit-function-declaration]
  periRFReset();
  ^~~~~~~~~~~
../Core/Src/logic.c: In function 'logicPeriTask':
../Core/Src/logic.c:259:2: warning: implicit declaration of function 'periSetLamp' [-Wimplicit-function-declaration]
  periSetLamp(ls.indi.Program);
  ^~~~~~~~~~~
../Core/Src/logic.c: In function 'logicUartTask':
../Core/Src/logic.c:323:2: warning: implicit declaration of function 'Modem_Receive_Check'; did you mean 'MCU_Receive_Check'? [-Wimplicit-function-declaration]
  Modem_Receive_Check();
  ^~~~~~~~~~~~~~~~~~~
  MCU_Receive_Check
../Core/Src/logic.c:352:4: warning: implicit declaration of function 'Send_Register' [-Wimplicit-function-declaration]
    Send_Register();
    ^~~~~~~~~~~~~
../Core/Src/logic.c:360:4: warning: implicit declaration of function 'Send_Status' [-Wimplicit-function-declaration]
    Send_Status();
    ^~~~~~~~~~~
../Core/Src/logic.c:325:10: warning: unused variable 'device_id' [-Wunused-variable]
  uint8_t device_id = 0;
          ^~~~~~~~~
../Core/Src/logic.c: In function 'logicBLETask':
../Core/Src/logic.c:375:2: warning: implicit declaration of function 'periSetBLESleep' [-Wimplicit-function-declaration]
  periSetBLESleep(pdFALSE);
  ^~~~~~~~~~~~~~~
../Core/Src/logic.c:379:9: warning: implicit declaration of function 'periGetBLE'; did you mean 'portDOUBLE'? [-Wimplicit-function-declaration]
   ble = periGetBLE();
         ^~~~~~~~~~
         portDOUBLE
../Core/Src/logic.c:386:5: warning: implicit declaration of function 'periSetBLE'; did you mean 'portDOUBLE'? [-Wimplicit-function-declaration]
     periSetBLE(GPIO_PIN_RESET);  //Bypass Mode
     ^~~~~~~~~~
     portDOUBLE
../Core/Src/logic.c:408:7: warning: implicit declaration of function 'Send_BLE_UART_SET'; did you mean 'DRM_BLE_NAME_SET'? [-Wimplicit-function-declaration]
       Send_BLE_UART_SET(Baud[0]);
       ^~~~~~~~~~~~~~~~~
       DRM_BLE_NAME_SET
../Core/Src/logic.c:434:8: warning: implicit declaration of function 'Send_BLE_check' [-Wimplicit-function-declaration]
        Send_BLE_check();
        ^~~~~~~~~~~~~~
../Core/Src/logic.c:493:6: warning: implicit declaration of function 'Send_BLE_Info_REQ'; did you mean 'DRM_BLE_NAME_REQ'? [-Wimplicit-function-declaration]
      Send_BLE_Info_REQ();
      ^~~~~~~~~~~~~~~~~
      DRM_BLE_NAME_REQ
../Core/Src/logic.c:501:6: warning: implicit declaration of function 'Send_BLE_MANUF_SET'; did you mean 'DRM_BLE_NAME_SET'? [-Wimplicit-function-declaration]
      Send_BLE_MANUF_SET();
      ^~~~~~~~~~~~~~~~~~
      DRM_BLE_NAME_SET
../Core/Src/logic.c:528:2: warning: implicit declaration of function 'BLE_Receive_Check'; did you mean 'MCU_Receive_Check'? [-Wimplicit-function-declaration]
  BLE_Receive_Check(ls.ble.isMode);
  ^~~~~~~~~~~~~~~~~
  MCU_Receive_Check
../Core/Src/logic.c:539:4: warning: implicit declaration of function 'Send_Modem_Status' [-Wimplicit-function-declaration]
    Send_Modem_Status();
    ^~~~~~~~~~~~~~~~~
../Core/Src/logic.c:548:4: warning: implicit declaration of function 'Send_BLE_MANUF_Status_REQ' [-Wimplicit-function-declaration]
    Send_BLE_MANUF_Status_REQ();
    ^~~~~~~~~~~~~~~~~~~~~~~~~
../Core/Src/logic.c:560:4: warning: implicit declaration of function 'Send_BLE_ADVDATA_Status_REQ'; did you mean 'DRM_BLE_ADVDATA_REQ'? [-Wimplicit-function-declaration]
    Send_BLE_ADVDATA_Status_REQ();
    ^~~~~~~~~~~~~~~~~~~~~~~~~~~
    DRM_BLE_ADVDATA_REQ
../Core/Src/logic.c:568:4: warning: implicit declaration of function 'Send_BLE_ADVDATA_SET'; did you mean 'DRM_BLE_ADVDATA_SET'? [-Wimplicit-function-declaration]
    Send_BLE_ADVDATA_SET();
    ^~~~~~~~~~~~~~~~~~~~
    DRM_BLE_ADVDATA_SET
../Core/Src/logic.c: In function 'Modem_Packet_Parse':
../Core/Src/logic.c:611:4: warning: implicit declaration of function 'Set_DRM' [-Wimplicit-function-declaration]
    Set_DRM(&buff[0]);
    ^~~~~~~
../Core/Src/logic.c:790:4: warning: implicit declaration of function 'Send_BLE_INTERVAL_SET'; did you mean 'DRM_BLE_ADVINTERVAL_SET'? [-Wimplicit-function-declaration]
    Send_BLE_INTERVAL_SET(ls.ble.isADVInterval);
    ^~~~~~~~~~~~~~~~~~~~~
    DRM_BLE_ADVINTERVAL_SET
../Core/Src/logic.c: At top level:
../Core/Src/logic.c:799:6: warning: conflicting types for 'Set_DRM'
 void Set_DRM(uint8_t* ptr)
      ^~~~~~~
../Core/Src/logic.c:611:4: note: previous implicit declaration of 'Set_DRM' was here
    Set_DRM(&buff[0]);
    ^~~~~~~
../Core/Src/logic.c: In function 'DisplayTestMode':
../Core/Src/logic.c:1055:5: warning: implicit declaration of function 'dispSetBright' [-Wimplicit-function-declaration]
     dispSetBright(bright);
     ^~~~~~~~~~~~~
../Core/Src/logic.c:1057:5: warning: implicit declaration of function 'dispSetData'; did you mean 'commSendData'? [-Wimplicit-function-declaration]
     dispSetData(&ls.tdis.Disp_Led);
     ^~~~~~~~~~~
     commSendData
../Core/Src/logic.c:1058:5: warning: implicit declaration of function 'dispRefresh' [-Wimplicit-function-declaration]
     dispRefresh();
     ^~~~~~~~~~~
../Core/Src/logic.c: In function 'calc_bmag_i16':
../Core/Src/logic.c:1625:16: warning: implicit declaration of function 'sqrtf' [-Wimplicit-function-declaration]
     float m  = sqrtf(fx*fx + fy*fy + fz*fz);
                ^~~~~
../Core/Src/logic.c:1625:16: warning: incompatible implicit declaration of built-in function 'sqrtf'
../Core/Src/logic.c:1625:16: note: include '<math.h>' or provide a declaration of 'sqrtf'
../Core/Src/logic.c:1626:21: warning: implicit declaration of function 'lrintf' [-Wimplicit-function-declaration]
     return (int16_t)lrintf(m);
                     ^~~~~~
../Core/Src/logic.c:1626:21: warning: incompatible implicit declaration of built-in function 'lrintf'
../Core/Src/logic.c:1626:21: note: include '<math.h>' or provide a declaration of 'lrintf'
../Core/Src/logic.c: At top level:
../Core/Src/logic.c:1633:6: warning: conflicting types for 'Magnetic_Sensor_Init'
 void Magnetic_Sensor_Init(void)
      ^~~~~~~~~~~~~~~~~~~~
../Core/Src/logic.c:189:2: note: previous implicit declaration of 'Magnetic_Sensor_Init' was here
  Magnetic_Sensor_Init();
  ^~~~~~~~~~~~~~~~~~~~
../Core/Src/logic.c: In function 'Magnetic_Sensor_Init':
../Core/Src/logic.c:1641:10: warning: implicit declaration of function 'I2C_Dump' [-Wimplicit-function-declaration]
          I2C_Dump("IsDeviceReady", &hi2c1);
          ^~~~~~~~
../Core/Src/logic.c:1642:10: warning: implicit declaration of function 'I2C_Scan' [-Wimplicit-function-declaration]
          I2C_Scan(&hi2c1);
          ^~~~~~~~
../Core/Src/logic.c:1724:5: warning: implicit declaration of function 'MagProc_Calibrate_from_buf' [-Wimplicit-function-declaration]
     MagProc_Calibrate_from_buf(mbuf, count > 0 ? count : 1);
     ^~~~~~~~~~~~~~~~~~~~~~~~~~
../Core/Src/logic.c: At top level:
../Core/Src/logic.c:1729:6: warning: conflicting types for 'I2C_Dump'
 void I2C_Dump(const char* tag, I2C_HandleTypeDef* h)
      ^~~~~~~~
../Core/Src/logic.c:1641:10: note: previous implicit declaration of 'I2C_Dump' was here
          I2C_Dump("IsDeviceReady", &hi2c1);
          ^~~~~~~~
../Core/Src/logic.c:1739:6: warning: conflicting types for 'I2C_Scan'
 void I2C_Scan(I2C_HandleTypeDef* h)
      ^~~~~~~~
../Core/Src/logic.c:1642:10: note: previous implicit declaration of 'I2C_Scan' was here
          I2C_Scan(&hi2c1);
          ^~~~~~~~
../Core/Src/logic.c:1754:6: warning: conflicting types for 'MagProc_Calibrate_from_buf'
 void MagProc_Calibrate_from_buf(const int16_t* buf, int n)
      ^~~~~~~~~~~~~~~~~~~~~~~~~~
../Core/Src/logic.c:1724:5: note: previous implicit declaration of 'MagProc_Calibrate_from_buf' was here
     MagProc_Calibrate_from_buf(mbuf, count > 0 ? count : 1);
     ^~~~~~~~~~~~~~~~~~~~~~~~~~
../Core/Src/logic.c: In function 'MagProc_Calibrate_from_buf':
../Core/Src/logic.c:1765:19: warning: incompatible implicit declaration of built-in function 'sqrtf'
     float sigma = sqrtf((float)(s2 / (double)n));
                   ^~~~~
../Core/Src/logic.c:1765:19: note: include '<math.h>' or provide a declaration of 'sqrtf'
../Core/Src/logic.c:1767:34: warning: implicit declaration of function 'llroundf' [-Wimplicit-function-declaration]
     ls.magnetic.Z0    = (int32_t)llroundf(mean);   /* baseline of |B| */
                                  ^~~~~~~~
../Core/Src/logic.c:1767:34: warning: incompatible implicit declaration of built-in function 'llroundf'
../Core/Src/logic.c:1767:34: note: include '<math.h>' or provide a declaration of 'llroundf'
../Core/Src/logic.c:1770:26: warning: incompatible implicit declaration of built-in function 'lrintf'
     int16_t T = (int16_t)lrintf(fmaxf((float)T_ABS_MIN, K_SIGMA * sigma));
                          ^~~~~~
../Core/Src/logic.c:1770:26: note: include '<math.h>' or provide a declaration of 'lrintf'
../Core/Src/logic.c:1770:33: warning: implicit declaration of function 'fmaxf' [-Wimplicit-function-declaration]
     int16_t T = (int16_t)lrintf(fmaxf((float)T_ABS_MIN, K_SIGMA * sigma));
                                 ^~~~~
../Core/Src/logic.c:1770:33: warning: incompatible implicit declaration of built-in function 'fmaxf'
../Core/Src/logic.c:1770:33: note: include '<math.h>' or provide a declaration of 'fmaxf'
../Core/Src/logic.c: In function 'Magnetic_DRDY':
../Core/Src/logic.c:1803:6: warning: this 'else' clause does not guard... [-Wmisleading-indentation]
      else
      ^~~~
../Core/Src/logic.c:1807:3: note: ...this statement, but the latter is misleadingly indented as if it were guarded by the 'else'
   HAL_I2C_Mem_Read(&hi2c1, LIS2MDL_ADDR<<1, CFG_REG_A, 1, crt_regA_state, 3, HAL_MAX_DELAY);
   ^~~~~~~~~~~~~~~~
../Core/Src/logic.c: In function 'Magnetic_Sensor_Read_stsus_check':
../Core/Src/logic.c:1839:29: warning: implicit declaration of function 'atan2f' [-Wimplicit-function-declaration]
             float heading = atan2f((float)prevY, (float)prevX) * (180.0f / 3.14159265f);
                             ^~~~~~
../Core/Src/logic.c:1839:29: warning: incompatible implicit declaration of built-in function 'atan2f'
../Core/Src/logic.c:1839:29: note: include '<math.h>' or provide a declaration of 'atan2f'
../Core/Src/logic.c: In function 'Magnetic_Sensor_Read':
../Core/Src/logic.c:1868:5: warning: implicit declaration of function 'Magnetic_Sensor_Cal'; did you mean 'Magnetic_Sensor_Read'? [-Wimplicit-function-declaration]
     Magnetic_Sensor_Cal();
     ^~~~~~~~~~~~~~~~~~~
     Magnetic_Sensor_Read
../Core/Src/logic.c:1870:5: warning: implicit declaration of function 'MagProc_Process_sample' [-Wimplicit-function-declaration]
     MagProc_Process_sample(bmag, ls.magnetic.Recv_traffic_time /* or 0 */);
     ^~~~~~~~~~~~~~~~~~~~~~
../Core/Src/logic.c: At top level:
../Core/Src/logic.c:1873:6: warning: conflicting types for 'Magnetic_Sensor_Cal'
 void Magnetic_Sensor_Cal()
      ^~~~~~~~~~~~~~~~~~~
../Core/Src/logic.c:1868:5: note: previous implicit declaration of 'Magnetic_Sensor_Cal' was here
     Magnetic_Sensor_Cal();
     ^~~~~~~~~~~~~~~~~~~
../Core/Src/logic.c: In function 'Traffic_Cal_Min':
../Core/Src/logic.c:1927:35: warning: format '%d' expects argument of type 'int', but argument 2 has type 'TickType_t {aka long unsigned int}' [-Wformat=]
     printf("[logic] master Tick [%d] Slave Tick [%d] Duration Tick [%d] \r\n",vehicle_exit_tick, ls.magnetic.Recv_traffic_time, duration_ticks);
                                  ~^
                                  %ld
../Core/Src/logic.c:1927:51: warning: format '%d' expects argument of type 'int', but argument 3 has type 'TickType_t {aka long unsigned int}' [-Wformat=]
     printf("[logic] master Tick [%d] Slave Tick [%d] Duration Tick [%d] \r\n",vehicle_exit_tick, ls.magnetic.Recv_traffic_time, duration_ticks);
                                                  ~^                                              ~~~~~~~~~~~~~~~~~~~~~~~~~~~~~
                                                  %ld
../Core/Src/logic.c:1927:70: warning: format '%d' expects argument of type 'int', but argument 4 has type 'TickType_t {aka long unsigned int}' [-Wformat=]
     printf("[logic] master Tick [%d] Slave Tick [%d] Duration Tick [%d] \r\n",vehicle_exit_tick, ls.magnetic.Recv_traffic_time, duration_ticks);
                                                                     ~^
                                                                     %ld
../Core/Src/logic.c:1933:56: warning: format '%f' expects argument of type 'double', but argument 4 has type 'int' [-Wformat=]
     printf("[TESTMODE] Speed = %.2f km/h (%.2f sec, %.2f m)\r\n",speed_kph, time_sec, Sensor_Distance);
                                                     ~~~^
                                                     %.2d
../Core/Src/logic.c:1939:5: warning: implicit declaration of function 'Send_Magnetic_Time'; did you mean 'Magnetic_DRDY'? [-Wimplicit-function-declaration]
     Send_Magnetic_Time();
     ^~~~~~~~~~~~~~~~~~
     Magnetic_DRDY
../Core/Src/logic.c: At top level:
../Core/Src/logic.c:1984:6: warning: conflicting types for 'MagProc_Process_sample'
 void MagProc_Process_sample(int16_t rec_mag, TickType_t peer_tick_or_0)
      ^~~~~~~~~~~~~~~~~~~~~~
../Core/Src/logic.c:1870:5: note: previous implicit declaration of 'MagProc_Process_sample' was here
     MagProc_Process_sample(bmag, ls.magnetic.Recv_traffic_time /* or 0 */);
     ^~~~~~~~~~~~~~~~~~~~~~
../Core/Src/logic.c: In function 'logicMagneticTask':
../Core/Src/logic.c:2059:19: warning: unused variable 'tickNow' [-Wunused-variable]
  const TickType_t tickNow = xTaskGetTickCount();
                   ^~~~~~~
At top level:
../Core/Src/logic.c:1093:13: warning: 'DisplayTestOffMode' defined but not used [-Wunused-function]
 static void DisplayTestOffMode()
             ^~~~~~~~~~~~~~~~~~
../Core/Src/logic.c:1072:13: warning: 'DisplayTestWhiteMode' defined but not used [-Wunused-function]
 static void DisplayTestWhiteMode()
             ^~~~~~~~~~~~~~~~~~~~
Finished building: ../Core/Src/logic.c
 
Building target: 02_DRM_Controller_v1.0_NoRTOS.elf
Invoking: MCU GCC Linker
arm-none-eabi-gcc -mcpu=cortex-m0plus -mthumb -mfloat-abi=soft -specs=nosys.specs -specs=nano.specs  -u _printf_float -T"../STM32L071CBTx_FLASH.ld" -Wl,-Map=output.map -Wl,--gc-sections -o "02_DRM_Controller_v1.0_NoRTOS.elf" @"objects.list"   -lm
Finished building target: 02_DRM_Controller_v1.0_NoRTOS.elf
 
make --no-print-directory post-build
Generating bin and Printing size information:
arm-none-eabi-objcopy -O binary "02_DRM_Controller_v1.0_NoRTOS.elf" "02_DRM_Controller_v1.0_NoRTOS.bin"
arm-none-eabi-size "02_DRM_Controller_v1.0_NoRTOS.elf"
   text	   data	    bss	    dec	    hex	filename
  47032	    492	  19084	  66608	  10430	02_DRM_Controller_v1.0_NoRTOS.elf
 

22:48:16 Build Finished (took 1s.940ms)

