21:21:44 **** Incremental Build of configuration Debug for project 02_DRM_Controller_v1.0_Master ****
make -j12 all 
Building file: ../Core/Src/main.c
Invoking: MCU GCC Compiler
D:\이준우\02_softwave\2025_magnetic Sensor\02_DRM_Controller_v1.0_Master\Debug
arm-none-eabi-gcc -mcpu=cortex-m0plus -mthumb -mfloat-abi=soft -DUSE_HAL_DRIVER -DSTM32L071xx -I"D:/이준우/02_softwave/2025_magnetic Sensor/02_DRM_Controller_v1.0_Master/Core/Inc" -I"D:/이준우/02_softwave/2025_magnetic Sensor/02_DRM_Controller_v1.0_Master/Drivers/STM32L0xx_HAL_Driver/Inc" -I"D:/이준우/02_softwave/2025_magnetic Sensor/02_DRM_Controller_v1.0_Master/Drivers/STM32L0xx_HAL_Driver/Inc/Legacy" -I"D:/이준우/02_softwave/2025_magnetic Sensor/02_DRM_Controller_v1.0_Master/Middlewares/Third_Party/FreeRTOS/Source/include" -I"D:/이준우/02_softwave/2025_magnetic Sensor/02_DRM_Controller_v1.0_Master/Middlewares/Third_Party/FreeRTOS/Source/CMSIS_RTOS" -I"D:/이준우/02_softwave/2025_magnetic Sensor/02_DRM_Controller_v1.0_Master/Middlewares/Third_Party/FreeRTOS/Source/portable/GCC/ARM_CM0" -I"D:/이준우/02_softwave/2025_magnetic Sensor/02_DRM_Controller_v1.0_Master/Drivers/CMSIS/Device/ST/STM32L0xx/Include" -I"D:/이준우/02_softwave/2025_magnetic Sensor/02_DRM_Controller_v1.0_Master/Drivers/CMSIS/Include"  -Og -g3 -Wall -fmessage-length=0 -ffunction-sections -c -fmessage-length=0 -MMD -MP -MF"Core/Src/main.d" -MT"Core/Src/main.o" -o "Core/Src/main.o" "../Core/Src/main.c"
../Core/Src/main.c: In function 'print_reset_cause':
../Core/Src/main.c:111:3: warning: implicit declaration of function 'printf' [-Wimplicit-function-declaration]
   printf("[RST] POR=%d PIN=%d SFT=%d IWDG=%d WWDG=%d LPWR=%d\r\n",
   ^~~~~~
../Core/Src/main.c:111:3: warning: incompatible implicit declaration of built-in function 'printf'
../Core/Src/main.c:111:3: note: include '<stdio.h>' or provide a declaration of 'printf'
../Core/Src/main.c:108:12: warning: unused variable 'f' [-Wunused-variable]
   uint32_t f = __HAL_RCC_GET_FLAG(RCC_FLAG_PORRST)|__HAL_RCC_GET_FLAG(RCC_FLAG_PINRST)|
            ^
../Core/Src/main.c: In function 'main':
../Core/Src/main.c:157:3: warning: implicit declaration of function 'logicInit' [-Wimplicit-function-declaration]
   logicInit();
   ^~~~~~~~~
../Core/Src/main.c: In function 'StartIdleTask':
../Core/Src/main.c:755:4: warning: implicit declaration of function 'logicIdleTask'; did you mean 'StartIdleTask'? [-Wimplicit-function-declaration]
    logicIdleTask();
    ^~~~~~~~~~~~~
    StartIdleTask
../Core/Src/main.c:756:4: warning: implicit declaration of function 'logicPeriTask' [-Wimplicit-function-declaration]
    logicPeriTask();
    ^~~~~~~~~~~~~
At top level:
../Core/Src/main.c:488:13: warning: 'MX_TIM3_Init' defined but not used [-Wunused-function]
 static void MX_TIM3_Init(void)
             ^~~~~~~~~~~~
../Core/Src/main.c:291:13: warning: 'MX_ADC_Init' defined but not used [-Wunused-function]
 static void MX_ADC_Init(void)
             ^~~~~~~~~~~
Finished building: ../Core/Src/main.c
 
Building target: 02_DRM_Controller_v1.0_Master.elf
Invoking: MCU GCC Linker
arm-none-eabi-gcc -mcpu=cortex-m0plus -mthumb -mfloat-abi=soft -specs=nosys.specs -specs=nano.specs  -u _printf_float -T"../STM32L071CBTx_FLASH.ld" -Wl,-Map=output.map -Wl,--gc-sections -o "02_DRM_Controller_v1.0_Master.elf" @"objects.list"   -lm
Finished building target: 02_DRM_Controller_v1.0_Master.elf
 
make --no-print-directory post-build
Generating bin and Printing size information:
arm-none-eabi-objcopy -O binary "02_DRM_Controller_v1.0_Master.elf" "02_DRM_Controller_v1.0_Master.bin"
arm-none-eabi-size "02_DRM_Controller_v1.0_Master.elf"
   text	   data	    bss	    dec	    hex	filename
  38072	    488	  19184	  57744	   e190	02_DRM_Controller_v1.0_Master.elf
 

21:21:46 Build Finished (took 1s.423ms)

